07-06 19:16:27.137 17850-17850/? I/art: Late-enabling -Xcheck:jni
07-06 19:16:27.157 17850-17850/com.FDU308.FudanCraft D/TidaProvider: TidaProvider()
07-06 19:16:27.164 17850-17850/com.FDU308.FudanCraft V/BoostFramework: mAcquireFunc method = public int com.qualcomm.qti.Performance.perfLockAcquire(int,int[])
07-06 19:16:27.164 17850-17850/com.FDU308.FudanCraft V/BoostFramework: mReleaseFunc method = public int com.qualcomm.qti.Performance.perfLockRelease()
07-06 19:16:27.164 17850-17850/com.FDU308.FudanCraft V/BoostFramework: mAcquireTouchFunc method = public int com.qualcomm.qti.Performance.perfLockAcquireTouch(android.view.MotionEvent,android.util.DisplayMetrics,int,int[])
07-06 19:16:27.164 17850-17850/com.FDU308.FudanCraft V/BoostFramework: mIOPStart method = public int com.qualcomm.qti.Performance.perfIOPrefetchStart(int,java.lang.String)
07-06 19:16:27.164 17850-17850/com.FDU308.FudanCraft V/BoostFramework: mIOPStop method = public int com.qualcomm.qti.Performance.perfIOPrefetchStop()
07-06 19:16:27.168 17850-17850/com.FDU308.FudanCraft V/BoostFramework: BoostFramework() : mPerf = com.qualcomm.qti.Performance@8425d35
07-06 19:16:27.320 17850-17850/com.FDU308.FudanCraft D/JniHelper: JniHelper::setJavaVM(0xf527c000), pthread_self() = -145978572
07-06 19:16:27.320 17850-17850/com.FDU308.FudanCraft D/main: cocos_android_app_init
07-06 19:16:27.321 17850-17850/com.FDU308.FudanCraft D/Cocos2dxHelper: isSupportLowLatency:false
07-06 19:16:27.327 17850-17850/com.FDU308.FudanCraft D/Cocos2dxHelper: sampleRate: 48000, framesPerBuffer: 192
07-06 19:16:27.327 17850-17850/com.FDU308.FudanCraft D/Java_org_cocos2dx_lib_Cocos2dxHelper.cpp: nativeSetAudioDeviceInfo: sampleRate: 48000, bufferSizeInFrames: 192
07-06 19:16:27.356 17850-17850/com.FDU308.FudanCraft D/Cocos2dxActivity: model=MI 5s Plus
07-06 19:16:27.357 17850-17850/com.FDU308.FudanCraft D/Cocos2dxActivity: product=natrium
07-06 19:16:27.357 17850-17850/com.FDU308.FudanCraft D/Cocos2dxActivity: isEmulator=false
07-06 19:16:27.359 17850-17850/com.FDU308.FudanCraft D/EngineDataManager.cpp: nativeSetSupportOptimization: 0
07-06 19:16:27.359 17850-17850/com.FDU308.FudanCraft D/Cocos2dxActivity: onResume()
07-06 19:16:27.366 17850-17850/com.FDU308.FudanCraft D/ActivityThreadInjector: clearCachedDrawables.
07-06 19:16:27.392 17850-17872/com.FDU308.FudanCraft I/Adreno: QUALCOMM build                   : 9438ceb, I0ac3940325
                                                               Build Date                       : 10/26/16
                                                               OpenGL ES Shader Compiler Version: XE031.09.00.03
                                                               Local Branch                     : 
                                                               Remote Branch                    : 
                                                               Remote Branch                    : 
                                                               Reconstruct Branch               : 
07-06 19:16:27.408 17850-17872/com.FDU308.FudanCraft D/cocos2d-x debug info: {
                                                                             	gl.supports_OES_packed_depth_stencil: true
                                                                             	gl.supports_vertex_array_object: true
                                                                             	gl.supports_BGRA8888: false
                                                                             	gl.supports_ATITC: true
                                                                             	gl.supports_S3TC: false
                                                                             	cocos2d.x.version: cocos2d-x-3.15.1
                                                                             	gl.supports_discard_framebuffer: true
                                                                             	cocos2d.x.compiled_with_profiler: false
                                                                             	gl.supports_PVRTC: false
                                                                             	cocos2d.x.build_type: DEBUG
                                                                             	gl.renderer: Adreno (TM) 530
                                                                             	gl.supports_OES_depth24: true
                                                                             	gl.supports_ETC1: true
                                                                             	gl.supports_OES_map_buffer: false
                                                                             	cocos2d.x.compiled_with_gl_state_cache: true
                                                                             	gl.version: OpenGL ES 3.2 V@145.0 (GIT@I0ac3940325)
                                                                             	gl.supports_NPOT: true
                                                                             	gl.max_texture_units: 96
                                                                             	gl.vendor: Qualcomm
                                                                             	gl.max_texture_size: 16384
                                                                             }
07-06 19:16:27.411 17850-17872/com.FDU308.FudanCraft D/EngineDataManager.cpp: setAnimationInterval by game: 0.0167
07-06 19:16:27.411 17850-17872/com.FDU308.FudanCraft D/EngineDataManager.cpp: JNI setAnimationInterval: 0.016667
07-06 19:16:27.424 17850-17850/com.FDU308.FudanCraft D/Cocos2dxActivity: onWindowFocusChanged() hasFocus=true
07-06 19:16:27.798 17850-17872/com.FDU308.FudanCraft D/cocos2d-x debug info: create rendererRecreatedListener for GLProgramState
07-06 19:16:27.798 17850-17872/com.FDU308.FudanCraft D/cocos2d-x debug info: FudanCraft: HelloWorldScene Initialize Begin
07-06 19:16:27.798 17850-17872/com.FDU308.FudanCraft D/cocos2d-x debug info: cocos2d: fullPathForFilename: No file found at BackgroundPanel.png. Possible missing file.
07-06 19:16:27.799 17850-17872/com.FDU308.FudanCraft D/cocos2d-x debug info: FudanCraft: HelloWorldScene Read First Resource at Root Directory Fail
07-06 19:16:27.837 17850-17872/com.FDU308.FudanCraft D/cocos2d-x debug info: create rendererRecreatedListener for GLProgramState
07-06 19:16:27.837 17850-17872/com.FDU308.FudanCraft D/cocos2d-x debug info: FudanCraft: HelloWorldScene Read First Resource Success
07-06 19:16:27.837 17850-17872/com.FDU308.FudanCraft D/cocos2d-x debug info: FudanCraft: Set Position Success
07-06 19:16:27.837 17850-17872/com.FDU308.FudanCraft D/cocos2d-x debug info: FudanCraft: Set Scale Success
07-06 19:16:27.837 17850-17872/com.FDU308.FudanCraft D/cocos2d-x debug info: FudanCraft: Trying to Add Child
07-06 19:16:27.837 17850-17872/com.FDU308.FudanCraft D/cocos2d-x debug info: FudanCraft: Add First Child Success
07-06 19:16:27.842 17850-17872/com.FDU308.FudanCraft D/cocos2d-x debug info: FudanCraft: Create First Sprite Success
07-06 19:16:27.850 17850-17872/com.FDU308.FudanCraft D/cocos2d-x debug info: FudanCraft: HelloWorldScene Read Many Resources Success
07-06 19:16:27.850 17850-17872/com.FDU308.FudanCraft D/cocos2d-x debug info: FudanCraft: Trying to Preload Audio
07-06 19:16:27.851 17850-17872/com.FDU308.FudanCraft D/cocos2d: android SDK version:23
07-06 19:16:27.851 17850-17872/com.FDU308.FudanCraft E/ExtMediaPlayer-JNI: env->IsInstanceOf fails
07-06 19:16:27.852 17850-17872/com.FDU308.FudanCraft E/MediaPlayer-JNI: JNIMediaPlayerFactory: bIsQCMediaPlayerPresent 0
07-06 19:16:27.852 17850-17872/com.FDU308.FudanCraft E/ExtMediaPlayer-JNI: env->IsInstanceOf fails
07-06 19:16:27.852 17850-17872/com.FDU308.FudanCraft E/MediaPlayer-JNI: JNIMediaPlayerFactory: bIsQCMediaPlayerPresent 0
07-06 19:16:27.874 17850-17872/com.FDU308.FudanCraft D/MediaPlayer: setSubtitleAnchor in MediaPlayer
07-06 19:16:27.874 17850-17850/com.FDU308.FudanCraft D/MediaPlayer: setSubtitleAnchor in MediaPlayer
07-06 19:16:27.879 17850-17872/com.FDU308.FudanCraft E/ExtMediaPlayer-JNI: env->IsInstanceOf fails
07-06 19:16:27.879 17850-17872/com.FDU308.FudanCraft E/MediaPlayer-JNI: JNIMediaPlayerFactory: bIsQCMediaPlayerPresent 0
07-06 19:16:27.879 17850-17872/com.FDU308.FudanCraft E/ExtMediaPlayer-JNI: env->IsInstanceOf fails
07-06 19:16:27.879 17850-17872/com.FDU308.FudanCraft E/MediaPlayer-JNI: JNIMediaPlayerFactory: bIsQCMediaPlayerPresent 0
07-06 19:16:27.896 17850-17872/com.FDU308.FudanCraft D/MediaPlayer: setSubtitleAnchor in MediaPlayer
07-06 19:16:27.896 17850-17850/com.FDU308.FudanCraft D/MediaPlayer: setSubtitleAnchor in MediaPlayer
07-06 19:16:27.899 17850-17872/com.FDU308.FudanCraft D/cocos2d-x debug info: FudanCraft: HelloWorldScene Initialize Success
07-06 19:16:27.899 17850-17872/com.FDU308.FudanCraft D/EngineDataManager.cpp: setAnimationInterval by engine: 0.0167
07-06 19:16:27.899 17850-17872/com.FDU308.FudanCraft D/EngineDataManager.cpp: JNI setAnimationInterval: 0.016667
07-06 19:16:27.900 17850-17871/com.FDU308.FudanCraft E/WVMExtractor: Failed to open libwvm.so: dlopen failed: library "libwvm.so" not found
07-06 19:16:27.906 17850-17871/com.FDU308.FudanCraft I/QComExtractorFactory: Sniff: Set key to use qti parser
07-06 19:16:27.907 17850-17871/com.FDU308.FudanCraft W/linker: /system/lib/libffmpeg_avcodec.so: is missing DT_SONAME will use basename as a replacement: "libffmpeg_avcodec.so"
07-06 19:16:27.908 17850-17871/com.FDU308.FudanCraft I/FFmpegExtractor: android-source:0xef229240
07-06 19:16:27.911 17850-17871/com.FDU308.FudanCraft D/FFmpegExtractor: SniffFFMPEG failed to sniff this source
07-06 19:16:27.911 17850-17871/com.FDU308.FudanCraft I/ExtendedExtractor: QTIParser is prefered
07-06 19:16:27.912 17850-17871/com.FDU308.FudanCraft D/MMParserExtractor: setExtraFlags called with flags 0 for paser instance ef229280
07-06 19:16:27.912 17850-17871/com.FDU308.FudanCraft I/ExtendedExtractor: ExtendedExtractor::create 0xef229280
07-06 19:16:27.912 17850-17871/com.FDU308.FudanCraft I/ExtendedExtractor: ExtendedExtractor::updateExtractor: Use default QTI parser 
07-06 19:16:27.912 17850-17871/com.FDU308.FudanCraft E/MM_OSAL: FileSource::FileSource
07-06 19:16:27.912 17850-17871/com.FDU308.FudanCraft E/MM_OSAL: FileSource::FileSource m_bEveryThingOK 1
07-06 19:16:27.912 17850-17871/com.FDU308.FudanCraft E/MM_OSAL: MM_File_Create failed .Efs Error No -1 , File Name /data/mmosal_logmask.cfg , Mode 0
07-06 19:16:27.912 17850-17871/com.FDU308.FudanCraft E/MM_OSAL: Open or read fail on /data/mmosal_logmask.cfg. Possible permission denied issue. Looking for /data/misc/media/mmosal_logmask.cfg
07-06 19:16:27.912 17850-17871/com.FDU308.FudanCraft E/MM_OSAL: MM_File_Create failed .Efs Error No -1 , File Name /data/misc/media/mmosal_logmask.cfg , Mode 0
07-06 19:16:27.915 17850-17901/com.FDU308.FudanCraft I/OMXClient: Using client-side OMX mux.
07-06 19:16:27.921 17850-17871/com.FDU308.FudanCraft D/MMParserExtractor: Using default parser out buffer size  = 3000 
07-06 19:16:27.921 17850-17871/com.FDU308.FudanCraft I/MMParserExtractor: MMParserSource::start Allocation buffer size for audio track= 3000 
07-06 19:16:27.923 17850-17872/com.FDU308.FudanCraft D/cocos2d-x debug info: cocos2d: QuadCommand: resizing index size from [-1] to [2560]
07-06 19:16:27.947 17850-17871/com.FDU308.FudanCraft E/MM_OSAL: Data is not sufficient to validate AAC
07-06 19:16:27.947 17850-17871/com.FDU308.FudanCraft E/MM_OSAL: ValidateAACFile data not sufficient
07-06 19:16:27.948 17850-17871/com.FDU308.FudanCraft I/QComExtractorFactory: Sniff: Set key to use qti parser
07-06 19:16:27.948 17850-17871/com.FDU308.FudanCraft I/FFmpegExtractor: android-source:0xef229240
07-06 19:16:27.949 17850-17871/com.FDU308.FudanCraft D/FFmpegExtractor: SniffFFMPEG failed to sniff this source
07-06 19:16:27.949 17850-17871/com.FDU308.FudanCraft I/ExtendedExtractor: QTIParser is prefered
07-06 19:16:27.949 17850-17871/com.FDU308.FudanCraft D/MMParserExtractor: setExtraFlags called with flags 0 for paser instance ef229280
07-06 19:16:27.949 17850-17871/com.FDU308.FudanCraft I/ExtendedExtractor: ExtendedExtractor::create 0xef229280
07-06 19:16:27.949 17850-17871/com.FDU308.FudanCraft I/ExtendedExtractor: ExtendedExtractor::updateExtractor: Use default QTI parser 
07-06 19:16:27.950 17850-17871/com.FDU308.FudanCraft E/MM_OSAL: FileSource::FileSource
07-06 19:16:27.950 17850-17871/com.FDU308.FudanCraft E/MM_OSAL: FileSource::FileSource m_bEveryThingOK 1
07-06 19:16:27.950 17850-17871/com.FDU308.FudanCraft E/MM_OSAL: MM_File_Create failed .Efs Error No -1 , File Name /data/mmosal_logmask.cfg , Mode 0
07-06 19:16:27.950 17850-17871/com.FDU308.FudanCraft E/MM_OSAL: Open or read fail on /data/mmosal_logmask.cfg. Possible permission denied issue. Looking for /data/misc/media/mmosal_logmask.cfg
07-06 19:16:27.950 17850-17871/com.FDU308.FudanCraft E/MM_OSAL: MM_File_Create failed .Efs Error No -1 , File Name /data/misc/media/mmosal_logmask.cfg , Mode 0
07-06 19:16:27.951 17850-17904/com.FDU308.FudanCraft I/OMXClient: Using client-side OMX mux.
07-06 19:16:27.954 17850-17871/com.FDU308.FudanCraft D/MMParserExtractor: Using default parser out buffer size  = 3000 
07-06 19:16:27.954 17850-17871/com.FDU308.FudanCraft I/MMParserExtractor: MMParserSource::start Allocation buffer size for audio track= 3000 
07-06 19:16:27.975 17850-17871/com.FDU308.FudanCraft I/QComExtractorFactory: Sniff: Set key to use qti parser
07-06 19:16:27.975 17850-17871/com.FDU308.FudanCraft I/FFmpegExtractor: android-source:0xef229240
07-06 19:16:27.977 17850-17871/com.FDU308.FudanCraft D/FFmpegExtractor: SniffFFMPEG failed to sniff this source
07-06 19:16:27.977 17850-17871/com.FDU308.FudanCraft I/ExtendedExtractor: QTIParser is prefered
07-06 19:16:27.978 17850-17871/com.FDU308.FudanCraft D/MMParserExtractor: setExtraFlags called with flags 0 for paser instance ef229280
07-06 19:16:27.978 17850-17871/com.FDU308.FudanCraft I/ExtendedExtractor: ExtendedExtractor::create 0xef229280
07-06 19:16:27.978 17850-17871/com.FDU308.FudanCraft I/ExtendedExtractor: ExtendedExtractor::updateExtractor: Use default QTI parser 
07-06 19:16:27.978 17850-17871/com.FDU308.FudanCraft E/MM_OSAL: FileSource::FileSource
07-06 19:16:27.978 17850-17871/com.FDU308.FudanCraft E/MM_OSAL: FileSource::FileSource m_bEveryThingOK 1
07-06 19:16:27.978 17850-17871/com.FDU308.FudanCraft E/MM_OSAL: MM_File_Create failed .Efs Error No -1 , File Name /data/mmosal_logmask.cfg , Mode 0
07-06 19:16:27.978 17850-17871/com.FDU308.FudanCraft E/MM_OSAL: Open or read fail on /data/mmosal_logmask.cfg. Possible permission denied issue. Looking for /data/misc/media/mmosal_logmask.cfg
07-06 19:16:27.978 17850-17871/com.FDU308.FudanCraft E/MM_OSAL: MM_File_Create failed .Efs Error No -1 , File Name /data/misc/media/mmosal_logmask.cfg , Mode 0
07-06 19:16:27.979 17850-17910/com.FDU308.FudanCraft I/OMXClient: Using client-side OMX mux.
07-06 19:16:27.984 17850-17871/com.FDU308.FudanCraft D/MMParserExtractor: Using default parser out buffer size  = 3000 
07-06 19:16:27.984 17850-17871/com.FDU308.FudanCraft I/MMParserExtractor: MMParserSource::start Allocation buffer size for audio track= 3000 
07-06 19:16:28.017 17850-17871/com.FDU308.FudanCraft I/QComExtractorFactory: Sniff: Set key to use qti parser
07-06 19:16:28.017 17850-17871/com.FDU308.FudanCraft I/FFmpegExtractor: android-source:0xef229240
07-06 19:16:28.019 17850-17871/com.FDU308.FudanCraft D/FFmpegExtractor: SniffFFMPEG failed to sniff this source
07-06 19:16:28.019 17850-17871/com.FDU308.FudanCraft I/ExtendedExtractor: QTIParser is prefered
07-06 19:16:28.019 17850-17871/com.FDU308.FudanCraft D/MMParserExtractor: setExtraFlags called with flags 0 for paser instance ef229280
07-06 19:16:28.019 17850-17871/com.FDU308.FudanCraft I/ExtendedExtractor: ExtendedExtractor::create 0xef229280
07-06 19:16:28.019 17850-17871/com.FDU308.FudanCraft I/ExtendedExtractor: ExtendedExtractor::updateExtractor: Use default QTI parser 
07-06 19:16:28.019 17850-17871/com.FDU308.FudanCraft E/MM_OSAL: FileSource::FileSource
07-06 19:16:28.019 17850-17871/com.FDU308.FudanCraft E/MM_OSAL: FileSource::FileSource m_bEveryThingOK 1
07-06 19:16:28.019 17850-17871/com.FDU308.FudanCraft E/MM_OSAL: MM_File_Create failed .Efs Error No -1 , File Name /data/mmosal_logmask.cfg , Mode 0
07-06 19:16:28.019 17850-17871/com.FDU308.FudanCraft E/MM_OSAL: Open or read fail on /data/mmosal_logmask.cfg. Possible permission denied issue. Looking for /data/misc/media/mmosal_logmask.cfg
07-06 19:16:28.019 17850-17871/com.FDU308.FudanCraft E/MM_OSAL: MM_File_Create failed .Efs Error No -1 , File Name /data/misc/media/mmosal_logmask.cfg , Mode 0
07-06 19:16:28.020 17850-17913/com.FDU308.FudanCraft I/OMXClient: Using client-side OMX mux.
07-06 19:16:28.024 17850-17871/com.FDU308.FudanCraft D/MMParserExtractor: Using default parser out buffer size  = 3000 
07-06 19:16:28.024 17850-17871/com.FDU308.FudanCraft I/MMParserExtractor: MMParserSource::start Allocation buffer size for audio track= 3000 
07-06 19:16:28.041 17850-17871/com.FDU308.FudanCraft I/QComExtractorFactory: Sniff: Set key to use qti parser
07-06 19:16:28.041 17850-17871/com.FDU308.FudanCraft I/FFmpegExtractor: android-source:0xef229240
07-06 19:16:28.042 17850-17871/com.FDU308.FudanCraft D/FFmpegExtractor: SniffFFMPEG failed to sniff this source
07-06 19:16:28.042 17850-17871/com.FDU308.FudanCraft I/ExtendedExtractor: QTIParser is prefered
07-06 19:16:28.042 17850-17871/com.FDU308.FudanCraft D/MMParserExtractor: setExtraFlags called with flags 0 for paser instance ef229280
07-06 19:16:28.042 17850-17871/com.FDU308.FudanCraft I/ExtendedExtractor: ExtendedExtractor::create 0xef229280
07-06 19:16:28.042 17850-17871/com.FDU308.FudanCraft I/ExtendedExtractor: ExtendedExtractor::updateExtractor: Use default QTI parser 
07-06 19:16:28.043 17850-17871/com.FDU308.FudanCraft E/MM_OSAL: FileSource::FileSource
07-06 19:16:28.043 17850-17871/com.FDU308.FudanCraft E/MM_OSAL: FileSource::FileSource m_bEveryThingOK 1
07-06 19:16:28.043 17850-17871/com.FDU308.FudanCraft E/MM_OSAL: MM_File_Create failed .Efs Error No -1 , File Name /data/mmosal_logmask.cfg , Mode 0
07-06 19:16:28.043 17850-17871/com.FDU308.FudanCraft E/MM_OSAL: Open or read fail on /data/mmosal_logmask.cfg. Possible permission denied issue. Looking for /data/misc/media/mmosal_logmask.cfg
07-06 19:16:28.043 17850-17871/com.FDU308.FudanCraft E/MM_OSAL: MM_File_Create failed .Efs Error No -1 , File Name /data/misc/media/mmosal_logmask.cfg , Mode 0
07-06 19:16:28.044 17850-17927/com.FDU308.FudanCraft I/OMXClient: Using client-side OMX mux.
07-06 19:16:28.049 17850-17871/com.FDU308.FudanCraft D/MMParserExtractor: Using default parser out buffer size  = 3000 
07-06 19:16:28.049 17850-17871/com.FDU308.FudanCraft I/MMParserExtractor: MMParserSource::start Allocation buffer size for audio track= 3000 
07-06 19:16:28.073 17850-17871/com.FDU308.FudanCraft I/QComExtractorFactory: Sniff: Set key to use qti parser
07-06 19:16:28.073 17850-17871/com.FDU308.FudanCraft I/FFmpegExtractor: android-source:0xef229240
07-06 19:16:28.074 17850-17871/com.FDU308.FudanCraft D/FFmpegExtractor: SniffFFMPEG failed to sniff this source
07-06 19:16:28.074 17850-17871/com.FDU308.FudanCraft I/ExtendedExtractor: QTIParser is prefered
07-06 19:16:28.074 17850-17871/com.FDU308.FudanCraft D/MMParserExtractor: setExtraFlags called with flags 0 for paser instance ef229280
07-06 19:16:28.074 17850-17871/com.FDU308.FudanCraft I/ExtendedExtractor: ExtendedExtractor::create 0xef229280
07-06 19:16:28.074 17850-17871/com.FDU308.FudanCraft I/ExtendedExtractor: ExtendedExtractor::updateExtractor: Use default QTI parser 
07-06 19:16:28.074 17850-17871/com.FDU308.FudanCraft E/MM_OSAL: FileSource::FileSource
07-06 19:16:28.074 17850-17871/com.FDU308.FudanCraft E/MM_OSAL: FileSource::FileSource m_bEveryThingOK 1
07-06 19:16:28.075 17850-17871/com.FDU308.FudanCraft E/MM_OSAL: MM_File_Create failed .Efs Error No -1 , File Name /data/mmosal_logmask.cfg , Mode 0
07-06 19:16:28.075 17850-17871/com.FDU308.FudanCraft E/MM_OSAL: Open or read fail on /data/mmosal_logmask.cfg. Possible permission denied issue. Looking for /data/misc/media/mmosal_logmask.cfg
07-06 19:16:28.075 17850-17871/com.FDU308.FudanCraft E/MM_OSAL: MM_File_Create failed .Efs Error No -1 , File Name /data/misc/media/mmosal_logmask.cfg , Mode 0
07-06 19:16:28.076 17850-17930/com.FDU308.FudanCraft I/OMXClient: Using client-side OMX mux.
07-06 19:16:28.079 17850-17871/com.FDU308.FudanCraft D/MMParserExtractor: Using default parser out buffer size  = 3000 
07-06 19:16:28.079 17850-17871/com.FDU308.FudanCraft I/MMParserExtractor: MMParserSource::start Allocation buffer size for audio track= 3000 
07-06 19:16:28.097 17850-17871/com.FDU308.FudanCraft I/QComExtractorFactory: Sniff: Set key to use qti parser
07-06 19:16:28.097 17850-17871/com.FDU308.FudanCraft I/FFmpegExtractor: android-source:0xef229240
07-06 19:16:28.099 17850-17871/com.FDU308.FudanCraft D/FFmpegExtractor: SniffFFMPEG failed to sniff this source
07-06 19:16:28.099 17850-17871/com.FDU308.FudanCraft I/ExtendedExtractor: QTIParser is prefered
07-06 19:16:28.099 17850-17871/com.FDU308.FudanCraft D/MMParserExtractor: setExtraFlags called with flags 0 for paser instance ef229280
07-06 19:16:28.099 17850-17871/com.FDU308.FudanCraft I/ExtendedExtractor: ExtendedExtractor::create 0xef229280
07-06 19:16:28.099 17850-17871/com.FDU308.FudanCraft I/ExtendedExtractor: ExtendedExtractor::updateExtractor: Use default QTI parser 
07-06 19:16:28.099 17850-17871/com.FDU308.FudanCraft E/MM_OSAL: FileSource::FileSource
07-06 19:16:28.099 17850-17871/com.FDU308.FudanCraft E/MM_OSAL: FileSource::FileSource m_bEveryThingOK 1
07-06 19:16:28.100 17850-17871/com.FDU308.FudanCraft E/MM_OSAL: MM_File_Create failed .Efs Error No -1 , File Name /data/mmosal_logmask.cfg , Mode 0
07-06 19:16:28.100 17850-17871/com.FDU308.FudanCraft E/MM_OSAL: Open or read fail on /data/mmosal_logmask.cfg. Possible permission denied issue. Looking for /data/misc/media/mmosal_logmask.cfg
07-06 19:16:28.100 17850-17871/com.FDU308.FudanCraft E/MM_OSAL: MM_File_Create failed .Efs Error No -1 , File Name /data/misc/media/mmosal_logmask.cfg , Mode 0
07-06 19:16:28.101 17850-17934/com.FDU308.FudanCraft I/OMXClient: Using client-side OMX mux.
07-06 19:16:28.104 17850-17871/com.FDU308.FudanCraft D/MMParserExtractor: Using default parser out buffer size  = 3000 
07-06 19:16:28.104 17850-17871/com.FDU308.FudanCraft I/MMParserExtractor: MMParserSource::start Allocation buffer size for audio track= 3000 
07-06 19:16:28.140 17850-17871/com.FDU308.FudanCraft I/QComExtractorFactory: Sniff: Set key to use qti parser
07-06 19:16:28.140 17850-17871/com.FDU308.FudanCraft I/FFmpegExtractor: android-source:0xef229240
07-06 19:16:28.141 17850-17871/com.FDU308.FudanCraft D/FFmpegExtractor: SniffFFMPEG failed to sniff this source
07-06 19:16:28.141 17850-17871/com.FDU308.FudanCraft I/ExtendedExtractor: QTIParser is prefered
07-06 19:16:28.141 17850-17871/com.FDU308.FudanCraft D/MMParserExtractor: setExtraFlags called with flags 0 for paser instance ef229280
07-06 19:16:28.141 17850-17871/com.FDU308.FudanCraft I/ExtendedExtractor: ExtendedExtractor::create 0xef229280
07-06 19:16:28.141 17850-17871/com.FDU308.FudanCraft I/ExtendedExtractor: ExtendedExtractor::updateExtractor: Use default QTI parser 
07-06 19:16:28.141 17850-17871/com.FDU308.FudanCraft E/MM_OSAL: FileSource::FileSource
07-06 19:16:28.141 17850-17871/com.FDU308.FudanCraft E/MM_OSAL: FileSource::FileSource m_bEveryThingOK 1
07-06 19:16:28.141 17850-17871/com.FDU308.FudanCraft E/MM_OSAL: MM_File_Create failed .Efs Error No -1 , File Name /data/mmosal_logmask.cfg , Mode 0
07-06 19:16:28.141 17850-17871/com.FDU308.FudanCraft E/MM_OSAL: Open or read fail on /data/mmosal_logmask.cfg. Possible permission denied issue. Looking for /data/misc/media/mmosal_logmask.cfg
07-06 19:16:28.141 17850-17871/com.FDU308.FudanCraft E/MM_OSAL: MM_File_Create failed .Efs Error No -1 , File Name /data/misc/media/mmosal_logmask.cfg , Mode 0
07-06 19:16:28.143 17850-17939/com.FDU308.FudanCraft I/OMXClient: Using client-side OMX mux.
07-06 19:16:28.146 17850-17871/com.FDU308.FudanCraft D/MMParserExtractor: Using default parser out buffer size  = 3000 
07-06 19:16:28.146 17850-17871/com.FDU308.FudanCraft I/MMParserExtractor: MMParserSource::start Allocation buffer size for audio track= 3000 
07-06 19:16:28.554 17850-17850/com.FDU308.FudanCraft V/BoostFramework: BoostFramework() : mPerf = com.qualcomm.qti.Performance@68feb1b
07-06 19:16:29.591 17850-17872/com.FDU308.FudanCraft D/cocos2d-x debug info: server button pressed
07-06 19:16:29.592 17850-17872/com.FDU308.FudanCraft D/cocos2d-x debug info: FudanCraft: Trying to Load InputPort.png
                                                                             
                                                                             
                                                                             [ 07-06 19:16:29.593 17850:17872 E/         ]
                                                                             scaleX = 0.940767
07-06 19:16:29.594 17850-17872/com.FDU308.FudanCraft D/cocos2d-x debug info: cocos2d: fullPathForFilename: No file found at sans-serif. Possible missing file.
07-06 19:16:29.594 17850-17872/com.FDU308.FudanCraft D/cocos2d-x debug info: Warning! You can't change Android Hint fontName and fontSize
07-06 19:16:29.594 17850-17872/com.FDU308.FudanCraft D/cocos2d-x debug info: [Edit text] content size = (80.000000, 60.000000)
07-06 19:16:29.595 17850-17872/com.FDU308.FudanCraft D/cocos2d-x debug info: [Edit text] content size = (80.000000, 60.000000)
07-06 19:16:29.595 17850-17872/com.FDU308.FudanCraft D/cocos2d-x debug info: FudanCraft: Successfully Load InputPort.png
07-06 19:16:29.616 17850-17872/com.FDU308.FudanCraft D/cocos2d-x debug info: create rendererRecreatedListener for GLProgramState
07-06 19:16:29.617 17850-17872/com.FDU308.FudanCraft D/cocos2d-x debug info: [Edit text] content size = (80.000000, 60.000000)
07-06 19:16:30.593 17850-17872/com.FDU308.FudanCraft D/cocos2d-x debug info: FudanCraft: Trying to Start Server
07-06 19:16:30.596 17850-17872/com.FDU308.FudanCraft D/cocos2d-x debug info: FudanCraft: SocketServer Created!
07-06 19:16:30.597 17850-17872/com.FDU308.FudanCraft D/cocos2d-x debug info: SocketClient: create() new thread address = 3733350508
07-06 19:16:30.597 17850-17872/com.FDU308.FudanCraft D/cocos2d-x debug info: FudanCraft: SocketClient Created!
07-06 19:16:30.597 17850-17872/com.FDU308.FudanCraft D/cocos2d-x debug info: create server and client on 8008
07-06 19:16:30.723 17850-17872/com.FDU308.FudanCraft D/cocos2d-x debug info: create rendererRecreatedListener for GLProgramState
07-06 19:16:31.742 17850-18010/com.FDU308.FudanCraft D/cocos2d-x debug info: SocketServer: Entering loop process
07-06 19:16:31.743 17850-18010/com.FDU308.FudanCraft D/cocos2d-x debug info: SocketServer: Initialize process loop
07-06 19:16:31.743 17850-18010/com.FDU308.FudanCraft D/cocos2d-x debug info: SocketServer: Trying to read data
07-06 19:16:32.140 17850-17872/com.FDU308.FudanCraft D/cocos2d-x debug info: cocos2d: SpriteBatchNode: resizing TextureAtlas capacity from [5735] to [7648].
07-06 19:16:32.155 17850-17872/com.FDU308.FudanCraft D/cocos2d-x debug info: cocos2d: SpriteBatchNode: resizing TextureAtlas capacity from [7648] to [10198].
07-06 19:16:32.174 17850-17872/com.FDU308.FudanCraft D/cocos2d-x debug info: cocos2d: SpriteBatchNode: resizing TextureAtlas capacity from [10198] to [13598].
07-06 19:16:32.319 17850-17872/com.FDU308.FudanCraft D/cocos2d-x debug info: cocos2d: SpriteBatchNode: resizing TextureAtlas capacity from [5735] to [7648].
07-06 19:16:32.389 17850-17872/com.FDU308.FudanCraft D/cocos2d-x debug info: cocos2d: SpriteBatchNode: resizing TextureAtlas capacity from [5735] to [7648].
07-06 19:16:32.404 17850-17872/com.FDU308.FudanCraft D/cocos2d-x debug info: cocos2d: SpriteBatchNode: resizing TextureAtlas capacity from [7648] to [10198].
07-06 19:16:32.424 17850-17872/com.FDU308.FudanCraft D/cocos2d-x debug info: cocos2d: SpriteBatchNode: resizing TextureAtlas capacity from [10198] to [13598].
07-06 19:16:32.450 17850-17872/com.FDU308.FudanCraft D/cocos2d-x debug info: cocos2d: SpriteBatchNode: resizing TextureAtlas capacity from [13598] to [18132].
07-06 19:16:32.489 17850-17872/com.FDU308.FudanCraft D/cocos2d-x debug info: create rendererRecreatedListener for GLProgramState
07-06 19:16:32.489 17850-17872/com.FDU308.FudanCraft D/cocos2d-x debug info: BattleScene: Trying to Init Player ID
07-06 19:16:32.489 17850-17872/com.FDU308.FudanCraft D/cocos2d-x debug info: BattleScene: Get Player ID: 1
07-06 19:16:32.521 17850-17872/com.FDU308.FudanCraft D/cocos2d-x debug info: cocos2d: fullPathForFilename: No file found at Marker Felt. Possible missing file.
07-06 19:16:32.525 17850-17872/com.FDU308.FudanCraft E/ExtMediaPlayer-JNI: env->IsInstanceOf fails
07-06 19:16:32.525 17850-17872/com.FDU308.FudanCraft E/MediaPlayer-JNI: JNIMediaPlayerFactory: bIsQCMediaPlayerPresent 0
07-06 19:16:32.525 17850-17872/com.FDU308.FudanCraft E/ExtMediaPlayer-JNI: env->IsInstanceOf fails
07-06 19:16:32.525 17850-17872/com.FDU308.FudanCraft E/MediaPlayer-JNI: JNIMediaPlayerFactory: bIsQCMediaPlayerPresent 0
07-06 19:16:32.548 17850-17872/com.FDU308.FudanCraft D/MediaPlayer: setSubtitleAnchor in MediaPlayer
07-06 19:16:32.548 17850-17850/com.FDU308.FudanCraft D/MediaPlayer: setSubtitleAnchor in MediaPlayer
07-06 19:16:32.556 17850-17872/com.FDU308.FudanCraft D/cocos2d-x debug info: if back ground music playing 1
07-06 19:16:32.577 17850-17872/com.FDU308.FudanCraft W/AudioTrack: AUDIO_OUTPUT_FLAG_FAST denied by client; transfer 4, track 22050 Hz, output 48000 Hz
07-06 19:16:32.581 17850-17872/com.FDU308.FudanCraft D/cocos2d-x debug info: start game
07-06 19:16:32.693 17850-17872/com.FDU308.FudanCraft D/cocos2d-x debug info: UnitManager: GameMessageSet to String Success, String Address: 4011848640
07-06 19:16:32.693 17850-17872/com.FDU308.FudanCraft D/cocos2d-x debug info: SocketClient: Start to send string, length = 144
07-06 19:16:32.693 17850-17872/com.FDU308.FudanCraft D/cocos2d-x debug info: SocketClient: Start to write data, length = 144
07-06 19:16:32.693 17850-17872/com.FDU308.FudanCraft D/cocos2d-x debug info: SocketClient: Complete in encoding data
07-06 19:16:32.693 17850-17872/com.FDU308.FudanCraft D/cocos2d-x debug info: SocketClient: Finish writing data, length = 144
07-06 19:16:32.693 17850-17872/com.FDU308.FudanCraft D/cocos2d-x debug info: SocketClient: write_data() trying to release string: 4011848592
07-06 19:16:32.693 17850-17872/com.FDU308.FudanCraft D/cocos2d-x debug info: SocketClient: write_data() trying to release socket_message: 4011840356
07-06 19:16:32.693 17850-17872/com.FDU308.FudanCraft D/cocos2d-x debug info: SocketClient: Finished in sending string, length = 144
07-06 19:16:32.693 17850-17872/com.FDU308.FudanCraft D/cocos2d-x debug info: SocketClient: send_string() trying to release string: 4011848648
07-06 19:16:32.693 17850-18010/com.FDU308.FudanCraft D/cocos2d-x debug info: SocketServer: Reading data completed, num = 1
07-06 19:16:32.694 17850-18010/com.FDU308.FudanCraft D/cocos2d-x debug info: SocketServer: Distributing data completed
07-06 19:16:32.694 17850-18010/com.FDU308.FudanCraft D/cocos2d-x debug info: SocketServer: Mutex to be released: 3926968204
07-06 19:16:32.694 17850-18010/com.FDU308.FudanCraft D/cocos2d-x debug info: SocketServer: Lock to be released: 3746297920
07-06 19:16:32.694 17850-18010/com.FDU308.FudanCraft D/cocos2d-x debug info: SocketServer: Vector to be released: 3746297936
07-06 19:16:32.694 17850-18010/com.FDU308.FudanCraft D/cocos2d-x debug info: SocketServer: Msg to be released: 3746297896
07-06 19:16:32.694 17850-18010/com.FDU308.FudanCraft D/cocos2d-x debug info: SocketServer: Initialize process loop
07-06 19:16:32.693 17850-17872/com.FDU308.FudanCraft D/cocos2d-x debug info: SocketClient: Client address: 3733342208
07-06 19:16:32.695 17850-18010/com.FDU308.FudanCraft D/cocos2d-x debug info: SocketServer: Trying to read data
07-06 19:16:32.695 17850-17872/com.FDU308.FudanCraft D/cocos2d-x debug info: UnitManager: Send Message via SocketClient Success
07-06 19:16:32.695 17850-17872/com.FDU308.FudanCraft D/cocos2d-x debug info: Sent Message Num: 8, Sent Message string length: 144
07-06 19:16:32.695 17850-17872/com.FDU308.FudanCraft D/cocos2d-x debug info: SocketClient: Start to read data
07-06 19:16:32.695 17850-17872/com.FDU308.FudanCraft D/cocos2d-x debug info: SocketClient: No error detected
07-06 19:16:32.695 17850-17872/com.FDU308.FudanCraft D/cocos2d-x debug info: SocketClient: Get data success
07-06 19:16:32.695 17850-17872/com.FDU308.FudanCraft D/cocos2d-x debug info: SocketClient: Unlock resource completed
07-06 19:16:32.695 17850-17872/com.FDU308.FudanCraft D/cocos2d-x debug info: SocketClient: Finished in reading data, length = 144
07-06 19:16:32.695 17850-17872/com.FDU308.FudanCraft D/cocos2d-x debug info: SocketClient: read_data() trying to release lock: 4011840364
07-06 19:16:32.695 17850-17872/com.FDU308.FudanCraft D/cocos2d-x debug info: UnitManager: Receive Message from Socket Success, String Address: 4011848644
07-06 19:16:32.695 17850-17872/com.FDU308.FudanCraft D/cocos2d-x debug info: UnitManager: Read Message 0 Success
07-06 19:16:32.698 17850-17872/com.FDU308.FudanCraft D/cocos2d-x debug info: UnitManager: Read Message 1 Success
07-06 19:16:32.700 17850-17872/com.FDU308.FudanCraft D/cocos2d-x debug info: UnitManager: Read Message 2 Success
07-06 19:16:32.701 17850-17872/com.FDU308.FudanCraft D/cocos2d-x debug info: UnitManager: Read Message 3 Success
07-06 19:16:32.707 17850-17872/com.FDU308.FudanCraft D/cocos2d-x debug info: UnitManager: Read Message 4 Success
07-06 19:16:32.709 17850-17872/com.FDU308.FudanCraft D/cocos2d-x debug info: UnitManager: Read Message 5 Success
07-06 19:16:32.711 17850-17872/com.FDU308.FudanCraft D/cocos2d-x debug info: UnitManager: Read Message 6 Success
07-06 19:16:32.715 17850-17872/com.FDU308.FudanCraft D/cocos2d-x debug info: UnitManager: Read Message 7 Success
07-06 19:16:32.716 17850-17872/com.FDU308.FudanCraft D/cocos2d-x debug info: Unit: Trying to clear game message
07-06 19:16:32.787 17850-17872/com.FDU308.FudanCraft D/cocos2d-x debug info: UnitManager: GameMessageSet to String Success, String Address: 4011848640
07-06 19:16:32.787 17850-17872/com.FDU308.FudanCraft D/cocos2d-x debug info: SocketClient: Start to send string, length = 0
07-06 19:16:32.787 17850-17872/com.FDU308.FudanCraft D/cocos2d-x debug info: SocketClient: Start to write data, length = 0
07-06 19:16:32.787 17850-17872/com.FDU308.FudanCraft D/cocos2d-x debug info: SocketClient: Complete in encoding data
07-06 19:16:32.788 17850-17872/com.FDU308.FudanCraft D/cocos2d-x debug info: SocketClient: Finish writing data, length = 0
07-06 19:16:32.788 17850-17872/com.FDU308.FudanCraft D/cocos2d-x debug info: SocketClient: write_data() trying to release string: 4011848592
07-06 19:16:32.788 17850-17872/com.FDU308.FudanCraft D/cocos2d-x debug info: SocketClient: write_data() trying to release socket_message: 4011840356
07-06 19:16:32.788 17850-17872/com.FDU308.FudanCraft D/cocos2d-x debug info: SocketClient: Finished in sending string, length = 0
07-06 19:16:32.788 17850-17872/com.FDU308.FudanCraft D/cocos2d-x debug info: SocketClient: send_string() trying to release string: 4011848648
07-06 19:16:32.788 17850-17872/com.FDU308.FudanCraft D/cocos2d-x debug info: SocketClient: Client address: 3733342208
07-06 19:16:32.788 17850-17872/com.FDU308.FudanCraft D/cocos2d-x debug info: UnitManager: Send Message via SocketClient Success
07-06 19:16:32.788 17850-17872/com.FDU308.FudanCraft D/cocos2d-x debug info: SocketClient: Start to read data
07-06 19:16:32.788 17850-17872/com.FDU308.FudanCraft D/cocos2d-x debug info: SocketClient: No error detected
07-06 19:16:32.788 17850-18010/com.FDU308.FudanCraft D/cocos2d-x debug info: SocketServer: Reading data completed, num = 1
07-06 19:16:32.788 17850-17872/com.FDU308.FudanCraft D/cocos2d-x debug info: SocketClient: Get data success
07-06 19:16:32.788 17850-18010/com.FDU308.FudanCraft D/cocos2d-x debug info: SocketServer: Distributing data completed
07-06 19:16:32.788 17850-17872/com.FDU308.FudanCraft D/cocos2d-x debug info: SocketClient: Unlock resource completed
07-06 19:16:32.788 17850-17872/com.FDU308.FudanCraft D/cocos2d-x debug info: SocketClient: Finished in reading data, length = 1
07-06 19:16:32.788 17850-18010/com.FDU308.FudanCraft D/cocos2d-x debug info: SocketServer: Mutex to be released: 3926968204
07-06 19:16:32.788 17850-17872/com.FDU308.FudanCraft D/cocos2d-x debug info: SocketClient: read_data() trying to release lock: 4011840364
07-06 19:16:32.788 17850-18010/com.FDU308.FudanCraft D/cocos2d-x debug info: SocketServer: Lock to be released: 3746297920
07-06 19:16:32.788 17850-17872/com.FDU308.FudanCraft D/cocos2d-x debug info: UnitManager: Receive Message from Socket Success, String Address: 4011848644
07-06 19:16:32.788 17850-18010/com.FDU308.FudanCraft D/cocos2d-x debug info: SocketServer: Vector to be released: 3746297936
07-06 19:16:32.788 17850-17872/com.FDU308.FudanCraft D/cocos2d-x debug info: Unit: Trying to clear game message
07-06 19:16:32.788 17850-18010/com.FDU308.FudanCraft D/cocos2d-x debug info: SocketServer: Msg to be released: 3746297896
07-06 19:16:32.789 17850-17872/com.FDU308.FudanCraft A/libc: Invalid address 0xf3ce27f8 passed to free: value not allocated
07-06 19:16:32.789 17850-18010/com.FDU308.FudanCraft A/libc: Invalid address 0xf3ce27f8 passed to free: value not allocated
07-06 19:16:32.789 17850-17872/com.FDU308.FudanCraft A/libc: Fatal signal 6 (SIGABRT), code -6 in tid 17872 (GLThread 504)
07-06 19:16:32.789 17850-18010/com.FDU308.FudanCraft A/libc: Fatal signal 6 (SIGABRT), code -6 in tid 18010 (GLThread 504)
07-06 19:16:32.789 17850-18010/com.FDU308.FudanCraft I/libc: Another thread contacted debuggerd first; not contacting debuggerd.
