07-03 22:39:13.400 3661-3661/? I/art: Late-enabling -Xcheck:jni
07-03 22:39:13.414 3661-3661/? D/TidaProvider: TidaProvider()
07-03 22:39:13.434 3661-3661/? V/BoostFramework: mAcquireFunc method = public int com.qualcomm.qti.Performance.perfLockAcquire(int,int[])
07-03 22:39:13.434 3661-3661/? V/BoostFramework: mReleaseFunc method = public int com.qualcomm.qti.Performance.perfLockRelease()
07-03 22:39:13.434 3661-3661/? V/BoostFramework: mAcquireTouchFunc method = public int com.qualcomm.qti.Performance.perfLockAcquireTouch(android.view.MotionEvent,android.util.DisplayMetrics,int,int[])
07-03 22:39:13.434 3661-3661/? V/BoostFramework: mIOPStart method = public int com.qualcomm.qti.Performance.perfIOPrefetchStart(int,java.lang.String)
07-03 22:39:13.434 3661-3661/? V/BoostFramework: mIOPStop method = public int com.qualcomm.qti.Performance.perfIOPrefetchStop()
07-03 22:39:13.440 3661-3661/? V/BoostFramework: BoostFramework() : mPerf = com.qualcomm.qti.Performance@249ac42
07-03 22:39:13.551 3661-3661/com.FDU308.FudanCraft W/ActivityThread: Application com.FDU308.FudanCraft is waiting for the debugger on port 8100...
07-03 22:39:13.569 3661-3661/com.FDU308.FudanCraft I/System.out: Sending WAIT chunk
07-03 22:39:30.475 3661-3669/com.FDU308.FudanCraft I/art: Debugger is active
07-03 22:39:30.652 3661-3661/com.FDU308.FudanCraft I/System.out: Debugger has connected
07-03 22:39:30.653 3661-3661/com.FDU308.FudanCraft I/System.out: waiting for debugger to settle...
07-03 22:39:30.856 3661-3661/com.FDU308.FudanCraft I/System.out: waiting for debugger to settle...
07-03 22:39:31.056 3661-3661/com.FDU308.FudanCraft I/System.out: waiting for debugger to settle...
07-03 22:39:31.257 3661-3661/com.FDU308.FudanCraft I/System.out: waiting for debugger to settle...
07-03 22:39:31.458 3661-3661/com.FDU308.FudanCraft I/System.out: waiting for debugger to settle...
07-03 22:39:31.658 3661-3661/com.FDU308.FudanCraft I/System.out: waiting for debugger to settle...
07-03 22:39:31.859 3661-3661/com.FDU308.FudanCraft I/System.out: waiting for debugger to settle...
07-03 22:39:32.060 3661-3661/com.FDU308.FudanCraft I/System.out: waiting for debugger to settle...
07-03 22:39:32.261 3661-3661/com.FDU308.FudanCraft I/System.out: waiting for debugger to settle...
07-03 22:39:32.462 3661-3661/com.FDU308.FudanCraft I/System.out: waiting for debugger to settle...
07-03 22:39:32.662 3661-3661/com.FDU308.FudanCraft I/System.out: debugger has settled (1429)
07-03 22:39:51.367 3661-3661/com.FDU308.FudanCraft D/JniHelper: JniHelper::setJavaVM(0xf53fc000), pthread_self() = -144299212
07-03 22:39:51.367 3661-3661/com.FDU308.FudanCraft D/main: cocos_android_app_init
07-03 22:39:51.374 3661-3661/com.FDU308.FudanCraft D/Cocos2dxHelper: isSupportLowLatency:false
07-03 22:39:51.380 3661-3661/com.FDU308.FudanCraft D/Cocos2dxHelper: sampleRate: 48000, framesPerBuffer: 192
07-03 22:39:51.381 3661-3661/com.FDU308.FudanCraft D/Java_org_cocos2dx_lib_Cocos2dxHelper.cpp: nativeSetAudioDeviceInfo: sampleRate: 48000, bufferSizeInFrames: 192
07-03 22:39:52.560 3661-3661/com.FDU308.FudanCraft D/Cocos2dxActivity: model=MI 5s Plus
07-03 22:39:52.560 3661-3661/com.FDU308.FudanCraft D/Cocos2dxActivity: product=natrium
07-03 22:39:52.561 3661-3661/com.FDU308.FudanCraft D/Cocos2dxActivity: isEmulator=false
07-03 22:39:52.571 3661-3661/com.FDU308.FudanCraft D/EngineDataManager.cpp: nativeSetSupportOptimization: 0
07-03 22:39:52.572 3661-3661/com.FDU308.FudanCraft D/Cocos2dxActivity: onResume()
07-03 22:39:52.591 3661-3661/com.FDU308.FudanCraft D/ActivityThreadInjector: clearCachedDrawables.
07-03 22:39:52.615 3661-4533/com.FDU308.FudanCraft I/Adreno: QUALCOMM build                   : 9438ceb, I0ac3940325
                                                             Build Date                       : 10/26/16
                                                             OpenGL ES Shader Compiler Version: XE031.09.00.03
                                                             Local Branch                     : 
                                                             Remote Branch                    : 
                                                             Remote Branch                    : 
                                                             Reconstruct Branch               : 
07-03 22:39:52.640 3661-4533/com.FDU308.FudanCraft D/cocos2d-x debug info: {
                                                                           	gl.supports_OES_packed_depth_stencil: true
                                                                           	gl.supports_vertex_array_object: true
                                                                           	gl.supports_BGRA8888: false
                                                                           	gl.supports_ATITC: true
                                                                           	gl.supports_S3TC: false
                                                                           	cocos2d.x.version: cocos2d-x-3.15.1
                                                                           	gl.supports_discard_framebuffer: true
                                                                           	cocos2d.x.compiled_with_profiler: false
                                                                           	gl.supports_PVRTC: false
                                                                           	cocos2d.x.build_type: DEBUG
                                                                           	gl.renderer: Adreno (TM) 530
                                                                           	gl.supports_OES_depth24: true
                                                                           	gl.supports_ETC1: true
                                                                           	gl.supports_OES_map_buffer: false
                                                                           	cocos2d.x.compiled_with_gl_state_cache: true
                                                                           	gl.version: OpenGL ES 3.2 V@145.0 (GIT@I0ac3940325)
                                                                           	gl.supports_NPOT: true
                                                                           	gl.max_texture_units: 96
                                                                           	gl.vendor: Qualcomm
                                                                           	gl.max_texture_size: 16384
                                                                           }
07-03 22:39:52.651 3661-4533/com.FDU308.FudanCraft D/EngineDataManager.cpp: setAnimationInterval by game: 0.0167
07-03 22:39:52.651 3661-4533/com.FDU308.FudanCraft D/EngineDataManager.cpp: JNI setAnimationInterval: 0.016667
07-03 22:39:52.653 3661-3661/com.FDU308.FudanCraft D/Cocos2dxActivity: onWindowFocusChanged() hasFocus=true
07-03 22:39:53.057 3661-4533/com.FDU308.FudanCraft D/cocos2d-x debug info: create rendererRecreatedListener for GLProgramState
07-03 22:39:53.057 3661-4533/com.FDU308.FudanCraft D/cocos2d-x debug info: FudanCraft: HelloWorldScene Initialize Begin
07-03 22:39:53.058 3661-4533/com.FDU308.FudanCraft D/cocos2d-x debug info: cocos2d: fullPathForFilename: No file found at BackgroundPanel.png. Possible missing file.
07-03 22:39:53.058 3661-4533/com.FDU308.FudanCraft D/cocos2d-x debug info: FudanCraft: HelloWorldScene Read First Resource at Root Directory Fail
07-03 22:39:53.097 3661-4533/com.FDU308.FudanCraft D/cocos2d-x debug info: create rendererRecreatedListener for GLProgramState
07-03 22:39:53.098 3661-4533/com.FDU308.FudanCraft D/cocos2d-x debug info: FudanCraft: HelloWorldScene Read First Resource Success
07-03 22:39:53.098 3661-4533/com.FDU308.FudanCraft D/cocos2d-x debug info: FudanCraft: Set Position Success
07-03 22:39:53.098 3661-4533/com.FDU308.FudanCraft D/cocos2d-x debug info: FudanCraft: Set Scale Success
07-03 22:39:53.098 3661-4533/com.FDU308.FudanCraft D/cocos2d-x debug info: FudanCraft: Trying to Add Child
07-03 22:39:53.098 3661-4533/com.FDU308.FudanCraft D/cocos2d-x debug info: FudanCraft: Add First Child Success
07-03 22:39:53.102 3661-4533/com.FDU308.FudanCraft D/cocos2d-x debug info: FudanCraft: Create First Sprite Success
07-03 22:39:53.111 3661-4533/com.FDU308.FudanCraft D/cocos2d-x debug info: FudanCraft: HelloWorldScene Read Many Resources Success
07-03 22:39:53.111 3661-4533/com.FDU308.FudanCraft D/cocos2d-x debug info: FudanCraft: Trying to Preload Audio
07-03 22:39:53.111 3661-4533/com.FDU308.FudanCraft D/cocos2d: android SDK version:23
07-03 22:39:53.112 3661-4533/com.FDU308.FudanCraft E/ExtMediaPlayer-JNI: env->IsInstanceOf fails
07-03 22:39:53.112 3661-4533/com.FDU308.FudanCraft E/MediaPlayer-JNI: JNIMediaPlayerFactory: bIsQCMediaPlayerPresent 0
07-03 22:39:53.112 3661-4533/com.FDU308.FudanCraft E/ExtMediaPlayer-JNI: env->IsInstanceOf fails
07-03 22:39:53.112 3661-4533/com.FDU308.FudanCraft E/MediaPlayer-JNI: JNIMediaPlayerFactory: bIsQCMediaPlayerPresent 0
07-03 22:39:53.137 3661-4533/com.FDU308.FudanCraft D/MediaPlayer: setSubtitleAnchor in MediaPlayer
07-03 22:39:53.137 3661-3661/com.FDU308.FudanCraft D/MediaPlayer: setSubtitleAnchor in MediaPlayer
07-03 22:39:53.145 3661-4533/com.FDU308.FudanCraft E/ExtMediaPlayer-JNI: env->IsInstanceOf fails
07-03 22:39:53.145 3661-4533/com.FDU308.FudanCraft E/MediaPlayer-JNI: JNIMediaPlayerFactory: bIsQCMediaPlayerPresent 0
07-03 22:39:53.145 3661-4533/com.FDU308.FudanCraft E/ExtMediaPlayer-JNI: env->IsInstanceOf fails
07-03 22:39:53.146 3661-4533/com.FDU308.FudanCraft E/MediaPlayer-JNI: JNIMediaPlayerFactory: bIsQCMediaPlayerPresent 0
07-03 22:39:53.162 3661-4533/com.FDU308.FudanCraft D/MediaPlayer: setSubtitleAnchor in MediaPlayer
07-03 22:39:53.162 3661-3661/com.FDU308.FudanCraft D/MediaPlayer: setSubtitleAnchor in MediaPlayer
07-03 22:39:53.165 3661-4533/com.FDU308.FudanCraft D/cocos2d-x debug info: FudanCraft: HelloWorldScene Initialize Success
07-03 22:39:53.165 3661-4533/com.FDU308.FudanCraft D/EngineDataManager.cpp: setAnimationInterval by engine: 0.0167
07-03 22:39:53.165 3661-4533/com.FDU308.FudanCraft D/EngineDataManager.cpp: JNI setAnimationInterval: 0.016667
07-03 22:39:53.166 3661-4532/com.FDU308.FudanCraft E/WVMExtractor: Failed to open libwvm.so: dlopen failed: library "libwvm.so" not found
07-03 22:39:54.692 3661-4532/com.FDU308.FudanCraft I/QComExtractorFactory: Sniff: Set key to use qti parser
07-03 22:39:54.695 3661-4532/com.FDU308.FudanCraft W/linker: /system/lib/libffmpeg_avcodec.so: is missing DT_SONAME will use basename as a replacement: "libffmpeg_avcodec.so"
07-03 22:39:54.696 3661-3669/com.FDU308.FudanCraft W/art: Suspending all threads took: 1.007s
07-03 22:39:54.698 3661-3661/com.FDU308.FudanCraft V/BoostFramework: BoostFramework() : mPerf = com.qualcomm.qti.Performance@167ffc1
07-03 22:39:55.994 3661-4532/com.FDU308.FudanCraft I/FFmpegExtractor: android-source:0xef18e180
07-03 22:39:56.002 3661-4533/com.FDU308.FudanCraft D/cocos2d-x debug info: cocos2d: QuadCommand: resizing index size from [-1] to [2560]
07-03 22:39:56.012 3661-4532/com.FDU308.FudanCraft D/FFmpegExtractor: SniffFFMPEG failed to sniff this source
07-03 22:39:56.013 3661-4532/com.FDU308.FudanCraft I/ExtendedExtractor: QTIParser is prefered
07-03 22:39:56.013 3661-4532/com.FDU308.FudanCraft D/MMParserExtractor: setExtraFlags called with flags 0 for paser instance ef18e1c0
07-03 22:39:56.013 3661-4532/com.FDU308.FudanCraft I/ExtendedExtractor: ExtendedExtractor::create 0xef18e1c0
07-03 22:39:56.014 3661-4532/com.FDU308.FudanCraft I/ExtendedExtractor: ExtendedExtractor::updateExtractor: Use default QTI parser 
07-03 22:39:56.015 3661-4532/com.FDU308.FudanCraft E/MM_OSAL: FileSource::FileSource
07-03 22:39:56.015 3661-4532/com.FDU308.FudanCraft E/MM_OSAL: FileSource::FileSource m_bEveryThingOK 1
07-03 22:39:56.016 3661-4532/com.FDU308.FudanCraft E/MM_OSAL: MM_File_Create failed .Efs Error No -1 , File Name /data/mmosal_logmask.cfg , Mode 0
07-03 22:39:56.016 3661-4532/com.FDU308.FudanCraft E/MM_OSAL: Open or read fail on /data/mmosal_logmask.cfg. Possible permission denied issue. Looking for /data/misc/media/mmosal_logmask.cfg
07-03 22:39:56.016 3661-4532/com.FDU308.FudanCraft E/MM_OSAL: MM_File_Create failed .Efs Error No -1 , File Name /data/misc/media/mmosal_logmask.cfg , Mode 0
07-03 22:39:56.025 3661-4596/com.FDU308.FudanCraft I/OMXClient: Using client-side OMX mux.
07-03 22:39:57.718 3661-4532/com.FDU308.FudanCraft D/MMParserExtractor: Using default parser out buffer size  = 3000 
07-03 22:39:57.718 3661-4532/com.FDU308.FudanCraft I/MMParserExtractor: MMParserSource::start Allocation buffer size for audio track= 3000 
07-03 22:39:59.219 3661-4532/com.FDU308.FudanCraft E/MM_OSAL: Data is not sufficient to validate AAC
07-03 22:39:59.219 3661-4532/com.FDU308.FudanCraft E/MM_OSAL: ValidateAACFile data not sufficient
07-03 22:39:59.219 3661-4532/com.FDU308.FudanCraft I/QComExtractorFactory: Sniff: Set key to use qti parser
07-03 22:39:59.219 3661-4532/com.FDU308.FudanCraft I/FFmpegExtractor: android-source:0xef18e180
07-03 22:39:59.222 3661-4532/com.FDU308.FudanCraft D/FFmpegExtractor: SniffFFMPEG failed to sniff this source
07-03 22:39:59.222 3661-4532/com.FDU308.FudanCraft I/ExtendedExtractor: QTIParser is prefered
07-03 22:39:59.222 3661-4532/com.FDU308.FudanCraft D/MMParserExtractor: setExtraFlags called with flags 0 for paser instance ef18e1c0
07-03 22:39:59.222 3661-4532/com.FDU308.FudanCraft I/ExtendedExtractor: ExtendedExtractor::create 0xef18e1c0
07-03 22:39:59.222 3661-4532/com.FDU308.FudanCraft I/ExtendedExtractor: ExtendedExtractor::updateExtractor: Use default QTI parser 
07-03 22:39:59.222 3661-4532/com.FDU308.FudanCraft E/MM_OSAL: FileSource::FileSource
07-03 22:39:59.222 3661-4532/com.FDU308.FudanCraft E/MM_OSAL: FileSource::FileSource m_bEveryThingOK 1
07-03 22:39:59.222 3661-4532/com.FDU308.FudanCraft E/MM_OSAL: MM_File_Create failed .Efs Error No -1 , File Name /data/mmosal_logmask.cfg , Mode 0
07-03 22:39:59.222 3661-4532/com.FDU308.FudanCraft E/MM_OSAL: Open or read fail on /data/mmosal_logmask.cfg. Possible permission denied issue. Looking for /data/misc/media/mmosal_logmask.cfg
07-03 22:39:59.222 3661-4532/com.FDU308.FudanCraft E/MM_OSAL: MM_File_Create failed .Efs Error No -1 , File Name /data/misc/media/mmosal_logmask.cfg , Mode 0
07-03 22:39:59.225 3661-4653/com.FDU308.FudanCraft I/OMXClient: Using client-side OMX mux.
07-03 22:40:00.486 3661-4532/com.FDU308.FudanCraft D/MMParserExtractor: Using default parser out buffer size  = 3000 
07-03 22:40:00.486 3661-4532/com.FDU308.FudanCraft I/MMParserExtractor: MMParserSource::start Allocation buffer size for audio track= 3000 
07-03 22:40:01.722 3661-4532/com.FDU308.FudanCraft I/QComExtractorFactory: Sniff: Set key to use qti parser
07-03 22:40:01.722 3661-4532/com.FDU308.FudanCraft I/FFmpegExtractor: android-source:0xef18e180
07-03 22:40:01.737 3661-4532/com.FDU308.FudanCraft D/FFmpegExtractor: SniffFFMPEG failed to sniff this source
07-03 22:40:01.737 3661-4532/com.FDU308.FudanCraft I/ExtendedExtractor: QTIParser is prefered
07-03 22:40:01.737 3661-4532/com.FDU308.FudanCraft D/MMParserExtractor: setExtraFlags called with flags 0 for paser instance ef18e1c0
07-03 22:40:01.737 3661-4532/com.FDU308.FudanCraft I/ExtendedExtractor: ExtendedExtractor::create 0xef18e1c0
07-03 22:40:01.737 3661-4532/com.FDU308.FudanCraft I/ExtendedExtractor: ExtendedExtractor::updateExtractor: Use default QTI parser 
07-03 22:40:01.737 3661-4532/com.FDU308.FudanCraft E/MM_OSAL: FileSource::FileSource
07-03 22:40:01.737 3661-4532/com.FDU308.FudanCraft E/MM_OSAL: FileSource::FileSource m_bEveryThingOK 1
07-03 22:40:01.737 3661-4532/com.FDU308.FudanCraft E/MM_OSAL: MM_File_Create failed .Efs Error No -1 , File Name /data/mmosal_logmask.cfg , Mode 0
07-03 22:40:01.737 3661-4532/com.FDU308.FudanCraft E/MM_OSAL: Open or read fail on /data/mmosal_logmask.cfg. Possible permission denied issue. Looking for /data/misc/media/mmosal_logmask.cfg
07-03 22:40:01.737 3661-4532/com.FDU308.FudanCraft E/MM_OSAL: MM_File_Create failed .Efs Error No -1 , File Name /data/misc/media/mmosal_logmask.cfg , Mode 0
07-03 22:40:01.740 3661-4697/com.FDU308.FudanCraft I/OMXClient: Using client-side OMX mux.
07-03 22:40:03.569 3661-4532/com.FDU308.FudanCraft D/MMParserExtractor: Using default parser out buffer size  = 3000 
07-03 22:40:03.570 3661-4532/com.FDU308.FudanCraft I/MMParserExtractor: MMParserSource::start Allocation buffer size for audio track= 3000 
07-03 22:40:05.471 3661-4532/com.FDU308.FudanCraft I/QComExtractorFactory: Sniff: Set key to use qti parser
07-03 22:40:05.471 3661-4532/com.FDU308.FudanCraft I/FFmpegExtractor: android-source:0xef18e180
07-03 22:40:05.479 3661-4532/com.FDU308.FudanCraft D/FFmpegExtractor: SniffFFMPEG failed to sniff this source
07-03 22:40:05.479 3661-4532/com.FDU308.FudanCraft I/ExtendedExtractor: QTIParser is prefered
07-03 22:40:05.479 3661-4532/com.FDU308.FudanCraft D/MMParserExtractor: setExtraFlags called with flags 0 for paser instance ef18e1c0
07-03 22:40:05.479 3661-4532/com.FDU308.FudanCraft I/ExtendedExtractor: ExtendedExtractor::create 0xef18e1c0
07-03 22:40:05.479 3661-4532/com.FDU308.FudanCraft I/ExtendedExtractor: ExtendedExtractor::updateExtractor: Use default QTI parser 
07-03 22:40:05.480 3661-4532/com.FDU308.FudanCraft E/MM_OSAL: FileSource::FileSource
07-03 22:40:05.480 3661-4532/com.FDU308.FudanCraft E/MM_OSAL: FileSource::FileSource m_bEveryThingOK 1
07-03 22:40:05.480 3661-4532/com.FDU308.FudanCraft E/MM_OSAL: MM_File_Create failed .Efs Error No -1 , File Name /data/mmosal_logmask.cfg , Mode 0
07-03 22:40:05.480 3661-4532/com.FDU308.FudanCraft E/MM_OSAL: Open or read fail on /data/mmosal_logmask.cfg. Possible permission denied issue. Looking for /data/misc/media/mmosal_logmask.cfg
07-03 22:40:05.480 3661-4532/com.FDU308.FudanCraft E/MM_OSAL: MM_File_Create failed .Efs Error No -1 , File Name /data/misc/media/mmosal_logmask.cfg , Mode 0
07-03 22:40:05.483 3661-4760/com.FDU308.FudanCraft I/OMXClient: Using client-side OMX mux.
07-03 22:40:07.231 3661-4532/com.FDU308.FudanCraft D/MMParserExtractor: Using default parser out buffer size  = 3000 
07-03 22:40:07.231 3661-4532/com.FDU308.FudanCraft I/MMParserExtractor: MMParserSource::start Allocation buffer size for audio track= 3000 
07-03 22:40:09.066 3661-4532/com.FDU308.FudanCraft I/QComExtractorFactory: Sniff: Set key to use qti parser
07-03 22:40:09.067 3661-4532/com.FDU308.FudanCraft I/FFmpegExtractor: android-source:0xef18e180
07-03 22:40:09.080 3661-4532/com.FDU308.FudanCraft D/FFmpegExtractor: SniffFFMPEG failed to sniff this source
07-03 22:40:09.080 3661-4532/com.FDU308.FudanCraft I/ExtendedExtractor: QTIParser is prefered
07-03 22:40:09.080 3661-4532/com.FDU308.FudanCraft D/MMParserExtractor: setExtraFlags called with flags 0 for paser instance ef18e1c0
07-03 22:40:09.080 3661-4532/com.FDU308.FudanCraft I/ExtendedExtractor: ExtendedExtractor::create 0xef18e1c0
07-03 22:40:09.080 3661-4532/com.FDU308.FudanCraft I/ExtendedExtractor: ExtendedExtractor::updateExtractor: Use default QTI parser 
07-03 22:40:09.080 3661-4532/com.FDU308.FudanCraft E/MM_OSAL: FileSource::FileSource
07-03 22:40:09.080 3661-4532/com.FDU308.FudanCraft E/MM_OSAL: FileSource::FileSource m_bEveryThingOK 1
07-03 22:40:09.080 3661-4532/com.FDU308.FudanCraft E/MM_OSAL: MM_File_Create failed .Efs Error No -1 , File Name /data/mmosal_logmask.cfg , Mode 0
07-03 22:40:09.080 3661-4532/com.FDU308.FudanCraft E/MM_OSAL: Open or read fail on /data/mmosal_logmask.cfg. Possible permission denied issue. Looking for /data/misc/media/mmosal_logmask.cfg
07-03 22:40:09.080 3661-4532/com.FDU308.FudanCraft E/MM_OSAL: MM_File_Create failed .Efs Error No -1 , File Name /data/misc/media/mmosal_logmask.cfg , Mode 0
07-03 22:40:09.086 3661-4814/com.FDU308.FudanCraft I/OMXClient: Using client-side OMX mux.
07-03 22:40:10.985 3661-4532/com.FDU308.FudanCraft D/MMParserExtractor: Using default parser out buffer size  = 3000 
07-03 22:40:10.987 3661-4532/com.FDU308.FudanCraft I/MMParserExtractor: MMParserSource::start Allocation buffer size for audio track= 3000 
07-03 22:40:12.977 3661-4532/com.FDU308.FudanCraft I/QComExtractorFactory: Sniff: Set key to use qti parser
07-03 22:40:12.977 3661-4532/com.FDU308.FudanCraft I/FFmpegExtractor: android-source:0xef18e180
07-03 22:40:12.987 3661-4532/com.FDU308.FudanCraft D/FFmpegExtractor: SniffFFMPEG failed to sniff this source
07-03 22:40:12.988 3661-4532/com.FDU308.FudanCraft I/ExtendedExtractor: QTIParser is prefered
07-03 22:40:12.988 3661-4532/com.FDU308.FudanCraft D/MMParserExtractor: setExtraFlags called with flags 0 for paser instance ef18e1c0
07-03 22:40:12.988 3661-4532/com.FDU308.FudanCraft I/ExtendedExtractor: ExtendedExtractor::create 0xef18e1c0
07-03 22:40:12.988 3661-4532/com.FDU308.FudanCraft I/ExtendedExtractor: ExtendedExtractor::updateExtractor: Use default QTI parser 
07-03 22:40:12.989 3661-4532/com.FDU308.FudanCraft E/MM_OSAL: FileSource::FileSource
07-03 22:40:12.989 3661-4532/com.FDU308.FudanCraft E/MM_OSAL: FileSource::FileSource m_bEveryThingOK 1
07-03 22:40:12.989 3661-4532/com.FDU308.FudanCraft E/MM_OSAL: MM_File_Create failed .Efs Error No -1 , File Name /data/mmosal_logmask.cfg , Mode 0
07-03 22:40:12.990 3661-4532/com.FDU308.FudanCraft E/MM_OSAL: Open or read fail on /data/mmosal_logmask.cfg. Possible permission denied issue. Looking for /data/misc/media/mmosal_logmask.cfg
07-03 22:40:12.990 3661-4532/com.FDU308.FudanCraft E/MM_OSAL: MM_File_Create failed .Efs Error No -1 , File Name /data/misc/media/mmosal_logmask.cfg , Mode 0
07-03 22:40:12.997 3661-4881/com.FDU308.FudanCraft I/OMXClient: Using client-side OMX mux.
07-03 22:40:15.032 3661-4532/com.FDU308.FudanCraft D/MMParserExtractor: Using default parser out buffer size  = 3000 
07-03 22:40:15.033 3661-4532/com.FDU308.FudanCraft I/MMParserExtractor: MMParserSource::start Allocation buffer size for audio track= 3000 
07-03 22:40:17.148 3661-4532/com.FDU308.FudanCraft I/QComExtractorFactory: Sniff: Set key to use qti parser
07-03 22:40:17.149 3661-4532/com.FDU308.FudanCraft I/FFmpegExtractor: android-source:0xef18e180
07-03 22:40:17.167 3661-4532/com.FDU308.FudanCraft D/FFmpegExtractor: SniffFFMPEG failed to sniff this source
07-03 22:40:17.168 3661-4532/com.FDU308.FudanCraft I/ExtendedExtractor: QTIParser is prefered
07-03 22:40:17.168 3661-4532/com.FDU308.FudanCraft D/MMParserExtractor: setExtraFlags called with flags 0 for paser instance ef18e1c0
07-03 22:40:17.168 3661-4532/com.FDU308.FudanCraft I/ExtendedExtractor: ExtendedExtractor::create 0xef18e1c0
07-03 22:40:17.168 3661-4532/com.FDU308.FudanCraft I/ExtendedExtractor: ExtendedExtractor::updateExtractor: Use default QTI parser 
07-03 22:40:17.168 3661-4532/com.FDU308.FudanCraft E/MM_OSAL: FileSource::FileSource
07-03 22:40:17.168 3661-4532/com.FDU308.FudanCraft E/MM_OSAL: FileSource::FileSource m_bEveryThingOK 1
07-03 22:40:17.168 3661-4532/com.FDU308.FudanCraft E/MM_OSAL: MM_File_Create failed .Efs Error No -1 , File Name /data/mmosal_logmask.cfg , Mode 0
07-03 22:40:17.168 3661-4532/com.FDU308.FudanCraft E/MM_OSAL: Open or read fail on /data/mmosal_logmask.cfg. Possible permission denied issue. Looking for /data/misc/media/mmosal_logmask.cfg
07-03 22:40:17.168 3661-4532/com.FDU308.FudanCraft E/MM_OSAL: MM_File_Create failed .Efs Error No -1 , File Name /data/misc/media/mmosal_logmask.cfg , Mode 0
07-03 22:40:17.172 3661-4951/com.FDU308.FudanCraft I/OMXClient: Using client-side OMX mux.
07-03 22:40:19.238 3661-4532/com.FDU308.FudanCraft D/MMParserExtractor: Using default parser out buffer size  = 3000 
07-03 22:40:19.238 3661-4532/com.FDU308.FudanCraft I/MMParserExtractor: MMParserSource::start Allocation buffer size for audio track= 3000 
07-03 22:40:20.022 3661-4533/com.FDU308.FudanCraft D/cocos2d-x debug info: server button pressed
07-03 22:40:20.022 3661-4533/com.FDU308.FudanCraft D/cocos2d-x debug info: FudanCraft: Trying to Load InputPort.png
                                                                           
                                                                           
                                                                           [ 07-03 22:40:20.641  3661: 4533 E/         ]
                                                                           scaleX = 0.940767
07-03 22:40:20.645 3661-4533/com.FDU308.FudanCraft D/cocos2d-x debug info: cocos2d: fullPathForFilename: No file found at sans-serif. Possible missing file.
07-03 22:40:20.647 3661-4533/com.FDU308.FudanCraft D/cocos2d-x debug info: Warning! You can't change Android Hint fontName and fontSize
07-03 22:40:20.647 3661-4533/com.FDU308.FudanCraft D/cocos2d-x debug info: [Edit text] content size = (80.000000, 60.000000)
07-03 22:40:20.651 3661-4533/com.FDU308.FudanCraft D/cocos2d-x debug info: [Edit text] content size = (80.000000, 60.000000)
07-03 22:40:20.652 3661-4533/com.FDU308.FudanCraft D/cocos2d-x debug info: FudanCraft: Successfully Load InputPort.png
07-03 22:40:20.677 3661-4532/com.FDU308.FudanCraft I/QComExtractorFactory: Sniff: Set key to use qti parser
07-03 22:40:20.677 3661-4532/com.FDU308.FudanCraft I/FFmpegExtractor: android-source:0xef18e180
07-03 22:40:20.683 3661-4532/com.FDU308.FudanCraft D/FFmpegExtractor: SniffFFMPEG failed to sniff this source
07-03 22:40:20.683 3661-4532/com.FDU308.FudanCraft I/ExtendedExtractor: QTIParser is prefered
07-03 22:40:20.684 3661-4532/com.FDU308.FudanCraft D/MMParserExtractor: setExtraFlags called with flags 0 for paser instance ef18e1c0
07-03 22:40:20.684 3661-4532/com.FDU308.FudanCraft I/ExtendedExtractor: ExtendedExtractor::create 0xef18e1c0
07-03 22:40:20.684 3661-4532/com.FDU308.FudanCraft I/ExtendedExtractor: ExtendedExtractor::updateExtractor: Use default QTI parser 
07-03 22:40:20.684 3661-4532/com.FDU308.FudanCraft E/MM_OSAL: FileSource::FileSource
07-03 22:40:20.684 3661-4532/com.FDU308.FudanCraft E/MM_OSAL: FileSource::FileSource m_bEveryThingOK 1
07-03 22:40:20.684 3661-4532/com.FDU308.FudanCraft E/MM_OSAL: MM_File_Create failed .Efs Error No -1 , File Name /data/mmosal_logmask.cfg , Mode 0
07-03 22:40:20.684 3661-4532/com.FDU308.FudanCraft E/MM_OSAL: Open or read fail on /data/mmosal_logmask.cfg. Possible permission denied issue. Looking for /data/misc/media/mmosal_logmask.cfg
07-03 22:40:20.684 3661-4532/com.FDU308.FudanCraft E/MM_OSAL: MM_File_Create failed .Efs Error No -1 , File Name /data/misc/media/mmosal_logmask.cfg , Mode 0
07-03 22:40:20.687 3661-5002/com.FDU308.FudanCraft I/OMXClient: Using client-side OMX mux.
07-03 22:40:21.307 3661-4533/com.FDU308.FudanCraft D/cocos2d-x debug info: create rendererRecreatedListener for GLProgramState
07-03 22:40:21.968 3661-4533/com.FDU308.FudanCraft D/cocos2d-x debug info: [Edit text] content size = (80.000000, 60.000000)
07-03 22:40:22.671 3661-4532/com.FDU308.FudanCraft D/MMParserExtractor: Using default parser out buffer size  = 3000 
07-03 22:40:22.671 3661-4532/com.FDU308.FudanCraft I/MMParserExtractor: MMParserSource::start Allocation buffer size for audio track= 3000 
07-03 22:40:26.272 3661-4533/com.FDU308.FudanCraft D/cocos2d-x debug info: FudanCraft: Trying to Start Server
07-03 22:40:26.275 3661-4533/com.FDU308.FudanCraft D/cocos2d-x debug info: FudanCraft: SocketServer Created!
07-03 22:40:26.277 3661-4533/com.FDU308.FudanCraft D/cocos2d-x debug info: FudanCraft: SocketClient Created!
07-03 22:40:26.277 3661-4533/com.FDU308.FudanCraft D/cocos2d-x debug info: create server and client on 8008
07-03 22:40:26.403 3661-4533/com.FDU308.FudanCraft D/cocos2d-x debug info: create rendererRecreatedListener for GLProgramState
07-03 22:40:36.230 3661-5255/com.FDU308.FudanCraft D/cocos2d-x debug info: SocketServer: Entering loop process
07-03 22:40:36.230 3661-5255/com.FDU308.FudanCraft D/cocos2d-x debug info: SocketServer: Initialize process loop
07-03 22:40:36.230 3661-5255/com.FDU308.FudanCraft D/cocos2d-x debug info: SocketServer: Trying to read data
07-03 22:40:36.628 3661-4533/com.FDU308.FudanCraft D/cocos2d-x debug info: cocos2d: SpriteBatchNode: resizing TextureAtlas capacity from [5735] to [7648].
07-03 22:40:36.642 3661-4533/com.FDU308.FudanCraft D/cocos2d-x debug info: cocos2d: SpriteBatchNode: resizing TextureAtlas capacity from [7648] to [10198].
07-03 22:40:36.662 3661-4533/com.FDU308.FudanCraft D/cocos2d-x debug info: cocos2d: SpriteBatchNode: resizing TextureAtlas capacity from [10198] to [13598].
07-03 22:40:36.802 3661-4533/com.FDU308.FudanCraft D/cocos2d-x debug info: cocos2d: SpriteBatchNode: resizing TextureAtlas capacity from [5735] to [7648].
07-03 22:40:36.871 3661-4533/com.FDU308.FudanCraft D/cocos2d-x debug info: cocos2d: SpriteBatchNode: resizing TextureAtlas capacity from [5735] to [7648].
07-03 22:40:36.885 3661-4533/com.FDU308.FudanCraft D/cocos2d-x debug info: cocos2d: SpriteBatchNode: resizing TextureAtlas capacity from [7648] to [10198].
07-03 22:40:36.904 3661-4533/com.FDU308.FudanCraft D/cocos2d-x debug info: cocos2d: SpriteBatchNode: resizing TextureAtlas capacity from [10198] to [13598].
07-03 22:40:36.930 3661-4533/com.FDU308.FudanCraft D/cocos2d-x debug info: cocos2d: SpriteBatchNode: resizing TextureAtlas capacity from [13598] to [18132].
07-03 22:40:36.968 3661-4533/com.FDU308.FudanCraft D/cocos2d-x debug info: create rendererRecreatedListener for GLProgramState
07-03 22:40:36.969 3661-4533/com.FDU308.FudanCraft D/cocos2d-x debug info: BattleScene: Trying to Init Player ID
07-03 22:40:36.969 3661-4533/com.FDU308.FudanCraft D/cocos2d-x debug info: BattleScene: Get Player ID: 1
07-03 22:40:37.001 3661-4533/com.FDU308.FudanCraft D/cocos2d-x debug info: cocos2d: fullPathForFilename: No file found at Marker Felt. Possible missing file.
07-03 22:40:37.005 3661-4533/com.FDU308.FudanCraft E/ExtMediaPlayer-JNI: env->IsInstanceOf fails
07-03 22:40:37.005 3661-4533/com.FDU308.FudanCraft E/MediaPlayer-JNI: JNIMediaPlayerFactory: bIsQCMediaPlayerPresent 0
07-03 22:40:37.005 3661-4533/com.FDU308.FudanCraft E/ExtMediaPlayer-JNI: env->IsInstanceOf fails
07-03 22:40:37.005 3661-4533/com.FDU308.FudanCraft E/MediaPlayer-JNI: JNIMediaPlayerFactory: bIsQCMediaPlayerPresent 0
07-03 22:40:37.026 3661-4533/com.FDU308.FudanCraft D/MediaPlayer: setSubtitleAnchor in MediaPlayer
07-03 22:40:37.026 3661-3661/com.FDU308.FudanCraft D/MediaPlayer: setSubtitleAnchor in MediaPlayer
07-03 22:40:37.033 3661-4533/com.FDU308.FudanCraft D/cocos2d-x debug info: if back ground music playing 1
07-03 22:40:37.043 3661-4533/com.FDU308.FudanCraft W/AudioTrack: AUDIO_OUTPUT_FLAG_FAST denied by client; transfer 4, track 22050 Hz, output 48000 Hz
07-03 22:40:37.058 3661-4533/com.FDU308.FudanCraft D/cocos2d-x debug info: start game
07-03 22:40:37.172 3661-4533/com.FDU308.FudanCraft D/cocos2d-x debug info: UnitManager: Call Protobuf Success
07-03 22:40:37.172 3661-4533/com.FDU308.FudanCraft D/cocos2d-x debug info: SocketClient: Start to send string, length = 144
07-03 22:40:37.172 3661-4533/com.FDU308.FudanCraft D/cocos2d-x debug info: SocketClient: Start to write data, length = 144
07-03 22:40:37.172 3661-4533/com.FDU308.FudanCraft D/cocos2d-x debug info: SocketClient: Complete in encoding data
07-03 22:40:37.172 3661-4533/com.FDU308.FudanCraft D/cocos2d-x debug info: SocketClient: Finish writing data, length = 144
07-03 22:40:37.172 3661-4533/com.FDU308.FudanCraft D/cocos2d-x debug info: SocketClient: Finished in sending string, length = 144
07-03 22:40:37.172 3661-4533/com.FDU308.FudanCraft D/cocos2d-x debug info: UnitManager: Send Message via SocketClient Success
07-03 22:40:37.172 3661-4533/com.FDU308.FudanCraft D/cocos2d-x debug info: SocketClient: Start to read data
07-03 22:40:37.172 3661-4533/com.FDU308.FudanCraft D/cocos2d-x debug info: SocketClient: No error detected
07-03 22:40:37.172 3661-5255/com.FDU308.FudanCraft D/cocos2d-x debug info: SocketServer: Reading data completed, num = 1
07-03 22:40:37.173 3661-5255/com.FDU308.FudanCraft D/cocos2d-x debug info: SocketServer: Distributing data completed
07-03 22:40:37.173 3661-5255/com.FDU308.FudanCraft D/cocos2d-x debug info: SocketServer: Mutex to be released: 3928557620
07-03 22:40:37.173 3661-5255/com.FDU308.FudanCraft D/cocos2d-x debug info: SocketServer: Lock to be released: 3651369024
07-03 22:40:37.173 3661-5255/com.FDU308.FudanCraft D/cocos2d-x debug info: SocketServer: Vector to be released: 3651369040
07-03 22:40:37.173 3661-5255/com.FDU308.FudanCraft D/cocos2d-x debug info: SocketServer: Msg to be released: 3651369000
07-03 22:40:37.173 3661-5255/com.FDU308.FudanCraft D/cocos2d-x debug info: SocketServer: Initialize process loop
07-03 22:40:37.173 3661-5255/com.FDU308.FudanCraft D/cocos2d-x debug info: SocketServer: Trying to read data
07-03 22:40:37.173 3661-4533/com.FDU308.FudanCraft D/cocos2d-x debug info: SocketClient: Get data success
07-03 22:40:37.173 3661-4533/com.FDU308.FudanCraft D/cocos2d-x debug info: SocketClient: Unlock resource completed
07-03 22:40:37.173 3661-4533/com.FDU308.FudanCraft D/cocos2d-x debug info: SocketClient: Finished in reading data, length = 144
07-03 22:40:37.173 3661-4533/com.FDU308.FudanCraft D/cocos2d-x debug info: UnitManager: Receive Message via SocketClient Success
07-03 22:40:37.173 3661-4533/com.FDU308.FudanCraft D/cocos2d-x debug info: UnitManager: Read Message 0 Success
07-03 22:40:37.179 3661-4533/com.FDU308.FudanCraft D/cocos2d-x debug info: UnitManager: Read Message 1 Success
07-03 22:40:37.182 3661-4533/com.FDU308.FudanCraft D/cocos2d-x debug info: UnitManager: Read Message 2 Success
07-03 22:40:37.184 3661-4533/com.FDU308.FudanCraft D/cocos2d-x debug info: UnitManager: Read Message 3 Success
07-03 22:40:37.194 3661-4533/com.FDU308.FudanCraft D/cocos2d-x debug info: UnitManager: Read Message 4 Success
07-03 22:40:37.197 3661-4533/com.FDU308.FudanCraft D/cocos2d-x debug info: UnitManager: Read Message 5 Success
07-03 22:40:37.199 3661-4533/com.FDU308.FudanCraft D/cocos2d-x debug info: UnitManager: Read Message 6 Success
07-03 22:40:37.203 3661-4533/com.FDU308.FudanCraft D/cocos2d-x debug info: UnitManager: Read Message 7 Success
07-03 22:40:37.204 3661-4533/com.FDU308.FudanCraft D/cocos2d-x debug info: Unit: Trying to clear game message
07-03 22:40:37.272 3661-4533/com.FDU308.FudanCraft D/cocos2d-x debug info: UnitManager: Call Protobuf Success
07-03 22:40:37.272 3661-4533/com.FDU308.FudanCraft D/cocos2d-x debug info: SocketClient: Start to send string, length = 0
07-03 22:40:37.272 3661-4533/com.FDU308.FudanCraft D/cocos2d-x debug info: SocketClient: Start to write data, length = 0
07-03 22:40:37.273 3661-4533/com.FDU308.FudanCraft D/cocos2d-x debug info: SocketClient: Complete in encoding data
07-03 22:40:37.273 3661-4533/com.FDU308.FudanCraft D/cocos2d-x debug info: SocketClient: Finish writing data, length = 0
07-03 22:40:37.273 3661-4533/com.FDU308.FudanCraft D/cocos2d-x debug info: SocketClient: Finished in sending string, length = 0
07-03 22:40:37.273 3661-4533/com.FDU308.FudanCraft D/cocos2d-x debug info: UnitManager: Send Message via SocketClient Success
07-03 22:40:37.273 3661-4533/com.FDU308.FudanCraft D/cocos2d-x debug info: SocketClient: Start to read data
07-03 22:40:37.273 3661-4533/com.FDU308.FudanCraft D/cocos2d-x debug info: SocketClient: No error detected
07-03 22:40:37.275 3661-5255/com.FDU308.FudanCraft D/cocos2d-x debug info: SocketServer: Reading data completed, num = 1
07-03 22:40:37.276 3661-5255/com.FDU308.FudanCraft D/cocos2d-x debug info: SocketServer: Distributing data completed
07-03 22:40:37.276 3661-5255/com.FDU308.FudanCraft D/cocos2d-x debug info: SocketServer: Mutex to be released: 3928557620
07-03 22:40:37.276 3661-5255/com.FDU308.FudanCraft D/cocos2d-x debug info: SocketServer: Lock to be released: 3651369024
07-03 22:40:37.276 3661-5255/com.FDU308.FudanCraft D/cocos2d-x debug info: SocketServer: Vector to be released: 3651369040
07-03 22:40:37.276 3661-5255/com.FDU308.FudanCraft D/cocos2d-x debug info: SocketServer: Msg to be released: 3651369000
07-03 22:40:37.276 3661-5255/com.FDU308.FudanCraft D/cocos2d-x debug info: SocketServer: Initialize process loop
07-03 22:40:37.277 3661-5255/com.FDU308.FudanCraft D/cocos2d-x debug info: SocketServer: Trying to read data
07-03 22:40:37.277 3661-4533/com.FDU308.FudanCraft D/cocos2d-x debug info: SocketClient: Get data success
07-03 22:40:37.277 3661-4533/com.FDU308.FudanCraft D/cocos2d-x debug info: SocketClient: Unlock resource completed
07-03 22:40:37.277 3661-4533/com.FDU308.FudanCraft D/cocos2d-x debug info: SocketClient: Finished in reading data, length = 1
07-03 22:40:37.277 3661-4533/com.FDU308.FudanCraft D/cocos2d-x debug info: UnitManager: Receive Message via SocketClient Success
07-03 22:40:37.277 3661-4533/com.FDU308.FudanCraft D/cocos2d-x debug info: Unit: Trying to clear game message
07-03 22:40:37.400 3661-4533/com.FDU308.FudanCraft D/cocos2d-x debug info: UnitManager: Call Protobuf Success
07-03 22:40:37.400 3661-4533/com.FDU308.FudanCraft D/cocos2d-x debug info: SocketClient: Start to send string, length = 65536
07-03 22:40:37.400 3661-4533/com.FDU308.FudanCraft D/cocos2d-x debug info: SocketClient: Start to write data, length = 65536
07-03 22:40:37.400 3661-4533/com.FDU308.FudanCraft D/cocos2d-x debug info: SocketClient: Complete in encoding data
07-03 22:40:37.401 3661-4533/com.FDU308.FudanCraft D/cocos2d-x debug info: SocketClient: Finish writing data, length = 65536
07-03 22:40:37.401 3661-4533/com.FDU308.FudanCraft D/cocos2d-x debug info: SocketClient: Finished in sending string, length = 65536
07-03 22:40:37.401 3661-4533/com.FDU308.FudanCraft D/cocos2d-x debug info: UnitManager: Send Message via SocketClient Success
07-03 22:40:37.401 3661-5255/com.FDU308.FudanCraft D/cocos2d-x debug info: SocketServer: Reading data completed, num = 1
07-03 22:40:37.401 3661-5255/com.FDU308.FudanCraft D/cocos2d-x debug info: SocketServer: Distributing data completed
07-03 22:40:37.401 3661-5255/com.FDU308.FudanCraft D/cocos2d-x debug info: SocketServer: Mutex to be released: 3928557620
07-03 22:40:37.402 3661-5255/com.FDU308.FudanCraft D/cocos2d-x debug info: SocketServer: Lock to be released: 3651369024
07-03 22:40:37.402 3661-5255/com.FDU308.FudanCraft D/cocos2d-x debug info: SocketServer: Vector to be released: 3651369040
07-03 22:40:37.402 3661-5255/com.FDU308.FudanCraft D/cocos2d-x debug info: SocketServer: Msg to be released: 3651369000
07-03 22:40:37.402 3661-5255/com.FDU308.FudanCraft D/cocos2d-x debug info: SocketServer: Initialize process loop
07-03 22:40:37.402 3661-5255/com.FDU308.FudanCraft D/cocos2d-x debug info: SocketServer: Trying to read data
07-03 22:40:37.404 3661-4533/com.FDU308.FudanCraft D/cocos2d-x debug info: SocketClient: Start to read data
07-03 22:40:37.404 3661-4533/com.FDU308.FudanCraft D/cocos2d-x debug info: SocketClient: No error detected
07-03 22:40:37.406 3661-4533/com.FDU308.FudanCraft D/cocos2d-x debug info: SocketClient: Get data success
07-03 22:40:37.406 3661-4533/com.FDU308.FudanCraft D/cocos2d-x debug info: SocketClient: Unlock resource completed
07-03 22:40:37.406 3661-4533/com.FDU308.FudanCraft D/cocos2d-x debug info: SocketClient: Finished in reading data, length = 8192
07-03 22:40:37.406 3661-4533/com.FDU308.FudanCraft D/cocos2d-x debug info: UnitManager: Receive Message via SocketClient Success
07-03 22:40:37.406 3661-4533/com.FDU308.FudanCraft D/cocos2d-x debug info: Unit: Trying to clear game message
07-03 22:40:37.482 3661-4533/com.FDU308.FudanCraft D/cocos2d-x debug info: UnitManager: Call Protobuf Success
07-03 22:40:37.482 3661-4533/com.FDU308.FudanCraft D/cocos2d-x debug info: SocketClient: Start to send string, length = 65536
07-03 22:40:37.482 3661-4533/com.FDU308.FudanCraft D/cocos2d-x debug info: SocketClient: Start to write data, length = 65536
07-03 22:40:37.482 3661-4533/com.FDU308.FudanCraft D/cocos2d-x debug info: SocketClient: Complete in encoding data
07-03 22:40:37.483 3661-4533/com.FDU308.FudanCraft D/cocos2d-x debug info: SocketClient: Finish writing data, length = 65536
07-03 22:40:37.483 3661-5255/com.FDU308.FudanCraft D/cocos2d-x debug info: SocketServer: Reading data completed, num = 1
07-03 22:40:37.483 3661-5255/com.FDU308.FudanCraft D/cocos2d-x debug info: SocketServer: Distributing data completed
07-03 22:40:37.483 3661-5255/com.FDU308.FudanCraft D/cocos2d-x debug info: SocketServer: Mutex to be released: 3928557620
07-03 22:40:37.483 3661-5255/com.FDU308.FudanCraft D/cocos2d-x debug info: SocketServer: Lock to be released: 3651369024
07-03 22:40:37.483 3661-5255/com.FDU308.FudanCraft D/cocos2d-x debug info: SocketServer: Vector to be released: 3651369040
07-03 22:40:37.483 3661-5255/com.FDU308.FudanCraft D/cocos2d-x debug info: SocketServer: Msg to be released: 3651369000
07-03 22:40:37.483 3661-5255/com.FDU308.FudanCraft D/cocos2d-x debug info: SocketServer: Initialize process loop
07-03 22:40:37.483 3661-5255/com.FDU308.FudanCraft D/cocos2d-x debug info: SocketServer: Trying to read data
07-03 22:40:37.483 3661-4533/com.FDU308.FudanCraft D/cocos2d-x debug info: SocketClient: Finished in sending string, length = 65536
07-03 22:40:37.483 3661-4533/com.FDU308.FudanCraft D/cocos2d-x debug info: UnitManager: Send Message via SocketClient Success
07-03 22:40:37.483 3661-4533/com.FDU308.FudanCraft D/cocos2d-x debug info: SocketClient: Start to read data
07-03 22:40:37.483 3661-4533/com.FDU308.FudanCraft D/cocos2d-x debug info: SocketClient: No error detected
07-03 22:40:37.483 3661-4533/com.FDU308.FudanCraft D/cocos2d-x debug info: SocketClient: Get data success
07-03 22:40:37.483 3661-4533/com.FDU308.FudanCraft D/cocos2d-x debug info: SocketClient: Unlock resource completed
07-03 22:40:37.483 3661-4533/com.FDU308.FudanCraft D/cocos2d-x debug info: SocketClient: Finished in reading data, length = 8192
07-03 22:40:37.483 3661-4533/com.FDU308.FudanCraft D/cocos2d-x debug info: UnitManager: Receive Message via SocketClient Success
07-03 22:40:37.483 3661-4533/com.FDU308.FudanCraft D/cocos2d-x debug info: Unit: Trying to clear game message
07-03 22:40:37.563 3661-4533/com.FDU308.FudanCraft D/cocos2d-x debug info: UnitManager: Call Protobuf Success
07-03 22:40:37.563 3661-4533/com.FDU308.FudanCraft D/cocos2d-x debug info: SocketClient: Start to send string, length = 65536
07-03 22:40:37.563 3661-4533/com.FDU308.FudanCraft D/cocos2d-x debug info: SocketClient: Start to write data, length = 65536
07-03 22:40:37.563 3661-4533/com.FDU308.FudanCraft D/cocos2d-x debug info: SocketClient: Complete in encoding data
07-03 22:40:37.563 3661-4533/com.FDU308.FudanCraft D/cocos2d-x debug info: SocketClient: Finish writing data, length = 65536
07-03 22:40:37.563 3661-4533/com.FDU308.FudanCraft D/cocos2d-x debug info: SocketClient: Finished in sending string, length = 65536
07-03 22:40:37.563 3661-4533/com.FDU308.FudanCraft D/cocos2d-x debug info: UnitManager: Send Message via SocketClient Success
07-03 22:40:37.563 3661-4533/com.FDU308.FudanCraft D/cocos2d-x debug info: SocketClient: Start to read data
07-03 22:40:37.563 3661-4533/com.FDU308.FudanCraft D/cocos2d-x debug info: SocketClient: No error detected
07-03 22:40:37.563 3661-5255/com.FDU308.FudanCraft D/cocos2d-x debug info: SocketServer: Reading data completed, num = 1
07-03 22:40:37.565 3661-4533/com.FDU308.FudanCraft D/cocos2d-x debug info: SocketClient: Get data success
07-03 22:40:37.565 3661-4533/com.FDU308.FudanCraft D/cocos2d-x debug info: SocketClient: Unlock resource completed
07-03 22:40:37.565 3661-4533/com.FDU308.FudanCraft D/cocos2d-x debug info: SocketClient: Finished in reading data, length = 8192
07-03 22:40:37.565 3661-5255/com.FDU308.FudanCraft D/cocos2d-x debug info: SocketServer: Distributing data completed
07-03 22:40:37.565 3661-4533/com.FDU308.FudanCraft D/cocos2d-x debug info: UnitManager: Receive Message via SocketClient Success
07-03 22:40:37.565 3661-4533/com.FDU308.FudanCraft D/cocos2d-x debug info: Unit: Trying to clear game message
07-03 22:40:37.565 3661-5255/com.FDU308.FudanCraft D/cocos2d-x debug info: SocketServer: Mutex to be released: 3928557620
07-03 22:40:37.565 3661-5255/com.FDU308.FudanCraft D/cocos2d-x debug info: SocketServer: Lock to be released: 3651369024
07-03 22:40:37.565 3661-5255/com.FDU308.FudanCraft D/cocos2d-x debug info: SocketServer: Vector to be released: 3651369040
07-03 22:40:37.566 3661-5255/com.FDU308.FudanCraft D/cocos2d-x debug info: SocketServer: Msg to be released: 3651369000
07-03 22:40:37.566 3661-5255/com.FDU308.FudanCraft D/cocos2d-x debug info: SocketServer: Initialize process loop
07-03 22:40:37.566 3661-5255/com.FDU308.FudanCraft D/cocos2d-x debug info: SocketServer: Trying to read data
