07-03 16:02:41.795 22423-22423/? I/art: Late-enabling -Xcheck:jni
07-03 16:02:41.822 22423-22423/? D/TidaProvider: TidaProvider()
07-03 16:02:41.831 22423-22423/? V/BoostFramework: mAcquireFunc method = public int com.qualcomm.qti.Performance.perfLockAcquire(int,int[])
07-03 16:02:41.831 22423-22423/? V/BoostFramework: mReleaseFunc method = public int com.qualcomm.qti.Performance.perfLockRelease()
07-03 16:02:41.831 22423-22423/? V/BoostFramework: mAcquireTouchFunc method = public int com.qualcomm.qti.Performance.perfLockAcquireTouch(android.view.MotionEvent,android.util.DisplayMetrics,int,int[])
07-03 16:02:41.831 22423-22423/? V/BoostFramework: mIOPStart method = public int com.qualcomm.qti.Performance.perfIOPrefetchStart(int,java.lang.String)
07-03 16:02:41.831 22423-22423/? V/BoostFramework: mIOPStop method = public int com.qualcomm.qti.Performance.perfIOPrefetchStop()
07-03 16:02:41.833 22423-22423/? V/BoostFramework: BoostFramework() : mPerf = com.qualcomm.qti.Performance@c5b328d
07-03 16:02:42.109 22423-22423/com.FDU308.FudanCraft D/JniHelper: JniHelper::setJavaVM(0xf53fc000), pthread_self() = -144299212
07-03 16:02:42.109 22423-22423/com.FDU308.FudanCraft D/main: cocos_android_app_init
07-03 16:02:42.110 22423-22423/com.FDU308.FudanCraft D/Cocos2dxHelper: isSupportLowLatency:false
07-03 16:02:42.120 22423-22423/com.FDU308.FudanCraft D/Cocos2dxHelper: sampleRate: 48000, framesPerBuffer: 192
07-03 16:02:42.121 22423-22423/com.FDU308.FudanCraft D/Java_org_cocos2dx_lib_Cocos2dxHelper.cpp: nativeSetAudioDeviceInfo: sampleRate: 48000, bufferSizeInFrames: 192
07-03 16:02:42.218 22423-22423/com.FDU308.FudanCraft D/Cocos2dxActivity: model=MI 5s Plus
07-03 16:02:42.219 22423-22423/com.FDU308.FudanCraft D/Cocos2dxActivity: product=natrium
07-03 16:02:42.219 22423-22423/com.FDU308.FudanCraft D/Cocos2dxActivity: isEmulator=false
07-03 16:02:42.221 22423-22423/com.FDU308.FudanCraft D/EngineDataManager.cpp: nativeSetSupportOptimization: 0
07-03 16:02:42.222 22423-22423/com.FDU308.FudanCraft D/Cocos2dxActivity: onResume()
07-03 16:02:42.237 22423-22423/com.FDU308.FudanCraft D/ActivityThreadInjector: clearCachedDrawables.
07-03 16:02:42.289 22423-22507/com.FDU308.FudanCraft I/Adreno: QUALCOMM build                   : 9438ceb, I0ac3940325
                                                               Build Date                       : 10/26/16
                                                               OpenGL ES Shader Compiler Version: XE031.09.00.03
                                                               Local Branch                     : 
                                                               Remote Branch                    : 
                                                               Remote Branch                    : 
                                                               Reconstruct Branch               : 
07-03 16:02:42.341 22423-22423/com.FDU308.FudanCraft D/Cocos2dxActivity: onWindowFocusChanged() hasFocus=true
07-03 16:02:42.347 22423-22507/com.FDU308.FudanCraft D/cocos2d-x debug info: {
                                                                             	gl.supports_OES_packed_depth_stencil: true
                                                                             	gl.supports_vertex_array_object: true
                                                                             	gl.supports_BGRA8888: false
                                                                             	gl.supports_ATITC: true
                                                                             	gl.supports_S3TC: false
                                                                             	cocos2d.x.version: cocos2d-x-3.15.1
                                                                             	gl.supports_discard_framebuffer: true
                                                                             	cocos2d.x.compiled_with_profiler: false
                                                                             	gl.supports_PVRTC: false
                                                                             	cocos2d.x.build_type: DEBUG
                                                                             	gl.renderer: Adreno (TM) 530
                                                                             	gl.supports_OES_depth24: true
                                                                             	gl.supports_ETC1: true
                                                                             	gl.supports_OES_map_buffer: false
                                                                             	cocos2d.x.compiled_with_gl_state_cache: true
                                                                             	gl.version: OpenGL ES 3.2 V@145.0 (GIT@I0ac3940325)
                                                                             	gl.supports_NPOT: true
                                                                             	gl.max_texture_units: 96
                                                                             	gl.vendor: Qualcomm
                                                                             	gl.max_texture_size: 16384
                                                                             }
07-03 16:02:42.351 22423-22507/com.FDU308.FudanCraft D/EngineDataManager.cpp: setAnimationInterval by game: 0.0167
07-03 16:02:42.351 22423-22507/com.FDU308.FudanCraft D/EngineDataManager.cpp: JNI setAnimationInterval: 0.016667
07-03 16:02:42.817 22423-22507/com.FDU308.FudanCraft D/cocos2d-x debug info: create rendererRecreatedListener for GLProgramState
07-03 16:02:42.817 22423-22507/com.FDU308.FudanCraft D/cocos2d-x debug info: FudanCraft: HelloWorldScene Initialize Begin
07-03 16:02:42.817 22423-22507/com.FDU308.FudanCraft D/cocos2d-x debug info: cocos2d: fullPathForFilename: No file found at BackgroundPanel.png. Possible missing file.
07-03 16:02:42.817 22423-22507/com.FDU308.FudanCraft D/cocos2d-x debug info: FudanCraft: HelloWorldScene Read First Resource at Root Directory Fail
07-03 16:02:42.855 22423-22507/com.FDU308.FudanCraft D/cocos2d-x debug info: create rendererRecreatedListener for GLProgramState
07-03 16:02:42.856 22423-22507/com.FDU308.FudanCraft D/cocos2d-x debug info: FudanCraft: HelloWorldScene Read First Resource Success
07-03 16:02:42.856 22423-22507/com.FDU308.FudanCraft D/cocos2d-x debug info: FudanCraft: Set Position Success
07-03 16:02:42.856 22423-22507/com.FDU308.FudanCraft D/cocos2d-x debug info: FudanCraft: Set Scale Success
07-03 16:02:42.856 22423-22507/com.FDU308.FudanCraft D/cocos2d-x debug info: FudanCraft: Trying to Add Child
07-03 16:02:42.856 22423-22507/com.FDU308.FudanCraft D/cocos2d-x debug info: FudanCraft: Add First Child Success
07-03 16:02:42.860 22423-22507/com.FDU308.FudanCraft D/cocos2d-x debug info: FudanCraft: Create First Sprite Success
07-03 16:02:42.870 22423-22507/com.FDU308.FudanCraft D/cocos2d-x debug info: FudanCraft: HelloWorldScene Read Many Resources Success
07-03 16:02:42.870 22423-22507/com.FDU308.FudanCraft D/cocos2d-x debug info: FudanCraft: Trying to Preload Audio
07-03 16:02:42.870 22423-22507/com.FDU308.FudanCraft D/cocos2d: android SDK version:23
07-03 16:02:42.874 22423-22507/com.FDU308.FudanCraft E/ExtMediaPlayer-JNI: env->IsInstanceOf fails
07-03 16:02:42.874 22423-22507/com.FDU308.FudanCraft E/MediaPlayer-JNI: JNIMediaPlayerFactory: bIsQCMediaPlayerPresent 0
07-03 16:02:42.874 22423-22507/com.FDU308.FudanCraft E/ExtMediaPlayer-JNI: env->IsInstanceOf fails
07-03 16:02:42.874 22423-22507/com.FDU308.FudanCraft E/MediaPlayer-JNI: JNIMediaPlayerFactory: bIsQCMediaPlayerPresent 0
07-03 16:02:42.904 22423-22423/com.FDU308.FudanCraft D/MediaPlayer: setSubtitleAnchor in MediaPlayer
07-03 16:02:42.905 22423-22507/com.FDU308.FudanCraft D/MediaPlayer: setSubtitleAnchor in MediaPlayer
07-03 16:02:42.913 22423-22507/com.FDU308.FudanCraft E/ExtMediaPlayer-JNI: env->IsInstanceOf fails
07-03 16:02:42.913 22423-22507/com.FDU308.FudanCraft E/MediaPlayer-JNI: JNIMediaPlayerFactory: bIsQCMediaPlayerPresent 0
07-03 16:02:42.913 22423-22507/com.FDU308.FudanCraft E/ExtMediaPlayer-JNI: env->IsInstanceOf fails
07-03 16:02:42.913 22423-22507/com.FDU308.FudanCraft E/MediaPlayer-JNI: JNIMediaPlayerFactory: bIsQCMediaPlayerPresent 0
07-03 16:02:42.934 22423-22507/com.FDU308.FudanCraft D/MediaPlayer: setSubtitleAnchor in MediaPlayer
07-03 16:02:42.934 22423-22423/com.FDU308.FudanCraft D/MediaPlayer: setSubtitleAnchor in MediaPlayer
07-03 16:02:42.942 22423-22505/com.FDU308.FudanCraft E/WVMExtractor: Failed to open libwvm.so: dlopen failed: library "libwvm.so" not found
07-03 16:02:42.951 22423-22505/com.FDU308.FudanCraft I/QComExtractorFactory: Sniff: Set key to use qti parser
07-03 16:02:42.952 22423-22507/com.FDU308.FudanCraft D/cocos2d-x debug info: FudanCraft: HelloWorldScene Initialize Success
07-03 16:02:42.952 22423-22507/com.FDU308.FudanCraft D/EngineDataManager.cpp: setAnimationInterval by engine: 0.0167
07-03 16:02:42.952 22423-22507/com.FDU308.FudanCraft D/EngineDataManager.cpp: JNI setAnimationInterval: 0.016667
07-03 16:02:42.958 22423-22505/com.FDU308.FudanCraft W/linker: /system/lib/libffmpeg_avcodec.so: is missing DT_SONAME will use basename as a replacement: "libffmpeg_avcodec.so"
07-03 16:02:42.963 22423-22505/com.FDU308.FudanCraft I/FFmpegExtractor: android-source:0xef18e280
07-03 16:02:42.966 22423-22505/com.FDU308.FudanCraft D/FFmpegExtractor: SniffFFMPEG failed to sniff this source
07-03 16:02:42.967 22423-22505/com.FDU308.FudanCraft I/ExtendedExtractor: QTIParser is prefered
07-03 16:02:42.967 22423-22505/com.FDU308.FudanCraft D/MMParserExtractor: setExtraFlags called with flags 0 for paser instance ef18e2c0
07-03 16:02:42.967 22423-22505/com.FDU308.FudanCraft I/ExtendedExtractor: ExtendedExtractor::create 0xef18e2c0
07-03 16:02:42.967 22423-22505/com.FDU308.FudanCraft I/ExtendedExtractor: ExtendedExtractor::updateExtractor: Use default QTI parser 
07-03 16:02:42.967 22423-22505/com.FDU308.FudanCraft E/MM_OSAL: FileSource::FileSource
07-03 16:02:42.967 22423-22505/com.FDU308.FudanCraft E/MM_OSAL: FileSource::FileSource m_bEveryThingOK 1
07-03 16:02:42.967 22423-22505/com.FDU308.FudanCraft E/MM_OSAL: MM_File_Create failed .Efs Error No -1 , File Name /data/mmosal_logmask.cfg , Mode 0
07-03 16:02:42.967 22423-22505/com.FDU308.FudanCraft E/MM_OSAL: Open or read fail on /data/mmosal_logmask.cfg. Possible permission denied issue. Looking for /data/misc/media/mmosal_logmask.cfg
07-03 16:02:42.967 22423-22505/com.FDU308.FudanCraft E/MM_OSAL: MM_File_Create failed .Efs Error No -1 , File Name /data/misc/media/mmosal_logmask.cfg , Mode 0
07-03 16:02:42.973 22423-22582/com.FDU308.FudanCraft I/OMXClient: Using client-side OMX mux.
07-03 16:02:42.982 22423-22507/com.FDU308.FudanCraft D/cocos2d-x debug info: cocos2d: QuadCommand: resizing index size from [-1] to [2560]
07-03 16:02:42.987 22423-22505/com.FDU308.FudanCraft D/MMParserExtractor: Using default parser out buffer size  = 3000 
07-03 16:02:42.987 22423-22505/com.FDU308.FudanCraft I/MMParserExtractor: MMParserSource::start Allocation buffer size for audio track= 3000 
07-03 16:02:43.049 22423-22505/com.FDU308.FudanCraft E/MM_OSAL: Data is not sufficient to validate AAC
07-03 16:02:43.049 22423-22505/com.FDU308.FudanCraft E/MM_OSAL: ValidateAACFile data not sufficient
07-03 16:02:43.049 22423-22505/com.FDU308.FudanCraft I/QComExtractorFactory: Sniff: Set key to use qti parser
07-03 16:02:43.049 22423-22505/com.FDU308.FudanCraft I/FFmpegExtractor: android-source:0xef18e280
07-03 16:02:43.051 22423-22505/com.FDU308.FudanCraft D/FFmpegExtractor: SniffFFMPEG failed to sniff this source
07-03 16:02:43.051 22423-22505/com.FDU308.FudanCraft I/ExtendedExtractor: QTIParser is prefered
07-03 16:02:43.051 22423-22505/com.FDU308.FudanCraft D/MMParserExtractor: setExtraFlags called with flags 0 for paser instance ef18e2c0
07-03 16:02:43.051 22423-22505/com.FDU308.FudanCraft I/ExtendedExtractor: ExtendedExtractor::create 0xef18e2c0
07-03 16:02:43.051 22423-22505/com.FDU308.FudanCraft I/ExtendedExtractor: ExtendedExtractor::updateExtractor: Use default QTI parser 
07-03 16:02:43.051 22423-22505/com.FDU308.FudanCraft E/MM_OSAL: FileSource::FileSource
07-03 16:02:43.051 22423-22505/com.FDU308.FudanCraft E/MM_OSAL: FileSource::FileSource m_bEveryThingOK 1
07-03 16:02:43.051 22423-22505/com.FDU308.FudanCraft E/MM_OSAL: MM_File_Create failed .Efs Error No -1 , File Name /data/mmosal_logmask.cfg , Mode 0
07-03 16:02:43.051 22423-22505/com.FDU308.FudanCraft E/MM_OSAL: Open or read fail on /data/mmosal_logmask.cfg. Possible permission denied issue. Looking for /data/misc/media/mmosal_logmask.cfg
07-03 16:02:43.051 22423-22505/com.FDU308.FudanCraft E/MM_OSAL: MM_File_Create failed .Efs Error No -1 , File Name /data/misc/media/mmosal_logmask.cfg , Mode 0
07-03 16:02:43.053 22423-22591/com.FDU308.FudanCraft I/OMXClient: Using client-side OMX mux.
07-03 16:02:43.060 22423-22505/com.FDU308.FudanCraft D/MMParserExtractor: Using default parser out buffer size  = 3000 
07-03 16:02:43.060 22423-22505/com.FDU308.FudanCraft I/MMParserExtractor: MMParserSource::start Allocation buffer size for audio track= 3000 
07-03 16:02:43.090 22423-22505/com.FDU308.FudanCraft I/QComExtractorFactory: Sniff: Set key to use qti parser
07-03 16:02:43.090 22423-22505/com.FDU308.FudanCraft I/FFmpegExtractor: android-source:0xef18e280
07-03 16:02:43.092 22423-22505/com.FDU308.FudanCraft D/FFmpegExtractor: SniffFFMPEG failed to sniff this source
07-03 16:02:43.092 22423-22505/com.FDU308.FudanCraft I/ExtendedExtractor: QTIParser is prefered
07-03 16:02:43.092 22423-22505/com.FDU308.FudanCraft D/MMParserExtractor: setExtraFlags called with flags 0 for paser instance ef18e2c0
07-03 16:02:43.093 22423-22505/com.FDU308.FudanCraft I/ExtendedExtractor: ExtendedExtractor::create 0xef18e2c0
07-03 16:02:43.093 22423-22505/com.FDU308.FudanCraft I/ExtendedExtractor: ExtendedExtractor::updateExtractor: Use default QTI parser 
07-03 16:02:43.093 22423-22505/com.FDU308.FudanCraft E/MM_OSAL: FileSource::FileSource
07-03 16:02:43.093 22423-22505/com.FDU308.FudanCraft E/MM_OSAL: FileSource::FileSource m_bEveryThingOK 1
07-03 16:02:43.093 22423-22505/com.FDU308.FudanCraft E/MM_OSAL: MM_File_Create failed .Efs Error No -1 , File Name /data/mmosal_logmask.cfg , Mode 0
07-03 16:02:43.093 22423-22505/com.FDU308.FudanCraft E/MM_OSAL: Open or read fail on /data/mmosal_logmask.cfg. Possible permission denied issue. Looking for /data/misc/media/mmosal_logmask.cfg
07-03 16:02:43.093 22423-22505/com.FDU308.FudanCraft E/MM_OSAL: MM_File_Create failed .Efs Error No -1 , File Name /data/misc/media/mmosal_logmask.cfg , Mode 0
07-03 16:02:43.095 22423-22595/com.FDU308.FudanCraft I/OMXClient: Using client-side OMX mux.
07-03 16:02:43.098 22423-22505/com.FDU308.FudanCraft D/MMParserExtractor: Using default parser out buffer size  = 3000 
07-03 16:02:43.098 22423-22505/com.FDU308.FudanCraft I/MMParserExtractor: MMParserSource::start Allocation buffer size for audio track= 3000 
07-03 16:02:43.152 22423-22505/com.FDU308.FudanCraft I/QComExtractorFactory: Sniff: Set key to use qti parser
07-03 16:02:43.152 22423-22505/com.FDU308.FudanCraft I/FFmpegExtractor: android-source:0xef18e280
07-03 16:02:43.154 22423-22505/com.FDU308.FudanCraft D/FFmpegExtractor: SniffFFMPEG failed to sniff this source
07-03 16:02:43.154 22423-22505/com.FDU308.FudanCraft I/ExtendedExtractor: QTIParser is prefered
07-03 16:02:43.154 22423-22505/com.FDU308.FudanCraft D/MMParserExtractor: setExtraFlags called with flags 0 for paser instance ef18e2c0
07-03 16:02:43.154 22423-22505/com.FDU308.FudanCraft I/ExtendedExtractor: ExtendedExtractor::create 0xef18e2c0
07-03 16:02:43.154 22423-22505/com.FDU308.FudanCraft I/ExtendedExtractor: ExtendedExtractor::updateExtractor: Use default QTI parser 
07-03 16:02:43.154 22423-22505/com.FDU308.FudanCraft E/MM_OSAL: FileSource::FileSource
07-03 16:02:43.154 22423-22505/com.FDU308.FudanCraft E/MM_OSAL: FileSource::FileSource m_bEveryThingOK 1
07-03 16:02:43.154 22423-22505/com.FDU308.FudanCraft E/MM_OSAL: MM_File_Create failed .Efs Error No -1 , File Name /data/mmosal_logmask.cfg , Mode 0
07-03 16:02:43.154 22423-22505/com.FDU308.FudanCraft E/MM_OSAL: Open or read fail on /data/mmosal_logmask.cfg. Possible permission denied issue. Looking for /data/misc/media/mmosal_logmask.cfg
07-03 16:02:43.154 22423-22505/com.FDU308.FudanCraft E/MM_OSAL: MM_File_Create failed .Efs Error No -1 , File Name /data/misc/media/mmosal_logmask.cfg , Mode 0
07-03 16:02:43.156 22423-22604/com.FDU308.FudanCraft I/OMXClient: Using client-side OMX mux.
07-03 16:02:43.163 22423-22505/com.FDU308.FudanCraft D/MMParserExtractor: Using default parser out buffer size  = 3000 
07-03 16:02:43.163 22423-22505/com.FDU308.FudanCraft I/MMParserExtractor: MMParserSource::start Allocation buffer size for audio track= 3000 
07-03 16:02:43.194 22423-22505/com.FDU308.FudanCraft I/QComExtractorFactory: Sniff: Set key to use qti parser
07-03 16:02:43.194 22423-22505/com.FDU308.FudanCraft I/FFmpegExtractor: android-source:0xef18e280
07-03 16:02:43.196 22423-22505/com.FDU308.FudanCraft D/FFmpegExtractor: SniffFFMPEG failed to sniff this source
07-03 16:02:43.196 22423-22505/com.FDU308.FudanCraft I/ExtendedExtractor: QTIParser is prefered
07-03 16:02:43.196 22423-22505/com.FDU308.FudanCraft D/MMParserExtractor: setExtraFlags called with flags 0 for paser instance ef18e2c0
07-03 16:02:43.196 22423-22505/com.FDU308.FudanCraft I/ExtendedExtractor: ExtendedExtractor::create 0xef18e2c0
07-03 16:02:43.196 22423-22505/com.FDU308.FudanCraft I/ExtendedExtractor: ExtendedExtractor::updateExtractor: Use default QTI parser 
07-03 16:02:43.196 22423-22505/com.FDU308.FudanCraft E/MM_OSAL: FileSource::FileSource
07-03 16:02:43.196 22423-22505/com.FDU308.FudanCraft E/MM_OSAL: FileSource::FileSource m_bEveryThingOK 1
07-03 16:02:43.196 22423-22505/com.FDU308.FudanCraft E/MM_OSAL: MM_File_Create failed .Efs Error No -1 , File Name /data/mmosal_logmask.cfg , Mode 0
07-03 16:02:43.196 22423-22505/com.FDU308.FudanCraft E/MM_OSAL: Open or read fail on /data/mmosal_logmask.cfg. Possible permission denied issue. Looking for /data/misc/media/mmosal_logmask.cfg
07-03 16:02:43.196 22423-22505/com.FDU308.FudanCraft E/MM_OSAL: MM_File_Create failed .Efs Error No -1 , File Name /data/misc/media/mmosal_logmask.cfg , Mode 0
07-03 16:02:43.198 22423-22611/com.FDU308.FudanCraft I/OMXClient: Using client-side OMX mux.
07-03 16:02:43.201 22423-22505/com.FDU308.FudanCraft D/MMParserExtractor: Using default parser out buffer size  = 3000 
07-03 16:02:43.201 22423-22505/com.FDU308.FudanCraft I/MMParserExtractor: MMParserSource::start Allocation buffer size for audio track= 3000 
07-03 16:02:43.239 22423-22505/com.FDU308.FudanCraft I/QComExtractorFactory: Sniff: Set key to use qti parser
07-03 16:02:43.239 22423-22505/com.FDU308.FudanCraft I/FFmpegExtractor: android-source:0xef18e280
07-03 16:02:43.241 22423-22505/com.FDU308.FudanCraft D/FFmpegExtractor: SniffFFMPEG failed to sniff this source
07-03 16:02:43.241 22423-22505/com.FDU308.FudanCraft I/ExtendedExtractor: QTIParser is prefered
07-03 16:02:43.241 22423-22505/com.FDU308.FudanCraft D/MMParserExtractor: setExtraFlags called with flags 0 for paser instance ef18e2c0
07-03 16:02:43.241 22423-22505/com.FDU308.FudanCraft I/ExtendedExtractor: ExtendedExtractor::create 0xef18e2c0
07-03 16:02:43.241 22423-22505/com.FDU308.FudanCraft I/ExtendedExtractor: ExtendedExtractor::updateExtractor: Use default QTI parser 
07-03 16:02:43.242 22423-22505/com.FDU308.FudanCraft E/MM_OSAL: FileSource::FileSource
07-03 16:02:43.242 22423-22505/com.FDU308.FudanCraft E/MM_OSAL: FileSource::FileSource m_bEveryThingOK 1
07-03 16:02:43.242 22423-22505/com.FDU308.FudanCraft E/MM_OSAL: MM_File_Create failed .Efs Error No -1 , File Name /data/mmosal_logmask.cfg , Mode 0
07-03 16:02:43.242 22423-22505/com.FDU308.FudanCraft E/MM_OSAL: Open or read fail on /data/mmosal_logmask.cfg. Possible permission denied issue. Looking for /data/misc/media/mmosal_logmask.cfg
07-03 16:02:43.242 22423-22505/com.FDU308.FudanCraft E/MM_OSAL: MM_File_Create failed .Efs Error No -1 , File Name /data/misc/media/mmosal_logmask.cfg , Mode 0
07-03 16:02:43.246 22423-22621/com.FDU308.FudanCraft I/OMXClient: Using client-side OMX mux.
07-03 16:02:43.250 22423-22505/com.FDU308.FudanCraft D/MMParserExtractor: Using default parser out buffer size  = 3000 
07-03 16:02:43.250 22423-22505/com.FDU308.FudanCraft I/MMParserExtractor: MMParserSource::start Allocation buffer size for audio track= 3000 
07-03 16:02:43.286 22423-22505/com.FDU308.FudanCraft I/QComExtractorFactory: Sniff: Set key to use qti parser
07-03 16:02:43.286 22423-22505/com.FDU308.FudanCraft I/FFmpegExtractor: android-source:0xef18e280
07-03 16:02:43.288 22423-22505/com.FDU308.FudanCraft D/FFmpegExtractor: SniffFFMPEG failed to sniff this source
07-03 16:02:43.288 22423-22505/com.FDU308.FudanCraft I/ExtendedExtractor: QTIParser is prefered
07-03 16:02:43.288 22423-22505/com.FDU308.FudanCraft D/MMParserExtractor: setExtraFlags called with flags 0 for paser instance ef18e2c0
07-03 16:02:43.288 22423-22505/com.FDU308.FudanCraft I/ExtendedExtractor: ExtendedExtractor::create 0xef18e2c0
07-03 16:02:43.288 22423-22505/com.FDU308.FudanCraft I/ExtendedExtractor: ExtendedExtractor::updateExtractor: Use default QTI parser 
07-03 16:02:43.288 22423-22505/com.FDU308.FudanCraft E/MM_OSAL: FileSource::FileSource
07-03 16:02:43.288 22423-22505/com.FDU308.FudanCraft E/MM_OSAL: FileSource::FileSource m_bEveryThingOK 1
07-03 16:02:43.288 22423-22505/com.FDU308.FudanCraft E/MM_OSAL: MM_File_Create failed .Efs Error No -1 , File Name /data/mmosal_logmask.cfg , Mode 0
07-03 16:02:43.288 22423-22505/com.FDU308.FudanCraft E/MM_OSAL: Open or read fail on /data/mmosal_logmask.cfg. Possible permission denied issue. Looking for /data/misc/media/mmosal_logmask.cfg
07-03 16:02:43.289 22423-22505/com.FDU308.FudanCraft E/MM_OSAL: MM_File_Create failed .Efs Error No -1 , File Name /data/misc/media/mmosal_logmask.cfg , Mode 0
07-03 16:02:43.293 22423-22627/com.FDU308.FudanCraft I/OMXClient: Using client-side OMX mux.
07-03 16:02:43.297 22423-22505/com.FDU308.FudanCraft D/MMParserExtractor: Using default parser out buffer size  = 3000 
07-03 16:02:43.297 22423-22505/com.FDU308.FudanCraft I/MMParserExtractor: MMParserSource::start Allocation buffer size for audio track= 3000 
07-03 16:02:43.341 22423-22505/com.FDU308.FudanCraft I/QComExtractorFactory: Sniff: Set key to use qti parser
07-03 16:02:43.341 22423-22505/com.FDU308.FudanCraft I/FFmpegExtractor: android-source:0xef18e280
07-03 16:02:43.343 22423-22505/com.FDU308.FudanCraft D/FFmpegExtractor: SniffFFMPEG failed to sniff this source
07-03 16:02:43.343 22423-22505/com.FDU308.FudanCraft I/ExtendedExtractor: QTIParser is prefered
07-03 16:02:43.343 22423-22505/com.FDU308.FudanCraft D/MMParserExtractor: setExtraFlags called with flags 0 for paser instance ef18e2c0
07-03 16:02:43.343 22423-22505/com.FDU308.FudanCraft I/ExtendedExtractor: ExtendedExtractor::create 0xef18e2c0
07-03 16:02:43.343 22423-22505/com.FDU308.FudanCraft I/ExtendedExtractor: ExtendedExtractor::updateExtractor: Use default QTI parser 
07-03 16:02:43.343 22423-22505/com.FDU308.FudanCraft E/MM_OSAL: FileSource::FileSource
07-03 16:02:43.343 22423-22505/com.FDU308.FudanCraft E/MM_OSAL: FileSource::FileSource m_bEveryThingOK 1
07-03 16:02:43.343 22423-22505/com.FDU308.FudanCraft E/MM_OSAL: MM_File_Create failed .Efs Error No -1 , File Name /data/mmosal_logmask.cfg , Mode 0
07-03 16:02:43.343 22423-22505/com.FDU308.FudanCraft E/MM_OSAL: Open or read fail on /data/mmosal_logmask.cfg. Possible permission denied issue. Looking for /data/misc/media/mmosal_logmask.cfg
07-03 16:02:43.343 22423-22505/com.FDU308.FudanCraft E/MM_OSAL: MM_File_Create failed .Efs Error No -1 , File Name /data/misc/media/mmosal_logmask.cfg , Mode 0
07-03 16:02:43.345 22423-22631/com.FDU308.FudanCraft I/OMXClient: Using client-side OMX mux.
07-03 16:02:43.349 22423-22505/com.FDU308.FudanCraft D/MMParserExtractor: Using default parser out buffer size  = 3000 
07-03 16:02:43.349 22423-22505/com.FDU308.FudanCraft I/MMParserExtractor: MMParserSource::start Allocation buffer size for audio track= 3000 
07-03 16:02:47.595 22423-22423/com.FDU308.FudanCraft V/BoostFramework: BoostFramework() : mPerf = com.qualcomm.qti.Performance@81af7f0
07-03 16:02:48.777 22423-22507/com.FDU308.FudanCraft D/cocos2d-x debug info: server button pressed
07-03 16:02:48.777 22423-22507/com.FDU308.FudanCraft D/cocos2d-x debug info: FudanCraft: Trying to Load InputPort.png
                                                                             
                                                                             
                                                                             [ 07-03 16:02:48.779 22423:22507 E/         ]
                                                                             scaleX = 0.940767
07-03 16:02:48.779 22423-22507/com.FDU308.FudanCraft D/cocos2d-x debug info: cocos2d: fullPathForFilename: No file found at sans-serif. Possible missing file.
07-03 16:02:48.780 22423-22507/com.FDU308.FudanCraft D/cocos2d-x debug info: Warning! You can't change Android Hint fontName and fontSize
07-03 16:02:48.780 22423-22507/com.FDU308.FudanCraft D/cocos2d-x debug info: [Edit text] content size = (80.000000, 60.000000)
07-03 16:02:48.780 22423-22507/com.FDU308.FudanCraft D/cocos2d-x debug info: [Edit text] content size = (80.000000, 60.000000)
07-03 16:02:48.780 22423-22507/com.FDU308.FudanCraft D/cocos2d-x debug info: FudanCraft: Successfully Load InputPort.png
07-03 16:02:48.805 22423-22507/com.FDU308.FudanCraft D/cocos2d-x debug info: create rendererRecreatedListener for GLProgramState
07-03 16:02:48.806 22423-22507/com.FDU308.FudanCraft D/cocos2d-x debug info: [Edit text] content size = (80.000000, 60.000000)
07-03 16:02:49.955 22423-22507/com.FDU308.FudanCraft D/cocos2d-x debug info: FudanCraft: Trying to Start Server
07-03 16:02:49.958 22423-22507/com.FDU308.FudanCraft D/cocos2d-x debug info: FudanCraft: SocketServer Created!
07-03 16:02:49.960 22423-22507/com.FDU308.FudanCraft D/cocos2d-x debug info: FudanCraft: SocketClient Created!
07-03 16:02:49.960 22423-22507/com.FDU308.FudanCraft D/cocos2d-x debug info: create server and client on 8008
07-03 16:02:50.084 22423-22507/com.FDU308.FudanCraft D/cocos2d-x debug info: create rendererRecreatedListener for GLProgramState
07-03 16:02:51.214 22423-22507/com.FDU308.FudanCraft D/cocos2d-x debug info: cocos2d: SpriteBatchNode: resizing TextureAtlas capacity from [5735] to [7648].
07-03 16:02:51.229 22423-22507/com.FDU308.FudanCraft D/cocos2d-x debug info: cocos2d: SpriteBatchNode: resizing TextureAtlas capacity from [7648] to [10198].
07-03 16:02:51.248 22423-22507/com.FDU308.FudanCraft D/cocos2d-x debug info: cocos2d: SpriteBatchNode: resizing TextureAtlas capacity from [10198] to [13598].
07-03 16:02:51.389 22423-22507/com.FDU308.FudanCraft D/cocos2d-x debug info: cocos2d: SpriteBatchNode: resizing TextureAtlas capacity from [5735] to [7648].
07-03 16:02:51.464 22423-22507/com.FDU308.FudanCraft D/cocos2d-x debug info: cocos2d: SpriteBatchNode: resizing TextureAtlas capacity from [5735] to [7648].
07-03 16:02:51.478 22423-22507/com.FDU308.FudanCraft D/cocos2d-x debug info: cocos2d: SpriteBatchNode: resizing TextureAtlas capacity from [7648] to [10198].
07-03 16:02:51.497 22423-22507/com.FDU308.FudanCraft D/cocos2d-x debug info: cocos2d: SpriteBatchNode: resizing TextureAtlas capacity from [10198] to [13598].
07-03 16:02:51.523 22423-22507/com.FDU308.FudanCraft D/cocos2d-x debug info: cocos2d: SpriteBatchNode: resizing TextureAtlas capacity from [13598] to [18132].
07-03 16:02:51.561 22423-22507/com.FDU308.FudanCraft D/cocos2d-x debug info: create rendererRecreatedListener for GLProgramState
07-03 16:02:51.561 22423-22507/com.FDU308.FudanCraft D/cocos2d-x debug info: BattleScene: Trying to Init Player ID
07-03 16:02:51.561 22423-22507/com.FDU308.FudanCraft D/cocos2d-x debug info: BattleScene: Get Player ID: 1
07-03 16:02:51.593 22423-22507/com.FDU308.FudanCraft D/cocos2d-x debug info: cocos2d: fullPathForFilename: No file found at Marker Felt. Possible missing file.
07-03 16:02:51.596 22423-22507/com.FDU308.FudanCraft E/ExtMediaPlayer-JNI: env->IsInstanceOf fails
07-03 16:02:51.596 22423-22507/com.FDU308.FudanCraft E/MediaPlayer-JNI: JNIMediaPlayerFactory: bIsQCMediaPlayerPresent 0
07-03 16:02:51.596 22423-22507/com.FDU308.FudanCraft E/ExtMediaPlayer-JNI: env->IsInstanceOf fails
07-03 16:02:51.596 22423-22507/com.FDU308.FudanCraft E/MediaPlayer-JNI: JNIMediaPlayerFactory: bIsQCMediaPlayerPresent 0
07-03 16:02:51.617 22423-22507/com.FDU308.FudanCraft D/MediaPlayer: setSubtitleAnchor in MediaPlayer
07-03 16:02:51.617 22423-22423/com.FDU308.FudanCraft D/MediaPlayer: setSubtitleAnchor in MediaPlayer
07-03 16:02:51.624 22423-22507/com.FDU308.FudanCraft D/cocos2d-x debug info: if back ground music playing 1
07-03 16:02:51.645 22423-22507/com.FDU308.FudanCraft W/AudioTrack: AUDIO_OUTPUT_FLAG_FAST denied by client; transfer 4, track 22050 Hz, output 48000 Hz
07-03 16:02:51.879 22423-22507/com.FDU308.FudanCraft D/cocos2d-x debug info: start game
07-03 16:02:51.995 22423-22507/com.FDU308.FudanCraft D/cocos2d-x debug info: UnitManager: Call Protobuf Success
07-03 16:02:51.996 22423-22507/com.FDU308.FudanCraft D/cocos2d-x debug info: UnitManager: Send Message via SocketClient Success
07-03 16:02:51.996 22423-22507/com.FDU308.FudanCraft D/cocos2d-x debug info: Sent Message Num: 8, Sent Message string length: 144
07-03 16:02:51.997 22423-22507/com.FDU308.FudanCraft D/cocos2d-x debug info: UnitManager: Receive Message via SocketClient Success
07-03 16:02:51.997 22423-22507/com.FDU308.FudanCraft D/cocos2d-x debug info: Received Message Num: 8, Received Message String Length: 144
07-03 16:02:51.997 22423-22507/com.FDU308.FudanCraft D/cocos2d-x debug info: UnitManager: Read Message 0 Success
07-03 16:02:52.003 22423-22507/com.FDU308.FudanCraft D/cocos2d-x debug info: UnitManager: Read Message 1 Success
07-03 16:02:52.006 22423-22507/com.FDU308.FudanCraft D/cocos2d-x debug info: UnitManager: Read Message 2 Success
07-03 16:02:52.009 22423-22507/com.FDU308.FudanCraft D/cocos2d-x debug info: UnitManager: Read Message 3 Success
07-03 16:02:52.019 22423-22507/com.FDU308.FudanCraft D/cocos2d-x debug info: UnitManager: Read Message 4 Success
07-03 16:02:52.022 22423-22507/com.FDU308.FudanCraft D/cocos2d-x debug info: UnitManager: Read Message 5 Success
07-03 16:02:52.024 22423-22507/com.FDU308.FudanCraft D/cocos2d-x debug info: UnitManager: Read Message 6 Success
07-03 16:02:52.028 22423-22507/com.FDU308.FudanCraft D/cocos2d-x debug info: UnitManager: Read Message 7 Success
07-03 16:02:52.096 22423-22507/com.FDU308.FudanCraft D/cocos2d-x debug info: UnitManager: Call Protobuf Success
07-03 16:02:52.097 22423-22507/com.FDU308.FudanCraft D/cocos2d-x debug info: UnitManager: Send Message via SocketClient Success
07-03 16:02:52.097 22423-22912/com.FDU308.FudanCraft A/libc: Invalid address 0xf3e7e7f8 passed to free: value not allocated
07-03 16:02:52.097 22423-22912/com.FDU308.FudanCraft A/libc: Fatal signal 6 (SIGABRT), code -6 in tid 22912 (GLThread 3528)
07-03 16:02:52.097 22423-22507/com.FDU308.FudanCraft D/cocos2d-x debug info: UnitManager: Receive Message via SocketClient Success
07-03 16:02:52.097 22423-22507/com.FDU308.FudanCraft A/libc: Invalid address 0xf3e7e7f8 passed to free: value not allocated
07-03 16:02:52.097 22423-22507/com.FDU308.FudanCraft A/libc: Fatal signal 6 (SIGABRT), code -6 in tid 22507 (GLThread 3528)
07-03 16:02:52.097 22423-22507/com.FDU308.FudanCraft I/libc: Another thread contacted debuggerd first; not contacting debuggerd.
