07-03 18:35:56.236 5721-5791/com.FDU308.FudanCraft D/cocos2d-x debug info: UnitManager: Receive Message via SocketClient Success
07-03 18:35:56.236 5721-5791/com.FDU308.FudanCraft A/libc: Invalid address 0xf3e817f8 passed to free: invalid page index
07-03 18:35:56.251 5721-5791/com.FDU308.FudanCraft D/cocos2d-x debug info: Unit ID: 1, fighter landing
07-03 18:35:56.316 5721-5791/com.FDU308.FudanCraft D/cocos2d-x debug info: UnitManager: Call Protobuf Success
07-03 18:35:56.316 5721-5791/com.FDU308.FudanCraft D/cocos2d-x debug info: SocketClient: Start to write data
07-03 18:35:56.316 5721-5791/com.FDU308.FudanCraft D/cocos2d-x debug info: SocketClient: Complete in encoding data
07-03 18:35:56.316 5721-5791/com.FDU308.FudanCraft D/cocos2d-x debug info: SocketClient: Finish writing data
07-03 18:35:56.316 5721-5791/com.FDU308.FudanCraft D/cocos2d-x debug info: UnitManager: Send Message via SocketClient Success
07-03 18:35:56.316 5721-5791/com.FDU308.FudanCraft D/cocos2d-x debug info: SocketClient: Start to read data
07-03 18:35:56.316 5721-5791/com.FDU308.FudanCraft D/cocos2d-x debug info: SocketClient: No error detected
07-03 18:35:56.317 5721-6232/com.FDU308.FudanCraft A/libc: Invalid address 0xf3e817f8 passed to free: invalid page index
07-03 18:35:56.317 5721-5791/com.FDU308.FudanCraft D/cocos2d-x debug info: SocketClient: Get data success
07-03 18:35:56.317 5721-5791/com.FDU308.FudanCraft D/cocos2d-x debug info: SocketClient: Unlock resource completed
07-03 18:35:56.317 5721-5791/com.FDU308.FudanCraft D/cocos2d-x debug info: SocketClient: Finished in reading data
07-03 18:35:56.317 5721-5791/com.FDU308.FudanCraft D/cocos2d-x debug info: UnitManager: Receive Message via SocketClient Success
07-03 18:35:56.317 5721-5791/com.FDU308.FudanCraft A/libc: Invalid address 0xf3e817f8 passed to free: invalid page index
07-03 18:35:56.399 5721-5791/com.FDU308.FudanCraft D/cocos2d-x debug info: UnitManager: Call Protobuf Success
07-03 18:35:56.399 5721-5791/com.FDU308.FudanCraft D/cocos2d-x debug info: SocketClient: Start to write data
07-03 18:35:56.399 5721-5791/com.FDU308.FudanCraft D/cocos2d-x debug info: SocketClient: Complete in encoding data
07-03 18:35:56.399 5721-5791/com.FDU308.FudanCraft D/cocos2d-x debug info: SocketClient: Finish writing data
07-03 18:35:56.399 5721-5791/com.FDU308.FudanCraft D/cocos2d-x debug info: UnitManager: Send Message via SocketClient Success
07-03 18:35:56.399 5721-5791/com.FDU308.FudanCraft D/cocos2d-x debug info: SocketClient: Start to read data
07-03 18:35:56.399 5721-5791/com.FDU308.FudanCraft D/cocos2d-x debug info: SocketClient: No error detected
07-03 18:35:56.399 5721-6232/com.FDU308.FudanCraft A/libc: Invalid address 0xf3e817f8 passed to free: invalid page index
07-03 18:35:56.400 5721-5791/com.FDU308.FudanCraft D/cocos2d-x debug info: SocketClient: Get data success
07-03 18:35:56.400 5721-5791/com.FDU308.FudanCraft D/cocos2d-x debug info: SocketClient: Unlock resource completed
07-03 18:35:56.400 5721-5791/com.FDU308.FudanCraft D/cocos2d-x debug info: SocketClient: Finished in reading data
07-03 18:35:56.400 5721-5791/com.FDU308.FudanCraft D/cocos2d-x debug info: UnitManager: Receive Message via SocketClient Success
07-03 18:35:56.400 5721-5791/com.FDU308.FudanCraft A/libc: Invalid address 0xf3e817f8 passed to free: invalid page index
07-03 18:35:56.480 5721-5791/com.FDU308.FudanCraft D/cocos2d-x debug info: UnitManager: Call Protobuf Success
07-03 18:35:56.481 5721-5791/com.FDU308.FudanCraft D/cocos2d-x debug info: SocketClient: Start to write data
07-03 18:35:56.481 5721-5791/com.FDU308.FudanCraft D/cocos2d-x debug info: SocketClient: Complete in encoding data
07-03 18:35:56.481 5721-5791/com.FDU308.FudanCraft D/cocos2d-x debug info: SocketClient: Finish writing data
07-03 18:35:56.481 5721-5791/com.FDU308.FudanCraft D/cocos2d-x debug info: UnitManager: Send Message via SocketClient Success
07-03 18:35:56.481 5721-5791/com.FDU308.FudanCraft D/cocos2d-x debug info: SocketClient: Start to read data
07-03 18:35:56.481 5721-5791/com.FDU308.FudanCraft D/cocos2d-x debug info: SocketClient: No error detected
07-03 18:35:56.482 5721-5791/com.FDU308.FudanCraft D/cocos2d-x debug info: SocketClient: Get data success
07-03 18:35:56.482 5721-5791/com.FDU308.FudanCraft D/cocos2d-x debug info: SocketClient: Unlock resource completed
07-03 18:35:56.482 5721-5791/com.FDU308.FudanCraft D/cocos2d-x debug info: SocketClient: Finished in reading data
07-03 18:35:56.482 5721-5791/com.FDU308.FudanCraft D/cocos2d-x debug info: UnitManager: Receive Message via SocketClient Success
07-03 18:35:56.482 5721-5791/com.FDU308.FudanCraft A/libc: Invalid address 0xf3e817f8 passed to free: invalid page index
07-03 18:35:56.482 5721-6232/com.FDU308.FudanCraft A/libc: Invalid address 0xf3e817f8 passed to free: invalid page index
07-03 18:35:56.562 5721-5791/com.FDU308.FudanCraft D/cocos2d-x debug info: UnitManager: Call Protobuf Success
07-03 18:35:56.562 5721-5791/com.FDU308.FudanCraft D/cocos2d-x debug info: SocketClient: Start to write data
07-03 18:35:56.562 5721-5791/com.FDU308.FudanCraft D/cocos2d-x debug info: SocketClient: Complete in encoding data
07-03 18:35:56.563 5721-5791/com.FDU308.FudanCraft D/cocos2d-x debug info: SocketClient: Finish writing data
07-03 18:35:56.563 5721-5791/com.FDU308.FudanCraft D/cocos2d-x debug info: UnitManager: Send Message via SocketClient Success
07-03 18:35:56.563 5721-5791/com.FDU308.FudanCraft D/cocos2d-x debug info: SocketClient: Start to read data
07-03 18:35:56.563 5721-5791/com.FDU308.FudanCraft D/cocos2d-x debug info: SocketClient: No error detected
07-03 18:35:56.563 5721-6232/com.FDU308.FudanCraft A/libc: Invalid address 0xf3e817f8 passed to free: invalid page index
07-03 18:35:56.563 5721-5791/com.FDU308.FudanCraft D/cocos2d-x debug info: SocketClient: Get data success
07-03 18:35:56.563 5721-5791/com.FDU308.FudanCraft D/cocos2d-x debug info: SocketClient: Unlock resource completed
07-03 18:35:56.563 5721-5791/com.FDU308.FudanCraft D/cocos2d-x debug info: SocketClient: Finished in reading data
07-03 18:35:56.563 5721-5791/com.FDU308.FudanCraft D/cocos2d-x debug info: UnitManager: Receive Message via SocketClient Success
07-03 18:35:56.563 5721-5791/com.FDU308.FudanCraft A/libc: Invalid address 0xf3e817f8 passed to free: invalid page index
07-03 18:35:56.645 5721-5791/com.FDU308.FudanCraft D/cocos2d-x debug info: UnitManager: Call Protobuf Success
07-03 18:35:56.646 5721-5791/com.FDU308.FudanCraft D/cocos2d-x debug info: SocketClient: Start to write data
07-03 18:35:56.646 5721-5791/com.FDU308.FudanCraft D/cocos2d-x debug info: SocketClient: Complete in encoding data
07-03 18:35:56.646 5721-5791/com.FDU308.FudanCraft D/cocos2d-x debug info: SocketClient: Finish writing data
07-03 18:35:56.646 5721-5791/com.FDU308.FudanCraft D/cocos2d-x debug info: UnitManager: Send Message via SocketClient Success
07-03 18:35:56.646 5721-5791/com.FDU308.FudanCraft D/cocos2d-x debug info: SocketClient: Start to read data
07-03 18:35:56.646 5721-5791/com.FDU308.FudanCraft D/cocos2d-x debug info: SocketClient: No error detected
07-03 18:35:56.646 5721-6232/com.FDU308.FudanCraft A/libc: Invalid address 0xf3e817f8 passed to free: invalid page index
07-03 18:35:56.647 5721-5791/com.FDU308.FudanCraft D/cocos2d-x debug info: SocketClient: Get data success
07-03 18:35:56.647 5721-5791/com.FDU308.FudanCraft D/cocos2d-x debug info: SocketClient: Unlock resource completed
07-03 18:35:56.647 5721-5791/com.FDU308.FudanCraft D/cocos2d-x debug info: SocketClient: Finished in reading data
07-03 18:35:56.647 5721-5791/com.FDU308.FudanCraft D/cocos2d-x debug info: UnitManager: Receive Message via SocketClient Success
07-03 18:35:56.647 5721-5791/com.FDU308.FudanCraft A/libc: Invalid address 0xf3e817f8 passed to free: invalid page index
07-03 18:35:56.728 5721-5791/com.FDU308.FudanCraft D/cocos2d-x debug info: UnitManager: Call Protobuf Success
07-03 18:35:56.728 5721-5791/com.FDU308.FudanCraft D/cocos2d-x debug info: SocketClient: Start to write data
07-03 18:35:56.728 5721-5791/com.FDU308.FudanCraft D/cocos2d-x debug info: SocketClient: Complete in encoding data
07-03 18:35:56.728 5721-5791/com.FDU308.FudanCraft D/cocos2d-x debug info: SocketClient: Finish writing data
07-03 18:35:56.728 5721-5791/com.FDU308.FudanCraft D/cocos2d-x debug info: UnitManager: Send Message via SocketClient Success
07-03 18:35:56.729 5721-5791/com.FDU308.FudanCraft D/cocos2d-x debug info: SocketClient: Start to read data
07-03 18:35:56.729 5721-6232/com.FDU308.FudanCraft A/libc: Invalid address 0xf3e817f8 passed to free: invalid page index
07-03 18:35:56.729 5721-5791/com.FDU308.FudanCraft D/cocos2d-x debug info: SocketClient: No error detected
07-03 18:35:56.729 5721-5791/com.FDU308.FudanCraft D/cocos2d-x debug info: SocketClient: Get data success
07-03 18:35:56.729 5721-5791/com.FDU308.FudanCraft D/cocos2d-x debug info: SocketClient: Unlock resource completed
07-03 18:35:56.729 5721-5791/com.FDU308.FudanCraft D/cocos2d-x debug info: SocketClient: Finished in reading data
07-03 18:35:56.729 5721-5791/com.FDU308.FudanCraft D/cocos2d-x debug info: UnitManager: Receive Message via SocketClient Success
07-03 18:35:56.729 5721-5791/com.FDU308.FudanCraft A/libc: Invalid address 0xf3e817f8 passed to free: invalid page index
07-03 18:35:56.812 5721-5791/com.FDU308.FudanCraft D/cocos2d-x debug info: UnitManager: Call Protobuf Success
07-03 18:35:56.812 5721-5791/com.FDU308.FudanCraft D/cocos2d-x debug info: SocketClient: Start to write data
07-03 18:35:56.812 5721-5791/com.FDU308.FudanCraft D/cocos2d-x debug info: SocketClient: Complete in encoding data
07-03 18:35:56.812 5721-5791/com.FDU308.FudanCraft D/cocos2d-x debug info: SocketClient: Finish writing data
07-03 18:35:56.812 5721-5791/com.FDU308.FudanCraft D/cocos2d-x debug info: UnitManager: Send Message via SocketClient Success
07-03 18:35:56.812 5721-5791/com.FDU308.FudanCraft D/cocos2d-x debug info: SocketClient: Start to read data
07-03 18:35:56.813 5721-5791/com.FDU308.FudanCraft D/cocos2d-x debug info: SocketClient: No error detected
07-03 18:35:56.813 5721-5791/com.FDU308.FudanCraft D/cocos2d-x debug info: SocketClient: Get data success
07-03 18:35:56.814 5721-5791/com.FDU308.FudanCraft D/cocos2d-x debug info: SocketClient: Unlock resource completed
07-03 18:35:56.814 5721-5791/com.FDU308.FudanCraft D/cocos2d-x debug info: SocketClient: Finished in reading data
07-03 18:35:56.814 5721-5791/com.FDU308.FudanCraft D/cocos2d-x debug info: UnitManager: Receive Message via SocketClient Success
07-03 18:35:56.814 5721-5791/com.FDU308.FudanCraft A/libc: Invalid address 0xf3e817f8 passed to free: invalid page index
07-03 18:35:56.814 5721-6232/com.FDU308.FudanCraft A/libc: Invalid address 0xf3e817f8 passed to free: invalid page index
07-03 18:35:56.893 5721-5791/com.FDU308.FudanCraft D/cocos2d-x debug info: UnitManager: Call Protobuf Success
07-03 18:35:56.893 5721-5791/com.FDU308.FudanCraft D/cocos2d-x debug info: SocketClient: Start to write data
07-03 18:35:56.893 5721-5791/com.FDU308.FudanCraft D/cocos2d-x debug info: SocketClient: Complete in encoding data
07-03 18:35:56.893 5721-5791/com.FDU308.FudanCraft D/cocos2d-x debug info: SocketClient: Finish writing data
07-03 18:35:56.893 5721-5791/com.FDU308.FudanCraft D/cocos2d-x debug info: UnitManager: Send Message via SocketClient Success
07-03 18:35:56.893 5721-5791/com.FDU308.FudanCraft D/cocos2d-x debug info: SocketClient: Start to read data
07-03 18:35:56.893 5721-5791/com.FDU308.FudanCraft D/cocos2d-x debug info: SocketClient: No error detected
07-03 18:35:56.894 5721-5791/com.FDU308.FudanCraft D/cocos2d-x debug info: SocketClient: Get data success
07-03 18:35:56.894 5721-5791/com.FDU308.FudanCraft D/cocos2d-x debug info: SocketClient: Unlock resource completed
07-03 18:35:56.894 5721-5791/com.FDU308.FudanCraft D/cocos2d-x debug info: SocketClient: Finished in reading data
07-03 18:35:56.894 5721-6232/com.FDU308.FudanCraft A/libc: Invalid address 0xf3e817f8 passed to free: invalid page index
07-03 18:35:56.894 5721-5791/com.FDU308.FudanCraft D/cocos2d-x debug info: UnitManager: Receive Message via SocketClient Success
07-03 18:35:56.894 5721-5791/com.FDU308.FudanCraft A/libc: Invalid address 0xf3e817f8 passed to free: invalid page index
07-03 18:35:56.974 5721-5791/com.FDU308.FudanCraft D/cocos2d-x debug info: UnitManager: Call Protobuf Success
07-03 18:35:56.974 5721-5791/com.FDU308.FudanCraft D/cocos2d-x debug info: SocketClient: Start to write data
07-03 18:35:56.974 5721-5791/com.FDU308.FudanCraft D/cocos2d-x debug info: SocketClient: Complete in encoding data
07-03 18:35:56.975 5721-5791/com.FDU308.FudanCraft D/cocos2d-x debug info: SocketClient: Finish writing data
07-03 18:35:56.975 5721-5791/com.FDU308.FudanCraft D/cocos2d-x debug info: UnitManager: Send Message via SocketClient Success
07-03 18:35:56.975 5721-5791/com.FDU308.FudanCraft D/cocos2d-x debug info: SocketClient: Start to read data
07-03 18:35:56.975 5721-5791/com.FDU308.FudanCraft D/cocos2d-x debug info: SocketClient: No error detected
07-03 18:35:56.975 5721-6232/com.FDU308.FudanCraft A/libc: Invalid address 0xf3e817f8 passed to free: invalid page index
07-03 18:35:56.975 5721-5791/com.FDU308.FudanCraft D/cocos2d-x debug info: SocketClient: Get data success
07-03 18:35:56.975 5721-5791/com.FDU308.FudanCraft D/cocos2d-x debug info: SocketClient: Unlock resource completed
07-03 18:35:56.975 5721-5791/com.FDU308.FudanCraft D/cocos2d-x debug info: SocketClient: Finished in reading data
07-03 18:35:56.975 5721-5791/com.FDU308.FudanCraft D/cocos2d-x debug info: UnitManager: Receive Message via SocketClient Success
07-03 18:35:56.975 5721-5791/com.FDU308.FudanCraft A/libc: Invalid address 0xf3e817f8 passed to free: invalid page index
07-03 18:35:57.004 5721-5791/com.FDU308.FudanCraft D/cocos2d-x debug info: BattleScene: Entering Multi-touch Moved Handler, Touch Size 1
07-03 18:35:57.020 5721-5791/com.FDU308.FudanCraft D/cocos2d-x debug info: BattleScene: Entering Multi-touch Moved Handler, Touch Size 1
07-03 18:35:57.020 5721-5791/com.FDU308.FudanCraft D/cocos2d-x debug info: BattleScene: Entering Multi-touch Ended Handler, Touch Size 1
07-03 18:35:57.020 5721-5791/com.FDU308.FudanCraft D/cocos2d-x debug info: Map Touch Grid Point: (75, 23)
07-03 18:35:57.020 5721-5791/com.FDU308.FudanCraft D/cocos2d-x debug info: Unit ID: 1, plan to move to:(75, 23)
07-03 18:35:57.021 5721-5791/com.FDU308.FudanCraft D/cocos2d-x debug info: Unit 1, start moving FP
07-03 18:35:57.021 5721-5791/com.FDU308.FudanCraft D/cocos2d-x debug info: Unit 1, Success FP, RFP: 0, Path Length: 1
07-03 18:35:57.056 5721-5791/com.FDU308.FudanCraft D/cocos2d-x debug info: UnitManager: Call Protobuf Success
07-03 18:35:57.056 5721-5791/com.FDU308.FudanCraft D/cocos2d-x debug info: SocketClient: Start to write data
07-03 18:35:57.056 5721-5791/com.FDU308.FudanCraft D/cocos2d-x debug info: SocketClient: Complete in encoding data
07-03 18:35:57.056 5721-5791/com.FDU308.FudanCraft D/cocos2d-x debug info: SocketClient: Finish writing data
07-03 18:35:57.056 5721-5791/com.FDU308.FudanCraft D/cocos2d-x debug info: UnitManager: Send Message via SocketClient Success
07-03 18:35:57.056 5721-5791/com.FDU308.FudanCraft D/cocos2d-x debug info: SocketClient: Start to read data
07-03 18:35:57.057 5721-5791/com.FDU308.FudanCraft D/cocos2d-x debug info: SocketClient: No error detected
07-03 18:35:57.057 5721-5791/com.FDU308.FudanCraft D/cocos2d-x debug info: SocketClient: Get data success
07-03 18:35:57.057 5721-5791/com.FDU308.FudanCraft D/cocos2d-x debug info: SocketClient: Unlock resource completed
07-03 18:35:57.057 5721-5791/com.FDU308.FudanCraft D/cocos2d-x debug info: SocketClient: Finished in reading data
07-03 18:35:57.057 5721-5791/com.FDU308.FudanCraft D/cocos2d-x debug info: UnitManager: Receive Message via SocketClient Success
07-03 18:35:57.057 5721-5791/com.FDU308.FudanCraft D/cocos2d-x debug info: UnitManager: Read Message 0 Success
07-03 18:35:57.057 5721-5791/com.FDU308.FudanCraft D/cocos2d-x debug info: Unit ID: 1, update path and start moving
07-03 18:35:57.137 5721-5791/com.FDU308.FudanCraft D/cocos2d-x debug info: UnitManager: Call Protobuf Success
07-03 18:35:57.138 5721-5791/com.FDU308.FudanCraft D/cocos2d-x debug info: SocketClient: Start to write data
07-03 18:35:57.138 5721-5791/com.FDU308.FudanCraft D/cocos2d-x debug info: SocketClient: Complete in encoding data
07-03 18:35:57.138 5721-5791/com.FDU308.FudanCraft D/cocos2d-x debug info: SocketClient: Finish writing data
07-03 18:35:57.138 5721-5791/com.FDU308.FudanCraft D/cocos2d-x debug info: UnitManager: Send Message via SocketClient Success
07-03 18:35:57.138 5721-5791/com.FDU308.FudanCraft D/cocos2d-x debug info: SocketClient: Start to read data
07-03 18:35:57.138 5721-5791/com.FDU308.FudanCraft D/cocos2d-x debug info: SocketClient: No error detected
07-03 18:35:57.138 5721-5791/com.FDU308.FudanCraft D/cocos2d-x debug info: SocketClient: Get data success
07-03 18:35:57.138 5721-6232/com.FDU308.FudanCraft A/libc: Invalid address 0xf3e817f8 passed to free: invalid page index
07-03 18:35:57.138 5721-5791/com.FDU308.FudanCraft D/cocos2d-x debug info: SocketClient: Unlock resource completed
07-03 18:35:57.138 5721-5791/com.FDU308.FudanCraft D/cocos2d-x debug info: SocketClient: Finished in reading data
07-03 18:35:57.139 5721-5791/com.FDU308.FudanCraft D/cocos2d-x debug info: UnitManager: Receive Message via SocketClient Success
07-03 18:35:57.139 5721-5791/com.FDU308.FudanCraft A/libc: Invalid address 0xf3e817f8 passed to free: invalid page index
07-03 18:35:57.221 5721-5791/com.FDU308.FudanCraft D/cocos2d-x debug info: UnitManager: Call Protobuf Success
07-03 18:35:57.221 5721-5791/com.FDU308.FudanCraft D/cocos2d-x debug info: SocketClient: Start to write data
07-03 18:35:57.221 5721-5791/com.FDU308.FudanCraft D/cocos2d-x debug info: SocketClient: Complete in encoding data
07-03 18:35:57.221 5721-5791/com.FDU308.FudanCraft D/cocos2d-x debug info: SocketClient: Finish writing data
07-03 18:35:57.221 5721-5791/com.FDU308.FudanCraft D/cocos2d-x debug info: UnitManager: Send Message via SocketClient Success
07-03 18:35:57.221 5721-5791/com.FDU308.FudanCraft D/cocos2d-x debug info: SocketClient: Start to read data
07-03 18:35:57.221 5721-5791/com.FDU308.FudanCraft D/cocos2d-x debug info: SocketClient: No error detected
07-03 18:35:57.222 5721-6232/com.FDU308.FudanCraft A/libc: Invalid address 0xf3e817f8 passed to free: invalid page index
07-03 18:35:57.222 5721-5791/com.FDU308.FudanCraft D/cocos2d-x debug info: SocketClient: Get data success
07-03 18:35:57.222 5721-5791/com.FDU308.FudanCraft D/cocos2d-x debug info: SocketClient: Unlock resource completed
07-03 18:35:57.222 5721-5791/com.FDU308.FudanCraft D/cocos2d-x debug info: SocketClient: Finished in reading data
07-03 18:35:57.222 5721-5791/com.FDU308.FudanCraft D/cocos2d-x debug info: UnitManager: Receive Message via SocketClient Success
07-03 18:35:57.222 5721-5791/com.FDU308.FudanCraft A/libc: Invalid address 0xf3e817f8 passed to free: invalid page index
07-03 18:35:57.302 5721-5791/com.FDU308.FudanCraft D/cocos2d-x debug info: UnitManager: Call Protobuf Success
07-03 18:35:57.302 5721-5791/com.FDU308.FudanCraft D/cocos2d-x debug info: SocketClient: Start to write data
07-03 18:35:57.303 5721-5791/com.FDU308.FudanCraft D/cocos2d-x debug info: SocketClient: Complete in encoding data
07-03 18:35:57.303 5721-5791/com.FDU308.FudanCraft D/cocos2d-x debug info: SocketClient: Finish writing data
07-03 18:35:57.303 5721-5791/com.FDU308.FudanCraft D/cocos2d-x debug info: UnitManager: Send Message via SocketClient Success
07-03 18:35:57.303 5721-5791/com.FDU308.FudanCraft D/cocos2d-x debug info: SocketClient: Start to read data
07-03 18:35:57.303 5721-5791/com.FDU308.FudanCraft D/cocos2d-x debug info: SocketClient: No error detected
07-03 18:35:57.303 5721-6232/com.FDU308.FudanCraft A/libc: Invalid address 0xf3e817f8 passed to free: invalid page index
07-03 18:35:57.303 5721-5791/com.FDU308.FudanCraft D/cocos2d-x debug info: SocketClient: Get data success
07-03 18:35:57.303 5721-5791/com.FDU308.FudanCraft D/cocos2d-x debug info: SocketClient: Unlock resource completed
07-03 18:35:57.303 5721-5791/com.FDU308.FudanCraft D/cocos2d-x debug info: SocketClient: Finished in reading data
07-03 18:35:57.303 5721-5791/com.FDU308.FudanCraft D/cocos2d-x debug info: UnitManager: Receive Message via SocketClient Success
07-03 18:35:57.304 5721-5791/com.FDU308.FudanCraft A/libc: Invalid address 0xf3e817f8 passed to free: invalid page index
07-03 18:35:57.383 5721-5791/com.FDU308.FudanCraft D/cocos2d-x debug info: UnitManager: Call Protobuf Success
07-03 18:35:57.383 5721-5791/com.FDU308.FudanCraft D/cocos2d-x debug info: SocketClient: Start to write data
07-03 18:35:57.383 5721-5791/com.FDU308.FudanCraft D/cocos2d-x debug info: SocketClient: Complete in encoding data
07-03 18:35:57.384 5721-5791/com.FDU308.FudanCraft D/cocos2d-x debug info: SocketClient: Finish writing data
07-03 18:35:57.384 5721-5791/com.FDU308.FudanCraft D/cocos2d-x debug info: UnitManager: Send Message via SocketClient Success
07-03 18:35:57.384 5721-5791/com.FDU308.FudanCraft D/cocos2d-x debug info: SocketClient: Start to read data
07-03 18:35:57.384 5721-5791/com.FDU308.FudanCraft D/cocos2d-x debug info: SocketClient: No error detected
07-03 18:35:57.384 5721-6232/com.FDU308.FudanCraft A/libc: Invalid address 0xf3e817f8 passed to free: invalid page index
07-03 18:35:57.385 5721-5791/com.FDU308.FudanCraft D/cocos2d-x debug info: SocketClient: Get data success
07-03 18:35:57.385 5721-5791/com.FDU308.FudanCraft D/cocos2d-x debug info: SocketClient: Unlock resource completed
07-03 18:35:57.385 5721-5791/com.FDU308.FudanCraft D/cocos2d-x debug info: SocketClient: Finished in reading data
07-03 18:35:57.385 5721-5791/com.FDU308.FudanCraft D/cocos2d-x debug info: UnitManager: Receive Message via SocketClient Success
07-03 18:35:57.385 5721-5791/com.FDU308.FudanCraft A/libc: Invalid address 0xf3e817f8 passed to free: invalid page index
07-03 18:35:57.467 5721-5791/com.FDU308.FudanCraft D/cocos2d-x debug info: UnitManager: Call Protobuf Success
07-03 18:35:57.467 5721-5791/com.FDU308.FudanCraft D/cocos2d-x debug info: SocketClient: Start to write data
07-03 18:35:57.467 5721-5791/com.FDU308.FudanCraft D/cocos2d-x debug info: SocketClient: Complete in encoding data
07-03 18:35:57.467 5721-5791/com.FDU308.FudanCraft D/cocos2d-x debug info: SocketClient: Finish writing data
07-03 18:35:57.467 5721-5791/com.FDU308.FudanCraft D/cocos2d-x debug info: UnitManager: Send Message via SocketClient Success
07-03 18:35:57.467 5721-5791/com.FDU308.FudanCraft D/cocos2d-x debug info: SocketClient: Start to read data
07-03 18:35:57.467 5721-5791/com.FDU308.FudanCraft D/cocos2d-x debug info: SocketClient: No error detected
07-03 18:35:57.468 5721-6232/com.FDU308.FudanCraft A/libc: Invalid address 0xf3e817f8 passed to free: invalid page index
07-03 18:35:57.468 5721-5791/com.FDU308.FudanCraft D/cocos2d-x debug info: SocketClient: Get data success
07-03 18:35:57.468 5721-5791/com.FDU308.FudanCraft D/cocos2d-x debug info: SocketClient: Unlock resource completed
07-03 18:35:57.468 5721-5791/com.FDU308.FudanCraft D/cocos2d-x debug info: SocketClient: Finished in reading data
07-03 18:35:57.468 5721-5791/com.FDU308.FudanCraft D/cocos2d-x debug info: UnitManager: Receive Message via SocketClient Success
07-03 18:35:57.469 5721-5791/com.FDU308.FudanCraft A/libc: Invalid address 0xf3e817f8 passed to free: invalid page index
07-03 18:35:57.548 5721-5791/com.FDU308.FudanCraft D/cocos2d-x debug info: UnitManager: Call Protobuf Success
07-03 18:35:57.548 5721-5791/com.FDU308.FudanCraft D/cocos2d-x debug info: SocketClient: Start to write data
07-03 18:35:57.548 5721-5791/com.FDU308.FudanCraft D/cocos2d-x debug info: SocketClient: Complete in encoding data
07-03 18:35:57.548 5721-5791/com.FDU308.FudanCraft D/cocos2d-x debug info: SocketClient: Finish writing data
07-03 18:35:57.548 5721-5791/com.FDU308.FudanCraft D/cocos2d-x debug info: UnitManager: Send Message via SocketClient Success
07-03 18:35:57.548 5721-5791/com.FDU308.FudanCraft D/cocos2d-x debug info: SocketClient: Start to read data
07-03 18:35:57.548 5721-5791/com.FDU308.FudanCraft D/cocos2d-x debug info: SocketClient: No error detected
07-03 18:35:57.549 5721-6232/com.FDU308.FudanCraft A/libc: Invalid address 0xf3e817f8 passed to free: invalid page index
07-03 18:35:57.549 5721-5791/com.FDU308.FudanCraft D/cocos2d-x debug info: SocketClient: Get data success
07-03 18:35:57.549 5721-5791/com.FDU308.FudanCraft D/cocos2d-x debug info: SocketClient: Unlock resource completed
07-03 18:35:57.549 5721-5791/com.FDU308.FudanCraft D/cocos2d-x debug info: SocketClient: Finished in reading data
07-03 18:35:57.549 5721-5791/com.FDU308.FudanCraft D/cocos2d-x debug info: UnitManager: Receive Message via SocketClient Success
07-03 18:35:57.549 5721-5791/com.FDU308.FudanCraft A/libc: Invalid address 0xf3e817f8 passed to free: invalid page index
07-03 18:35:57.629 5721-5791/com.FDU308.FudanCraft D/cocos2d-x debug info: UnitManager: Call Protobuf Success
07-03 18:35:57.629 5721-5791/com.FDU308.FudanCraft D/cocos2d-x debug info: SocketClient: Start to write data
07-03 18:35:57.629 5721-5791/com.FDU308.FudanCraft D/cocos2d-x debug info: SocketClient: Complete in encoding data
07-03 18:35:57.630 5721-5791/com.FDU308.FudanCraft D/cocos2d-x debug info: SocketClient: Finish writing data
07-03 18:35:57.630 5721-5791/com.FDU308.FudanCraft D/cocos2d-x debug info: UnitManager: Send Message via SocketClient Success
07-03 18:35:57.630 5721-5791/com.FDU308.FudanCraft D/cocos2d-x debug info: SocketClient: Start to read data
07-03 18:35:57.630 5721-5791/com.FDU308.FudanCraft D/cocos2d-x debug info: SocketClient: No error detected
07-03 18:35:57.630 5721-6232/com.FDU308.FudanCraft A/libc: Invalid address 0xf3e817f8 passed to free: invalid page index
07-03 18:35:57.630 5721-5791/com.FDU308.FudanCraft D/cocos2d-x debug info: SocketClient: Get data success
07-03 18:35:57.630 5721-5791/com.FDU308.FudanCraft D/cocos2d-x debug info: SocketClient: Unlock resource completed
07-03 18:35:57.630 5721-5791/com.FDU308.FudanCraft D/cocos2d-x debug info: SocketClient: Finished in reading data
07-03 18:35:57.630 5721-5791/com.FDU308.FudanCraft D/cocos2d-x debug info: UnitManager: Receive Message via SocketClient Success
07-03 18:35:57.630 5721-5791/com.FDU308.FudanCraft A/libc: Invalid address 0xf3e817f8 passed to free: invalid page index
07-03 18:35:57.710 5721-5791/com.FDU308.FudanCraft D/cocos2d-x debug info: UnitManager: Call Protobuf Success
07-03 18:35:57.710 5721-5791/com.FDU308.FudanCraft D/cocos2d-x debug info: SocketClient: Start to write data
07-03 18:35:57.711 5721-5791/com.FDU308.FudanCraft D/cocos2d-x debug info: SocketClient: Complete in encoding data
07-03 18:35:57.711 5721-5791/com.FDU308.FudanCraft D/cocos2d-x debug info: SocketClient: Finish writing data
07-03 18:35:57.711 5721-5791/com.FDU308.FudanCraft D/cocos2d-x debug info: UnitManager: Send Message via SocketClient Success
07-03 18:35:57.711 5721-5791/com.FDU308.FudanCraft D/cocos2d-x debug info: SocketClient: Start to read data
07-03 18:35:57.711 5721-5791/com.FDU308.FudanCraft D/cocos2d-x debug info: SocketClient: No error detected
07-03 18:35:57.711 5721-6232/com.FDU308.FudanCraft A/libc: Invalid address 0xf3e817f8 passed to free: invalid page index
07-03 18:35:57.711 5721-5791/com.FDU308.FudanCraft D/cocos2d-x debug info: SocketClient: Get data success
07-03 18:35:57.711 5721-5791/com.FDU308.FudanCraft D/cocos2d-x debug info: SocketClient: Unlock resource completed
07-03 18:35:57.711 5721-5791/com.FDU308.FudanCraft D/cocos2d-x debug info: SocketClient: Finished in reading data
07-03 18:35:57.711 5721-5791/com.FDU308.FudanCraft D/cocos2d-x debug info: UnitManager: Receive Message via SocketClient Success
07-03 18:35:57.711 5721-5791/com.FDU308.FudanCraft A/libc: Invalid address 0xf3e817f8 passed to free: invalid page index
07-03 18:35:57.794 5721-5791/com.FDU308.FudanCraft D/cocos2d-x debug info: UnitManager: Call Protobuf Success
07-03 18:35:57.794 5721-5791/com.FDU308.FudanCraft D/cocos2d-x debug info: SocketClient: Start to write data
07-03 18:35:57.794 5721-5791/com.FDU308.FudanCraft D/cocos2d-x debug info: SocketClient: Complete in encoding data
07-03 18:35:57.794 5721-5791/com.FDU308.FudanCraft D/cocos2d-x debug info: SocketClient: Finish writing data
07-03 18:35:57.794 5721-5791/com.FDU308.FudanCraft D/cocos2d-x debug info: UnitManager: Send Message via SocketClient Success
07-03 18:35:57.794 5721-5791/com.FDU308.FudanCraft D/cocos2d-x debug info: SocketClient: Start to read data
07-03 18:35:57.794 5721-5791/com.FDU308.FudanCraft D/cocos2d-x debug info: SocketClient: No error detected
07-03 18:35:57.795 5721-6232/com.FDU308.FudanCraft A/libc: Invalid address 0xf3e817f8 passed to free: invalid page index
07-03 18:35:57.795 5721-5791/com.FDU308.FudanCraft D/cocos2d-x debug info: SocketClient: Get data success
07-03 18:35:57.795 5721-5791/com.FDU308.FudanCraft D/cocos2d-x debug info: SocketClient: Unlock resource completed
07-03 18:35:57.795 5721-5791/com.FDU308.FudanCraft D/cocos2d-x debug info: SocketClient: Finished in reading data
07-03 18:35:57.795 5721-5791/com.FDU308.FudanCraft D/cocos2d-x debug info: UnitManager: Receive Message via SocketClient Success
07-03 18:35:57.795 5721-5791/com.FDU308.FudanCraft A/libc: Invalid address 0xf3e817f8 passed to free: invalid page index
07-03 18:35:57.876 5721-5791/com.FDU308.FudanCraft D/cocos2d-x debug info: UnitManager: Call Protobuf Success
07-03 18:35:57.876 5721-5791/com.FDU308.FudanCraft D/cocos2d-x debug info: SocketClient: Start to write data
07-03 18:35:57.876 5721-5791/com.FDU308.FudanCraft D/cocos2d-x debug info: SocketClient: Complete in encoding data
07-03 18:35:57.876 5721-5791/com.FDU308.FudanCraft D/cocos2d-x debug info: SocketClient: Finish writing data
07-03 18:35:57.876 5721-5791/com.FDU308.FudanCraft D/cocos2d-x debug info: UnitManager: Send Message via SocketClient Success
07-03 18:35:57.876 5721-5791/com.FDU308.FudanCraft D/cocos2d-x debug info: SocketClient: Start to read data
07-03 18:35:57.876 5721-5791/com.FDU308.FudanCraft D/cocos2d-x debug info: SocketClient: No error detected
07-03 18:35:57.876 5721-6232/com.FDU308.FudanCraft A/libc: Invalid address 0xf3e817f8 passed to free: invalid page index
07-03 18:35:57.877 5721-5791/com.FDU308.FudanCraft D/cocos2d-x debug info: SocketClient: Get data success
07-03 18:35:57.877 5721-5791/com.FDU308.FudanCraft D/cocos2d-x debug info: SocketClient: Unlock resource completed
07-03 18:35:57.877 5721-5791/com.FDU308.FudanCraft D/cocos2d-x debug info: SocketClient: Finished in reading data
07-03 18:35:57.877 5721-5791/com.FDU308.FudanCraft D/cocos2d-x debug info: UnitManager: Receive Message via SocketClient Success
07-03 18:35:57.877 5721-5791/com.FDU308.FudanCraft A/libc: Invalid address 0xf3e817f8 passed to free: invalid page index
07-03 18:35:57.957 5721-5791/com.FDU308.FudanCraft D/cocos2d-x debug info: UnitManager: Call Protobuf Success
07-03 18:35:57.957 5721-5791/com.FDU308.FudanCraft D/cocos2d-x debug info: SocketClient: Start to write data
07-03 18:35:57.957 5721-5791/com.FDU308.FudanCraft D/cocos2d-x debug info: SocketClient: Complete in encoding data
07-03 18:35:57.958 5721-5791/com.FDU308.FudanCraft D/cocos2d-x debug info: SocketClient: Finish writing data
07-03 18:35:57.958 5721-5791/com.FDU308.FudanCraft D/cocos2d-x debug info: UnitManager: Send Message via SocketClient Success
07-03 18:35:57.958 5721-5791/com.FDU308.FudanCraft D/cocos2d-x debug info: SocketClient: Start to read data
07-03 18:35:57.958 5721-5791/com.FDU308.FudanCraft D/cocos2d-x debug info: SocketClient: No error detected
07-03 18:35:57.958 5721-6232/com.FDU308.FudanCraft A/libc: Invalid address 0xf3e817f8 passed to free: invalid page index
07-03 18:35:57.958 5721-5791/com.FDU308.FudanCraft D/cocos2d-x debug info: SocketClient: Get data success
07-03 18:35:57.958 5721-5791/com.FDU308.FudanCraft D/cocos2d-x debug info: SocketClient: Unlock resource completed
07-03 18:35:57.958 5721-5791/com.FDU308.FudanCraft D/cocos2d-x debug info: SocketClient: Finished in reading data
07-03 18:35:57.958 5721-5791/com.FDU308.FudanCraft D/cocos2d-x debug info: UnitManager: Receive Message via SocketClient Success
07-03 18:35:57.959 5721-5791/com.FDU308.FudanCraft A/libc: Invalid address 0xf3e817f8 passed to free: invalid page index
07-03 18:35:58.039 5721-5791/com.FDU308.FudanCraft D/cocos2d-x debug info: UnitManager: Call Protobuf Success
07-03 18:35:58.039 5721-5791/com.FDU308.FudanCraft D/cocos2d-x debug info: SocketClient: Start to write data
07-03 18:35:58.039 5721-5791/com.FDU308.FudanCraft D/cocos2d-x debug info: SocketClient: Complete in encoding data
07-03 18:35:58.039 5721-5791/com.FDU308.FudanCraft D/cocos2d-x debug info: SocketClient: Finish writing data
07-03 18:35:58.039 5721-5791/com.FDU308.FudanCraft D/cocos2d-x debug info: UnitManager: Send Message via SocketClient Success
07-03 18:35:58.039 5721-5791/com.FDU308.FudanCraft D/cocos2d-x debug info: SocketClient: Start to read data
07-03 18:35:58.039 5721-5791/com.FDU308.FudanCraft D/cocos2d-x debug info: SocketClient: No error detected
07-03 18:35:58.040 5721-6232/com.FDU308.FudanCraft A/libc: Invalid address 0xf3e817f8 passed to free: invalid page index
07-03 18:35:58.040 5721-5791/com.FDU308.FudanCraft D/cocos2d-x debug info: SocketClient: Get data success
07-03 18:35:58.040 5721-5791/com.FDU308.FudanCraft D/cocos2d-x debug info: SocketClient: Unlock resource completed
07-03 18:35:58.040 5721-5791/com.FDU308.FudanCraft D/cocos2d-x debug info: SocketClient: Finished in reading data
07-03 18:35:58.040 5721-5791/com.FDU308.FudanCraft D/cocos2d-x debug info: UnitManager: Receive Message via SocketClient Success
07-03 18:35:58.040 5721-5791/com.FDU308.FudanCraft A/libc: Invalid address 0xf3e817f8 passed to free: invalid page index
07-03 18:35:58.120 5721-5791/com.FDU308.FudanCraft D/cocos2d-x debug info: UnitManager: Call Protobuf Success
07-03 18:35:58.120 5721-5791/com.FDU308.FudanCraft D/cocos2d-x debug info: SocketClient: Start to write data
07-03 18:35:58.120 5721-5791/com.FDU308.FudanCraft D/cocos2d-x debug info: SocketClient: Complete in encoding data
07-03 18:35:58.120 5721-5791/com.FDU308.FudanCraft D/cocos2d-x debug info: SocketClient: Finish writing data
07-03 18:35:58.120 5721-5791/com.FDU308.FudanCraft D/cocos2d-x debug info: UnitManager: Send Message via SocketClient Success
07-03 18:35:58.121 5721-6232/com.FDU308.FudanCraft A/libc: Invalid address 0xf3e817f8 passed to free: invalid page index
07-03 18:35:58.121 5721-5791/com.FDU308.FudanCraft D/cocos2d-x debug info: SocketClient: Start to read data
07-03 18:35:58.121 5721-5791/com.FDU308.FudanCraft D/cocos2d-x debug info: SocketClient: No error detected
07-03 18:35:58.121 5721-5791/com.FDU308.FudanCraft D/cocos2d-x debug info: SocketClient: Get data success
07-03 18:35:58.121 5721-5791/com.FDU308.FudanCraft D/cocos2d-x debug info: SocketClient: Unlock resource completed
07-03 18:35:58.121 5721-5791/com.FDU308.FudanCraft D/cocos2d-x debug info: SocketClient: Finished in reading data
07-03 18:35:58.121 5721-5791/com.FDU308.FudanCraft D/cocos2d-x debug info: UnitManager: Receive Message via SocketClient Success
07-03 18:35:58.121 5721-5791/com.FDU308.FudanCraft A/libc: Invalid address 0xf3e817f8 passed to free: invalid page index
07-03 18:35:58.201 5721-5791/com.FDU308.FudanCraft D/cocos2d-x debug info: UnitManager: Call Protobuf Success
07-03 18:35:58.201 5721-5791/com.FDU308.FudanCraft D/cocos2d-x debug info: SocketClient: Start to write data
07-03 18:35:58.201 5721-5791/com.FDU308.FudanCraft D/cocos2d-x debug info: SocketClient: Complete in encoding data
07-03 18:35:58.202 5721-5791/com.FDU308.FudanCraft D/cocos2d-x debug info: SocketClient: Finish writing data
07-03 18:35:58.202 5721-5791/com.FDU308.FudanCraft D/cocos2d-x debug info: UnitManager: Send Message via SocketClient Success
07-03 18:35:58.202 5721-5791/com.FDU308.FudanCraft D/cocos2d-x debug info: SocketClient: Start to read data
07-03 18:35:58.202 5721-5791/com.FDU308.FudanCraft D/cocos2d-x debug info: SocketClient: No error detected
07-03 18:35:58.202 5721-5791/com.FDU308.FudanCraft D/cocos2d-x debug info: SocketClient: Get data success
07-03 18:35:58.202 5721-6232/com.FDU308.FudanCraft A/libc: Invalid address 0xf3e817f8 passed to free: invalid page index
07-03 18:35:58.202 5721-5791/com.FDU308.FudanCraft D/cocos2d-x debug info: SocketClient: Unlock resource completed
07-03 18:35:58.202 5721-5791/com.FDU308.FudanCraft D/cocos2d-x debug info: SocketClient: Finished in reading data
07-03 18:35:58.202 5721-5791/com.FDU308.FudanCraft D/cocos2d-x debug info: UnitManager: Receive Message via SocketClient Success
07-03 18:35:58.202 5721-5791/com.FDU308.FudanCraft A/libc: Invalid address 0xf3e817f8 passed to free: invalid page index
07-03 18:35:58.283 5721-5791/com.FDU308.FudanCraft D/cocos2d-x debug info: UnitManager: Call Protobuf Success
07-03 18:35:58.284 5721-5791/com.FDU308.FudanCraft D/cocos2d-x debug info: SocketClient: Start to write data
07-03 18:35:58.284 5721-5791/com.FDU308.FudanCraft D/cocos2d-x debug info: SocketClient: Complete in encoding data
07-03 18:35:58.284 5721-5791/com.FDU308.FudanCraft D/cocos2d-x debug info: SocketClient: Finish writing data
07-03 18:35:58.284 5721-5791/com.FDU308.FudanCraft D/cocos2d-x debug info: UnitManager: Send Message via SocketClient Success
07-03 18:35:58.284 5721-5791/com.FDU308.FudanCraft D/cocos2d-x debug info: SocketClient: Start to read data
07-03 18:35:58.284 5721-5791/com.FDU308.FudanCraft D/cocos2d-x debug info: SocketClient: No error detected
07-03 18:35:58.284 5721-6232/com.FDU308.FudanCraft A/libc: Invalid address 0xf3e817f8 passed to free: invalid page index
07-03 18:35:58.285 5721-5791/com.FDU308.FudanCraft D/cocos2d-x debug info: SocketClient: Get data success
07-03 18:35:58.285 5721-5791/com.FDU308.FudanCraft D/cocos2d-x debug info: SocketClient: Unlock resource completed
07-03 18:35:58.285 5721-5791/com.FDU308.FudanCraft D/cocos2d-x debug info: SocketClient: Finished in reading data
07-03 18:35:58.285 5721-5791/com.FDU308.FudanCraft D/cocos2d-x debug info: UnitManager: Receive Message via SocketClient Success
07-03 18:35:58.285 5721-5791/com.FDU308.FudanCraft A/libc: Invalid address 0xf3e817f8 passed to free: invalid page index
07-03 18:35:58.333 5721-5791/com.FDU308.FudanCraft D/cocos2d-x debug info: Unit ID: 1, fighter landing
07-03 18:35:58.366 5721-5791/com.FDU308.FudanCraft D/cocos2d-x debug info: UnitManager: Call Protobuf Success
07-03 18:35:58.366 5721-5791/com.FDU308.FudanCraft D/cocos2d-x debug info: SocketClient: Start to write data
07-03 18:35:58.366 5721-5791/com.FDU308.FudanCraft D/cocos2d-x debug info: SocketClient: Complete in encoding data
07-03 18:35:58.366 5721-5791/com.FDU308.FudanCraft D/cocos2d-x debug info: SocketClient: Finish writing data
07-03 18:35:58.366 5721-5791/com.FDU308.FudanCraft D/cocos2d-x debug info: UnitManager: Send Message via SocketClient Success
07-03 18:35:58.366 5721-5791/com.FDU308.FudanCraft D/cocos2d-x debug info: SocketClient: Start to read data
07-03 18:35:58.366 5721-5791/com.FDU308.FudanCraft D/cocos2d-x debug info: SocketClient: No error detected
07-03 18:35:58.366 5721-6232/com.FDU308.FudanCraft A/libc: Invalid address 0xf3e817f8 passed to free: invalid page index
07-03 18:35:58.366 5721-5791/com.FDU308.FudanCraft D/cocos2d-x debug info: SocketClient: Get data success
07-03 18:35:58.367 5721-5791/com.FDU308.FudanCraft D/cocos2d-x debug info: SocketClient: Unlock resource completed
07-03 18:35:58.367 5721-5791/com.FDU308.FudanCraft D/cocos2d-x debug info: SocketClient: Finished in reading data
07-03 18:35:58.367 5721-5791/com.FDU308.FudanCraft D/cocos2d-x debug info: UnitManager: Receive Message via SocketClient Success
07-03 18:35:58.367 5721-5791/com.FDU308.FudanCraft A/libc: Invalid address 0xf3e817f8 passed to free: invalid page index
07-03 18:35:58.448 5721-5791/com.FDU308.FudanCraft D/cocos2d-x debug info: UnitManager: Call Protobuf Success
07-03 18:35:58.448 5721-5791/com.FDU308.FudanCraft D/cocos2d-x debug info: SocketClient: Start to write data
07-03 18:35:58.448 5721-5791/com.FDU308.FudanCraft D/cocos2d-x debug info: SocketClient: Complete in encoding data
07-03 18:35:58.448 5721-5791/com.FDU308.FudanCraft D/cocos2d-x debug info: SocketClient: Finish writing data
07-03 18:35:58.448 5721-5791/com.FDU308.FudanCraft D/cocos2d-x debug info: UnitManager: Send Message via SocketClient Success
07-03 18:35:58.449 5721-6232/com.FDU308.FudanCraft A/libc: Invalid address 0xf3e817f8 passed to free: invalid page index
07-03 18:35:58.448 5721-5791/com.FDU308.FudanCraft D/cocos2d-x debug info: SocketClient: Start to read data
07-03 18:35:58.449 5721-5791/com.FDU308.FudanCraft D/cocos2d-x debug info: SocketClient: No error detected
07-03 18:35:58.449 5721-5791/com.FDU308.FudanCraft D/cocos2d-x debug info: SocketClient: Get data success
07-03 18:35:58.449 5721-5791/com.FDU308.FudanCraft D/cocos2d-x debug info: SocketClient: Unlock resource completed
07-03 18:35:58.449 5721-5791/com.FDU308.FudanCraft D/cocos2d-x debug info: SocketClient: Finished in reading data
07-03 18:35:58.449 5721-5791/com.FDU308.FudanCraft D/cocos2d-x debug info: UnitManager: Receive Message via SocketClient Success
07-03 18:35:58.450 5721-5791/com.FDU308.FudanCraft A/libc: Invalid address 0xf3e817f8 passed to free: invalid page index
07-03 18:35:58.530 5721-5791/com.FDU308.FudanCraft D/cocos2d-x debug info: UnitManager: Call Protobuf Success
07-03 18:35:58.530 5721-5791/com.FDU308.FudanCraft D/cocos2d-x debug info: SocketClient: Start to write data
07-03 18:35:58.530 5721-5791/com.FDU308.FudanCraft D/cocos2d-x debug info: SocketClient: Complete in encoding data
07-03 18:35:58.531 5721-5791/com.FDU308.FudanCraft D/cocos2d-x debug info: SocketClient: Finish writing data
07-03 18:35:58.531 5721-5791/com.FDU308.FudanCraft D/cocos2d-x debug info: UnitManager: Send Message via SocketClient Success
07-03 18:35:58.531 5721-5791/com.FDU308.FudanCraft D/cocos2d-x debug info: SocketClient: Start to read data
07-03 18:35:58.531 5721-5791/com.FDU308.FudanCraft D/cocos2d-x debug info: SocketClient: No error detected
07-03 18:35:58.531 5721-5791/com.FDU308.FudanCraft D/cocos2d-x debug info: SocketClient: Get data success
07-03 18:35:58.531 5721-5791/com.FDU308.FudanCraft D/cocos2d-x debug info: SocketClient: Unlock resource completed
07-03 18:35:58.532 5721-5791/com.FDU308.FudanCraft D/cocos2d-x debug info: SocketClient: Finished in reading data
07-03 18:35:58.532 5721-5791/com.FDU308.FudanCraft D/cocos2d-x debug info: UnitManager: Receive Message via SocketClient Success
07-03 18:35:58.532 5721-5791/com.FDU308.FudanCraft A/libc: Invalid address 0xf3e817f8 passed to free: invalid page index
07-03 18:35:58.532 5721-6232/com.FDU308.FudanCraft A/libc: Invalid address 0xf3e817f8 passed to free: invalid page index
07-03 18:35:58.612 5721-5791/com.FDU308.FudanCraft D/cocos2d-x debug info: UnitManager: Call Protobuf Success
07-03 18:35:58.612 5721-5791/com.FDU308.FudanCraft D/cocos2d-x debug info: SocketClient: Start to write data
07-03 18:35:58.612 5721-5791/com.FDU308.FudanCraft D/cocos2d-x debug info: SocketClient: Complete in encoding data
07-03 18:35:58.613 5721-5791/com.FDU308.FudanCraft D/cocos2d-x debug info: SocketClient: Finish writing data
07-03 18:35:58.613 5721-5791/com.FDU308.FudanCraft D/cocos2d-x debug info: UnitManager: Send Message via SocketClient Success
07-03 18:35:58.613 5721-5791/com.FDU308.FudanCraft D/cocos2d-x debug info: SocketClient: Start to read data
07-03 18:35:58.613 5721-5791/com.FDU308.FudanCraft D/cocos2d-x debug info: SocketClient: No error detected
07-03 18:35:58.613 5721-6232/com.FDU308.FudanCraft A/libc: Invalid address 0xf3e817f8 passed to free: invalid page index
07-03 18:35:58.613 5721-5791/com.FDU308.FudanCraft D/cocos2d-x debug info: SocketClient: Get data success
07-03 18:35:58.613 5721-5791/com.FDU308.FudanCraft D/cocos2d-x debug info: SocketClient: Unlock resource completed
07-03 18:35:58.613 5721-5791/com.FDU308.FudanCraft D/cocos2d-x debug info: SocketClient: Finished in reading data
07-03 18:35:58.613 5721-5791/com.FDU308.FudanCraft D/cocos2d-x debug info: UnitManager: Receive Message via SocketClient Success
07-03 18:35:58.613 5721-5791/com.FDU308.FudanCraft A/libc: Invalid address 0xf3e817f8 passed to free: invalid page index
07-03 18:35:58.695 5721-5791/com.FDU308.FudanCraft D/cocos2d-x debug info: UnitManager: Call Protobuf Success
07-03 18:35:58.695 5721-5791/com.FDU308.FudanCraft D/cocos2d-x debug info: SocketClient: Start to write data
07-03 18:35:58.701 5721-5791/com.FDU308.FudanCraft D/cocos2d-x debug info: SocketClient: Complete in encoding data
07-03 18:35:58.702 5721-5791/com.FDU308.FudanCraft D/cocos2d-x debug info: SocketClient: Finish writing data
07-03 18:35:58.702 5721-5791/com.FDU308.FudanCraft D/cocos2d-x debug info: UnitManager: Send Message via SocketClient Success
07-03 18:35:58.702 5721-5791/com.FDU308.FudanCraft D/cocos2d-x debug info: SocketClient: Start to read data
07-03 18:35:58.702 5721-5791/com.FDU308.FudanCraft D/cocos2d-x debug info: SocketClient: No error detected
07-03 18:35:58.703 5721-5791/com.FDU308.FudanCraft D/cocos2d-x debug info: SocketClient: Get data success
07-03 18:35:58.703 5721-5791/com.FDU308.FudanCraft D/cocos2d-x debug info: SocketClient: Unlock resource completed
07-03 18:35:58.703 5721-5791/com.FDU308.FudanCraft D/cocos2d-x debug info: SocketClient: Finished in reading data
07-03 18:35:58.703 5721-5791/com.FDU308.FudanCraft D/cocos2d-x debug info: UnitManager: Receive Message via SocketClient Success
07-03 18:35:58.703 5721-5791/com.FDU308.FudanCraft A/libc: Invalid address 0xf3e817f8 passed to free: invalid page index
07-03 18:35:58.703 5721-6232/com.FDU308.FudanCraft A/libc: Invalid address 0xf3e817f8 passed to free: invalid page index
07-03 18:35:58.778 5721-5791/com.FDU308.FudanCraft D/cocos2d-x debug info: UnitManager: Call Protobuf Success
07-03 18:35:58.779 5721-5791/com.FDU308.FudanCraft D/cocos2d-x debug info: SocketClient: Start to write data
07-03 18:35:58.779 5721-5791/com.FDU308.FudanCraft D/cocos2d-x debug info: SocketClient: Complete in encoding data
07-03 18:35:58.779 5721-5791/com.FDU308.FudanCraft D/cocos2d-x debug info: SocketClient: Finish writing data
07-03 18:35:58.779 5721-5791/com.FDU308.FudanCraft D/cocos2d-x debug info: UnitManager: Send Message via SocketClient Success
07-03 18:35:58.779 5721-5791/com.FDU308.FudanCraft D/cocos2d-x debug info: SocketClient: Start to read data
07-03 18:35:58.779 5721-5791/com.FDU308.FudanCraft D/cocos2d-x debug info: SocketClient: No error detected
07-03 18:35:58.780 5721-6232/com.FDU308.FudanCraft A/libc: Invalid address 0xf3e817f8 passed to free: invalid page index
07-03 18:35:58.780 5721-5791/com.FDU308.FudanCraft D/cocos2d-x debug info: SocketClient: Get data success
07-03 18:35:58.780 5721-5791/com.FDU308.FudanCraft D/cocos2d-x debug info: SocketClient: Unlock resource completed
07-03 18:35:58.780 5721-5791/com.FDU308.FudanCraft D/cocos2d-x debug info: SocketClient: Finished in reading data
07-03 18:35:58.781 5721-5791/com.FDU308.FudanCraft D/cocos2d-x debug info: UnitManager: Receive Message via SocketClient Success
07-03 18:35:58.781 5721-5791/com.FDU308.FudanCraft A/libc: Invalid address 0xf3e817f8 passed to free: invalid page index
07-03 18:35:58.860 5721-5791/com.FDU308.FudanCraft D/cocos2d-x debug info: UnitManager: Call Protobuf Success
07-03 18:35:58.861 5721-5791/com.FDU308.FudanCraft D/cocos2d-x debug info: SocketClient: Start to write data
07-03 18:35:58.861 5721-5791/com.FDU308.FudanCraft D/cocos2d-x debug info: SocketClient: Complete in encoding data
07-03 18:35:58.861 5721-5791/com.FDU308.FudanCraft D/cocos2d-x debug info: SocketClient: Finish writing data
07-03 18:35:58.861 5721-5791/com.FDU308.FudanCraft D/cocos2d-x debug info: UnitManager: Send Message via SocketClient Success
07-03 18:35:58.861 5721-5791/com.FDU308.FudanCraft D/cocos2d-x debug info: SocketClient: Start to read data
07-03 18:35:58.861 5721-5791/com.FDU308.FudanCraft D/cocos2d-x debug info: SocketClient: No error detected
07-03 18:35:58.862 5721-6232/com.FDU308.FudanCraft A/libc: Invalid address 0xf3e817f8 passed to free: invalid page index
07-03 18:35:58.862 5721-5791/com.FDU308.FudanCraft D/cocos2d-x debug info: SocketClient: Get data success
07-03 18:35:58.862 5721-5791/com.FDU308.FudanCraft D/cocos2d-x debug info: SocketClient: Unlock resource completed
07-03 18:35:58.862 5721-5791/com.FDU308.FudanCraft D/cocos2d-x debug info: SocketClient: Finished in reading data
07-03 18:35:58.862 5721-5791/com.FDU308.FudanCraft D/cocos2d-x debug info: UnitManager: Receive Message via SocketClient Success
07-03 18:35:58.863 5721-5791/com.FDU308.FudanCraft A/libc: Invalid address 0xf3e817f8 passed to free: invalid page index
07-03 18:35:58.942 5721-5791/com.FDU308.FudanCraft D/cocos2d-x debug info: UnitManager: Call Protobuf Success
07-03 18:35:58.942 5721-5791/com.FDU308.FudanCraft D/cocos2d-x debug info: SocketClient: Start to write data
07-03 18:35:58.942 5721-5791/com.FDU308.FudanCraft D/cocos2d-x debug info: SocketClient: Complete in encoding data
07-03 18:35:58.943 5721-5791/com.FDU308.FudanCraft D/cocos2d-x debug info: SocketClient: Finish writing data
07-03 18:35:58.943 5721-5791/com.FDU308.FudanCraft D/cocos2d-x debug info: UnitManager: Send Message via SocketClient Success
07-03 18:35:58.943 5721-5791/com.FDU308.FudanCraft D/cocos2d-x debug info: SocketClient: Start to read data
07-03 18:35:58.943 5721-5791/com.FDU308.FudanCraft D/cocos2d-x debug info: SocketClient: No error detected
07-03 18:35:58.944 5721-6232/com.FDU308.FudanCraft A/libc: Invalid address 0xf3e817f8 passed to free: invalid page index
07-03 18:35:58.945 5721-5791/com.FDU308.FudanCraft D/cocos2d-x debug info: SocketClient: Get data success
