07-06 20:07:56.055 10441-10441/? I/art: Late-enabling -Xcheck:jni
07-06 20:07:56.067 10441-10441/? D/TidaProvider: TidaProvider()
07-06 20:07:56.073 10441-10441/? V/BoostFramework: mAcquireFunc method = public int com.qualcomm.qti.Performance.perfLockAcquire(int,int[])
07-06 20:07:56.073 10441-10441/? V/BoostFramework: mReleaseFunc method = public int com.qualcomm.qti.Performance.perfLockRelease()
07-06 20:07:56.073 10441-10441/? V/BoostFramework: mAcquireTouchFunc method = public int com.qualcomm.qti.Performance.perfLockAcquireTouch(android.view.MotionEvent,android.util.DisplayMetrics,int,int[])
07-06 20:07:56.074 10441-10441/? V/BoostFramework: mIOPStart method = public int com.qualcomm.qti.Performance.perfIOPrefetchStart(int,java.lang.String)
07-06 20:07:56.074 10441-10441/? V/BoostFramework: mIOPStop method = public int com.qualcomm.qti.Performance.perfIOPrefetchStop()
07-06 20:07:56.075 10441-10441/? V/BoostFramework: BoostFramework() : mPerf = com.qualcomm.qti.Performance@8425d35
07-06 20:07:56.205 10441-10441/com.FDU308.FudanCraft D/JniHelper: JniHelper::setJavaVM(0xf527c000), pthread_self() = -145978572
07-06 20:07:56.205 10441-10441/com.FDU308.FudanCraft D/main: cocos_android_app_init
07-06 20:07:56.208 10441-10441/com.FDU308.FudanCraft D/Cocos2dxHelper: isSupportLowLatency:false
07-06 20:07:56.212 10441-10441/com.FDU308.FudanCraft D/Cocos2dxHelper: sampleRate: 48000, framesPerBuffer: 192
07-06 20:07:56.212 10441-10441/com.FDU308.FudanCraft D/Java_org_cocos2dx_lib_Cocos2dxHelper.cpp: nativeSetAudioDeviceInfo: sampleRate: 48000, bufferSizeInFrames: 192
07-06 20:07:56.258 10441-10441/com.FDU308.FudanCraft D/Cocos2dxActivity: model=MI 5s Plus
07-06 20:07:56.258 10441-10441/com.FDU308.FudanCraft D/Cocos2dxActivity: product=natrium
07-06 20:07:56.258 10441-10441/com.FDU308.FudanCraft D/Cocos2dxActivity: isEmulator=false
07-06 20:07:56.260 10441-10441/com.FDU308.FudanCraft D/EngineDataManager.cpp: nativeSetSupportOptimization: 0
07-06 20:07:56.261 10441-10441/com.FDU308.FudanCraft D/Cocos2dxActivity: onResume()
07-06 20:07:56.269 10441-10441/com.FDU308.FudanCraft D/ActivityThreadInjector: clearCachedDrawables.
07-06 20:07:56.296 10441-10477/com.FDU308.FudanCraft I/Adreno: QUALCOMM build                   : 9438ceb, I0ac3940325
                                                               Build Date                       : 10/26/16
                                                               OpenGL ES Shader Compiler Version: XE031.09.00.03
                                                               Local Branch                     : 
                                                               Remote Branch                    : 
                                                               Remote Branch                    : 
                                                               Reconstruct Branch               : 
07-06 20:07:56.314 10441-10477/com.FDU308.FudanCraft D/cocos2d-x debug info: {
                                                                             	gl.supports_OES_packed_depth_stencil: true
                                                                             	gl.supports_vertex_array_object: true
                                                                             	gl.supports_BGRA8888: false
                                                                             	gl.supports_ATITC: true
                                                                             	gl.supports_S3TC: false
                                                                             	cocos2d.x.version: cocos2d-x-3.15.1
                                                                             	gl.supports_discard_framebuffer: true
                                                                             	cocos2d.x.compiled_with_profiler: false
                                                                             	gl.supports_PVRTC: false
                                                                             	cocos2d.x.build_type: DEBUG
                                                                             	gl.renderer: Adreno (TM) 530
                                                                             	gl.supports_OES_depth24: true
                                                                             	gl.supports_ETC1: true
                                                                             	gl.supports_OES_map_buffer: false
                                                                             	cocos2d.x.compiled_with_gl_state_cache: true
                                                                             	gl.version: OpenGL ES 3.2 V@145.0 (GIT@I0ac3940325)
                                                                             	gl.supports_NPOT: true
                                                                             	gl.max_texture_units: 96
                                                                             	gl.vendor: Qualcomm
                                                                             	gl.max_texture_size: 16384
                                                                             }
07-06 20:07:56.319 10441-10477/com.FDU308.FudanCraft D/EngineDataManager.cpp: setAnimationInterval by game: 0.0167
07-06 20:07:56.319 10441-10477/com.FDU308.FudanCraft D/EngineDataManager.cpp: JNI setAnimationInterval: 0.016667
07-06 20:07:56.325 10441-10441/com.FDU308.FudanCraft D/Cocos2dxActivity: onWindowFocusChanged() hasFocus=true
07-06 20:07:56.369 10441-10477/com.FDU308.FudanCraft D/cocos2d-x debug info: create rendererRecreatedListener for GLProgramState
07-06 20:07:56.369 10441-10477/com.FDU308.FudanCraft D/cocos2d-x debug info: FudanCraft: HelloWorldScene Initialize Begin
07-06 20:07:56.370 10441-10477/com.FDU308.FudanCraft D/cocos2d-x debug info: cocos2d: fullPathForFilename: No file found at BackgroundPanel.png. Possible missing file.
07-06 20:07:56.370 10441-10477/com.FDU308.FudanCraft D/cocos2d-x debug info: FudanCraft: HelloWorldScene Read First Resource at Root Directory Fail
07-06 20:07:56.409 10441-10477/com.FDU308.FudanCraft D/cocos2d-x debug info: create rendererRecreatedListener for GLProgramState
07-06 20:07:56.409 10441-10477/com.FDU308.FudanCraft D/cocos2d-x debug info: FudanCraft: HelloWorldScene Read First Resource Success
07-06 20:07:56.409 10441-10477/com.FDU308.FudanCraft D/cocos2d-x debug info: FudanCraft: Set Position Success
07-06 20:07:56.409 10441-10477/com.FDU308.FudanCraft D/cocos2d-x debug info: FudanCraft: Set Scale Success
07-06 20:07:56.409 10441-10477/com.FDU308.FudanCraft D/cocos2d-x debug info: FudanCraft: Trying to Add Child
07-06 20:07:56.409 10441-10477/com.FDU308.FudanCraft D/cocos2d-x debug info: FudanCraft: Add First Child Success
07-06 20:07:56.413 10441-10477/com.FDU308.FudanCraft D/cocos2d-x debug info: FudanCraft: Create First Sprite Success
07-06 20:07:56.424 10441-10477/com.FDU308.FudanCraft D/cocos2d-x debug info: FudanCraft: HelloWorldScene Read Many Resources Success
07-06 20:07:56.424 10441-10477/com.FDU308.FudanCraft D/cocos2d-x debug info: FudanCraft: Trying to Preload Audio
07-06 20:07:56.424 10441-10477/com.FDU308.FudanCraft D/cocos2d: android SDK version:23
07-06 20:07:56.425 10441-10477/com.FDU308.FudanCraft E/ExtMediaPlayer-JNI: env->IsInstanceOf fails
07-06 20:07:56.426 10441-10477/com.FDU308.FudanCraft E/MediaPlayer-JNI: JNIMediaPlayerFactory: bIsQCMediaPlayerPresent 0
07-06 20:07:56.426 10441-10477/com.FDU308.FudanCraft E/ExtMediaPlayer-JNI: env->IsInstanceOf fails
07-06 20:07:56.426 10441-10477/com.FDU308.FudanCraft E/MediaPlayer-JNI: JNIMediaPlayerFactory: bIsQCMediaPlayerPresent 0
07-06 20:07:56.448 10441-10477/com.FDU308.FudanCraft D/MediaPlayer: setSubtitleAnchor in MediaPlayer
07-06 20:07:56.448 10441-10441/com.FDU308.FudanCraft D/MediaPlayer: setSubtitleAnchor in MediaPlayer
07-06 20:07:56.456 10441-10477/com.FDU308.FudanCraft E/ExtMediaPlayer-JNI: env->IsInstanceOf fails
07-06 20:07:56.456 10441-10477/com.FDU308.FudanCraft E/MediaPlayer-JNI: JNIMediaPlayerFactory: bIsQCMediaPlayerPresent 0
07-06 20:07:56.456 10441-10477/com.FDU308.FudanCraft E/ExtMediaPlayer-JNI: env->IsInstanceOf fails
07-06 20:07:56.456 10441-10477/com.FDU308.FudanCraft E/MediaPlayer-JNI: JNIMediaPlayerFactory: bIsQCMediaPlayerPresent 0
07-06 20:07:56.472 10441-10477/com.FDU308.FudanCraft D/MediaPlayer: setSubtitleAnchor in MediaPlayer
07-06 20:07:56.472 10441-10441/com.FDU308.FudanCraft D/MediaPlayer: setSubtitleAnchor in MediaPlayer
07-06 20:07:56.475 10441-10477/com.FDU308.FudanCraft D/cocos2d-x debug info: FudanCraft: HelloWorldScene Initialize Success
07-06 20:07:56.475 10441-10477/com.FDU308.FudanCraft D/EngineDataManager.cpp: setAnimationInterval by engine: 0.0167
07-06 20:07:56.475 10441-10477/com.FDU308.FudanCraft D/EngineDataManager.cpp: JNI setAnimationInterval: 0.016667
07-06 20:07:56.476 10441-10470/com.FDU308.FudanCraft E/WVMExtractor: Failed to open libwvm.so: dlopen failed: library "libwvm.so" not found
07-06 20:07:56.481 10441-10470/com.FDU308.FudanCraft I/QComExtractorFactory: Sniff: Set key to use qti parser
07-06 20:07:56.481 10441-10470/com.FDU308.FudanCraft W/linker: /system/lib/libffmpeg_avcodec.so: is missing DT_SONAME will use basename as a replacement: "libffmpeg_avcodec.so"
07-06 20:07:56.483 10441-10470/com.FDU308.FudanCraft I/FFmpegExtractor: android-source:0xef2b6c00
07-06 20:07:56.486 10441-10470/com.FDU308.FudanCraft D/FFmpegExtractor: SniffFFMPEG failed to sniff this source
07-06 20:07:56.486 10441-10470/com.FDU308.FudanCraft I/ExtendedExtractor: QTIParser is prefered
07-06 20:07:56.486 10441-10470/com.FDU308.FudanCraft D/MMParserExtractor: setExtraFlags called with flags 0 for paser instance ef2b6c40
07-06 20:07:56.486 10441-10470/com.FDU308.FudanCraft I/ExtendedExtractor: ExtendedExtractor::create 0xef2b6c40
07-06 20:07:56.486 10441-10470/com.FDU308.FudanCraft I/ExtendedExtractor: ExtendedExtractor::updateExtractor: Use default QTI parser 
07-06 20:07:56.486 10441-10470/com.FDU308.FudanCraft E/MM_OSAL: FileSource::FileSource
07-06 20:07:56.486 10441-10470/com.FDU308.FudanCraft E/MM_OSAL: FileSource::FileSource m_bEveryThingOK 1
07-06 20:07:56.486 10441-10470/com.FDU308.FudanCraft E/MM_OSAL: MM_File_Create failed .Efs Error No -1 , File Name /data/mmosal_logmask.cfg , Mode 0
07-06 20:07:56.486 10441-10470/com.FDU308.FudanCraft E/MM_OSAL: Open or read fail on /data/mmosal_logmask.cfg. Possible permission denied issue. Looking for /data/misc/media/mmosal_logmask.cfg
07-06 20:07:56.486 10441-10470/com.FDU308.FudanCraft E/MM_OSAL: MM_File_Create failed .Efs Error No -1 , File Name /data/misc/media/mmosal_logmask.cfg , Mode 0
07-06 20:07:56.488 10441-10490/com.FDU308.FudanCraft I/OMXClient: Using client-side OMX mux.
07-06 20:07:56.491 10441-10470/com.FDU308.FudanCraft D/MMParserExtractor: Using default parser out buffer size  = 3000 
07-06 20:07:56.491 10441-10470/com.FDU308.FudanCraft I/MMParserExtractor: MMParserSource::start Allocation buffer size for audio track= 3000 
07-06 20:07:56.499 10441-10477/com.FDU308.FudanCraft D/cocos2d-x debug info: cocos2d: QuadCommand: resizing index size from [-1] to [2560]
07-06 20:07:56.523 10441-10470/com.FDU308.FudanCraft E/MM_OSAL: Data is not sufficient to validate AAC
07-06 20:07:56.524 10441-10470/com.FDU308.FudanCraft E/MM_OSAL: ValidateAACFile data not sufficient
07-06 20:07:56.524 10441-10470/com.FDU308.FudanCraft I/QComExtractorFactory: Sniff: Set key to use qti parser
07-06 20:07:56.524 10441-10470/com.FDU308.FudanCraft I/FFmpegExtractor: android-source:0xef2b6c00
07-06 20:07:56.527 10441-10470/com.FDU308.FudanCraft D/FFmpegExtractor: SniffFFMPEG failed to sniff this source
07-06 20:07:56.527 10441-10470/com.FDU308.FudanCraft I/ExtendedExtractor: QTIParser is prefered
07-06 20:07:56.527 10441-10470/com.FDU308.FudanCraft D/MMParserExtractor: setExtraFlags called with flags 0 for paser instance ef2b6c40
07-06 20:07:56.527 10441-10470/com.FDU308.FudanCraft I/ExtendedExtractor: ExtendedExtractor::create 0xef2b6c40
07-06 20:07:56.527 10441-10470/com.FDU308.FudanCraft I/ExtendedExtractor: ExtendedExtractor::updateExtractor: Use default QTI parser 
07-06 20:07:56.527 10441-10470/com.FDU308.FudanCraft E/MM_OSAL: FileSource::FileSource
07-06 20:07:56.527 10441-10470/com.FDU308.FudanCraft E/MM_OSAL: FileSource::FileSource m_bEveryThingOK 1
07-06 20:07:56.527 10441-10470/com.FDU308.FudanCraft E/MM_OSAL: MM_File_Create failed .Efs Error No -1 , File Name /data/mmosal_logmask.cfg , Mode 0
07-06 20:07:56.527 10441-10470/com.FDU308.FudanCraft E/MM_OSAL: Open or read fail on /data/mmosal_logmask.cfg. Possible permission denied issue. Looking for /data/misc/media/mmosal_logmask.cfg
07-06 20:07:56.527 10441-10470/com.FDU308.FudanCraft E/MM_OSAL: MM_File_Create failed .Efs Error No -1 , File Name /data/misc/media/mmosal_logmask.cfg , Mode 0
07-06 20:07:56.529 10441-10493/com.FDU308.FudanCraft I/OMXClient: Using client-side OMX mux.
07-06 20:07:56.532 10441-10470/com.FDU308.FudanCraft D/MMParserExtractor: Using default parser out buffer size  = 3000 
07-06 20:07:56.532 10441-10470/com.FDU308.FudanCraft I/MMParserExtractor: MMParserSource::start Allocation buffer size for audio track= 3000 
07-06 20:07:56.550 10441-10470/com.FDU308.FudanCraft I/QComExtractorFactory: Sniff: Set key to use qti parser
07-06 20:07:56.550 10441-10470/com.FDU308.FudanCraft I/FFmpegExtractor: android-source:0xef2b6c00
07-06 20:07:56.554 10441-10470/com.FDU308.FudanCraft D/FFmpegExtractor: SniffFFMPEG failed to sniff this source
07-06 20:07:56.554 10441-10470/com.FDU308.FudanCraft I/ExtendedExtractor: QTIParser is prefered
07-06 20:07:56.554 10441-10470/com.FDU308.FudanCraft D/MMParserExtractor: setExtraFlags called with flags 0 for paser instance ef2b6c40
07-06 20:07:56.554 10441-10470/com.FDU308.FudanCraft I/ExtendedExtractor: ExtendedExtractor::create 0xef2b6c40
07-06 20:07:56.554 10441-10470/com.FDU308.FudanCraft I/ExtendedExtractor: ExtendedExtractor::updateExtractor: Use default QTI parser 
07-06 20:07:56.554 10441-10470/com.FDU308.FudanCraft E/MM_OSAL: FileSource::FileSource
07-06 20:07:56.554 10441-10470/com.FDU308.FudanCraft E/MM_OSAL: FileSource::FileSource m_bEveryThingOK 1
07-06 20:07:56.554 10441-10470/com.FDU308.FudanCraft E/MM_OSAL: MM_File_Create failed .Efs Error No -1 , File Name /data/mmosal_logmask.cfg , Mode 0
07-06 20:07:56.554 10441-10470/com.FDU308.FudanCraft E/MM_OSAL: Open or read fail on /data/mmosal_logmask.cfg. Possible permission denied issue. Looking for /data/misc/media/mmosal_logmask.cfg
07-06 20:07:56.554 10441-10470/com.FDU308.FudanCraft E/MM_OSAL: MM_File_Create failed .Efs Error No -1 , File Name /data/misc/media/mmosal_logmask.cfg , Mode 0
07-06 20:07:56.555 10441-10496/com.FDU308.FudanCraft I/OMXClient: Using client-side OMX mux.
07-06 20:07:56.559 10441-10470/com.FDU308.FudanCraft D/MMParserExtractor: Using default parser out buffer size  = 3000 
07-06 20:07:56.559 10441-10470/com.FDU308.FudanCraft I/MMParserExtractor: MMParserSource::start Allocation buffer size for audio track= 3000 
07-06 20:07:56.594 10441-10470/com.FDU308.FudanCraft I/QComExtractorFactory: Sniff: Set key to use qti parser
07-06 20:07:56.594 10441-10470/com.FDU308.FudanCraft I/FFmpegExtractor: android-source:0xef2b6c00
07-06 20:07:56.597 10441-10470/com.FDU308.FudanCraft D/FFmpegExtractor: SniffFFMPEG failed to sniff this source
07-06 20:07:56.597 10441-10470/com.FDU308.FudanCraft I/ExtendedExtractor: QTIParser is prefered
07-06 20:07:56.597 10441-10470/com.FDU308.FudanCraft D/MMParserExtractor: setExtraFlags called with flags 0 for paser instance ef2b6c40
07-06 20:07:56.597 10441-10470/com.FDU308.FudanCraft I/ExtendedExtractor: ExtendedExtractor::create 0xef2b6c40
07-06 20:07:56.597 10441-10470/com.FDU308.FudanCraft I/ExtendedExtractor: ExtendedExtractor::updateExtractor: Use default QTI parser 
07-06 20:07:56.597 10441-10470/com.FDU308.FudanCraft E/MM_OSAL: FileSource::FileSource
07-06 20:07:56.597 10441-10470/com.FDU308.FudanCraft E/MM_OSAL: FileSource::FileSource m_bEveryThingOK 1
07-06 20:07:56.597 10441-10470/com.FDU308.FudanCraft E/MM_OSAL: MM_File_Create failed .Efs Error No -1 , File Name /data/mmosal_logmask.cfg , Mode 0
07-06 20:07:56.597 10441-10470/com.FDU308.FudanCraft E/MM_OSAL: Open or read fail on /data/mmosal_logmask.cfg. Possible permission denied issue. Looking for /data/misc/media/mmosal_logmask.cfg
07-06 20:07:56.597 10441-10470/com.FDU308.FudanCraft E/MM_OSAL: MM_File_Create failed .Efs Error No -1 , File Name /data/misc/media/mmosal_logmask.cfg , Mode 0
07-06 20:07:56.599 10441-10499/com.FDU308.FudanCraft I/OMXClient: Using client-side OMX mux.
07-06 20:07:56.602 10441-10470/com.FDU308.FudanCraft D/MMParserExtractor: Using default parser out buffer size  = 3000 
07-06 20:07:56.602 10441-10470/com.FDU308.FudanCraft I/MMParserExtractor: MMParserSource::start Allocation buffer size for audio track= 3000 
07-06 20:07:56.621 10441-10470/com.FDU308.FudanCraft I/QComExtractorFactory: Sniff: Set key to use qti parser
07-06 20:07:56.621 10441-10470/com.FDU308.FudanCraft I/FFmpegExtractor: android-source:0xef2b6c00
07-06 20:07:56.624 10441-10470/com.FDU308.FudanCraft D/FFmpegExtractor: SniffFFMPEG failed to sniff this source
07-06 20:07:56.624 10441-10470/com.FDU308.FudanCraft I/ExtendedExtractor: QTIParser is prefered
07-06 20:07:56.624 10441-10470/com.FDU308.FudanCraft D/MMParserExtractor: setExtraFlags called with flags 0 for paser instance ef2b6c40
07-06 20:07:56.624 10441-10470/com.FDU308.FudanCraft I/ExtendedExtractor: ExtendedExtractor::create 0xef2b6c40
07-06 20:07:56.624 10441-10470/com.FDU308.FudanCraft I/ExtendedExtractor: ExtendedExtractor::updateExtractor: Use default QTI parser 
07-06 20:07:56.624 10441-10470/com.FDU308.FudanCraft E/MM_OSAL: FileSource::FileSource
07-06 20:07:56.624 10441-10470/com.FDU308.FudanCraft E/MM_OSAL: FileSource::FileSource m_bEveryThingOK 1
07-06 20:07:56.624 10441-10470/com.FDU308.FudanCraft E/MM_OSAL: MM_File_Create failed .Efs Error No -1 , File Name /data/mmosal_logmask.cfg , Mode 0
07-06 20:07:56.624 10441-10470/com.FDU308.FudanCraft E/MM_OSAL: Open or read fail on /data/mmosal_logmask.cfg. Possible permission denied issue. Looking for /data/misc/media/mmosal_logmask.cfg
07-06 20:07:56.624 10441-10470/com.FDU308.FudanCraft E/MM_OSAL: MM_File_Create failed .Efs Error No -1 , File Name /data/misc/media/mmosal_logmask.cfg , Mode 0
07-06 20:07:56.625 10441-10502/com.FDU308.FudanCraft I/OMXClient: Using client-side OMX mux.
07-06 20:07:56.629 10441-10470/com.FDU308.FudanCraft D/MMParserExtractor: Using default parser out buffer size  = 3000 
07-06 20:07:56.629 10441-10470/com.FDU308.FudanCraft I/MMParserExtractor: MMParserSource::start Allocation buffer size for audio track= 3000 
07-06 20:07:56.645 10441-10470/com.FDU308.FudanCraft I/QComExtractorFactory: Sniff: Set key to use qti parser
07-06 20:07:56.645 10441-10470/com.FDU308.FudanCraft I/FFmpegExtractor: android-source:0xef2b6c00
07-06 20:07:56.648 10441-10470/com.FDU308.FudanCraft D/FFmpegExtractor: SniffFFMPEG failed to sniff this source
07-06 20:07:56.648 10441-10470/com.FDU308.FudanCraft I/ExtendedExtractor: QTIParser is prefered
07-06 20:07:56.648 10441-10470/com.FDU308.FudanCraft D/MMParserExtractor: setExtraFlags called with flags 0 for paser instance ef2b6c40
07-06 20:07:56.648 10441-10470/com.FDU308.FudanCraft I/ExtendedExtractor: ExtendedExtractor::create 0xef2b6c40
07-06 20:07:56.648 10441-10470/com.FDU308.FudanCraft I/ExtendedExtractor: ExtendedExtractor::updateExtractor: Use default QTI parser 
07-06 20:07:56.648 10441-10470/com.FDU308.FudanCraft E/MM_OSAL: FileSource::FileSource
07-06 20:07:56.648 10441-10470/com.FDU308.FudanCraft E/MM_OSAL: FileSource::FileSource m_bEveryThingOK 1
07-06 20:07:56.648 10441-10470/com.FDU308.FudanCraft E/MM_OSAL: MM_File_Create failed .Efs Error No -1 , File Name /data/mmosal_logmask.cfg , Mode 0
07-06 20:07:56.648 10441-10470/com.FDU308.FudanCraft E/MM_OSAL: Open or read fail on /data/mmosal_logmask.cfg. Possible permission denied issue. Looking for /data/misc/media/mmosal_logmask.cfg
07-06 20:07:56.648 10441-10470/com.FDU308.FudanCraft E/MM_OSAL: MM_File_Create failed .Efs Error No -1 , File Name /data/misc/media/mmosal_logmask.cfg , Mode 0
07-06 20:07:56.650 10441-10505/com.FDU308.FudanCraft I/OMXClient: Using client-side OMX mux.
07-06 20:07:56.653 10441-10470/com.FDU308.FudanCraft D/MMParserExtractor: Using default parser out buffer size  = 3000 
07-06 20:07:56.653 10441-10470/com.FDU308.FudanCraft I/MMParserExtractor: MMParserSource::start Allocation buffer size for audio track= 3000 
07-06 20:07:56.668 10441-10470/com.FDU308.FudanCraft I/QComExtractorFactory: Sniff: Set key to use qti parser
07-06 20:07:56.668 10441-10470/com.FDU308.FudanCraft I/FFmpegExtractor: android-source:0xef2b6c00
07-06 20:07:56.671 10441-10470/com.FDU308.FudanCraft D/FFmpegExtractor: SniffFFMPEG failed to sniff this source
07-06 20:07:56.671 10441-10470/com.FDU308.FudanCraft I/ExtendedExtractor: QTIParser is prefered
07-06 20:07:56.671 10441-10470/com.FDU308.FudanCraft D/MMParserExtractor: setExtraFlags called with flags 0 for paser instance ef2b6c40
07-06 20:07:56.671 10441-10470/com.FDU308.FudanCraft I/ExtendedExtractor: ExtendedExtractor::create 0xef2b6c40
07-06 20:07:56.671 10441-10470/com.FDU308.FudanCraft I/ExtendedExtractor: ExtendedExtractor::updateExtractor: Use default QTI parser 
07-06 20:07:56.671 10441-10470/com.FDU308.FudanCraft E/MM_OSAL: FileSource::FileSource
07-06 20:07:56.671 10441-10470/com.FDU308.FudanCraft E/MM_OSAL: FileSource::FileSource m_bEveryThingOK 1
07-06 20:07:56.671 10441-10470/com.FDU308.FudanCraft E/MM_OSAL: MM_File_Create failed .Efs Error No -1 , File Name /data/mmosal_logmask.cfg , Mode 0
07-06 20:07:56.671 10441-10470/com.FDU308.FudanCraft E/MM_OSAL: Open or read fail on /data/mmosal_logmask.cfg. Possible permission denied issue. Looking for /data/misc/media/mmosal_logmask.cfg
07-06 20:07:56.671 10441-10470/com.FDU308.FudanCraft E/MM_OSAL: MM_File_Create failed .Efs Error No -1 , File Name /data/misc/media/mmosal_logmask.cfg , Mode 0
07-06 20:07:56.672 10441-10510/com.FDU308.FudanCraft I/OMXClient: Using client-side OMX mux.
07-06 20:07:56.676 10441-10470/com.FDU308.FudanCraft D/MMParserExtractor: Using default parser out buffer size  = 3000 
07-06 20:07:56.676 10441-10470/com.FDU308.FudanCraft I/MMParserExtractor: MMParserSource::start Allocation buffer size for audio track= 3000 
07-06 20:07:56.699 10441-10470/com.FDU308.FudanCraft I/QComExtractorFactory: Sniff: Set key to use qti parser
07-06 20:07:56.699 10441-10470/com.FDU308.FudanCraft I/FFmpegExtractor: android-source:0xef2b6c00
07-06 20:07:56.703 10441-10470/com.FDU308.FudanCraft D/FFmpegExtractor: SniffFFMPEG failed to sniff this source
07-06 20:07:56.703 10441-10470/com.FDU308.FudanCraft I/ExtendedExtractor: QTIParser is prefered
07-06 20:07:56.703 10441-10470/com.FDU308.FudanCraft D/MMParserExtractor: setExtraFlags called with flags 0 for paser instance ef2b6c40
07-06 20:07:56.703 10441-10470/com.FDU308.FudanCraft I/ExtendedExtractor: ExtendedExtractor::create 0xef2b6c40
07-06 20:07:56.704 10441-10470/com.FDU308.FudanCraft I/ExtendedExtractor: ExtendedExtractor::updateExtractor: Use default QTI parser 
07-06 20:07:56.704 10441-10470/com.FDU308.FudanCraft E/MM_OSAL: FileSource::FileSource
07-06 20:07:56.704 10441-10470/com.FDU308.FudanCraft E/MM_OSAL: FileSource::FileSource m_bEveryThingOK 1
07-06 20:07:56.704 10441-10470/com.FDU308.FudanCraft E/MM_OSAL: MM_File_Create failed .Efs Error No -1 , File Name /data/mmosal_logmask.cfg , Mode 0
07-06 20:07:56.704 10441-10470/com.FDU308.FudanCraft E/MM_OSAL: Open or read fail on /data/mmosal_logmask.cfg. Possible permission denied issue. Looking for /data/misc/media/mmosal_logmask.cfg
07-06 20:07:56.704 10441-10470/com.FDU308.FudanCraft E/MM_OSAL: MM_File_Create failed .Efs Error No -1 , File Name /data/misc/media/mmosal_logmask.cfg , Mode 0
07-06 20:07:56.708 10441-10519/com.FDU308.FudanCraft I/OMXClient: Using client-side OMX mux.
07-06 20:07:56.712 10441-10470/com.FDU308.FudanCraft D/MMParserExtractor: Using default parser out buffer size  = 3000 
07-06 20:07:56.712 10441-10470/com.FDU308.FudanCraft I/MMParserExtractor: MMParserSource::start Allocation buffer size for audio track= 3000 
07-06 20:07:57.344 10441-10441/com.FDU308.FudanCraft V/BoostFramework: BoostFramework() : mPerf = com.qualcomm.qti.Performance@68feb1b
07-06 20:07:59.462 10441-10477/com.FDU308.FudanCraft D/cocos2d-x debug info: server button pressed
07-06 20:07:59.462 10441-10477/com.FDU308.FudanCraft D/cocos2d-x debug info: FudanCraft: Trying to Load InputPort.png
                                                                             
                                                                             
                                                                             [ 07-06 20:07:59.466 10441:10477 E/         ]
                                                                             scaleX = 0.940767
07-06 20:07:59.467 10441-10477/com.FDU308.FudanCraft D/cocos2d-x debug info: cocos2d: fullPathForFilename: No file found at sans-serif. Possible missing file.
07-06 20:07:59.468 10441-10477/com.FDU308.FudanCraft D/cocos2d-x debug info: Warning! You can't change Android Hint fontName and fontSize
07-06 20:07:59.468 10441-10477/com.FDU308.FudanCraft D/cocos2d-x debug info: [Edit text] content size = (80.000000, 60.000000)
07-06 20:07:59.469 10441-10477/com.FDU308.FudanCraft D/cocos2d-x debug info: [Edit text] content size = (80.000000, 60.000000)
07-06 20:07:59.470 10441-10477/com.FDU308.FudanCraft D/cocos2d-x debug info: FudanCraft: Successfully Load InputPort.png
07-06 20:07:59.496 10441-10477/com.FDU308.FudanCraft D/cocos2d-x debug info: create rendererRecreatedListener for GLProgramState
07-06 20:07:59.497 10441-10477/com.FDU308.FudanCraft D/cocos2d-x debug info: [Edit text] content size = (80.000000, 60.000000)
07-06 20:08:00.950 10441-10477/com.FDU308.FudanCraft D/cocos2d-x debug info: FudanCraft: Trying to Start Server
07-06 20:08:00.951 10441-10477/com.FDU308.FudanCraft D/cocos2d-x debug info: FudanCraft: SocketServer Created!
07-06 20:08:00.953 10441-10477/com.FDU308.FudanCraft D/cocos2d-x debug info: FudanCraft: SocketClient Created!
07-06 20:08:00.953 10441-10477/com.FDU308.FudanCraft D/cocos2d-x debug info: create server and client on 8008
07-06 20:08:00.953 10441-10586/com.FDU308.FudanCraft D/cocos2d-x debug info: SocketClient: handle_connect() called
07-06 20:08:01.081 10441-10477/com.FDU308.FudanCraft D/cocos2d-x debug info: create rendererRecreatedListener for GLProgramState
07-06 20:08:01.760 10441-10586/com.FDU308.FudanCraft D/cocos2d-x debug info: SocketClient: handle_connect() no exception, camp information   11PLAYER   10
07-06 20:08:02.144 10441-10477/com.FDU308.FudanCraft D/cocos2d-x debug info: cocos2d: SpriteBatchNode: resizing TextureAtlas capacity from [5735] to [7648].
07-06 20:08:02.159 10441-10477/com.FDU308.FudanCraft D/cocos2d-x debug info: cocos2d: SpriteBatchNode: resizing TextureAtlas capacity from [7648] to [10198].
07-06 20:08:02.178 10441-10477/com.FDU308.FudanCraft D/cocos2d-x debug info: cocos2d: SpriteBatchNode: resizing TextureAtlas capacity from [10198] to [13598].
07-06 20:08:02.320 10441-10477/com.FDU308.FudanCraft D/cocos2d-x debug info: cocos2d: SpriteBatchNode: resizing TextureAtlas capacity from [5735] to [7648].
07-06 20:08:02.390 10441-10477/com.FDU308.FudanCraft D/cocos2d-x debug info: cocos2d: SpriteBatchNode: resizing TextureAtlas capacity from [5735] to [7648].
07-06 20:08:02.404 10441-10477/com.FDU308.FudanCraft D/cocos2d-x debug info: cocos2d: SpriteBatchNode: resizing TextureAtlas capacity from [7648] to [10198].
07-06 20:08:02.422 10441-10477/com.FDU308.FudanCraft D/cocos2d-x debug info: cocos2d: SpriteBatchNode: resizing TextureAtlas capacity from [10198] to [13598].
07-06 20:08:02.448 10441-10477/com.FDU308.FudanCraft D/cocos2d-x debug info: cocos2d: SpriteBatchNode: resizing TextureAtlas capacity from [13598] to [18132].
07-06 20:08:02.486 10441-10477/com.FDU308.FudanCraft D/cocos2d-x debug info: create rendererRecreatedListener for GLProgramState
07-06 20:08:02.486 10441-10477/com.FDU308.FudanCraft D/cocos2d-x debug info: BattleScene: Trying to Init Player ID
07-06 20:08:02.486 10441-10477/com.FDU308.FudanCraft D/cocos2d-x debug info: BattleScene: Get Player ID: 0
07-06 20:08:02.517 10441-10477/com.FDU308.FudanCraft D/cocos2d-x debug info: cocos2d: fullPathForFilename: No file found at Marker Felt. Possible missing file.
07-06 20:08:02.521 10441-10477/com.FDU308.FudanCraft E/ExtMediaPlayer-JNI: env->IsInstanceOf fails
07-06 20:08:02.521 10441-10477/com.FDU308.FudanCraft E/MediaPlayer-JNI: JNIMediaPlayerFactory: bIsQCMediaPlayerPresent 0
07-06 20:08:02.521 10441-10477/com.FDU308.FudanCraft E/ExtMediaPlayer-JNI: env->IsInstanceOf fails
07-06 20:08:02.521 10441-10477/com.FDU308.FudanCraft E/MediaPlayer-JNI: JNIMediaPlayerFactory: bIsQCMediaPlayerPresent 0
07-06 20:08:02.543 10441-10477/com.FDU308.FudanCraft D/MediaPlayer: setSubtitleAnchor in MediaPlayer
07-06 20:08:02.543 10441-10441/com.FDU308.FudanCraft D/MediaPlayer: setSubtitleAnchor in MediaPlayer
07-06 20:08:02.549 10441-10477/com.FDU308.FudanCraft D/cocos2d-x debug info: if back ground music playing 1
07-06 20:08:02.551 10441-10477/com.FDU308.FudanCraft W/AudioTrack: AUDIO_OUTPUT_FLAG_FAST denied by client; transfer 4, track 22050 Hz, output 48000 Hz
07-06 20:08:02.555 10441-10477/com.FDU308.FudanCraft D/cocos2d-x debug info: start game
07-06 20:08:02.661 10441-10477/com.FDU308.FudanCraft D/cocos2d-x debug info: Unit: Trying to clear game message
07-06 20:08:02.742 10441-10477/com.FDU308.FudanCraft D/cocos2d-x debug info: Unit: Trying to clear game message
07-06 20:08:02.851 10441-10477/com.FDU308.FudanCraft D/cocos2d-x debug info: Unit: Trying to clear game message
07-06 20:08:02.925 10441-10477/com.FDU308.FudanCraft D/cocos2d-x debug info: Unit: Trying to clear game message
07-06 20:08:03.008 10441-10477/com.FDU308.FudanCraft D/cocos2d-x debug info: Unit: Trying to clear game message
07-06 20:08:03.089 10441-10477/com.FDU308.FudanCraft D/cocos2d-x debug info: Unit: Trying to clear game message
07-06 20:08:03.097 10441-10441/com.FDU308.FudanCraft E/Cocos2dxEditBoxHelper: remove EditBox
07-06 20:08:03.170 10441-10477/com.FDU308.FudanCraft D/cocos2d-x debug info: Unit: Trying to clear game message
07-06 20:08:03.251 10441-10477/com.FDU308.FudanCraft D/cocos2d-x debug info: Unit: Trying to clear game message
07-06 20:08:03.333 10441-10477/com.FDU308.FudanCraft D/cocos2d-x debug info: Unit: Trying to clear game message
07-06 20:08:03.415 10441-10477/com.FDU308.FudanCraft D/cocos2d-x debug info: Unit: Trying to clear game message
07-06 20:08:03.496 10441-10477/com.FDU308.FudanCraft D/cocos2d-x debug info: Unit: Trying to clear game message
07-06 20:08:03.578 10441-10477/com.FDU308.FudanCraft D/cocos2d-x debug info: Unit: Trying to clear game message
07-06 20:08:03.661 10441-10477/com.FDU308.FudanCraft D/cocos2d-x debug info: Unit: Trying to clear game message
07-06 20:08:03.744 10441-10477/com.FDU308.FudanCraft D/cocos2d-x debug info: Unit: Trying to clear game message
07-06 20:08:03.826 10441-10477/com.FDU308.FudanCraft D/cocos2d-x debug info: Unit: Trying to clear game message
07-06 20:08:03.908 10441-10477/com.FDU308.FudanCraft D/cocos2d-x debug info: Unit: Trying to clear game message
07-06 20:08:03.989 10441-10477/com.FDU308.FudanCraft D/cocos2d-x debug info: Unit: Trying to clear game message
07-06 20:08:04.072 10441-10477/com.FDU308.FudanCraft D/cocos2d-x debug info: Unit: Trying to clear game message
07-06 20:08:04.156 10441-10477/com.FDU308.FudanCraft D/cocos2d-x debug info: Unit: Trying to clear game message
07-06 20:08:04.237 10441-10477/com.FDU308.FudanCraft D/cocos2d-x debug info: Unit: Trying to clear game message
07-06 20:08:04.318 10441-10477/com.FDU308.FudanCraft D/cocos2d-x debug info: Unit: Trying to clear game message
07-06 20:08:04.401 10441-10477/com.FDU308.FudanCraft D/cocos2d-x debug info: Unit: Trying to clear game message
07-06 20:08:04.485 10441-10477/com.FDU308.FudanCraft D/cocos2d-x debug info: Unit: Trying to clear game message
07-06 20:08:04.568 10441-10477/com.FDU308.FudanCraft D/cocos2d-x debug info: Unit: Trying to clear game message
07-06 20:08:04.650 10441-10477/com.FDU308.FudanCraft D/cocos2d-x debug info: Unit: Trying to clear game message
07-06 20:08:04.732 10441-10477/com.FDU308.FudanCraft D/cocos2d-x debug info: Unit: Trying to clear game message
07-06 20:08:04.813 10441-10477/com.FDU308.FudanCraft D/cocos2d-x debug info: Unit: Trying to clear game message
07-06 20:08:04.894 10441-10477/com.FDU308.FudanCraft D/cocos2d-x debug info: Unit: Trying to clear game message
07-06 20:08:04.976 10441-10477/com.FDU308.FudanCraft D/cocos2d-x debug info: Unit: Trying to clear game message
07-06 20:08:05.057 10441-10477/com.FDU308.FudanCraft D/cocos2d-x debug info: Unit: Trying to clear game message
07-06 20:08:05.139 10441-10477/com.FDU308.FudanCraft D/cocos2d-x debug info: Unit: Trying to clear game message
07-06 20:08:05.221 10441-10477/com.FDU308.FudanCraft D/cocos2d-x debug info: Unit: Trying to clear game message
07-06 20:08:05.305 10441-10477/com.FDU308.FudanCraft D/cocos2d-x debug info: Unit: Trying to clear game message
07-06 20:08:05.387 10441-10477/com.FDU308.FudanCraft D/cocos2d-x debug info: Unit: Trying to clear game message
07-06 20:08:05.467 10441-10477/com.FDU308.FudanCraft D/cocos2d-x debug info: Unit: Trying to clear game message
07-06 20:08:05.550 10441-10477/com.FDU308.FudanCraft D/cocos2d-x debug info: Unit: Trying to clear game message
07-06 20:08:05.632 10441-10477/com.FDU308.FudanCraft D/cocos2d-x debug info: Unit: Trying to clear game message
07-06 20:08:05.715 10441-10477/com.FDU308.FudanCraft D/cocos2d-x debug info: Unit: Trying to clear game message
07-06 20:08:05.799 10441-10477/com.FDU308.FudanCraft D/cocos2d-x debug info: Unit: Trying to clear game message
07-06 20:08:05.880 10441-10477/com.FDU308.FudanCraft D/cocos2d-x debug info: Unit: Trying to clear game message
07-06 20:08:05.961 10441-10477/com.FDU308.FudanCraft D/cocos2d-x debug info: Unit: Trying to clear game message
07-06 20:08:06.042 10441-10477/com.FDU308.FudanCraft D/cocos2d-x debug info: Unit: Trying to clear game message
07-06 20:08:06.124 10441-10477/com.FDU308.FudanCraft D/cocos2d-x debug info: Unit: Trying to clear game message
07-06 20:08:06.208 10441-10477/com.FDU308.FudanCraft D/cocos2d-x debug info: Unit: Trying to clear game message
07-06 20:08:06.289 10441-10477/com.FDU308.FudanCraft D/cocos2d-x debug info: Unit: Trying to clear game message
07-06 20:08:06.371 10441-10477/com.FDU308.FudanCraft D/cocos2d-x debug info: Unit: Trying to clear game message
07-06 20:08:06.453 10441-10477/com.FDU308.FudanCraft D/cocos2d-x debug info: Unit: Trying to clear game message
07-06 20:08:06.536 10441-10477/com.FDU308.FudanCraft D/cocos2d-x debug info: Unit: Trying to clear game message
07-06 20:08:06.617 10441-10477/com.FDU308.FudanCraft D/cocos2d-x debug info: Unit: Trying to clear game message
07-06 20:08:06.699 10441-10477/com.FDU308.FudanCraft D/cocos2d-x debug info: Unit: Trying to clear game message
07-06 20:08:06.783 10441-10477/com.FDU308.FudanCraft D/cocos2d-x debug info: Unit: Trying to clear game message
07-06 20:08:06.864 10441-10477/com.FDU308.FudanCraft D/cocos2d-x debug info: Unit: Trying to clear game message
07-06 20:08:06.946 10441-10477/com.FDU308.FudanCraft D/cocos2d-x debug info: Unit: Trying to clear game message
07-06 20:08:07.028 10441-10477/com.FDU308.FudanCraft D/cocos2d-x debug info: Unit: Trying to clear game message
07-06 20:08:07.110 10441-10477/com.FDU308.FudanCraft D/cocos2d-x debug info: Unit: Trying to clear game message
07-06 20:08:07.191 10441-10477/com.FDU308.FudanCraft D/cocos2d-x debug info: Unit: Trying to clear game message
07-06 20:08:07.274 10441-10477/com.FDU308.FudanCraft D/cocos2d-x debug info: Unit: Trying to clear game message
07-06 20:08:07.356 10441-10477/com.FDU308.FudanCraft D/cocos2d-x debug info: Unit: Trying to clear game message
07-06 20:08:07.439 10441-10477/com.FDU308.FudanCraft D/cocos2d-x debug info: Unit: Trying to clear game message
07-06 20:08:07.520 10441-10477/com.FDU308.FudanCraft D/cocos2d-x debug info: Unit: Trying to clear game message
07-06 20:08:07.603 10441-10477/com.FDU308.FudanCraft D/cocos2d-x debug info: Unit: Trying to clear game message
07-06 20:08:07.684 10441-10477/com.FDU308.FudanCraft D/cocos2d-x debug info: Unit: Trying to clear game message
07-06 20:08:07.766 10441-10477/com.FDU308.FudanCraft D/cocos2d-x debug info: Unit: Trying to clear game message
07-06 20:08:07.848 10441-10477/com.FDU308.FudanCraft D/cocos2d-x debug info: Unit: Trying to clear game message
07-06 20:08:07.930 10441-10477/com.FDU308.FudanCraft D/cocos2d-x debug info: Unit: Trying to clear game message
07-06 20:08:08.029 10441-10477/com.FDU308.FudanCraft D/cocos2d-x debug info: Unit: Trying to clear game message
07-06 20:08:08.111 10441-10477/com.FDU308.FudanCraft D/cocos2d-x debug info: Unit: Trying to clear game message
07-06 20:08:08.194 10441-10477/com.FDU308.FudanCraft D/cocos2d-x debug info: Unit: Trying to clear game message
07-06 20:08:08.276 10441-10477/com.FDU308.FudanCraft D/cocos2d-x debug info: Unit: Trying to clear game message
07-06 20:08:08.357 10441-10477/com.FDU308.FudanCraft D/cocos2d-x debug info: Unit: Trying to clear game message
07-06 20:08:08.439 10441-10477/com.FDU308.FudanCraft D/cocos2d-x debug info: Unit: Trying to clear game message
07-06 20:08:08.522 10441-10477/com.FDU308.FudanCraft D/cocos2d-x debug info: Unit: Trying to clear game message
07-06 20:08:08.603 10441-10477/com.FDU308.FudanCraft D/cocos2d-x debug info: Unit: Trying to clear game message
07-06 20:08:08.686 10441-10477/com.FDU308.FudanCraft D/cocos2d-x debug info: Unit: Trying to clear game message
07-06 20:08:08.768 10441-10477/com.FDU308.FudanCraft D/cocos2d-x debug info: Unit: Trying to clear game message
07-06 20:08:08.849 10441-10477/com.FDU308.FudanCraft D/cocos2d-x debug info: Unit: Trying to clear game message
07-06 20:08:08.931 10441-10477/com.FDU308.FudanCraft D/cocos2d-x debug info: Unit: Trying to clear game message
07-06 20:08:09.013 10441-10477/com.FDU308.FudanCraft D/cocos2d-x debug info: Unit: Trying to clear game message
07-06 20:08:09.098 10441-10477/com.FDU308.FudanCraft D/cocos2d-x debug info: Unit: Trying to clear game message
07-06 20:08:09.179 10441-10477/com.FDU308.FudanCraft D/cocos2d-x debug info: Unit: Trying to clear game message
07-06 20:08:09.261 10441-10477/com.FDU308.FudanCraft D/cocos2d-x debug info: Unit: Trying to clear game message
07-06 20:08:09.342 10441-10477/com.FDU308.FudanCraft D/cocos2d-x debug info: Unit: Trying to clear game message
07-06 20:08:09.424 10441-10477/com.FDU308.FudanCraft D/cocos2d-x debug info: Unit: Trying to clear game message
07-06 20:08:09.506 10441-10477/com.FDU308.FudanCraft D/cocos2d-x debug info: Unit: Trying to clear game message
07-06 20:08:09.589 10441-10477/com.FDU308.FudanCraft D/cocos2d-x debug info: Unit: Trying to clear game message
07-06 20:08:09.671 10441-10477/com.FDU308.FudanCraft D/cocos2d-x debug info: Unit: Trying to clear game message
07-06 20:08:09.752 10441-10477/com.FDU308.FudanCraft D/cocos2d-x debug info: Unit: Trying to clear game message
07-06 20:08:09.835 10441-10477/com.FDU308.FudanCraft D/cocos2d-x debug info: Unit: Trying to clear game message
07-06 20:08:09.917 10441-10477/com.FDU308.FudanCraft D/cocos2d-x debug info: Unit: Trying to clear game message
07-06 20:08:09.999 10441-10477/com.FDU308.FudanCraft D/cocos2d-x debug info: Unit: Trying to clear game message
07-06 20:08:10.097 10441-10477/com.FDU308.FudanCraft D/cocos2d-x debug info: Unit: Trying to clear game message
07-06 20:08:10.180 10441-10477/com.FDU308.FudanCraft D/cocos2d-x debug info: Unit: Trying to clear game message
07-06 20:08:10.262 10441-10477/com.FDU308.FudanCraft D/cocos2d-x debug info: Unit: Trying to clear game message
07-06 20:08:10.345 10441-10477/com.FDU308.FudanCraft D/cocos2d-x debug info: Unit: Trying to clear game message
07-06 20:08:10.426 10441-10477/com.FDU308.FudanCraft D/cocos2d-x debug info: Unit: Trying to clear game message
07-06 20:08:10.507 10441-10477/com.FDU308.FudanCraft D/cocos2d-x debug info: Unit: Trying to clear game message
