07-03 18:35:53.511 5721-5791/com.FDU308.FudanCraft D/cocos2d-x debug info: SocketClient: Finished in reading data
07-03 18:35:53.511 5721-5791/com.FDU308.FudanCraft D/cocos2d-x debug info: UnitManager: Receive Message via SocketClient Success
07-03 18:35:53.511 5721-5791/com.FDU308.FudanCraft A/libc: Invalid address 0xf3e817f8 passed to free: invalid page index
07-03 18:35:53.592 5721-5791/com.FDU308.FudanCraft D/cocos2d-x debug info: UnitManager: Call Protobuf Success
07-03 18:35:53.592 5721-5791/com.FDU308.FudanCraft D/cocos2d-x debug info: SocketClient: Start to write data
07-03 18:35:53.592 5721-5791/com.FDU308.FudanCraft D/cocos2d-x debug info: SocketClient: Complete in encoding data
07-03 18:35:53.593 5721-5791/com.FDU308.FudanCraft D/cocos2d-x debug info: SocketClient: Finish writing data
07-03 18:35:53.593 5721-5791/com.FDU308.FudanCraft D/cocos2d-x debug info: UnitManager: Send Message via SocketClient Success
07-03 18:35:53.593 5721-5791/com.FDU308.FudanCraft D/cocos2d-x debug info: SocketClient: Start to read data
07-03 18:35:53.593 5721-5791/com.FDU308.FudanCraft D/cocos2d-x debug info: SocketClient: No error detected
07-03 18:35:53.593 5721-6232/com.FDU308.FudanCraft A/libc: Invalid address 0xf3e817f8 passed to free: invalid page index
07-03 18:35:53.593 5721-5791/com.FDU308.FudanCraft D/cocos2d-x debug info: SocketClient: Get data success
07-03 18:35:53.593 5721-5791/com.FDU308.FudanCraft D/cocos2d-x debug info: SocketClient: Unlock resource completed
07-03 18:35:53.593 5721-5791/com.FDU308.FudanCraft D/cocos2d-x debug info: SocketClient: Finished in reading data
07-03 18:35:53.593 5721-5791/com.FDU308.FudanCraft D/cocos2d-x debug info: UnitManager: Receive Message via SocketClient Success
07-03 18:35:53.593 5721-5791/com.FDU308.FudanCraft A/libc: Invalid address 0xf3e817f8 passed to free: invalid page index
07-03 18:35:53.674 5721-5791/com.FDU308.FudanCraft D/cocos2d-x debug info: UnitManager: Call Protobuf Success
07-03 18:35:53.674 5721-5791/com.FDU308.FudanCraft D/cocos2d-x debug info: SocketClient: Start to write data
07-03 18:35:53.674 5721-5791/com.FDU308.FudanCraft D/cocos2d-x debug info: SocketClient: Complete in encoding data
07-03 18:35:53.674 5721-5791/com.FDU308.FudanCraft D/cocos2d-x debug info: SocketClient: Finish writing data
07-03 18:35:53.675 5721-5791/com.FDU308.FudanCraft D/cocos2d-x debug info: UnitManager: Send Message via SocketClient Success
07-03 18:35:53.675 5721-5791/com.FDU308.FudanCraft D/cocos2d-x debug info: SocketClient: Start to read data
07-03 18:35:53.675 5721-5791/com.FDU308.FudanCraft D/cocos2d-x debug info: SocketClient: No error detected
07-03 18:35:53.675 5721-6232/com.FDU308.FudanCraft A/libc: Invalid address 0xf3e817f8 passed to free: invalid page index
07-03 18:35:53.675 5721-5791/com.FDU308.FudanCraft D/cocos2d-x debug info: SocketClient: Get data success
07-03 18:35:53.675 5721-5791/com.FDU308.FudanCraft D/cocos2d-x debug info: SocketClient: Unlock resource completed
07-03 18:35:53.675 5721-5791/com.FDU308.FudanCraft D/cocos2d-x debug info: SocketClient: Finished in reading data
07-03 18:35:53.675 5721-5791/com.FDU308.FudanCraft D/cocos2d-x debug info: UnitManager: Receive Message via SocketClient Success
07-03 18:35:53.675 5721-5791/com.FDU308.FudanCraft A/libc: Invalid address 0xf3e817f8 passed to free: invalid page index
07-03 18:35:53.755 5721-5791/com.FDU308.FudanCraft D/cocos2d-x debug info: UnitManager: Call Protobuf Success
07-03 18:35:53.755 5721-5791/com.FDU308.FudanCraft D/cocos2d-x debug info: SocketClient: Start to write data
07-03 18:35:53.755 5721-5791/com.FDU308.FudanCraft D/cocos2d-x debug info: SocketClient: Complete in encoding data
07-03 18:35:53.755 5721-5791/com.FDU308.FudanCraft D/cocos2d-x debug info: SocketClient: Finish writing data
07-03 18:35:53.755 5721-5791/com.FDU308.FudanCraft D/cocos2d-x debug info: UnitManager: Send Message via SocketClient Success
07-03 18:35:53.755 5721-5791/com.FDU308.FudanCraft D/cocos2d-x debug info: SocketClient: Start to read data
07-03 18:35:53.755 5721-5791/com.FDU308.FudanCraft D/cocos2d-x debug info: SocketClient: No error detected
07-03 18:35:53.756 5721-6232/com.FDU308.FudanCraft A/libc: Invalid address 0xf3e817f8 passed to free: invalid page index
07-03 18:35:53.756 5721-5791/com.FDU308.FudanCraft D/cocos2d-x debug info: SocketClient: Get data success
07-03 18:35:53.756 5721-5791/com.FDU308.FudanCraft D/cocos2d-x debug info: SocketClient: Unlock resource completed
07-03 18:35:53.756 5721-5791/com.FDU308.FudanCraft D/cocos2d-x debug info: SocketClient: Finished in reading data
07-03 18:35:53.756 5721-5791/com.FDU308.FudanCraft D/cocos2d-x debug info: UnitManager: Receive Message via SocketClient Success
07-03 18:35:53.756 5721-5791/com.FDU308.FudanCraft A/libc: Invalid address 0xf3e817f8 passed to free: invalid page index
07-03 18:35:53.837 5721-5791/com.FDU308.FudanCraft D/cocos2d-x debug info: UnitManager: Call Protobuf Success
07-03 18:35:53.837 5721-5791/com.FDU308.FudanCraft D/cocos2d-x debug info: SocketClient: Start to write data
07-03 18:35:53.837 5721-5791/com.FDU308.FudanCraft D/cocos2d-x debug info: SocketClient: Complete in encoding data
07-03 18:35:53.837 5721-5791/com.FDU308.FudanCraft D/cocos2d-x debug info: SocketClient: Finish writing data
07-03 18:35:53.837 5721-5791/com.FDU308.FudanCraft D/cocos2d-x debug info: UnitManager: Send Message via SocketClient Success
07-03 18:35:53.837 5721-5791/com.FDU308.FudanCraft D/cocos2d-x debug info: SocketClient: Start to read data
07-03 18:35:53.837 5721-5791/com.FDU308.FudanCraft D/cocos2d-x debug info: SocketClient: No error detected
07-03 18:35:53.837 5721-6232/com.FDU308.FudanCraft A/libc: Invalid address 0xf3e817f8 passed to free: invalid page index
07-03 18:35:53.837 5721-5791/com.FDU308.FudanCraft D/cocos2d-x debug info: SocketClient: Get data success
07-03 18:35:53.837 5721-5791/com.FDU308.FudanCraft D/cocos2d-x debug info: SocketClient: Unlock resource completed
07-03 18:35:53.838 5721-5791/com.FDU308.FudanCraft D/cocos2d-x debug info: SocketClient: Finished in reading data
07-03 18:35:53.838 5721-5791/com.FDU308.FudanCraft D/cocos2d-x debug info: UnitManager: Receive Message via SocketClient Success
07-03 18:35:53.838 5721-5791/com.FDU308.FudanCraft A/libc: Invalid address 0xf3e817f8 passed to free: invalid page index
07-03 18:35:53.919 5721-5791/com.FDU308.FudanCraft D/cocos2d-x debug info: UnitManager: Call Protobuf Success
07-03 18:35:53.919 5721-5791/com.FDU308.FudanCraft D/cocos2d-x debug info: SocketClient: Start to write data
07-03 18:35:53.919 5721-5791/com.FDU308.FudanCraft D/cocos2d-x debug info: SocketClient: Complete in encoding data
07-03 18:35:53.920 5721-5791/com.FDU308.FudanCraft D/cocos2d-x debug info: SocketClient: Finish writing data
07-03 18:35:53.920 5721-5791/com.FDU308.FudanCraft D/cocos2d-x debug info: UnitManager: Send Message via SocketClient Success
07-03 18:35:53.920 5721-5791/com.FDU308.FudanCraft D/cocos2d-x debug info: SocketClient: Start to read data
07-03 18:35:53.920 5721-5791/com.FDU308.FudanCraft D/cocos2d-x debug info: SocketClient: No error detected
07-03 18:35:53.920 5721-5791/com.FDU308.FudanCraft D/cocos2d-x debug info: SocketClient: Get data success
07-03 18:35:53.920 5721-5791/com.FDU308.FudanCraft D/cocos2d-x debug info: SocketClient: Unlock resource completed
07-03 18:35:53.920 5721-6232/com.FDU308.FudanCraft A/libc: Invalid address 0xf3e817f8 passed to free: invalid page index
07-03 18:35:53.920 5721-5791/com.FDU308.FudanCraft D/cocos2d-x debug info: SocketClient: Finished in reading data
07-03 18:35:53.920 5721-5791/com.FDU308.FudanCraft D/cocos2d-x debug info: UnitManager: Receive Message via SocketClient Success
07-03 18:35:53.920 5721-5791/com.FDU308.FudanCraft A/libc: Invalid address 0xf3e817f8 passed to free: invalid page index
07-03 18:35:54.001 5721-5791/com.FDU308.FudanCraft D/cocos2d-x debug info: UnitManager: Call Protobuf Success
07-03 18:35:54.001 5721-5791/com.FDU308.FudanCraft D/cocos2d-x debug info: SocketClient: Start to write data
07-03 18:35:54.001 5721-5791/com.FDU308.FudanCraft D/cocos2d-x debug info: SocketClient: Complete in encoding data
07-03 18:35:54.001 5721-5791/com.FDU308.FudanCraft D/cocos2d-x debug info: SocketClient: Finish writing data
07-03 18:35:54.002 5721-5791/com.FDU308.FudanCraft D/cocos2d-x debug info: UnitManager: Send Message via SocketClient Success
07-03 18:35:54.002 5721-5791/com.FDU308.FudanCraft D/cocos2d-x debug info: SocketClient: Start to read data
07-03 18:35:54.002 5721-5791/com.FDU308.FudanCraft D/cocos2d-x debug info: SocketClient: No error detected
07-03 18:35:54.002 5721-6232/com.FDU308.FudanCraft A/libc: Invalid address 0xf3e817f8 passed to free: invalid page index
07-03 18:35:54.002 5721-5791/com.FDU308.FudanCraft D/cocos2d-x debug info: SocketClient: Get data success
07-03 18:35:54.002 5721-5791/com.FDU308.FudanCraft D/cocos2d-x debug info: SocketClient: Unlock resource completed
07-03 18:35:54.002 5721-5791/com.FDU308.FudanCraft D/cocos2d-x debug info: SocketClient: Finished in reading data
07-03 18:35:54.002 5721-5791/com.FDU308.FudanCraft D/cocos2d-x debug info: UnitManager: Receive Message via SocketClient Success
07-03 18:35:54.002 5721-5791/com.FDU308.FudanCraft A/libc: Invalid address 0xf3e817f8 passed to free: invalid page index
07-03 18:35:54.083 5721-5791/com.FDU308.FudanCraft D/cocos2d-x debug info: UnitManager: Call Protobuf Success
07-03 18:35:54.083 5721-5791/com.FDU308.FudanCraft D/cocos2d-x debug info: SocketClient: Start to write data
07-03 18:35:54.084 5721-5791/com.FDU308.FudanCraft D/cocos2d-x debug info: SocketClient: Complete in encoding data
07-03 18:35:54.084 5721-5791/com.FDU308.FudanCraft D/cocos2d-x debug info: SocketClient: Finish writing data
07-03 18:35:54.084 5721-5791/com.FDU308.FudanCraft D/cocos2d-x debug info: UnitManager: Send Message via SocketClient Success
07-03 18:35:54.084 5721-5791/com.FDU308.FudanCraft D/cocos2d-x debug info: SocketClient: Start to read data
07-03 18:35:54.084 5721-5791/com.FDU308.FudanCraft D/cocos2d-x debug info: SocketClient: No error detected
07-03 18:35:54.084 5721-6232/com.FDU308.FudanCraft A/libc: Invalid address 0xf3e817f8 passed to free: invalid page index
07-03 18:35:54.084 5721-5791/com.FDU308.FudanCraft D/cocos2d-x debug info: SocketClient: Get data success
07-03 18:35:54.084 5721-5791/com.FDU308.FudanCraft D/cocos2d-x debug info: SocketClient: Unlock resource completed
07-03 18:35:54.084 5721-5791/com.FDU308.FudanCraft D/cocos2d-x debug info: SocketClient: Finished in reading data
07-03 18:35:54.084 5721-5791/com.FDU308.FudanCraft D/cocos2d-x debug info: UnitManager: Receive Message via SocketClient Success
07-03 18:35:54.085 5721-5791/com.FDU308.FudanCraft A/libc: Invalid address 0xf3e817f8 passed to free: invalid page index
07-03 18:35:54.168 5721-5791/com.FDU308.FudanCraft D/cocos2d-x debug info: UnitManager: Call Protobuf Success
07-03 18:35:54.168 5721-5791/com.FDU308.FudanCraft D/cocos2d-x debug info: SocketClient: Start to write data
07-03 18:35:54.168 5721-5791/com.FDU308.FudanCraft D/cocos2d-x debug info: SocketClient: Complete in encoding data
07-03 18:35:54.168 5721-5791/com.FDU308.FudanCraft D/cocos2d-x debug info: SocketClient: Finish writing data
07-03 18:35:54.168 5721-5791/com.FDU308.FudanCraft D/cocos2d-x debug info: UnitManager: Send Message via SocketClient Success
07-03 18:35:54.169 5721-5791/com.FDU308.FudanCraft D/cocos2d-x debug info: SocketClient: Start to read data
07-03 18:35:54.169 5721-5791/com.FDU308.FudanCraft D/cocos2d-x debug info: SocketClient: No error detected
07-03 18:35:54.169 5721-6232/com.FDU308.FudanCraft A/libc: Invalid address 0xf3e817f8 passed to free: invalid page index
07-03 18:35:54.169 5721-5791/com.FDU308.FudanCraft D/cocos2d-x debug info: SocketClient: Get data success
07-03 18:35:54.169 5721-5791/com.FDU308.FudanCraft D/cocos2d-x debug info: SocketClient: Unlock resource completed
07-03 18:35:54.169 5721-5791/com.FDU308.FudanCraft D/cocos2d-x debug info: SocketClient: Finished in reading data
07-03 18:35:54.169 5721-5791/com.FDU308.FudanCraft D/cocos2d-x debug info: UnitManager: Receive Message via SocketClient Success
07-03 18:35:54.169 5721-5791/com.FDU308.FudanCraft A/libc: Invalid address 0xf3e817f8 passed to free: invalid page index
07-03 18:35:54.250 5721-5791/com.FDU308.FudanCraft D/cocos2d-x debug info: UnitManager: Call Protobuf Success
07-03 18:35:54.250 5721-5791/com.FDU308.FudanCraft D/cocos2d-x debug info: SocketClient: Start to write data
07-03 18:35:54.250 5721-5791/com.FDU308.FudanCraft D/cocos2d-x debug info: SocketClient: Complete in encoding data
07-03 18:35:54.250 5721-5791/com.FDU308.FudanCraft D/cocos2d-x debug info: SocketClient: Finish writing data
07-03 18:35:54.250 5721-5791/com.FDU308.FudanCraft D/cocos2d-x debug info: UnitManager: Send Message via SocketClient Success
07-03 18:35:54.250 5721-6232/com.FDU308.FudanCraft A/libc: Invalid address 0xf3e817f8 passed to free: invalid page index
07-03 18:35:54.250 5721-5791/com.FDU308.FudanCraft D/cocos2d-x debug info: SocketClient: Start to read data
07-03 18:35:54.250 5721-5791/com.FDU308.FudanCraft D/cocos2d-x debug info: SocketClient: No error detected
07-03 18:35:54.251 5721-5791/com.FDU308.FudanCraft D/cocos2d-x debug info: SocketClient: Get data success
07-03 18:35:54.251 5721-5791/com.FDU308.FudanCraft D/cocos2d-x debug info: SocketClient: Unlock resource completed
07-03 18:35:54.251 5721-5791/com.FDU308.FudanCraft D/cocos2d-x debug info: SocketClient: Finished in reading data
07-03 18:35:54.251 5721-5791/com.FDU308.FudanCraft D/cocos2d-x debug info: UnitManager: Receive Message via SocketClient Success
07-03 18:35:54.251 5721-5791/com.FDU308.FudanCraft A/libc: Invalid address 0xf3e817f8 passed to free: invalid page index
07-03 18:35:54.331 5721-5791/com.FDU308.FudanCraft D/cocos2d-x debug info: UnitManager: Call Protobuf Success
07-03 18:35:54.331 5721-5791/com.FDU308.FudanCraft D/cocos2d-x debug info: SocketClient: Start to write data
07-03 18:35:54.332 5721-5791/com.FDU308.FudanCraft D/cocos2d-x debug info: SocketClient: Complete in encoding data
07-03 18:35:54.332 5721-5791/com.FDU308.FudanCraft D/cocos2d-x debug info: SocketClient: Finish writing data
07-03 18:35:54.332 5721-5791/com.FDU308.FudanCraft D/cocos2d-x debug info: UnitManager: Send Message via SocketClient Success
07-03 18:35:54.332 5721-5791/com.FDU308.FudanCraft D/cocos2d-x debug info: SocketClient: Start to read data
07-03 18:35:54.332 5721-5791/com.FDU308.FudanCraft D/cocos2d-x debug info: SocketClient: No error detected
07-03 18:35:54.332 5721-6232/com.FDU308.FudanCraft A/libc: Invalid address 0xf3e817f8 passed to free: invalid page index
07-03 18:35:54.333 5721-5791/com.FDU308.FudanCraft D/cocos2d-x debug info: SocketClient: Get data success
07-03 18:35:54.333 5721-5791/com.FDU308.FudanCraft D/cocos2d-x debug info: SocketClient: Unlock resource completed
07-03 18:35:54.333 5721-5791/com.FDU308.FudanCraft D/cocos2d-x debug info: SocketClient: Finished in reading data
07-03 18:35:54.333 5721-5791/com.FDU308.FudanCraft D/cocos2d-x debug info: UnitManager: Receive Message via SocketClient Success
07-03 18:35:54.333 5721-5791/com.FDU308.FudanCraft A/libc: Invalid address 0xf3e817f8 passed to free: invalid page index
07-03 18:35:54.414 5721-5791/com.FDU308.FudanCraft D/cocos2d-x debug info: UnitManager: Call Protobuf Success
07-03 18:35:54.414 5721-5791/com.FDU308.FudanCraft D/cocos2d-x debug info: SocketClient: Start to write data
07-03 18:35:54.414 5721-5791/com.FDU308.FudanCraft D/cocos2d-x debug info: SocketClient: Complete in encoding data
07-03 18:35:54.414 5721-5791/com.FDU308.FudanCraft D/cocos2d-x debug info: SocketClient: Finish writing data
07-03 18:35:54.414 5721-5791/com.FDU308.FudanCraft D/cocos2d-x debug info: UnitManager: Send Message via SocketClient Success
07-03 18:35:54.414 5721-5791/com.FDU308.FudanCraft D/cocos2d-x debug info: SocketClient: Start to read data
07-03 18:35:54.414 5721-5791/com.FDU308.FudanCraft D/cocos2d-x debug info: SocketClient: No error detected
07-03 18:35:54.414 5721-6232/com.FDU308.FudanCraft A/libc: Invalid address 0xf3e817f8 passed to free: invalid page index
07-03 18:35:54.414 5721-5791/com.FDU308.FudanCraft D/cocos2d-x debug info: SocketClient: Get data success
07-03 18:35:54.415 5721-5791/com.FDU308.FudanCraft D/cocos2d-x debug info: SocketClient: Unlock resource completed
07-03 18:35:54.415 5721-5791/com.FDU308.FudanCraft D/cocos2d-x debug info: SocketClient: Finished in reading data
07-03 18:35:54.415 5721-5791/com.FDU308.FudanCraft D/cocos2d-x debug info: UnitManager: Receive Message via SocketClient Success
07-03 18:35:54.415 5721-5791/com.FDU308.FudanCraft A/libc: Invalid address 0xf3e817f8 passed to free: invalid page index
07-03 18:35:54.496 5721-5791/com.FDU308.FudanCraft D/cocos2d-x debug info: UnitManager: Call Protobuf Success
07-03 18:35:54.496 5721-5791/com.FDU308.FudanCraft D/cocos2d-x debug info: SocketClient: Start to write data
07-03 18:35:54.496 5721-5791/com.FDU308.FudanCraft D/cocos2d-x debug info: SocketClient: Complete in encoding data
07-03 18:35:54.496 5721-5791/com.FDU308.FudanCraft D/cocos2d-x debug info: SocketClient: Finish writing data
07-03 18:35:54.496 5721-5791/com.FDU308.FudanCraft D/cocos2d-x debug info: UnitManager: Send Message via SocketClient Success
07-03 18:35:54.496 5721-5791/com.FDU308.FudanCraft D/cocos2d-x debug info: SocketClient: Start to read data
07-03 18:35:54.496 5721-5791/com.FDU308.FudanCraft D/cocos2d-x debug info: SocketClient: No error detected
07-03 18:35:54.496 5721-6232/com.FDU308.FudanCraft A/libc: Invalid address 0xf3e817f8 passed to free: invalid page index
07-03 18:35:54.497 5721-5791/com.FDU308.FudanCraft D/cocos2d-x debug info: SocketClient: Get data success
07-03 18:35:54.497 5721-5791/com.FDU308.FudanCraft D/cocos2d-x debug info: SocketClient: Unlock resource completed
07-03 18:35:54.497 5721-5791/com.FDU308.FudanCraft D/cocos2d-x debug info: SocketClient: Finished in reading data
07-03 18:35:54.497 5721-5791/com.FDU308.FudanCraft D/cocos2d-x debug info: UnitManager: Receive Message via SocketClient Success
07-03 18:35:54.497 5721-5791/com.FDU308.FudanCraft A/libc: Invalid address 0xf3e817f8 passed to free: invalid page index
07-03 18:35:54.497 5721-5791/com.FDU308.FudanCraft D/cocos2d-x debug info: Unit ID: 1, fighter landing
07-03 18:35:54.577 5721-5791/com.FDU308.FudanCraft D/cocos2d-x debug info: UnitManager: Call Protobuf Success
07-03 18:35:54.577 5721-5791/com.FDU308.FudanCraft D/cocos2d-x debug info: SocketClient: Start to write data
07-03 18:35:54.577 5721-5791/com.FDU308.FudanCraft D/cocos2d-x debug info: SocketClient: Complete in encoding data
07-03 18:35:54.577 5721-5791/com.FDU308.FudanCraft D/cocos2d-x debug info: SocketClient: Finish writing data
07-03 18:35:54.577 5721-5791/com.FDU308.FudanCraft D/cocos2d-x debug info: UnitManager: Send Message via SocketClient Success
07-03 18:35:54.577 5721-5791/com.FDU308.FudanCraft D/cocos2d-x debug info: SocketClient: Start to read data
07-03 18:35:54.577 5721-5791/com.FDU308.FudanCraft D/cocos2d-x debug info: SocketClient: No error detected
07-03 18:35:54.578 5721-5791/com.FDU308.FudanCraft D/cocos2d-x debug info: SocketClient: Get data success
07-03 18:35:54.578 5721-5791/com.FDU308.FudanCraft D/cocos2d-x debug info: SocketClient: Unlock resource completed
07-03 18:35:54.578 5721-5791/com.FDU308.FudanCraft D/cocos2d-x debug info: SocketClient: Finished in reading data
07-03 18:35:54.578 5721-5791/com.FDU308.FudanCraft D/cocos2d-x debug info: UnitManager: Receive Message via SocketClient Success
07-03 18:35:54.578 5721-5791/com.FDU308.FudanCraft A/libc: Invalid address 0xf3e817f8 passed to free: invalid page index
07-03 18:35:54.578 5721-6232/com.FDU308.FudanCraft A/libc: Invalid address 0xf3e817f8 passed to free: invalid page index
07-03 18:35:54.658 5721-5791/com.FDU308.FudanCraft D/cocos2d-x debug info: UnitManager: Call Protobuf Success
07-03 18:35:54.658 5721-5791/com.FDU308.FudanCraft D/cocos2d-x debug info: SocketClient: Start to write data
07-03 18:35:54.658 5721-5791/com.FDU308.FudanCraft D/cocos2d-x debug info: SocketClient: Complete in encoding data
07-03 18:35:54.659 5721-5791/com.FDU308.FudanCraft D/cocos2d-x debug info: SocketClient: Finish writing data
07-03 18:35:54.659 5721-5791/com.FDU308.FudanCraft D/cocos2d-x debug info: UnitManager: Send Message via SocketClient Success
07-03 18:35:54.659 5721-5791/com.FDU308.FudanCraft D/cocos2d-x debug info: SocketClient: Start to read data
07-03 18:35:54.659 5721-5791/com.FDU308.FudanCraft D/cocos2d-x debug info: SocketClient: No error detected
07-03 18:35:54.660 5721-5791/com.FDU308.FudanCraft D/cocos2d-x debug info: SocketClient: Get data success
07-03 18:35:54.660 5721-5791/com.FDU308.FudanCraft D/cocos2d-x debug info: SocketClient: Unlock resource completed
07-03 18:35:54.660 5721-5791/com.FDU308.FudanCraft D/cocos2d-x debug info: SocketClient: Finished in reading data
07-03 18:35:54.660 5721-5791/com.FDU308.FudanCraft D/cocos2d-x debug info: UnitManager: Receive Message via SocketClient Success
07-03 18:35:54.660 5721-5791/com.FDU308.FudanCraft A/libc: Invalid address 0xf3e817f8 passed to free: invalid page index
07-03 18:35:54.660 5721-6232/com.FDU308.FudanCraft A/libc: Invalid address 0xf3e817f8 passed to free: invalid page index
07-03 18:35:54.745 5721-5791/com.FDU308.FudanCraft D/cocos2d-x debug info: UnitManager: Call Protobuf Success
07-03 18:35:54.745 5721-5791/com.FDU308.FudanCraft D/cocos2d-x debug info: SocketClient: Start to write data
07-03 18:35:54.745 5721-5791/com.FDU308.FudanCraft D/cocos2d-x debug info: SocketClient: Complete in encoding data
07-03 18:35:54.745 5721-5791/com.FDU308.FudanCraft D/cocos2d-x debug info: SocketClient: Finish writing data
07-03 18:35:54.745 5721-5791/com.FDU308.FudanCraft D/cocos2d-x debug info: UnitManager: Send Message via SocketClient Success
07-03 18:35:54.745 5721-5791/com.FDU308.FudanCraft D/cocos2d-x debug info: SocketClient: Start to read data
07-03 18:35:54.746 5721-5791/com.FDU308.FudanCraft D/cocos2d-x debug info: SocketClient: No error detected
07-03 18:35:54.746 5721-6232/com.FDU308.FudanCraft A/libc: Invalid address 0xf3e817f8 passed to free: invalid page index
07-03 18:35:54.746 5721-5791/com.FDU308.FudanCraft D/cocos2d-x debug info: SocketClient: Get data success
07-03 18:35:54.746 5721-5791/com.FDU308.FudanCraft D/cocos2d-x debug info: SocketClient: Unlock resource completed
07-03 18:35:54.746 5721-5791/com.FDU308.FudanCraft D/cocos2d-x debug info: SocketClient: Finished in reading data
07-03 18:35:54.746 5721-5791/com.FDU308.FudanCraft D/cocos2d-x debug info: UnitManager: Receive Message via SocketClient Success
07-03 18:35:54.746 5721-5791/com.FDU308.FudanCraft A/libc: Invalid address 0xf3e817f8 passed to free: invalid page index
07-03 18:35:54.827 5721-5791/com.FDU308.FudanCraft D/cocos2d-x debug info: UnitManager: Call Protobuf Success
07-03 18:35:54.827 5721-5791/com.FDU308.FudanCraft D/cocos2d-x debug info: SocketClient: Start to write data
07-03 18:35:54.828 5721-5791/com.FDU308.FudanCraft D/cocos2d-x debug info: SocketClient: Complete in encoding data
07-03 18:35:54.828 5721-5791/com.FDU308.FudanCraft D/cocos2d-x debug info: SocketClient: Finish writing data
07-03 18:35:54.828 5721-5791/com.FDU308.FudanCraft D/cocos2d-x debug info: UnitManager: Send Message via SocketClient Success
07-03 18:35:54.828 5721-5791/com.FDU308.FudanCraft D/cocos2d-x debug info: SocketClient: Start to read data
07-03 18:35:54.828 5721-5791/com.FDU308.FudanCraft D/cocos2d-x debug info: SocketClient: No error detected
07-03 18:35:54.828 5721-6232/com.FDU308.FudanCraft A/libc: Invalid address 0xf3e817f8 passed to free: invalid page index
07-03 18:35:54.828 5721-5791/com.FDU308.FudanCraft D/cocos2d-x debug info: SocketClient: Get data success
07-03 18:35:54.828 5721-5791/com.FDU308.FudanCraft D/cocos2d-x debug info: SocketClient: Unlock resource completed
07-03 18:35:54.828 5721-5791/com.FDU308.FudanCraft D/cocos2d-x debug info: SocketClient: Finished in reading data
07-03 18:35:54.828 5721-5791/com.FDU308.FudanCraft D/cocos2d-x debug info: UnitManager: Receive Message via SocketClient Success
07-03 18:35:54.828 5721-5791/com.FDU308.FudanCraft A/libc: Invalid address 0xf3e817f8 passed to free: invalid page index
07-03 18:35:54.909 5721-5791/com.FDU308.FudanCraft D/cocos2d-x debug info: UnitManager: Call Protobuf Success
07-03 18:35:54.909 5721-5791/com.FDU308.FudanCraft D/cocos2d-x debug info: SocketClient: Start to write data
07-03 18:35:54.909 5721-5791/com.FDU308.FudanCraft D/cocos2d-x debug info: SocketClient: Complete in encoding data
07-03 18:35:54.909 5721-5791/com.FDU308.FudanCraft D/cocos2d-x debug info: SocketClient: Finish writing data
07-03 18:35:54.909 5721-5791/com.FDU308.FudanCraft D/cocos2d-x debug info: UnitManager: Send Message via SocketClient Success
07-03 18:35:54.909 5721-5791/com.FDU308.FudanCraft D/cocos2d-x debug info: SocketClient: Start to read data
07-03 18:35:54.909 5721-5791/com.FDU308.FudanCraft D/cocos2d-x debug info: SocketClient: No error detected
07-03 18:35:54.910 5721-5791/com.FDU308.FudanCraft D/cocos2d-x debug info: SocketClient: Get data success
07-03 18:35:54.910 5721-5791/com.FDU308.FudanCraft D/cocos2d-x debug info: SocketClient: Unlock resource completed
07-03 18:35:54.910 5721-5791/com.FDU308.FudanCraft D/cocos2d-x debug info: SocketClient: Finished in reading data
07-03 18:35:54.910 5721-5791/com.FDU308.FudanCraft D/cocos2d-x debug info: UnitManager: Receive Message via SocketClient Success
07-03 18:35:54.910 5721-6232/com.FDU308.FudanCraft A/libc: Invalid address 0xf3e817f8 passed to free: invalid page index
07-03 18:35:54.910 5721-5791/com.FDU308.FudanCraft A/libc: Invalid address 0xf3e817f8 passed to free: invalid page index
07-03 18:35:55.004 5721-5791/com.FDU308.FudanCraft D/cocos2d-x debug info: UnitManager: Call Protobuf Success
07-03 18:35:55.004 5721-5791/com.FDU308.FudanCraft D/cocos2d-x debug info: SocketClient: Start to write data
07-03 18:35:55.004 5721-5791/com.FDU308.FudanCraft D/cocos2d-x debug info: SocketClient: Complete in encoding data
07-03 18:35:55.004 5721-5791/com.FDU308.FudanCraft D/cocos2d-x debug info: SocketClient: Finish writing data
07-03 18:35:55.004 5721-5791/com.FDU308.FudanCraft D/cocos2d-x debug info: UnitManager: Send Message via SocketClient Success
07-03 18:35:55.004 5721-5791/com.FDU308.FudanCraft D/cocos2d-x debug info: SocketClient: Start to read data
07-03 18:35:55.004 5721-5791/com.FDU308.FudanCraft D/cocos2d-x debug info: SocketClient: No error detected
07-03 18:35:55.005 5721-5791/com.FDU308.FudanCraft D/cocos2d-x debug info: SocketClient: Get data success
07-03 18:35:55.005 5721-6232/com.FDU308.FudanCraft A/libc: Invalid address 0xf3e817f8 passed to free: invalid page index
07-03 18:35:55.005 5721-5791/com.FDU308.FudanCraft D/cocos2d-x debug info: SocketClient: Unlock resource completed
07-03 18:35:55.005 5721-5791/com.FDU308.FudanCraft D/cocos2d-x debug info: SocketClient: Finished in reading data
07-03 18:35:55.005 5721-5791/com.FDU308.FudanCraft D/cocos2d-x debug info: UnitManager: Receive Message via SocketClient Success
07-03 18:35:55.005 5721-5791/com.FDU308.FudanCraft A/libc: Invalid address 0xf3e817f8 passed to free: invalid page index
07-03 18:35:55.087 5721-5791/com.FDU308.FudanCraft D/cocos2d-x debug info: UnitManager: Call Protobuf Success
07-03 18:35:55.087 5721-5791/com.FDU308.FudanCraft D/cocos2d-x debug info: SocketClient: Start to write data
07-03 18:35:55.087 5721-5791/com.FDU308.FudanCraft D/cocos2d-x debug info: SocketClient: Complete in encoding data
07-03 18:35:55.087 5721-5791/com.FDU308.FudanCraft D/cocos2d-x debug info: SocketClient: Finish writing data
07-03 18:35:55.087 5721-5791/com.FDU308.FudanCraft D/cocos2d-x debug info: UnitManager: Send Message via SocketClient Success
07-03 18:35:55.087 5721-5791/com.FDU308.FudanCraft D/cocos2d-x debug info: SocketClient: Start to read data
07-03 18:35:55.087 5721-5791/com.FDU308.FudanCraft D/cocos2d-x debug info: SocketClient: No error detected
07-03 18:35:55.088 5721-6232/com.FDU308.FudanCraft A/libc: Invalid address 0xf3e817f8 passed to free: invalid page index
07-03 18:35:55.088 5721-5791/com.FDU308.FudanCraft D/cocos2d-x debug info: SocketClient: Get data success
07-03 18:35:55.088 5721-5791/com.FDU308.FudanCraft D/cocos2d-x debug info: SocketClient: Unlock resource completed
07-03 18:35:55.088 5721-5791/com.FDU308.FudanCraft D/cocos2d-x debug info: SocketClient: Finished in reading data
07-03 18:35:55.088 5721-5791/com.FDU308.FudanCraft D/cocos2d-x debug info: UnitManager: Receive Message via SocketClient Success
07-03 18:35:55.088 5721-5791/com.FDU308.FudanCraft A/libc: Invalid address 0xf3e817f8 passed to free: invalid page index
07-03 18:35:55.169 5721-5791/com.FDU308.FudanCraft D/cocos2d-x debug info: UnitManager: Call Protobuf Success
07-03 18:35:55.169 5721-5791/com.FDU308.FudanCraft D/cocos2d-x debug info: SocketClient: Start to write data
07-03 18:35:55.169 5721-5791/com.FDU308.FudanCraft D/cocos2d-x debug info: SocketClient: Complete in encoding data
07-03 18:35:55.169 5721-5791/com.FDU308.FudanCraft D/cocos2d-x debug info: SocketClient: Finish writing data
07-03 18:35:55.169 5721-5791/com.FDU308.FudanCraft D/cocos2d-x debug info: UnitManager: Send Message via SocketClient Success
07-03 18:35:55.170 5721-6232/com.FDU308.FudanCraft A/libc: Invalid address 0xf3e817f8 passed to free: invalid page index
07-03 18:35:55.170 5721-5791/com.FDU308.FudanCraft D/cocos2d-x debug info: SocketClient: Start to read data
07-03 18:35:55.170 5721-5791/com.FDU308.FudanCraft D/cocos2d-x debug info: SocketClient: No error detected
07-03 18:35:55.171 5721-5791/com.FDU308.FudanCraft D/cocos2d-x debug info: SocketClient: Get data success
07-03 18:35:55.171 5721-5791/com.FDU308.FudanCraft D/cocos2d-x debug info: SocketClient: Unlock resource completed
07-03 18:35:55.171 5721-5791/com.FDU308.FudanCraft D/cocos2d-x debug info: SocketClient: Finished in reading data
07-03 18:35:55.171 5721-5791/com.FDU308.FudanCraft D/cocos2d-x debug info: UnitManager: Receive Message via SocketClient Success
07-03 18:35:55.171 5721-5791/com.FDU308.FudanCraft A/libc: Invalid address 0xf3e817f8 passed to free: invalid page index
07-03 18:35:55.251 5721-5791/com.FDU308.FudanCraft D/cocos2d-x debug info: UnitManager: Call Protobuf Success
07-03 18:35:55.251 5721-5791/com.FDU308.FudanCraft D/cocos2d-x debug info: SocketClient: Start to write data
07-03 18:35:55.251 5721-5791/com.FDU308.FudanCraft D/cocos2d-x debug info: SocketClient: Complete in encoding data
07-03 18:35:55.251 5721-5791/com.FDU308.FudanCraft D/cocos2d-x debug info: SocketClient: Finish writing data
07-03 18:35:55.251 5721-5791/com.FDU308.FudanCraft D/cocos2d-x debug info: UnitManager: Send Message via SocketClient Success
07-03 18:35:55.251 5721-5791/com.FDU308.FudanCraft D/cocos2d-x debug info: SocketClient: Start to read data
07-03 18:35:55.251 5721-5791/com.FDU308.FudanCraft D/cocos2d-x debug info: SocketClient: No error detected
07-03 18:35:55.252 5721-6232/com.FDU308.FudanCraft A/libc: Invalid address 0xf3e817f8 passed to free: invalid page index
07-03 18:35:55.252 5721-5791/com.FDU308.FudanCraft D/cocos2d-x debug info: SocketClient: Get data success
07-03 18:35:55.253 5721-5791/com.FDU308.FudanCraft D/cocos2d-x debug info: SocketClient: Unlock resource completed
07-03 18:35:55.253 5721-5791/com.FDU308.FudanCraft D/cocos2d-x debug info: SocketClient: Finished in reading data
07-03 18:35:55.253 5721-5791/com.FDU308.FudanCraft D/cocos2d-x debug info: UnitManager: Receive Message via SocketClient Success
07-03 18:35:55.253 5721-5791/com.FDU308.FudanCraft A/libc: Invalid address 0xf3e817f8 passed to free: invalid page index
07-03 18:35:55.313 5721-5791/com.FDU308.FudanCraft D/cocos2d-x debug info: BattleScene: Entering Multi-touch Ended Handler, Touch Size 1
07-03 18:35:55.313 5721-5791/com.FDU308.FudanCraft D/cocos2d-x debug info: Map Touch Grid Point: (85, 28)
07-03 18:35:55.313 5721-5791/com.FDU308.FudanCraft D/cocos2d-x debug info: Unit ID: 1, plan to move to:(85, 28)
07-03 18:35:55.313 5721-5791/com.FDU308.FudanCraft D/cocos2d-x debug info: Unit 1, start moving FP
07-03 18:35:55.313 5721-5791/com.FDU308.FudanCraft D/cocos2d-x debug info: Unit 1, Success FP, RFP: 0, Path Length: 1
07-03 18:35:55.334 5721-5791/com.FDU308.FudanCraft D/cocos2d-x debug info: UnitManager: Call Protobuf Success
07-03 18:35:55.334 5721-5791/com.FDU308.FudanCraft D/cocos2d-x debug info: SocketClient: Start to write data
07-03 18:35:55.334 5721-5791/com.FDU308.FudanCraft D/cocos2d-x debug info: SocketClient: Complete in encoding data
07-03 18:35:55.334 5721-5791/com.FDU308.FudanCraft D/cocos2d-x debug info: SocketClient: Finish writing data
07-03 18:35:55.334 5721-5791/com.FDU308.FudanCraft D/cocos2d-x debug info: UnitManager: Send Message via SocketClient Success
07-03 18:35:55.334 5721-5791/com.FDU308.FudanCraft D/cocos2d-x debug info: SocketClient: Start to read data
07-03 18:35:55.334 5721-5791/com.FDU308.FudanCraft D/cocos2d-x debug info: SocketClient: No error detected
07-03 18:35:55.335 5721-5791/com.FDU308.FudanCraft D/cocos2d-x debug info: SocketClient: Get data success
07-03 18:35:55.335 5721-5791/com.FDU308.FudanCraft D/cocos2d-x debug info: SocketClient: Unlock resource completed
07-03 18:35:55.335 5721-5791/com.FDU308.FudanCraft D/cocos2d-x debug info: SocketClient: Finished in reading data
07-03 18:35:55.335 5721-5791/com.FDU308.FudanCraft D/cocos2d-x debug info: UnitManager: Receive Message via SocketClient Success
07-03 18:35:55.335 5721-5791/com.FDU308.FudanCraft D/cocos2d-x debug info: UnitManager: Read Message 0 Success
07-03 18:35:55.335 5721-5791/com.FDU308.FudanCraft D/cocos2d-x debug info: Unit ID: 1, update path and start moving
07-03 18:35:55.416 5721-5791/com.FDU308.FudanCraft D/cocos2d-x debug info: UnitManager: Call Protobuf Success
07-03 18:35:55.416 5721-5791/com.FDU308.FudanCraft D/cocos2d-x debug info: SocketClient: Start to write data
07-03 18:35:55.416 5721-5791/com.FDU308.FudanCraft D/cocos2d-x debug info: SocketClient: Complete in encoding data
07-03 18:35:55.416 5721-5791/com.FDU308.FudanCraft D/cocos2d-x debug info: SocketClient: Finish writing data
07-03 18:35:55.416 5721-5791/com.FDU308.FudanCraft D/cocos2d-x debug info: UnitManager: Send Message via SocketClient Success
07-03 18:35:55.416 5721-5791/com.FDU308.FudanCraft D/cocos2d-x debug info: SocketClient: Start to read data
07-03 18:35:55.416 5721-5791/com.FDU308.FudanCraft D/cocos2d-x debug info: SocketClient: No error detected
07-03 18:35:55.417 5721-6232/com.FDU308.FudanCraft A/libc: Invalid address 0xf3e817f8 passed to free: invalid page index
07-03 18:35:55.417 5721-5791/com.FDU308.FudanCraft D/cocos2d-x debug info: SocketClient: Get data success
07-03 18:35:55.417 5721-5791/com.FDU308.FudanCraft D/cocos2d-x debug info: SocketClient: Unlock resource completed
07-03 18:35:55.418 5721-5791/com.FDU308.FudanCraft D/cocos2d-x debug info: SocketClient: Finished in reading data
07-03 18:35:55.418 5721-5791/com.FDU308.FudanCraft D/cocos2d-x debug info: UnitManager: Receive Message via SocketClient Success
07-03 18:35:55.418 5721-5791/com.FDU308.FudanCraft A/libc: Invalid address 0xf3e817f8 passed to free: invalid page index
07-03 18:35:55.498 5721-5791/com.FDU308.FudanCraft D/cocos2d-x debug info: UnitManager: Call Protobuf Success
07-03 18:35:55.498 5721-5791/com.FDU308.FudanCraft D/cocos2d-x debug info: SocketClient: Start to write data
07-03 18:35:55.498 5721-5791/com.FDU308.FudanCraft D/cocos2d-x debug info: SocketClient: Complete in encoding data
07-03 18:35:55.498 5721-5791/com.FDU308.FudanCraft D/cocos2d-x debug info: SocketClient: Finish writing data
07-03 18:35:55.498 5721-5791/com.FDU308.FudanCraft D/cocos2d-x debug info: UnitManager: Send Message via SocketClient Success
07-03 18:35:55.498 5721-5791/com.FDU308.FudanCraft D/cocos2d-x debug info: SocketClient: Start to read data
07-03 18:35:55.498 5721-5791/com.FDU308.FudanCraft D/cocos2d-x debug info: SocketClient: No error detected
07-03 18:35:55.499 5721-6232/com.FDU308.FudanCraft A/libc: Invalid address 0xf3e817f8 passed to free: invalid page index
07-03 18:35:55.499 5721-5791/com.FDU308.FudanCraft D/cocos2d-x debug info: SocketClient: Get data success
07-03 18:35:55.499 5721-5791/com.FDU308.FudanCraft D/cocos2d-x debug info: SocketClient: Unlock resource completed
07-03 18:35:55.499 5721-5791/com.FDU308.FudanCraft D/cocos2d-x debug info: SocketClient: Finished in reading data
07-03 18:35:55.499 5721-5791/com.FDU308.FudanCraft D/cocos2d-x debug info: UnitManager: Receive Message via SocketClient Success
07-03 18:35:55.499 5721-5791/com.FDU308.FudanCraft A/libc: Invalid address 0xf3e817f8 passed to free: invalid page index
07-03 18:35:55.580 5721-5791/com.FDU308.FudanCraft D/cocos2d-x debug info: UnitManager: Call Protobuf Success
07-03 18:35:55.581 5721-5791/com.FDU308.FudanCraft D/cocos2d-x debug info: SocketClient: Start to write data
07-03 18:35:55.581 5721-5791/com.FDU308.FudanCraft D/cocos2d-x debug info: SocketClient: Complete in encoding data
07-03 18:35:55.581 5721-5791/com.FDU308.FudanCraft D/cocos2d-x debug info: SocketClient: Finish writing data
07-03 18:35:55.581 5721-5791/com.FDU308.FudanCraft D/cocos2d-x debug info: UnitManager: Send Message via SocketClient Success
07-03 18:35:55.581 5721-5791/com.FDU308.FudanCraft D/cocos2d-x debug info: SocketClient: Start to read data
07-03 18:35:55.581 5721-5791/com.FDU308.FudanCraft D/cocos2d-x debug info: SocketClient: No error detected
07-03 18:35:55.581 5721-6232/com.FDU308.FudanCraft A/libc: Invalid address 0xf3e817f8 passed to free: invalid page index
07-03 18:35:55.582 5721-5791/com.FDU308.FudanCraft D/cocos2d-x debug info: SocketClient: Get data success
07-03 18:35:55.582 5721-5791/com.FDU308.FudanCraft D/cocos2d-x debug info: SocketClient: Unlock resource completed
07-03 18:35:55.582 5721-5791/com.FDU308.FudanCraft D/cocos2d-x debug info: SocketClient: Finished in reading data
07-03 18:35:55.582 5721-5791/com.FDU308.FudanCraft D/cocos2d-x debug info: UnitManager: Receive Message via SocketClient Success
07-03 18:35:55.582 5721-5791/com.FDU308.FudanCraft A/libc: Invalid address 0xf3e817f8 passed to free: invalid page index
07-03 18:35:55.662 5721-5791/com.FDU308.FudanCraft D/cocos2d-x debug info: UnitManager: Call Protobuf Success
07-03 18:35:55.662 5721-5791/com.FDU308.FudanCraft D/cocos2d-x debug info: SocketClient: Start to write data
07-03 18:35:55.662 5721-5791/com.FDU308.FudanCraft D/cocos2d-x debug info: SocketClient: Complete in encoding data
07-03 18:35:55.662 5721-5791/com.FDU308.FudanCraft D/cocos2d-x debug info: SocketClient: Finish writing data
07-03 18:35:55.663 5721-5791/com.FDU308.FudanCraft D/cocos2d-x debug info: UnitManager: Send Message via SocketClient Success
07-03 18:35:55.663 5721-5791/com.FDU308.FudanCraft D/cocos2d-x debug info: SocketClient: Start to read data
07-03 18:35:55.663 5721-5791/com.FDU308.FudanCraft D/cocos2d-x debug info: SocketClient: No error detected
07-03 18:35:55.663 5721-6232/com.FDU308.FudanCraft A/libc: Invalid address 0xf3e817f8 passed to free: invalid page index
07-03 18:35:55.663 5721-5791/com.FDU308.FudanCraft D/cocos2d-x debug info: SocketClient: Get data success
07-03 18:35:55.663 5721-5791/com.FDU308.FudanCraft D/cocos2d-x debug info: SocketClient: Unlock resource completed
07-03 18:35:55.663 5721-5791/com.FDU308.FudanCraft D/cocos2d-x debug info: SocketClient: Finished in reading data
07-03 18:35:55.663 5721-5791/com.FDU308.FudanCraft D/cocos2d-x debug info: UnitManager: Receive Message via SocketClient Success
07-03 18:35:55.663 5721-5791/com.FDU308.FudanCraft A/libc: Invalid address 0xf3e817f8 passed to free: invalid page index
07-03 18:35:55.743 5721-5791/com.FDU308.FudanCraft D/cocos2d-x debug info: UnitManager: Call Protobuf Success
07-03 18:35:55.743 5721-5791/com.FDU308.FudanCraft D/cocos2d-x debug info: SocketClient: Start to write data
07-03 18:35:55.743 5721-5791/com.FDU308.FudanCraft D/cocos2d-x debug info: SocketClient: Complete in encoding data
07-03 18:35:55.743 5721-5791/com.FDU308.FudanCraft D/cocos2d-x debug info: SocketClient: Finish writing data
07-03 18:35:55.743 5721-5791/com.FDU308.FudanCraft D/cocos2d-x debug info: UnitManager: Send Message via SocketClient Success
07-03 18:35:55.743 5721-5791/com.FDU308.FudanCraft D/cocos2d-x debug info: SocketClient: Start to read data
07-03 18:35:55.743 5721-5791/com.FDU308.FudanCraft D/cocos2d-x debug info: SocketClient: No error detected
07-03 18:35:55.743 5721-6232/com.FDU308.FudanCraft A/libc: Invalid address 0xf3e817f8 passed to free: invalid page index
07-03 18:35:55.744 5721-5791/com.FDU308.FudanCraft D/cocos2d-x debug info: SocketClient: Get data success
07-03 18:35:55.744 5721-5791/com.FDU308.FudanCraft D/cocos2d-x debug info: SocketClient: Unlock resource completed
07-03 18:35:55.744 5721-5791/com.FDU308.FudanCraft D/cocos2d-x debug info: SocketClient: Finished in reading data
07-03 18:35:55.744 5721-5791/com.FDU308.FudanCraft D/cocos2d-x debug info: UnitManager: Receive Message via SocketClient Success
07-03 18:35:55.744 5721-5791/com.FDU308.FudanCraft A/libc: Invalid address 0xf3e817f8 passed to free: invalid page index
07-03 18:35:55.825 5721-5791/com.FDU308.FudanCraft D/cocos2d-x debug info: UnitManager: Call Protobuf Success
07-03 18:35:55.825 5721-5791/com.FDU308.FudanCraft D/cocos2d-x debug info: SocketClient: Start to write data
07-03 18:35:55.825 5721-5791/com.FDU308.FudanCraft D/cocos2d-x debug info: SocketClient: Complete in encoding data
07-03 18:35:55.825 5721-5791/com.FDU308.FudanCraft D/cocos2d-x debug info: SocketClient: Finish writing data
07-03 18:35:55.825 5721-5791/com.FDU308.FudanCraft D/cocos2d-x debug info: UnitManager: Send Message via SocketClient Success
07-03 18:35:55.825 5721-5791/com.FDU308.FudanCraft D/cocos2d-x debug info: SocketClient: Start to read data
07-03 18:35:55.825 5721-5791/com.FDU308.FudanCraft D/cocos2d-x debug info: SocketClient: No error detected
07-03 18:35:55.826 5721-6232/com.FDU308.FudanCraft A/libc: Invalid address 0xf3e817f8 passed to free: invalid page index
07-03 18:35:55.826 5721-5791/com.FDU308.FudanCraft D/cocos2d-x debug info: SocketClient: Get data success
07-03 18:35:55.826 5721-5791/com.FDU308.FudanCraft D/cocos2d-x debug info: SocketClient: Unlock resource completed
07-03 18:35:55.826 5721-5791/com.FDU308.FudanCraft D/cocos2d-x debug info: SocketClient: Finished in reading data
07-03 18:35:55.826 5721-5791/com.FDU308.FudanCraft D/cocos2d-x debug info: UnitManager: Receive Message via SocketClient Success
07-03 18:35:55.826 5721-5791/com.FDU308.FudanCraft A/libc: Invalid address 0xf3e817f8 passed to free: invalid page index
07-03 18:35:55.908 5721-5791/com.FDU308.FudanCraft D/cocos2d-x debug info: UnitManager: Call Protobuf Success
07-03 18:35:55.908 5721-5791/com.FDU308.FudanCraft D/cocos2d-x debug info: SocketClient: Start to write data
07-03 18:35:55.908 5721-5791/com.FDU308.FudanCraft D/cocos2d-x debug info: SocketClient: Complete in encoding data
07-03 18:35:55.909 5721-5791/com.FDU308.FudanCraft D/cocos2d-x debug info: SocketClient: Finish writing data
07-03 18:35:55.909 5721-5791/com.FDU308.FudanCraft D/cocos2d-x debug info: UnitManager: Send Message via SocketClient Success
07-03 18:35:55.909 5721-6232/com.FDU308.FudanCraft A/libc: Invalid address 0xf3e817f8 passed to free: invalid page index
07-03 18:35:55.909 5721-5791/com.FDU308.FudanCraft D/cocos2d-x debug info: SocketClient: Start to read data
07-03 18:35:55.913 5721-5791/com.FDU308.FudanCraft D/cocos2d-x debug info: SocketClient: No error detected
07-03 18:35:55.913 5721-5791/com.FDU308.FudanCraft D/cocos2d-x debug info: SocketClient: Get data success
07-03 18:35:55.913 5721-5791/com.FDU308.FudanCraft D/cocos2d-x debug info: SocketClient: Unlock resource completed
07-03 18:35:55.913 5721-5791/com.FDU308.FudanCraft D/cocos2d-x debug info: SocketClient: Finished in reading data
07-03 18:35:55.913 5721-5791/com.FDU308.FudanCraft D/cocos2d-x debug info: UnitManager: Receive Message via SocketClient Success
07-03 18:35:55.913 5721-5791/com.FDU308.FudanCraft A/libc: Invalid address 0xf3e817f8 passed to free: invalid page index
07-03 18:35:55.989 5721-5791/com.FDU308.FudanCraft D/cocos2d-x debug info: UnitManager: Call Protobuf Success
07-03 18:35:55.989 5721-5791/com.FDU308.FudanCraft D/cocos2d-x debug info: SocketClient: Start to write data
07-03 18:35:55.990 5721-5791/com.FDU308.FudanCraft D/cocos2d-x debug info: SocketClient: Complete in encoding data
07-03 18:35:55.990 5721-5791/com.FDU308.FudanCraft D/cocos2d-x debug info: SocketClient: Finish writing data
07-03 18:35:55.990 5721-5791/com.FDU308.FudanCraft D/cocos2d-x debug info: UnitManager: Send Message via SocketClient Success
07-03 18:35:55.990 5721-5791/com.FDU308.FudanCraft D/cocos2d-x debug info: SocketClient: Start to read data
07-03 18:35:55.990 5721-5791/com.FDU308.FudanCraft D/cocos2d-x debug info: SocketClient: No error detected
07-03 18:35:55.990 5721-6232/com.FDU308.FudanCraft A/libc: Invalid address 0xf3e817f8 passed to free: invalid page index
07-03 18:35:55.991 5721-5791/com.FDU308.FudanCraft D/cocos2d-x debug info: SocketClient: Get data success
07-03 18:35:55.991 5721-5791/com.FDU308.FudanCraft D/cocos2d-x debug info: SocketClient: Unlock resource completed
07-03 18:35:55.991 5721-5791/com.FDU308.FudanCraft D/cocos2d-x debug info: SocketClient: Finished in reading data
07-03 18:35:55.991 5721-5791/com.FDU308.FudanCraft D/cocos2d-x debug info: UnitManager: Receive Message via SocketClient Success
07-03 18:35:55.991 5721-5791/com.FDU308.FudanCraft A/libc: Invalid address 0xf3e817f8 passed to free: invalid page index
07-03 18:35:56.071 5721-5791/com.FDU308.FudanCraft D/cocos2d-x debug info: UnitManager: Call Protobuf Success
07-03 18:35:56.071 5721-5791/com.FDU308.FudanCraft D/cocos2d-x debug info: SocketClient: Start to write data
07-03 18:35:56.071 5721-5791/com.FDU308.FudanCraft D/cocos2d-x debug info: SocketClient: Complete in encoding data
07-03 18:35:56.071 5721-5791/com.FDU308.FudanCraft D/cocos2d-x debug info: SocketClient: Finish writing data
07-03 18:35:56.071 5721-5791/com.FDU308.FudanCraft D/cocos2d-x debug info: UnitManager: Send Message via SocketClient Success
07-03 18:35:56.071 5721-5791/com.FDU308.FudanCraft D/cocos2d-x debug info: SocketClient: Start to read data
07-03 18:35:56.071 5721-5791/com.FDU308.FudanCraft D/cocos2d-x debug info: SocketClient: No error detected
07-03 18:35:56.072 5721-6232/com.FDU308.FudanCraft A/libc: Invalid address 0xf3e817f8 passed to free: invalid page index
07-03 18:35:56.072 5721-5791/com.FDU308.FudanCraft D/cocos2d-x debug info: SocketClient: Get data success
07-03 18:35:56.072 5721-5791/com.FDU308.FudanCraft D/cocos2d-x debug info: SocketClient: Unlock resource completed
07-03 18:35:56.072 5721-5791/com.FDU308.FudanCraft D/cocos2d-x debug info: SocketClient: Finished in reading data
07-03 18:35:56.072 5721-5791/com.FDU308.FudanCraft D/cocos2d-x debug info: UnitManager: Receive Message via SocketClient Success
07-03 18:35:56.072 5721-5791/com.FDU308.FudanCraft A/libc: Invalid address 0xf3e817f8 passed to free: invalid page index
07-03 18:35:56.152 5721-5791/com.FDU308.FudanCraft D/cocos2d-x debug info: UnitManager: Call Protobuf Success
07-03 18:35:56.152 5721-5791/com.FDU308.FudanCraft D/cocos2d-x debug info: SocketClient: Start to write data
07-03 18:35:56.152 5721-5791/com.FDU308.FudanCraft D/cocos2d-x debug info: SocketClient: Complete in encoding data
07-03 18:35:56.153 5721-5791/com.FDU308.FudanCraft D/cocos2d-x debug info: SocketClient: Finish writing data
07-03 18:35:56.153 5721-5791/com.FDU308.FudanCraft D/cocos2d-x debug info: UnitManager: Send Message via SocketClient Success
07-03 18:35:56.153 5721-5791/com.FDU308.FudanCraft D/cocos2d-x debug info: SocketClient: Start to read data
07-03 18:35:56.153 5721-5791/com.FDU308.FudanCraft D/cocos2d-x debug info: SocketClient: No error detected
07-03 18:35:56.153 5721-6232/com.FDU308.FudanCraft A/libc: Invalid address 0xf3e817f8 passed to free: invalid page index
07-03 18:35:56.154 5721-5791/com.FDU308.FudanCraft D/cocos2d-x debug info: SocketClient: Get data success
07-03 18:35:56.154 5721-5791/com.FDU308.FudanCraft D/cocos2d-x debug info: SocketClient: Unlock resource completed
07-03 18:35:56.154 5721-5791/com.FDU308.FudanCraft D/cocos2d-x debug info: SocketClient: Finished in reading data
07-03 18:35:56.154 5721-5791/com.FDU308.FudanCraft D/cocos2d-x debug info: UnitManager: Receive Message via SocketClient Success
07-03 18:35:56.154 5721-5791/com.FDU308.FudanCraft A/libc: Invalid address 0xf3e817f8 passed to free: invalid page index
07-03 18:35:56.235 5721-5791/com.FDU308.FudanCraft D/cocos2d-x debug info: UnitManager: Call Protobuf Success
07-03 18:35:56.235 5721-5791/com.FDU308.FudanCraft D/cocos2d-x debug info: SocketClient: Start to write data
07-03 18:35:56.235 5721-5791/com.FDU308.FudanCraft D/cocos2d-x debug info: SocketClient: Complete in encoding data
07-03 18:35:56.235 5721-5791/com.FDU308.FudanCraft D/cocos2d-x debug info: SocketClient: Finish writing data
07-03 18:35:56.235 5721-5791/com.FDU308.FudanCraft D/cocos2d-x debug info: UnitManager: Send Message via SocketClient Success
07-03 18:35:56.235 5721-5791/com.FDU308.FudanCraft D/cocos2d-x debug info: SocketClient: Start to read data
07-03 18:35:56.235 5721-5791/com.FDU308.FudanCraft D/cocos2d-x debug info: SocketClient: No error detected
07-03 18:35:56.236 5721-6232/com.FDU308.FudanCraft A/libc: Invalid address 0xf3e817f8 passed to free: invalid page index
07-03 18:35:56.236 5721-5791/com.FDU308.FudanCraft D/cocos2d-x debug info: SocketClient: Get data success
07-03 18:35:56.236 5721-5791/com.FDU308.FudanCraft D/cocos2d-x debug info: SocketClient: Unlock resource completed
07-03 18:35:56.236 5721-5791/com.FDU308.FudanCraft D/cocos2d-x debug info: SocketClient: Finished in reading data
