07-03 20:10:08.067 18309-18309/? I/art: Late-enabling -Xcheck:jni
07-03 20:10:08.089 18309-18309/? D/TidaProvider: TidaProvider()
07-03 20:10:08.096 18309-18309/? V/BoostFramework: mAcquireFunc method = public int com.qualcomm.qti.Performance.perfLockAcquire(int,int[])
07-03 20:10:08.096 18309-18309/? V/BoostFramework: mReleaseFunc method = public int com.qualcomm.qti.Performance.perfLockRelease()
07-03 20:10:08.096 18309-18309/? V/BoostFramework: mAcquireTouchFunc method = public int com.qualcomm.qti.Performance.perfLockAcquireTouch(android.view.MotionEvent,android.util.DisplayMetrics,int,int[])
07-03 20:10:08.097 18309-18309/? V/BoostFramework: mIOPStart method = public int com.qualcomm.qti.Performance.perfIOPrefetchStart(int,java.lang.String)
07-03 20:10:08.097 18309-18309/? V/BoostFramework: mIOPStop method = public int com.qualcomm.qti.Performance.perfIOPrefetchStop()
07-03 20:10:08.098 18309-18309/? V/BoostFramework: BoostFramework() : mPerf = com.qualcomm.qti.Performance@249ac42
07-03 20:10:08.172 18309-18309/com.FDU308.FudanCraft W/ActivityThread: Application com.FDU308.FudanCraft is waiting for the debugger on port 8100...
07-03 20:10:08.172 18309-18309/com.FDU308.FudanCraft I/System.out: Sending WAIT chunk
07-03 20:10:35.125 18309-18315/com.FDU308.FudanCraft I/art: Debugger is active
07-03 20:10:35.299 18309-18309/com.FDU308.FudanCraft I/System.out: Debugger has connected
07-03 20:10:35.300 18309-18309/com.FDU308.FudanCraft I/System.out: waiting for debugger to settle...
07-03 20:10:35.501 18309-18309/com.FDU308.FudanCraft I/System.out: waiting for debugger to settle...
07-03 20:10:35.701 18309-18309/com.FDU308.FudanCraft I/System.out: waiting for debugger to settle...
07-03 20:10:35.902 18309-18309/com.FDU308.FudanCraft I/System.out: waiting for debugger to settle...
07-03 20:10:36.103 18309-18309/com.FDU308.FudanCraft I/System.out: waiting for debugger to settle...
07-03 20:10:36.304 18309-18309/com.FDU308.FudanCraft I/System.out: waiting for debugger to settle...
07-03 20:10:36.505 18309-18309/com.FDU308.FudanCraft I/System.out: waiting for debugger to settle...
07-03 20:10:36.705 18309-18309/com.FDU308.FudanCraft I/System.out: waiting for debugger to settle...
07-03 20:10:36.907 18309-18309/com.FDU308.FudanCraft I/System.out: debugger has settled (1389)
07-03 20:10:48.140 18309-18309/com.FDU308.FudanCraft D/JniHelper: JniHelper::setJavaVM(0xf53fc000), pthread_self() = -144299212
07-03 20:10:48.141 18309-18309/com.FDU308.FudanCraft D/main: cocos_android_app_init
07-03 20:10:48.143 18309-18309/com.FDU308.FudanCraft D/Cocos2dxHelper: isSupportLowLatency:false
07-03 20:10:48.152 18309-18309/com.FDU308.FudanCraft D/Cocos2dxHelper: sampleRate: 48000, framesPerBuffer: 192
07-03 20:10:48.152 18309-18309/com.FDU308.FudanCraft D/Java_org_cocos2dx_lib_Cocos2dxHelper.cpp: nativeSetAudioDeviceInfo: sampleRate: 48000, bufferSizeInFrames: 192
07-03 20:10:48.825 18309-18309/com.FDU308.FudanCraft D/Cocos2dxActivity: model=MI 5s Plus
07-03 20:10:48.825 18309-18309/com.FDU308.FudanCraft D/Cocos2dxActivity: product=natrium
07-03 20:10:48.825 18309-18309/com.FDU308.FudanCraft D/Cocos2dxActivity: isEmulator=false
07-03 20:10:48.830 18309-18309/com.FDU308.FudanCraft D/EngineDataManager.cpp: nativeSetSupportOptimization: 0
07-03 20:10:48.830 18309-18309/com.FDU308.FudanCraft D/Cocos2dxActivity: onResume()
07-03 20:10:48.840 18309-18309/com.FDU308.FudanCraft D/ActivityThreadInjector: clearCachedDrawables.
07-03 20:10:48.884 18309-19135/com.FDU308.FudanCraft I/Adreno: QUALCOMM build                   : 9438ceb, I0ac3940325
                                                               Build Date                       : 10/26/16
                                                               OpenGL ES Shader Compiler Version: XE031.09.00.03
                                                               Local Branch                     : 
                                                               Remote Branch                    : 
                                                               Remote Branch                    : 
                                                               Reconstruct Branch               : 
07-03 20:10:48.897 18309-19135/com.FDU308.FudanCraft D/cocos2d-x debug info: {
                                                                             	gl.supports_OES_packed_depth_stencil: true
                                                                             	gl.supports_vertex_array_object: true
                                                                             	gl.supports_BGRA8888: false
                                                                             	gl.supports_ATITC: true
                                                                             	gl.supports_S3TC: false
                                                                             	cocos2d.x.version: cocos2d-x-3.15.1
                                                                             	gl.supports_discard_framebuffer: true
                                                                             	cocos2d.x.compiled_with_profiler: false
                                                                             	gl.supports_PVRTC: false
                                                                             	cocos2d.x.build_type: DEBUG
                                                                             	gl.renderer: Adreno (TM) 530
                                                                             	gl.supports_OES_depth24: true
                                                                             	gl.supports_ETC1: true
                                                                             	gl.supports_OES_map_buffer: false
                                                                             	cocos2d.x.compiled_with_gl_state_cache: true
                                                                             	gl.version: OpenGL ES 3.2 V@145.0 (GIT@I0ac3940325)
                                                                             	gl.supports_NPOT: true
                                                                             	gl.max_texture_units: 96
                                                                             	gl.vendor: Qualcomm
                                                                             	gl.max_texture_size: 16384
                                                                             }
07-03 20:10:48.899 18309-19135/com.FDU308.FudanCraft D/EngineDataManager.cpp: setAnimationInterval by game: 0.0167
07-03 20:10:48.899 18309-19135/com.FDU308.FudanCraft D/EngineDataManager.cpp: JNI setAnimationInterval: 0.016667
07-03 20:10:48.913 18309-18309/com.FDU308.FudanCraft V/BoostFramework: BoostFramework() : mPerf = com.qualcomm.qti.Performance@96fdbd5
07-03 20:10:48.915 18309-18309/com.FDU308.FudanCraft D/Cocos2dxActivity: onWindowFocusChanged() hasFocus=true
07-03 20:10:49.301 18309-19135/com.FDU308.FudanCraft D/cocos2d-x debug info: create rendererRecreatedListener for GLProgramState
07-03 20:10:49.302 18309-19135/com.FDU308.FudanCraft D/cocos2d-x debug info: FudanCraft: HelloWorldScene Initialize Begin
07-03 20:10:49.302 18309-19135/com.FDU308.FudanCraft D/cocos2d-x debug info: cocos2d: fullPathForFilename: No file found at BackgroundPanel.png. Possible missing file.
07-03 20:10:49.302 18309-19135/com.FDU308.FudanCraft D/cocos2d-x debug info: FudanCraft: HelloWorldScene Read First Resource at Root Directory Fail
07-03 20:10:49.341 18309-19135/com.FDU308.FudanCraft D/cocos2d-x debug info: create rendererRecreatedListener for GLProgramState
07-03 20:10:49.341 18309-19135/com.FDU308.FudanCraft D/cocos2d-x debug info: FudanCraft: HelloWorldScene Read First Resource Success
07-03 20:10:49.341 18309-19135/com.FDU308.FudanCraft D/cocos2d-x debug info: FudanCraft: Set Position Success
07-03 20:10:49.341 18309-19135/com.FDU308.FudanCraft D/cocos2d-x debug info: FudanCraft: Set Scale Success
07-03 20:10:49.341 18309-19135/com.FDU308.FudanCraft D/cocos2d-x debug info: FudanCraft: Trying to Add Child
07-03 20:10:49.341 18309-19135/com.FDU308.FudanCraft D/cocos2d-x debug info: FudanCraft: Add First Child Success
07-03 20:10:49.346 18309-19135/com.FDU308.FudanCraft D/cocos2d-x debug info: FudanCraft: Create First Sprite Success
07-03 20:10:49.355 18309-19135/com.FDU308.FudanCraft D/cocos2d-x debug info: FudanCraft: HelloWorldScene Read Many Resources Success
07-03 20:10:49.355 18309-19135/com.FDU308.FudanCraft D/cocos2d-x debug info: FudanCraft: Trying to Preload Audio
07-03 20:10:49.355 18309-19135/com.FDU308.FudanCraft D/cocos2d: android SDK version:23
07-03 20:10:49.356 18309-19135/com.FDU308.FudanCraft E/ExtMediaPlayer-JNI: env->IsInstanceOf fails
07-03 20:10:49.356 18309-19135/com.FDU308.FudanCraft E/MediaPlayer-JNI: JNIMediaPlayerFactory: bIsQCMediaPlayerPresent 0
07-03 20:10:49.356 18309-19135/com.FDU308.FudanCraft E/ExtMediaPlayer-JNI: env->IsInstanceOf fails
07-03 20:10:49.356 18309-19135/com.FDU308.FudanCraft E/MediaPlayer-JNI: JNIMediaPlayerFactory: bIsQCMediaPlayerPresent 0
07-03 20:10:49.380 18309-19135/com.FDU308.FudanCraft D/MediaPlayer: setSubtitleAnchor in MediaPlayer
07-03 20:10:49.380 18309-18309/com.FDU308.FudanCraft D/MediaPlayer: setSubtitleAnchor in MediaPlayer
07-03 20:10:49.388 18309-19135/com.FDU308.FudanCraft E/ExtMediaPlayer-JNI: env->IsInstanceOf fails
07-03 20:10:49.388 18309-19135/com.FDU308.FudanCraft E/MediaPlayer-JNI: JNIMediaPlayerFactory: bIsQCMediaPlayerPresent 0
07-03 20:10:49.388 18309-19135/com.FDU308.FudanCraft E/ExtMediaPlayer-JNI: env->IsInstanceOf fails
07-03 20:10:49.388 18309-19135/com.FDU308.FudanCraft E/MediaPlayer-JNI: JNIMediaPlayerFactory: bIsQCMediaPlayerPresent 0
07-03 20:10:49.406 18309-19135/com.FDU308.FudanCraft D/MediaPlayer: setSubtitleAnchor in MediaPlayer
07-03 20:10:49.406 18309-18309/com.FDU308.FudanCraft D/MediaPlayer: setSubtitleAnchor in MediaPlayer
07-03 20:10:49.409 18309-19135/com.FDU308.FudanCraft D/cocos2d-x debug info: FudanCraft: HelloWorldScene Initialize Success
07-03 20:10:49.410 18309-19135/com.FDU308.FudanCraft D/EngineDataManager.cpp: setAnimationInterval by engine: 0.0167
07-03 20:10:49.410 18309-19135/com.FDU308.FudanCraft D/EngineDataManager.cpp: JNI setAnimationInterval: 0.016667
07-03 20:10:49.410 18309-19132/com.FDU308.FudanCraft E/WVMExtractor: Failed to open libwvm.so: dlopen failed: library "libwvm.so" not found
07-03 20:10:50.270 18309-19132/com.FDU308.FudanCraft I/QComExtractorFactory: Sniff: Set key to use qti parser
07-03 20:10:50.273 18309-18315/com.FDU308.FudanCraft W/art: Suspending all threads took: 333.948ms
07-03 20:10:50.274 18309-19132/com.FDU308.FudanCraft W/linker: /system/lib/libffmpeg_avcodec.so: is missing DT_SONAME will use basename as a replacement: "libffmpeg_avcodec.so"
07-03 20:10:51.378 18309-19132/com.FDU308.FudanCraft I/FFmpegExtractor: android-source:0xef18e280
07-03 20:10:51.385 18309-19132/com.FDU308.FudanCraft D/FFmpegExtractor: SniffFFMPEG failed to sniff this source
07-03 20:10:51.386 18309-19132/com.FDU308.FudanCraft I/ExtendedExtractor: QTIParser is prefered
07-03 20:10:51.386 18309-19132/com.FDU308.FudanCraft D/MMParserExtractor: setExtraFlags called with flags 0 for paser instance ef18e2c0
07-03 20:10:51.386 18309-19132/com.FDU308.FudanCraft I/ExtendedExtractor: ExtendedExtractor::create 0xef18e2c0
07-03 20:10:51.386 18309-19132/com.FDU308.FudanCraft I/ExtendedExtractor: ExtendedExtractor::updateExtractor: Use default QTI parser 
07-03 20:10:51.386 18309-19135/com.FDU308.FudanCraft D/cocos2d-x debug info: cocos2d: QuadCommand: resizing index size from [-1] to [2560]
07-03 20:10:51.386 18309-19132/com.FDU308.FudanCraft E/MM_OSAL: FileSource::FileSource
07-03 20:10:51.386 18309-19132/com.FDU308.FudanCraft E/MM_OSAL: FileSource::FileSource m_bEveryThingOK 1
07-03 20:10:51.387 18309-19132/com.FDU308.FudanCraft E/MM_OSAL: MM_File_Create failed .Efs Error No -1 , File Name /data/mmosal_logmask.cfg , Mode 0
07-03 20:10:51.387 18309-19132/com.FDU308.FudanCraft E/MM_OSAL: Open or read fail on /data/mmosal_logmask.cfg. Possible permission denied issue. Looking for /data/misc/media/mmosal_logmask.cfg
07-03 20:10:51.387 18309-19132/com.FDU308.FudanCraft E/MM_OSAL: MM_File_Create failed .Efs Error No -1 , File Name /data/misc/media/mmosal_logmask.cfg , Mode 0
07-03 20:10:51.391 18309-19182/com.FDU308.FudanCraft I/OMXClient: Using client-side OMX mux.
07-03 20:10:52.219 18309-19132/com.FDU308.FudanCraft D/MMParserExtractor: Using default parser out buffer size  = 3000 
07-03 20:10:52.219 18309-19132/com.FDU308.FudanCraft I/MMParserExtractor: MMParserSource::start Allocation buffer size for audio track= 3000 
07-03 20:10:52.933 18309-19132/com.FDU308.FudanCraft E/MM_OSAL: Data is not sufficient to validate AAC
07-03 20:10:52.933 18309-19132/com.FDU308.FudanCraft E/MM_OSAL: ValidateAACFile data not sufficient
07-03 20:10:52.933 18309-19132/com.FDU308.FudanCraft I/QComExtractorFactory: Sniff: Set key to use qti parser
07-03 20:10:52.934 18309-19132/com.FDU308.FudanCraft I/FFmpegExtractor: android-source:0xef18e280
07-03 20:10:52.940 18309-19132/com.FDU308.FudanCraft D/FFmpegExtractor: SniffFFMPEG failed to sniff this source
07-03 20:10:52.940 18309-19132/com.FDU308.FudanCraft I/ExtendedExtractor: QTIParser is prefered
07-03 20:10:52.941 18309-19132/com.FDU308.FudanCraft D/MMParserExtractor: setExtraFlags called with flags 0 for paser instance ef18e2c0
07-03 20:10:52.941 18309-19132/com.FDU308.FudanCraft I/ExtendedExtractor: ExtendedExtractor::create 0xef18e2c0
07-03 20:10:52.941 18309-19132/com.FDU308.FudanCraft I/ExtendedExtractor: ExtendedExtractor::updateExtractor: Use default QTI parser 
07-03 20:10:52.941 18309-19132/com.FDU308.FudanCraft E/MM_OSAL: FileSource::FileSource
07-03 20:10:52.941 18309-19132/com.FDU308.FudanCraft E/MM_OSAL: FileSource::FileSource m_bEveryThingOK 1
07-03 20:10:52.941 18309-19132/com.FDU308.FudanCraft E/MM_OSAL: MM_File_Create failed .Efs Error No -1 , File Name /data/mmosal_logmask.cfg , Mode 0
07-03 20:10:52.941 18309-19132/com.FDU308.FudanCraft E/MM_OSAL: Open or read fail on /data/mmosal_logmask.cfg. Possible permission denied issue. Looking for /data/misc/media/mmosal_logmask.cfg
07-03 20:10:52.941 18309-19132/com.FDU308.FudanCraft E/MM_OSAL: MM_File_Create failed .Efs Error No -1 , File Name /data/misc/media/mmosal_logmask.cfg , Mode 0
07-03 20:10:52.947 18309-19211/com.FDU308.FudanCraft I/OMXClient: Using client-side OMX mux.
07-03 20:10:54.053 18309-19132/com.FDU308.FudanCraft D/MMParserExtractor: Using default parser out buffer size  = 3000 
07-03 20:10:54.053 18309-19132/com.FDU308.FudanCraft I/MMParserExtractor: MMParserSource::start Allocation buffer size for audio track= 3000 
07-03 20:10:55.130 18309-19132/com.FDU308.FudanCraft I/QComExtractorFactory: Sniff: Set key to use qti parser
07-03 20:10:55.131 18309-19132/com.FDU308.FudanCraft I/FFmpegExtractor: android-source:0xef18e280
07-03 20:10:55.144 18309-19132/com.FDU308.FudanCraft D/FFmpegExtractor: SniffFFMPEG failed to sniff this source
07-03 20:10:55.144 18309-19132/com.FDU308.FudanCraft I/ExtendedExtractor: QTIParser is prefered
07-03 20:10:55.144 18309-19132/com.FDU308.FudanCraft D/MMParserExtractor: setExtraFlags called with flags 0 for paser instance ef18e2c0
07-03 20:10:55.145 18309-19132/com.FDU308.FudanCraft I/ExtendedExtractor: ExtendedExtractor::create 0xef18e2c0
07-03 20:10:55.145 18309-19132/com.FDU308.FudanCraft I/ExtendedExtractor: ExtendedExtractor::updateExtractor: Use default QTI parser 
07-03 20:10:55.145 18309-19132/com.FDU308.FudanCraft E/MM_OSAL: FileSource::FileSource
07-03 20:10:55.145 18309-19132/com.FDU308.FudanCraft E/MM_OSAL: FileSource::FileSource m_bEveryThingOK 1
07-03 20:10:55.145 18309-19132/com.FDU308.FudanCraft E/MM_OSAL: MM_File_Create failed .Efs Error No -1 , File Name /data/mmosal_logmask.cfg , Mode 0
07-03 20:10:55.146 18309-19132/com.FDU308.FudanCraft E/MM_OSAL: Open or read fail on /data/mmosal_logmask.cfg. Possible permission denied issue. Looking for /data/misc/media/mmosal_logmask.cfg
07-03 20:10:55.146 18309-19132/com.FDU308.FudanCraft E/MM_OSAL: MM_File_Create failed .Efs Error No -1 , File Name /data/misc/media/mmosal_logmask.cfg , Mode 0
07-03 20:10:55.154 18309-19250/com.FDU308.FudanCraft I/OMXClient: Using client-side OMX mux.
07-03 20:10:56.219 18309-19132/com.FDU308.FudanCraft D/MMParserExtractor: Using default parser out buffer size  = 3000 
07-03 20:10:56.220 18309-19132/com.FDU308.FudanCraft I/MMParserExtractor: MMParserSource::start Allocation buffer size for audio track= 3000 
07-03 20:10:57.351 18309-19132/com.FDU308.FudanCraft I/QComExtractorFactory: Sniff: Set key to use qti parser
07-03 20:10:57.352 18309-19132/com.FDU308.FudanCraft I/FFmpegExtractor: android-source:0xef18e280
07-03 20:10:57.356 18309-19132/com.FDU308.FudanCraft D/FFmpegExtractor: SniffFFMPEG failed to sniff this source
07-03 20:10:57.357 18309-19132/com.FDU308.FudanCraft I/ExtendedExtractor: QTIParser is prefered
07-03 20:10:57.357 18309-19132/com.FDU308.FudanCraft D/MMParserExtractor: setExtraFlags called with flags 0 for paser instance ef18e2c0
07-03 20:10:57.357 18309-19132/com.FDU308.FudanCraft I/ExtendedExtractor: ExtendedExtractor::create 0xef18e2c0
07-03 20:10:57.357 18309-19132/com.FDU308.FudanCraft I/ExtendedExtractor: ExtendedExtractor::updateExtractor: Use default QTI parser 
07-03 20:10:57.357 18309-19132/com.FDU308.FudanCraft E/MM_OSAL: FileSource::FileSource
07-03 20:10:57.357 18309-19132/com.FDU308.FudanCraft E/MM_OSAL: FileSource::FileSource m_bEveryThingOK 1
07-03 20:10:57.357 18309-19132/com.FDU308.FudanCraft E/MM_OSAL: MM_File_Create failed .Efs Error No -1 , File Name /data/mmosal_logmask.cfg , Mode 0
07-03 20:10:57.357 18309-19132/com.FDU308.FudanCraft E/MM_OSAL: Open or read fail on /data/mmosal_logmask.cfg. Possible permission denied issue. Looking for /data/misc/media/mmosal_logmask.cfg
07-03 20:10:57.357 18309-19132/com.FDU308.FudanCraft E/MM_OSAL: MM_File_Create failed .Efs Error No -1 , File Name /data/misc/media/mmosal_logmask.cfg , Mode 0
07-03 20:10:57.362 18309-19287/com.FDU308.FudanCraft I/OMXClient: Using client-side OMX mux.
07-03 20:10:58.273 18309-19132/com.FDU308.FudanCraft D/MMParserExtractor: Using default parser out buffer size  = 3000 
07-03 20:10:58.273 18309-19132/com.FDU308.FudanCraft I/MMParserExtractor: MMParserSource::start Allocation buffer size for audio track= 3000 
07-03 20:10:59.248 18309-19132/com.FDU308.FudanCraft I/QComExtractorFactory: Sniff: Set key to use qti parser
07-03 20:10:59.248 18309-19132/com.FDU308.FudanCraft I/FFmpegExtractor: android-source:0xef18e280
07-03 20:10:59.261 18309-19132/com.FDU308.FudanCraft D/FFmpegExtractor: SniffFFMPEG failed to sniff this source
07-03 20:10:59.261 18309-19132/com.FDU308.FudanCraft I/ExtendedExtractor: QTIParser is prefered
07-03 20:10:59.262 18309-19132/com.FDU308.FudanCraft D/MMParserExtractor: setExtraFlags called with flags 0 for paser instance ef18e2c0
07-03 20:10:59.262 18309-19132/com.FDU308.FudanCraft I/ExtendedExtractor: ExtendedExtractor::create 0xef18e2c0
07-03 20:10:59.262 18309-19132/com.FDU308.FudanCraft I/ExtendedExtractor: ExtendedExtractor::updateExtractor: Use default QTI parser 
07-03 20:10:59.262 18309-19132/com.FDU308.FudanCraft E/MM_OSAL: FileSource::FileSource
07-03 20:10:59.262 18309-19132/com.FDU308.FudanCraft E/MM_OSAL: FileSource::FileSource m_bEveryThingOK 1
07-03 20:10:59.262 18309-19132/com.FDU308.FudanCraft E/MM_OSAL: MM_File_Create failed .Efs Error No -1 , File Name /data/mmosal_logmask.cfg , Mode 0
07-03 20:10:59.262 18309-19132/com.FDU308.FudanCraft E/MM_OSAL: Open or read fail on /data/mmosal_logmask.cfg. Possible permission denied issue. Looking for /data/misc/media/mmosal_logmask.cfg
07-03 20:10:59.262 18309-19132/com.FDU308.FudanCraft E/MM_OSAL: MM_File_Create failed .Efs Error No -1 , File Name /data/misc/media/mmosal_logmask.cfg , Mode 0
07-03 20:10:59.265 18309-19322/com.FDU308.FudanCraft I/OMXClient: Using client-side OMX mux.
07-03 20:11:00.502 18309-19132/com.FDU308.FudanCraft D/MMParserExtractor: Using default parser out buffer size  = 3000 
07-03 20:11:00.502 18309-19132/com.FDU308.FudanCraft I/MMParserExtractor: MMParserSource::start Allocation buffer size for audio track= 3000 
07-03 20:11:01.848 18309-19132/com.FDU308.FudanCraft I/QComExtractorFactory: Sniff: Set key to use qti parser
07-03 20:11:01.848 18309-19132/com.FDU308.FudanCraft I/FFmpegExtractor: android-source:0xef18e280
07-03 20:11:01.857 18309-19132/com.FDU308.FudanCraft D/FFmpegExtractor: SniffFFMPEG failed to sniff this source
07-03 20:11:01.857 18309-19132/com.FDU308.FudanCraft I/ExtendedExtractor: QTIParser is prefered
07-03 20:11:01.857 18309-19132/com.FDU308.FudanCraft D/MMParserExtractor: setExtraFlags called with flags 0 for paser instance ef18e2c0
07-03 20:11:01.857 18309-19132/com.FDU308.FudanCraft I/ExtendedExtractor: ExtendedExtractor::create 0xef18e2c0
07-03 20:11:01.857 18309-19132/com.FDU308.FudanCraft I/ExtendedExtractor: ExtendedExtractor::updateExtractor: Use default QTI parser 
07-03 20:11:01.857 18309-19132/com.FDU308.FudanCraft E/MM_OSAL: FileSource::FileSource
07-03 20:11:01.858 18309-19132/com.FDU308.FudanCraft E/MM_OSAL: FileSource::FileSource m_bEveryThingOK 1
07-03 20:11:01.858 18309-19132/com.FDU308.FudanCraft E/MM_OSAL: MM_File_Create failed .Efs Error No -1 , File Name /data/mmosal_logmask.cfg , Mode 0
07-03 20:11:01.858 18309-19132/com.FDU308.FudanCraft E/MM_OSAL: Open or read fail on /data/mmosal_logmask.cfg. Possible permission denied issue. Looking for /data/misc/media/mmosal_logmask.cfg
07-03 20:11:01.858 18309-19132/com.FDU308.FudanCraft E/MM_OSAL: MM_File_Create failed .Efs Error No -1 , File Name /data/misc/media/mmosal_logmask.cfg , Mode 0
07-03 20:11:01.862 18309-19364/com.FDU308.FudanCraft I/OMXClient: Using client-side OMX mux.
07-03 20:11:03.349 18309-19132/com.FDU308.FudanCraft D/MMParserExtractor: Using default parser out buffer size  = 3000 
07-03 20:11:03.349 18309-19132/com.FDU308.FudanCraft I/MMParserExtractor: MMParserSource::start Allocation buffer size for audio track= 3000 
07-03 20:11:04.654 18309-19132/com.FDU308.FudanCraft I/QComExtractorFactory: Sniff: Set key to use qti parser
07-03 20:11:04.655 18309-19132/com.FDU308.FudanCraft I/FFmpegExtractor: android-source:0xef18e280
07-03 20:11:04.673 18309-19132/com.FDU308.FudanCraft D/FFmpegExtractor: SniffFFMPEG failed to sniff this source
07-03 20:11:04.673 18309-19132/com.FDU308.FudanCraft I/ExtendedExtractor: QTIParser is prefered
07-03 20:11:04.673 18309-19132/com.FDU308.FudanCraft D/MMParserExtractor: setExtraFlags called with flags 0 for paser instance ef18e2c0
07-03 20:11:04.673 18309-19132/com.FDU308.FudanCraft I/ExtendedExtractor: ExtendedExtractor::create 0xef18e2c0
07-03 20:11:04.673 18309-19132/com.FDU308.FudanCraft I/ExtendedExtractor: ExtendedExtractor::updateExtractor: Use default QTI parser 
07-03 20:11:04.673 18309-19132/com.FDU308.FudanCraft E/MM_OSAL: FileSource::FileSource
07-03 20:11:04.673 18309-19132/com.FDU308.FudanCraft E/MM_OSAL: FileSource::FileSource m_bEveryThingOK 1
07-03 20:11:04.674 18309-19132/com.FDU308.FudanCraft E/MM_OSAL: MM_File_Create failed .Efs Error No -1 , File Name /data/mmosal_logmask.cfg , Mode 0
07-03 20:11:04.674 18309-19132/com.FDU308.FudanCraft E/MM_OSAL: Open or read fail on /data/mmosal_logmask.cfg. Possible permission denied issue. Looking for /data/misc/media/mmosal_logmask.cfg
07-03 20:11:04.674 18309-19132/com.FDU308.FudanCraft E/MM_OSAL: MM_File_Create failed .Efs Error No -1 , File Name /data/misc/media/mmosal_logmask.cfg , Mode 0
07-03 20:11:04.680 18309-19408/com.FDU308.FudanCraft I/OMXClient: Using client-side OMX mux.
07-03 20:11:05.850 18309-19132/com.FDU308.FudanCraft D/MMParserExtractor: Using default parser out buffer size  = 3000 
07-03 20:11:05.851 18309-19132/com.FDU308.FudanCraft I/MMParserExtractor: MMParserSource::start Allocation buffer size for audio track= 3000 
07-03 20:11:07.213 18309-19132/com.FDU308.FudanCraft I/QComExtractorFactory: Sniff: Set key to use qti parser
07-03 20:11:07.213 18309-19132/com.FDU308.FudanCraft I/FFmpegExtractor: android-source:0xef18e280
07-03 20:11:07.225 18309-19132/com.FDU308.FudanCraft D/FFmpegExtractor: SniffFFMPEG failed to sniff this source
07-03 20:11:07.225 18309-19132/com.FDU308.FudanCraft I/ExtendedExtractor: QTIParser is prefered
07-03 20:11:07.225 18309-19132/com.FDU308.FudanCraft D/MMParserExtractor: setExtraFlags called with flags 0 for paser instance ef18e2c0
07-03 20:11:07.226 18309-19132/com.FDU308.FudanCraft I/ExtendedExtractor: ExtendedExtractor::create 0xef18e2c0
07-03 20:11:07.226 18309-19132/com.FDU308.FudanCraft I/ExtendedExtractor: ExtendedExtractor::updateExtractor: Use default QTI parser 
07-03 20:11:07.226 18309-19132/com.FDU308.FudanCraft E/MM_OSAL: FileSource::FileSource
07-03 20:11:07.226 18309-19132/com.FDU308.FudanCraft E/MM_OSAL: FileSource::FileSource m_bEveryThingOK 1
07-03 20:11:07.226 18309-19132/com.FDU308.FudanCraft E/MM_OSAL: MM_File_Create failed .Efs Error No -1 , File Name /data/mmosal_logmask.cfg , Mode 0
07-03 20:11:07.226 18309-19132/com.FDU308.FudanCraft E/MM_OSAL: Open or read fail on /data/mmosal_logmask.cfg. Possible permission denied issue. Looking for /data/misc/media/mmosal_logmask.cfg
07-03 20:11:07.226 18309-19132/com.FDU308.FudanCraft E/MM_OSAL: MM_File_Create failed .Efs Error No -1 , File Name /data/misc/media/mmosal_logmask.cfg , Mode 0
07-03 20:11:07.231 18309-19445/com.FDU308.FudanCraft I/OMXClient: Using client-side OMX mux.
07-03 20:11:08.544 18309-19132/com.FDU308.FudanCraft D/MMParserExtractor: Using default parser out buffer size  = 3000 
07-03 20:11:08.545 18309-19132/com.FDU308.FudanCraft I/MMParserExtractor: MMParserSource::start Allocation buffer size for audio track= 3000 
07-03 20:11:21.474 18309-19135/com.FDU308.FudanCraft D/cocos2d-x debug info: server button pressed
07-03 20:11:21.475 18309-19135/com.FDU308.FudanCraft D/cocos2d-x debug info: FudanCraft: Trying to Load InputPort.png
                                                                             
                                                                             
                                                                             [ 07-03 20:11:21.477 18309:19135 E/         ]
                                                                             scaleX = 0.940767
07-03 20:11:21.478 18309-19135/com.FDU308.FudanCraft D/cocos2d-x debug info: cocos2d: fullPathForFilename: No file found at sans-serif. Possible missing file.
07-03 20:11:21.479 18309-19135/com.FDU308.FudanCraft D/cocos2d-x debug info: Warning! You can't change Android Hint fontName and fontSize
07-03 20:11:21.479 18309-19135/com.FDU308.FudanCraft D/cocos2d-x debug info: [Edit text] content size = (80.000000, 60.000000)
07-03 20:11:21.480 18309-19135/com.FDU308.FudanCraft D/cocos2d-x debug info: [Edit text] content size = (80.000000, 60.000000)
07-03 20:11:21.481 18309-19135/com.FDU308.FudanCraft D/cocos2d-x debug info: FudanCraft: Successfully Load InputPort.png
07-03 20:11:21.504 18309-19135/com.FDU308.FudanCraft D/cocos2d-x debug info: create rendererRecreatedListener for GLProgramState
07-03 20:11:21.505 18309-19135/com.FDU308.FudanCraft D/cocos2d-x debug info: [Edit text] content size = (80.000000, 60.000000)
07-03 20:11:23.418 18309-19135/com.FDU308.FudanCraft D/cocos2d-x debug info: FudanCraft: Trying to Start Server
07-03 20:11:23.422 18309-19135/com.FDU308.FudanCraft D/cocos2d-x debug info: FudanCraft: SocketServer Created!
07-03 20:11:23.425 18309-19135/com.FDU308.FudanCraft D/cocos2d-x debug info: FudanCraft: SocketClient Created!
07-03 20:11:23.425 18309-19135/com.FDU308.FudanCraft D/cocos2d-x debug info: create server and client on 8008
07-03 20:11:23.549 18309-19135/com.FDU308.FudanCraft D/cocos2d-x debug info: create rendererRecreatedListener for GLProgramState
07-03 20:11:25.164 18309-19135/com.FDU308.FudanCraft D/cocos2d-x debug info: cocos2d: SpriteBatchNode: resizing TextureAtlas capacity from [5735] to [7648].
07-03 20:11:25.179 18309-19135/com.FDU308.FudanCraft D/cocos2d-x debug info: cocos2d: SpriteBatchNode: resizing TextureAtlas capacity from [7648] to [10198].
07-03 20:11:25.200 18309-19135/com.FDU308.FudanCraft D/cocos2d-x debug info: cocos2d: SpriteBatchNode: resizing TextureAtlas capacity from [10198] to [13598].
07-03 20:11:25.352 18309-19135/com.FDU308.FudanCraft D/cocos2d-x debug info: cocos2d: SpriteBatchNode: resizing TextureAtlas capacity from [5735] to [7648].
07-03 20:11:25.424 18309-19135/com.FDU308.FudanCraft D/cocos2d-x debug info: cocos2d: SpriteBatchNode: resizing TextureAtlas capacity from [5735] to [7648].
07-03 20:11:25.440 18309-19135/com.FDU308.FudanCraft D/cocos2d-x debug info: cocos2d: SpriteBatchNode: resizing TextureAtlas capacity from [7648] to [10198].
07-03 20:11:25.460 18309-19135/com.FDU308.FudanCraft D/cocos2d-x debug info: cocos2d: SpriteBatchNode: resizing TextureAtlas capacity from [10198] to [13598].
07-03 20:11:25.488 18309-19135/com.FDU308.FudanCraft D/cocos2d-x debug info: cocos2d: SpriteBatchNode: resizing TextureAtlas capacity from [13598] to [18132].
07-03 20:11:25.527 18309-19135/com.FDU308.FudanCraft D/cocos2d-x debug info: create rendererRecreatedListener for GLProgramState
07-03 20:11:25.528 18309-19135/com.FDU308.FudanCraft D/cocos2d-x debug info: BattleScene: Trying to Init Player ID
07-03 20:11:25.528 18309-19135/com.FDU308.FudanCraft D/cocos2d-x debug info: BattleScene: Get Player ID: 1
07-03 20:11:25.561 18309-19135/com.FDU308.FudanCraft D/cocos2d-x debug info: cocos2d: fullPathForFilename: No file found at Marker Felt. Possible missing file.
07-03 20:11:25.565 18309-19135/com.FDU308.FudanCraft E/ExtMediaPlayer-JNI: env->IsInstanceOf fails
07-03 20:11:25.565 18309-19135/com.FDU308.FudanCraft E/MediaPlayer-JNI: JNIMediaPlayerFactory: bIsQCMediaPlayerPresent 0
07-03 20:11:25.565 18309-19135/com.FDU308.FudanCraft E/ExtMediaPlayer-JNI: env->IsInstanceOf fails
07-03 20:11:25.565 18309-19135/com.FDU308.FudanCraft E/MediaPlayer-JNI: JNIMediaPlayerFactory: bIsQCMediaPlayerPresent 0
07-03 20:11:25.586 18309-19135/com.FDU308.FudanCraft D/MediaPlayer: setSubtitleAnchor in MediaPlayer
07-03 20:11:25.586 18309-18309/com.FDU308.FudanCraft D/MediaPlayer: setSubtitleAnchor in MediaPlayer
07-03 20:11:25.601 18309-19135/com.FDU308.FudanCraft D/cocos2d-x debug info: if back ground music playing 1
07-03 20:11:25.616 18309-19135/com.FDU308.FudanCraft W/AudioTrack: AUDIO_OUTPUT_FLAG_FAST denied by client; transfer 4, track 22050 Hz, output 48000 Hz
07-03 20:11:25.621 18309-19135/com.FDU308.FudanCraft D/cocos2d-x debug info: start game
07-03 20:11:25.732 18309-19135/com.FDU308.FudanCraft D/cocos2d-x debug info: UnitManager: Call Protobuf Success
07-03 20:11:25.732 18309-19135/com.FDU308.FudanCraft D/cocos2d-x debug info: SocketClient: Start to write data
07-03 20:11:25.732 18309-19135/com.FDU308.FudanCraft D/cocos2d-x debug info: SocketClient: Complete in encoding data
07-03 20:11:25.732 18309-19135/com.FDU308.FudanCraft D/cocos2d-x debug info: SocketClient: Finish writing data
07-03 20:11:25.732 18309-19135/com.FDU308.FudanCraft D/cocos2d-x debug info: UnitManager: Send Message via SocketClient Success
07-03 20:11:25.732 18309-19135/com.FDU308.FudanCraft D/cocos2d-x debug info: SocketClient: Start to read data
07-03 20:11:25.732 18309-19135/com.FDU308.FudanCraft D/cocos2d-x debug info: SocketClient: No error detected
07-03 20:11:25.732 18309-19135/com.FDU308.FudanCraft D/cocos2d-x debug info: SocketClient: Get data success
07-03 20:11:25.732 18309-19135/com.FDU308.FudanCraft D/cocos2d-x debug info: SocketClient: Unlock resource completed
07-03 20:11:25.732 18309-19135/com.FDU308.FudanCraft D/cocos2d-x debug info: SocketClient: Finished in reading data
07-03 20:11:25.732 18309-19135/com.FDU308.FudanCraft D/cocos2d-x debug info: UnitManager: Receive Message via SocketClient Success
07-03 20:11:25.733 18309-19135/com.FDU308.FudanCraft D/cocos2d-x debug info: UnitManager: Read Message 0 Success
07-03 20:11:25.736 18309-19135/com.FDU308.FudanCraft D/cocos2d-x debug info: UnitManager: Read Message 1 Success
07-03 20:11:25.738 18309-19135/com.FDU308.FudanCraft D/cocos2d-x debug info: UnitManager: Read Message 2 Success
07-03 20:11:25.739 18309-19135/com.FDU308.FudanCraft D/cocos2d-x debug info: UnitManager: Read Message 3 Success
07-03 20:11:25.745 18309-19135/com.FDU308.FudanCraft D/cocos2d-x debug info: UnitManager: Read Message 4 Success
07-03 20:11:25.747 18309-19135/com.FDU308.FudanCraft D/cocos2d-x debug info: UnitManager: Read Message 5 Success
07-03 20:11:25.750 18309-19135/com.FDU308.FudanCraft D/cocos2d-x debug info: UnitManager: Read Message 6 Success
07-03 20:11:25.754 18309-19135/com.FDU308.FudanCraft D/cocos2d-x debug info: UnitManager: Read Message 7 Success
07-03 20:11:25.823 18309-19135/com.FDU308.FudanCraft D/cocos2d-x debug info: UnitManager: Call Protobuf Success
07-03 20:11:25.824 18309-19135/com.FDU308.FudanCraft D/cocos2d-x debug info: SocketClient: Start to write data
07-03 20:11:25.824 18309-19135/com.FDU308.FudanCraft D/cocos2d-x debug info: SocketClient: Complete in encoding data
07-03 20:11:25.824 18309-19135/com.FDU308.FudanCraft D/cocos2d-x debug info: SocketClient: Finish writing data
07-03 20:11:25.826 18309-19135/com.FDU308.FudanCraft A/libc: Invalid address 0xf3e7f7f8 passed to free: value not allocated
