07-03 18:36:12.734 5721-5791/com.FDU308.FudanCraft D/cocos2d-x debug info: UnitManager: Call Protobuf Success
07-03 18:36:12.734 5721-5791/com.FDU308.FudanCraft D/cocos2d-x debug info: SocketClient: Start to write data
07-03 18:36:12.734 5721-5791/com.FDU308.FudanCraft D/cocos2d-x debug info: SocketClient: Complete in encoding data
07-03 18:36:12.734 5721-5791/com.FDU308.FudanCraft D/cocos2d-x debug info: SocketClient: Finish writing data
07-03 18:36:12.734 5721-5791/com.FDU308.FudanCraft D/cocos2d-x debug info: UnitManager: Send Message via SocketClient Success
07-03 18:36:12.734 5721-5791/com.FDU308.FudanCraft D/cocos2d-x debug info: SocketClient: Start to read data
07-03 18:36:12.734 5721-5791/com.FDU308.FudanCraft D/cocos2d-x debug info: SocketClient: No error detected
07-03 18:36:12.735 5721-5791/com.FDU308.FudanCraft D/cocos2d-x debug info: SocketClient: Get data success
07-03 18:36:12.735 5721-5791/com.FDU308.FudanCraft D/cocos2d-x debug info: SocketClient: Unlock resource completed
07-03 18:36:12.735 5721-5791/com.FDU308.FudanCraft D/cocos2d-x debug info: SocketClient: Finished in reading data
07-03 18:36:12.735 5721-6232/com.FDU308.FudanCraft A/libc: Invalid address 0xf3e817f8 passed to free: invalid page index
07-03 18:36:12.735 5721-5791/com.FDU308.FudanCraft D/cocos2d-x debug info: UnitManager: Receive Message via SocketClient Success
07-03 18:36:12.735 5721-5791/com.FDU308.FudanCraft A/libc: Invalid address 0xf3e817f8 passed to free: invalid page index
07-03 18:36:12.814 5721-5791/com.FDU308.FudanCraft D/cocos2d-x debug info: UnitManager: Call Protobuf Success
07-03 18:36:12.814 5721-5791/com.FDU308.FudanCraft D/cocos2d-x debug info: SocketClient: Start to write data
07-03 18:36:12.814 5721-5791/com.FDU308.FudanCraft D/cocos2d-x debug info: SocketClient: Complete in encoding data
07-03 18:36:12.814 5721-5791/com.FDU308.FudanCraft D/cocos2d-x debug info: SocketClient: Finish writing data
07-03 18:36:12.814 5721-5791/com.FDU308.FudanCraft D/cocos2d-x debug info: UnitManager: Send Message via SocketClient Success
07-03 18:36:12.814 5721-5791/com.FDU308.FudanCraft D/cocos2d-x debug info: SocketClient: Start to read data
07-03 18:36:12.814 5721-5791/com.FDU308.FudanCraft D/cocos2d-x debug info: SocketClient: No error detected
07-03 18:36:12.815 5721-5791/com.FDU308.FudanCraft D/cocos2d-x debug info: SocketClient: Get data success
07-03 18:36:12.815 5721-6232/com.FDU308.FudanCraft A/libc: Invalid address 0xf3e817f8 passed to free: invalid page index
07-03 18:36:12.815 5721-5791/com.FDU308.FudanCraft D/cocos2d-x debug info: SocketClient: Unlock resource completed
07-03 18:36:12.815 5721-5791/com.FDU308.FudanCraft D/cocos2d-x debug info: SocketClient: Finished in reading data
07-03 18:36:12.815 5721-5791/com.FDU308.FudanCraft D/cocos2d-x debug info: UnitManager: Receive Message via SocketClient Success
07-03 18:36:12.815 5721-5791/com.FDU308.FudanCraft A/libc: Invalid address 0xf3e817f8 passed to free: invalid page index
07-03 18:36:12.896 5721-5791/com.FDU308.FudanCraft D/cocos2d-x debug info: UnitManager: Call Protobuf Success
07-03 18:36:12.896 5721-5791/com.FDU308.FudanCraft D/cocos2d-x debug info: SocketClient: Start to write data
07-03 18:36:12.897 5721-5791/com.FDU308.FudanCraft D/cocos2d-x debug info: SocketClient: Complete in encoding data
07-03 18:36:12.897 5721-5791/com.FDU308.FudanCraft D/cocos2d-x debug info: SocketClient: Finish writing data
07-03 18:36:12.897 5721-5791/com.FDU308.FudanCraft D/cocos2d-x debug info: UnitManager: Send Message via SocketClient Success
07-03 18:36:12.897 5721-5791/com.FDU308.FudanCraft D/cocos2d-x debug info: SocketClient: Start to read data
07-03 18:36:12.897 5721-5791/com.FDU308.FudanCraft D/cocos2d-x debug info: SocketClient: No error detected
07-03 18:36:12.897 5721-5791/com.FDU308.FudanCraft D/cocos2d-x debug info: SocketClient: Get data success
07-03 18:36:12.897 5721-6232/com.FDU308.FudanCraft A/libc: Invalid address 0xf3e817f8 passed to free: invalid page index
07-03 18:36:12.897 5721-5791/com.FDU308.FudanCraft D/cocos2d-x debug info: SocketClient: Unlock resource completed
07-03 18:36:12.897 5721-5791/com.FDU308.FudanCraft D/cocos2d-x debug info: SocketClient: Finished in reading data
07-03 18:36:12.898 5721-5791/com.FDU308.FudanCraft D/cocos2d-x debug info: UnitManager: Receive Message via SocketClient Success
07-03 18:36:12.898 5721-5791/com.FDU308.FudanCraft A/libc: Invalid address 0xf3e817f8 passed to free: invalid page index
07-03 18:36:12.975 5721-5791/com.FDU308.FudanCraft D/cocos2d-x debug info: BattleScene: Entering Multi-touch Ended Handler, Touch Size 1
07-03 18:36:12.976 5721-5791/com.FDU308.FudanCraft D/cocos2d-x debug info: Map Touch Grid Point: (52, 26)
07-03 18:36:12.976 5721-5791/com.FDU308.FudanCraft D/cocos2d-x debug info: Unit ID: 1, plan to move to:(52, 26)
07-03 18:36:12.976 5721-5791/com.FDU308.FudanCraft D/cocos2d-x debug info: Unit 1, start moving FP
07-03 18:36:12.976 5721-5791/com.FDU308.FudanCraft D/cocos2d-x debug info: Unit 1, Success FP, RFP: 0, Path Length: 1
07-03 18:36:12.977 5721-5791/com.FDU308.FudanCraft D/cocos2d-x debug info: UnitManager: Call Protobuf Success
07-03 18:36:12.977 5721-5791/com.FDU308.FudanCraft D/cocos2d-x debug info: SocketClient: Start to write data
07-03 18:36:12.977 5721-5791/com.FDU308.FudanCraft D/cocos2d-x debug info: SocketClient: Complete in encoding data
07-03 18:36:12.978 5721-5791/com.FDU308.FudanCraft D/cocos2d-x debug info: SocketClient: Finish writing data
07-03 18:36:12.978 5721-5791/com.FDU308.FudanCraft D/cocos2d-x debug info: UnitManager: Send Message via SocketClient Success
07-03 18:36:12.978 5721-5791/com.FDU308.FudanCraft D/cocos2d-x debug info: SocketClient: Start to read data
07-03 18:36:12.978 5721-5791/com.FDU308.FudanCraft D/cocos2d-x debug info: SocketClient: No error detected
07-03 18:36:12.978 5721-5791/com.FDU308.FudanCraft D/cocos2d-x debug info: SocketClient: Get data success
07-03 18:36:12.978 5721-5791/com.FDU308.FudanCraft D/cocos2d-x debug info: SocketClient: Unlock resource completed
07-03 18:36:12.979 5721-5791/com.FDU308.FudanCraft D/cocos2d-x debug info: SocketClient: Finished in reading data
07-03 18:36:12.979 5721-5791/com.FDU308.FudanCraft D/cocos2d-x debug info: UnitManager: Receive Message via SocketClient Success
07-03 18:36:12.979 5721-5791/com.FDU308.FudanCraft D/cocos2d-x debug info: UnitManager: Read Message 0 Success
07-03 18:36:12.979 5721-5791/com.FDU308.FudanCraft D/cocos2d-x debug info: Unit ID: 1, update path and start moving
07-03 18:36:13.060 5721-5791/com.FDU308.FudanCraft D/cocos2d-x debug info: UnitManager: Call Protobuf Success
07-03 18:36:13.060 5721-5791/com.FDU308.FudanCraft D/cocos2d-x debug info: SocketClient: Start to write data
07-03 18:36:13.060 5721-5791/com.FDU308.FudanCraft D/cocos2d-x debug info: SocketClient: Complete in encoding data
07-03 18:36:13.060 5721-5791/com.FDU308.FudanCraft D/cocos2d-x debug info: SocketClient: Finish writing data
07-03 18:36:13.060 5721-5791/com.FDU308.FudanCraft D/cocos2d-x debug info: UnitManager: Send Message via SocketClient Success
07-03 18:36:13.060 5721-5791/com.FDU308.FudanCraft D/cocos2d-x debug info: SocketClient: Start to read data
07-03 18:36:13.060 5721-5791/com.FDU308.FudanCraft D/cocos2d-x debug info: SocketClient: No error detected
07-03 18:36:13.060 5721-5791/com.FDU308.FudanCraft D/cocos2d-x debug info: SocketClient: Get data success
07-03 18:36:13.060 5721-6232/com.FDU308.FudanCraft A/libc: Invalid address 0xf3e817f8 passed to free: invalid page index
07-03 18:36:13.060 5721-5791/com.FDU308.FudanCraft D/cocos2d-x debug info: SocketClient: Unlock resource completed
07-03 18:36:13.060 5721-5791/com.FDU308.FudanCraft D/cocos2d-x debug info: SocketClient: Finished in reading data
07-03 18:36:13.061 5721-5791/com.FDU308.FudanCraft D/cocos2d-x debug info: UnitManager: Receive Message via SocketClient Success
07-03 18:36:13.061 5721-5791/com.FDU308.FudanCraft A/libc: Invalid address 0xf3e817f8 passed to free: invalid page index
07-03 18:36:13.142 5721-5791/com.FDU308.FudanCraft D/cocos2d-x debug info: UnitManager: Call Protobuf Success
07-03 18:36:13.142 5721-5791/com.FDU308.FudanCraft D/cocos2d-x debug info: SocketClient: Start to write data
07-03 18:36:13.142 5721-5791/com.FDU308.FudanCraft D/cocos2d-x debug info: SocketClient: Complete in encoding data
07-03 18:36:13.142 5721-5791/com.FDU308.FudanCraft D/cocos2d-x debug info: SocketClient: Finish writing data
07-03 18:36:13.142 5721-5791/com.FDU308.FudanCraft D/cocos2d-x debug info: UnitManager: Send Message via SocketClient Success
07-03 18:36:13.142 5721-5791/com.FDU308.FudanCraft D/cocos2d-x debug info: SocketClient: Start to read data
07-03 18:36:13.142 5721-5791/com.FDU308.FudanCraft D/cocos2d-x debug info: SocketClient: No error detected
07-03 18:36:13.142 5721-6232/com.FDU308.FudanCraft A/libc: Invalid address 0xf3e817f8 passed to free: invalid page index
07-03 18:36:13.142 5721-5791/com.FDU308.FudanCraft D/cocos2d-x debug info: SocketClient: Get data success
07-03 18:36:13.142 5721-5791/com.FDU308.FudanCraft D/cocos2d-x debug info: SocketClient: Unlock resource completed
07-03 18:36:13.142 5721-5791/com.FDU308.FudanCraft D/cocos2d-x debug info: SocketClient: Finished in reading data
07-03 18:36:13.142 5721-5791/com.FDU308.FudanCraft D/cocos2d-x debug info: UnitManager: Receive Message via SocketClient Success
07-03 18:36:13.143 5721-5791/com.FDU308.FudanCraft A/libc: Invalid address 0xf3e817f8 passed to free: invalid page index
07-03 18:36:13.224 5721-5791/com.FDU308.FudanCraft D/cocos2d-x debug info: UnitManager: Call Protobuf Success
07-03 18:36:13.224 5721-5791/com.FDU308.FudanCraft D/cocos2d-x debug info: SocketClient: Start to write data
07-03 18:36:13.224 5721-5791/com.FDU308.FudanCraft D/cocos2d-x debug info: SocketClient: Complete in encoding data
07-03 18:36:13.224 5721-5791/com.FDU308.FudanCraft D/cocos2d-x debug info: SocketClient: Finish writing data
07-03 18:36:13.224 5721-5791/com.FDU308.FudanCraft D/cocos2d-x debug info: UnitManager: Send Message via SocketClient Success
07-03 18:36:13.224 5721-5791/com.FDU308.FudanCraft D/cocos2d-x debug info: SocketClient: Start to read data
07-03 18:36:13.225 5721-5791/com.FDU308.FudanCraft D/cocos2d-x debug info: SocketClient: No error detected
07-03 18:36:13.225 5721-6232/com.FDU308.FudanCraft A/libc: Invalid address 0xf3e817f8 passed to free: invalid page index
07-03 18:36:13.225 5721-5791/com.FDU308.FudanCraft D/cocos2d-x debug info: SocketClient: Get data success
07-03 18:36:13.225 5721-5791/com.FDU308.FudanCraft D/cocos2d-x debug info: SocketClient: Unlock resource completed
07-03 18:36:13.225 5721-5791/com.FDU308.FudanCraft D/cocos2d-x debug info: SocketClient: Finished in reading data
07-03 18:36:13.225 5721-5791/com.FDU308.FudanCraft D/cocos2d-x debug info: UnitManager: Receive Message via SocketClient Success
07-03 18:36:13.225 5721-5791/com.FDU308.FudanCraft A/libc: Invalid address 0xf3e817f8 passed to free: invalid page index
07-03 18:36:13.306 5721-5791/com.FDU308.FudanCraft D/cocos2d-x debug info: UnitManager: Call Protobuf Success
07-03 18:36:13.306 5721-5791/com.FDU308.FudanCraft D/cocos2d-x debug info: SocketClient: Start to write data
07-03 18:36:13.306 5721-5791/com.FDU308.FudanCraft D/cocos2d-x debug info: SocketClient: Complete in encoding data
07-03 18:36:13.307 5721-5791/com.FDU308.FudanCraft D/cocos2d-x debug info: SocketClient: Finish writing data
07-03 18:36:13.307 5721-5791/com.FDU308.FudanCraft D/cocos2d-x debug info: UnitManager: Send Message via SocketClient Success
07-03 18:36:13.307 5721-5791/com.FDU308.FudanCraft D/cocos2d-x debug info: SocketClient: Start to read data
07-03 18:36:13.307 5721-5791/com.FDU308.FudanCraft D/cocos2d-x debug info: SocketClient: No error detected
07-03 18:36:13.307 5721-6232/com.FDU308.FudanCraft A/libc: Invalid address 0xf3e817f8 passed to free: invalid page index
07-03 18:36:13.307 5721-5791/com.FDU308.FudanCraft D/cocos2d-x debug info: SocketClient: Get data success
07-03 18:36:13.307 5721-5791/com.FDU308.FudanCraft D/cocos2d-x debug info: SocketClient: Unlock resource completed
07-03 18:36:13.307 5721-5791/com.FDU308.FudanCraft D/cocos2d-x debug info: SocketClient: Finished in reading data
07-03 18:36:13.307 5721-5791/com.FDU308.FudanCraft D/cocos2d-x debug info: UnitManager: Receive Message via SocketClient Success
07-03 18:36:13.307 5721-5791/com.FDU308.FudanCraft A/libc: Invalid address 0xf3e817f8 passed to free: invalid page index
07-03 18:36:13.388 5721-5791/com.FDU308.FudanCraft D/cocos2d-x debug info: UnitManager: Call Protobuf Success
07-03 18:36:13.388 5721-5791/com.FDU308.FudanCraft D/cocos2d-x debug info: SocketClient: Start to write data
07-03 18:36:13.388 5721-5791/com.FDU308.FudanCraft D/cocos2d-x debug info: SocketClient: Complete in encoding data
07-03 18:36:13.388 5721-5791/com.FDU308.FudanCraft D/cocos2d-x debug info: SocketClient: Finish writing data
07-03 18:36:13.388 5721-5791/com.FDU308.FudanCraft D/cocos2d-x debug info: UnitManager: Send Message via SocketClient Success
07-03 18:36:13.388 5721-5791/com.FDU308.FudanCraft D/cocos2d-x debug info: SocketClient: Start to read data
07-03 18:36:13.388 5721-5791/com.FDU308.FudanCraft D/cocos2d-x debug info: SocketClient: No error detected
07-03 18:36:13.389 5721-6232/com.FDU308.FudanCraft A/libc: Invalid address 0xf3e817f8 passed to free: invalid page index
07-03 18:36:13.389 5721-5791/com.FDU308.FudanCraft D/cocos2d-x debug info: SocketClient: Get data success
07-03 18:36:13.389 5721-5791/com.FDU308.FudanCraft D/cocos2d-x debug info: SocketClient: Unlock resource completed
07-03 18:36:13.389 5721-5791/com.FDU308.FudanCraft D/cocos2d-x debug info: SocketClient: Finished in reading data
07-03 18:36:13.389 5721-5791/com.FDU308.FudanCraft D/cocos2d-x debug info: UnitManager: Receive Message via SocketClient Success
07-03 18:36:13.389 5721-5791/com.FDU308.FudanCraft A/libc: Invalid address 0xf3e817f8 passed to free: invalid page index
07-03 18:36:13.472 5721-5791/com.FDU308.FudanCraft D/cocos2d-x debug info: UnitManager: Call Protobuf Success
07-03 18:36:13.472 5721-5791/com.FDU308.FudanCraft D/cocos2d-x debug info: SocketClient: Start to write data
07-03 18:36:13.472 5721-5791/com.FDU308.FudanCraft D/cocos2d-x debug info: SocketClient: Complete in encoding data
07-03 18:36:13.472 5721-5791/com.FDU308.FudanCraft D/cocos2d-x debug info: SocketClient: Finish writing data
07-03 18:36:13.472 5721-5791/com.FDU308.FudanCraft D/cocos2d-x debug info: UnitManager: Send Message via SocketClient Success
07-03 18:36:13.472 5721-5791/com.FDU308.FudanCraft D/cocos2d-x debug info: SocketClient: Start to read data
07-03 18:36:13.472 5721-5791/com.FDU308.FudanCraft D/cocos2d-x debug info: SocketClient: No error detected
07-03 18:36:13.473 5721-5791/com.FDU308.FudanCraft D/cocos2d-x debug info: SocketClient: Get data success
07-03 18:36:13.473 5721-6232/com.FDU308.FudanCraft A/libc: Invalid address 0xf3e817f8 passed to free: invalid page index
07-03 18:36:13.473 5721-5791/com.FDU308.FudanCraft D/cocos2d-x debug info: SocketClient: Unlock resource completed
07-03 18:36:13.473 5721-5791/com.FDU308.FudanCraft D/cocos2d-x debug info: SocketClient: Finished in reading data
07-03 18:36:13.473 5721-5791/com.FDU308.FudanCraft D/cocos2d-x debug info: UnitManager: Receive Message via SocketClient Success
07-03 18:36:13.473 5721-5791/com.FDU308.FudanCraft A/libc: Invalid address 0xf3e817f8 passed to free: invalid page index
07-03 18:36:13.554 5721-5791/com.FDU308.FudanCraft D/cocos2d-x debug info: UnitManager: Call Protobuf Success
07-03 18:36:13.554 5721-5791/com.FDU308.FudanCraft D/cocos2d-x debug info: SocketClient: Start to write data
07-03 18:36:13.554 5721-5791/com.FDU308.FudanCraft D/cocos2d-x debug info: SocketClient: Complete in encoding data
07-03 18:36:13.554 5721-5791/com.FDU308.FudanCraft D/cocos2d-x debug info: SocketClient: Finish writing data
07-03 18:36:13.554 5721-5791/com.FDU308.FudanCraft D/cocos2d-x debug info: UnitManager: Send Message via SocketClient Success
07-03 18:36:13.554 5721-5791/com.FDU308.FudanCraft D/cocos2d-x debug info: SocketClient: Start to read data
07-03 18:36:13.554 5721-5791/com.FDU308.FudanCraft D/cocos2d-x debug info: SocketClient: No error detected
07-03 18:36:13.554 5721-5791/com.FDU308.FudanCraft D/cocos2d-x debug info: SocketClient: Get data success
07-03 18:36:13.554 5721-5791/com.FDU308.FudanCraft D/cocos2d-x debug info: SocketClient: Unlock resource completed
07-03 18:36:13.554 5721-6232/com.FDU308.FudanCraft A/libc: Invalid address 0xf3e817f8 passed to free: invalid page index
07-03 18:36:13.554 5721-5791/com.FDU308.FudanCraft D/cocos2d-x debug info: SocketClient: Finished in reading data
07-03 18:36:13.554 5721-5791/com.FDU308.FudanCraft D/cocos2d-x debug info: UnitManager: Receive Message via SocketClient Success
07-03 18:36:13.554 5721-5791/com.FDU308.FudanCraft A/libc: Invalid address 0xf3e817f8 passed to free: invalid page index
07-03 18:36:13.636 5721-5791/com.FDU308.FudanCraft D/cocos2d-x debug info: UnitManager: Call Protobuf Success
07-03 18:36:13.636 5721-5791/com.FDU308.FudanCraft D/cocos2d-x debug info: SocketClient: Start to write data
07-03 18:36:13.636 5721-5791/com.FDU308.FudanCraft D/cocos2d-x debug info: SocketClient: Complete in encoding data
07-03 18:36:13.636 5721-5791/com.FDU308.FudanCraft D/cocos2d-x debug info: SocketClient: Finish writing data
07-03 18:36:13.637 5721-5791/com.FDU308.FudanCraft D/cocos2d-x debug info: UnitManager: Send Message via SocketClient Success
07-03 18:36:13.637 5721-5791/com.FDU308.FudanCraft D/cocos2d-x debug info: SocketClient: Start to read data
07-03 18:36:13.637 5721-5791/com.FDU308.FudanCraft D/cocos2d-x debug info: SocketClient: No error detected
07-03 18:36:13.637 5721-6232/com.FDU308.FudanCraft A/libc: Invalid address 0xf3e817f8 passed to free: invalid page index
07-03 18:36:13.637 5721-5791/com.FDU308.FudanCraft D/cocos2d-x debug info: SocketClient: Get data success
07-03 18:36:13.637 5721-5791/com.FDU308.FudanCraft D/cocos2d-x debug info: SocketClient: Unlock resource completed
07-03 18:36:13.637 5721-5791/com.FDU308.FudanCraft D/cocos2d-x debug info: SocketClient: Finished in reading data
07-03 18:36:13.637 5721-5791/com.FDU308.FudanCraft D/cocos2d-x debug info: UnitManager: Receive Message via SocketClient Success
07-03 18:36:13.637 5721-5791/com.FDU308.FudanCraft A/libc: Invalid address 0xf3e817f8 passed to free: invalid page index
07-03 18:36:13.717 5721-5791/com.FDU308.FudanCraft D/cocos2d-x debug info: UnitManager: Call Protobuf Success
07-03 18:36:13.718 5721-5791/com.FDU308.FudanCraft D/cocos2d-x debug info: SocketClient: Start to write data
07-03 18:36:13.718 5721-5791/com.FDU308.FudanCraft D/cocos2d-x debug info: SocketClient: Complete in encoding data
07-03 18:36:13.718 5721-5791/com.FDU308.FudanCraft D/cocos2d-x debug info: SocketClient: Finish writing data
07-03 18:36:13.718 5721-5791/com.FDU308.FudanCraft D/cocos2d-x debug info: UnitManager: Send Message via SocketClient Success
07-03 18:36:13.718 5721-5791/com.FDU308.FudanCraft D/cocos2d-x debug info: SocketClient: Start to read data
07-03 18:36:13.718 5721-5791/com.FDU308.FudanCraft D/cocos2d-x debug info: SocketClient: No error detected
07-03 18:36:13.718 5721-6232/com.FDU308.FudanCraft A/libc: Invalid address 0xf3e817f8 passed to free: invalid page index
07-03 18:36:13.718 5721-5791/com.FDU308.FudanCraft D/cocos2d-x debug info: SocketClient: Get data success
07-03 18:36:13.718 5721-5791/com.FDU308.FudanCraft D/cocos2d-x debug info: SocketClient: Unlock resource completed
07-03 18:36:13.718 5721-5791/com.FDU308.FudanCraft D/cocos2d-x debug info: SocketClient: Finished in reading data
07-03 18:36:13.718 5721-5791/com.FDU308.FudanCraft D/cocos2d-x debug info: UnitManager: Receive Message via SocketClient Success
07-03 18:36:13.718 5721-5791/com.FDU308.FudanCraft A/libc: Invalid address 0xf3e817f8 passed to free: invalid page index
07-03 18:36:13.800 5721-5791/com.FDU308.FudanCraft D/cocos2d-x debug info: UnitManager: Call Protobuf Success
07-03 18:36:13.800 5721-5791/com.FDU308.FudanCraft D/cocos2d-x debug info: SocketClient: Start to write data
07-03 18:36:13.800 5721-5791/com.FDU308.FudanCraft D/cocos2d-x debug info: SocketClient: Complete in encoding data
07-03 18:36:13.800 5721-5791/com.FDU308.FudanCraft D/cocos2d-x debug info: SocketClient: Finish writing data
07-03 18:36:13.800 5721-5791/com.FDU308.FudanCraft D/cocos2d-x debug info: UnitManager: Send Message via SocketClient Success
07-03 18:36:13.800 5721-5791/com.FDU308.FudanCraft D/cocos2d-x debug info: SocketClient: Start to read data
07-03 18:36:13.800 5721-5791/com.FDU308.FudanCraft D/cocos2d-x debug info: SocketClient: No error detected
07-03 18:36:13.800 5721-5791/com.FDU308.FudanCraft D/cocos2d-x debug info: SocketClient: Get data success
07-03 18:36:13.801 5721-5791/com.FDU308.FudanCraft D/cocos2d-x debug info: SocketClient: Unlock resource completed
07-03 18:36:13.801 5721-6232/com.FDU308.FudanCraft A/libc: Invalid address 0xf3e817f8 passed to free: invalid page index
07-03 18:36:13.801 5721-5791/com.FDU308.FudanCraft D/cocos2d-x debug info: SocketClient: Finished in reading data
07-03 18:36:13.801 5721-5791/com.FDU308.FudanCraft D/cocos2d-x debug info: UnitManager: Receive Message via SocketClient Success
07-03 18:36:13.801 5721-5791/com.FDU308.FudanCraft A/libc: Invalid address 0xf3e817f8 passed to free: invalid page index
07-03 18:36:13.880 5721-5791/com.FDU308.FudanCraft D/cocos2d-x debug info: UnitManager: Call Protobuf Success
07-03 18:36:13.881 5721-5791/com.FDU308.FudanCraft D/cocos2d-x debug info: SocketClient: Start to write data
07-03 18:36:13.881 5721-5791/com.FDU308.FudanCraft D/cocos2d-x debug info: SocketClient: Complete in encoding data
07-03 18:36:13.881 5721-5791/com.FDU308.FudanCraft D/cocos2d-x debug info: SocketClient: Finish writing data
07-03 18:36:13.881 5721-5791/com.FDU308.FudanCraft D/cocos2d-x debug info: UnitManager: Send Message via SocketClient Success
07-03 18:36:13.881 5721-5791/com.FDU308.FudanCraft D/cocos2d-x debug info: SocketClient: Start to read data
07-03 18:36:13.881 5721-5791/com.FDU308.FudanCraft D/cocos2d-x debug info: SocketClient: No error detected
07-03 18:36:13.881 5721-6232/com.FDU308.FudanCraft A/libc: Invalid address 0xf3e817f8 passed to free: invalid page index
07-03 18:36:13.881 5721-5791/com.FDU308.FudanCraft D/cocos2d-x debug info: SocketClient: Get data success
07-03 18:36:13.881 5721-5791/com.FDU308.FudanCraft D/cocos2d-x debug info: SocketClient: Unlock resource completed
07-03 18:36:13.881 5721-5791/com.FDU308.FudanCraft D/cocos2d-x debug info: SocketClient: Finished in reading data
07-03 18:36:13.881 5721-5791/com.FDU308.FudanCraft D/cocos2d-x debug info: UnitManager: Receive Message via SocketClient Success
07-03 18:36:13.881 5721-5791/com.FDU308.FudanCraft A/libc: Invalid address 0xf3e817f8 passed to free: invalid page index
07-03 18:36:13.964 5721-5791/com.FDU308.FudanCraft D/cocos2d-x debug info: UnitManager: Call Protobuf Success
07-03 18:36:13.964 5721-5791/com.FDU308.FudanCraft D/cocos2d-x debug info: SocketClient: Start to write data
07-03 18:36:13.964 5721-5791/com.FDU308.FudanCraft D/cocos2d-x debug info: SocketClient: Complete in encoding data
07-03 18:36:13.964 5721-5791/com.FDU308.FudanCraft D/cocos2d-x debug info: SocketClient: Finish writing data
07-03 18:36:13.964 5721-5791/com.FDU308.FudanCraft D/cocos2d-x debug info: UnitManager: Send Message via SocketClient Success
07-03 18:36:13.964 5721-5791/com.FDU308.FudanCraft D/cocos2d-x debug info: SocketClient: Start to read data
07-03 18:36:13.964 5721-5791/com.FDU308.FudanCraft D/cocos2d-x debug info: SocketClient: No error detected
07-03 18:36:13.964 5721-6232/com.FDU308.FudanCraft A/libc: Invalid address 0xf3e817f8 passed to free: invalid page index
07-03 18:36:13.965 5721-5791/com.FDU308.FudanCraft D/cocos2d-x debug info: SocketClient: Get data success
07-03 18:36:13.965 5721-5791/com.FDU308.FudanCraft D/cocos2d-x debug info: SocketClient: Unlock resource completed
07-03 18:36:13.965 5721-5791/com.FDU308.FudanCraft D/cocos2d-x debug info: SocketClient: Finished in reading data
07-03 18:36:13.965 5721-5791/com.FDU308.FudanCraft D/cocos2d-x debug info: UnitManager: Receive Message via SocketClient Success
07-03 18:36:13.965 5721-5791/com.FDU308.FudanCraft A/libc: Invalid address 0xf3e817f8 passed to free: invalid page index
07-03 18:36:14.045 5721-5791/com.FDU308.FudanCraft D/cocos2d-x debug info: UnitManager: Call Protobuf Success
07-03 18:36:14.045 5721-5791/com.FDU308.FudanCraft D/cocos2d-x debug info: SocketClient: Start to write data
07-03 18:36:14.045 5721-5791/com.FDU308.FudanCraft D/cocos2d-x debug info: SocketClient: Complete in encoding data
07-03 18:36:14.045 5721-5791/com.FDU308.FudanCraft D/cocos2d-x debug info: SocketClient: Finish writing data
07-03 18:36:14.045 5721-5791/com.FDU308.FudanCraft D/cocos2d-x debug info: UnitManager: Send Message via SocketClient Success
07-03 18:36:14.045 5721-5791/com.FDU308.FudanCraft D/cocos2d-x debug info: SocketClient: Start to read data
07-03 18:36:14.045 5721-5791/com.FDU308.FudanCraft D/cocos2d-x debug info: SocketClient: No error detected
07-03 18:36:14.045 5721-6232/com.FDU308.FudanCraft A/libc: Invalid address 0xf3e817f8 passed to free: invalid page index
07-03 18:36:14.045 5721-5791/com.FDU308.FudanCraft D/cocos2d-x debug info: SocketClient: Get data success
07-03 18:36:14.045 5721-5791/com.FDU308.FudanCraft D/cocos2d-x debug info: SocketClient: Unlock resource completed
07-03 18:36:14.045 5721-5791/com.FDU308.FudanCraft D/cocos2d-x debug info: SocketClient: Finished in reading data
07-03 18:36:14.045 5721-5791/com.FDU308.FudanCraft D/cocos2d-x debug info: UnitManager: Receive Message via SocketClient Success
07-03 18:36:14.045 5721-5791/com.FDU308.FudanCraft A/libc: Invalid address 0xf3e817f8 passed to free: invalid page index
07-03 18:36:14.143 5721-5791/com.FDU308.FudanCraft D/cocos2d-x debug info: UnitManager: Call Protobuf Success
07-03 18:36:14.143 5721-5791/com.FDU308.FudanCraft D/cocos2d-x debug info: SocketClient: Start to write data
07-03 18:36:14.143 5721-5791/com.FDU308.FudanCraft D/cocos2d-x debug info: SocketClient: Complete in encoding data
07-03 18:36:14.144 5721-5791/com.FDU308.FudanCraft D/cocos2d-x debug info: SocketClient: Finish writing data
07-03 18:36:14.144 5721-5791/com.FDU308.FudanCraft D/cocos2d-x debug info: UnitManager: Send Message via SocketClient Success
07-03 18:36:14.144 5721-5791/com.FDU308.FudanCraft D/cocos2d-x debug info: SocketClient: Start to read data
07-03 18:36:14.144 5721-5791/com.FDU308.FudanCraft D/cocos2d-x debug info: SocketClient: No error detected
07-03 18:36:14.145 5721-6232/com.FDU308.FudanCraft A/libc: Invalid address 0xf3e817f8 passed to free: invalid page index
07-03 18:36:14.145 5721-5791/com.FDU308.FudanCraft D/cocos2d-x debug info: SocketClient: Get data success
07-03 18:36:14.146 5721-5791/com.FDU308.FudanCraft D/cocos2d-x debug info: SocketClient: Unlock resource completed
07-03 18:36:14.146 5721-5791/com.FDU308.FudanCraft D/cocos2d-x debug info: SocketClient: Finished in reading data
07-03 18:36:14.146 5721-5791/com.FDU308.FudanCraft D/cocos2d-x debug info: UnitManager: Receive Message via SocketClient Success
07-03 18:36:14.146 5721-5791/com.FDU308.FudanCraft A/libc: Invalid address 0xf3e817f8 passed to free: invalid page index
07-03 18:36:14.224 5721-5791/com.FDU308.FudanCraft D/cocos2d-x debug info: UnitManager: Call Protobuf Success
07-03 18:36:14.224 5721-5791/com.FDU308.FudanCraft D/cocos2d-x debug info: SocketClient: Start to write data
07-03 18:36:14.224 5721-5791/com.FDU308.FudanCraft D/cocos2d-x debug info: SocketClient: Complete in encoding data
07-03 18:36:14.224 5721-5791/com.FDU308.FudanCraft D/cocos2d-x debug info: SocketClient: Finish writing data
07-03 18:36:14.224 5721-5791/com.FDU308.FudanCraft D/cocos2d-x debug info: UnitManager: Send Message via SocketClient Success
07-03 18:36:14.224 5721-5791/com.FDU308.FudanCraft D/cocos2d-x debug info: SocketClient: Start to read data
07-03 18:36:14.224 5721-5791/com.FDU308.FudanCraft D/cocos2d-x debug info: SocketClient: No error detected
07-03 18:36:14.224 5721-6232/com.FDU308.FudanCraft A/libc: Invalid address 0xf3e817f8 passed to free: invalid page index
07-03 18:36:14.225 5721-5791/com.FDU308.FudanCraft D/cocos2d-x debug info: SocketClient: Get data success
07-03 18:36:14.225 5721-5791/com.FDU308.FudanCraft D/cocos2d-x debug info: SocketClient: Unlock resource completed
07-03 18:36:14.225 5721-5791/com.FDU308.FudanCraft D/cocos2d-x debug info: SocketClient: Finished in reading data
07-03 18:36:14.225 5721-5791/com.FDU308.FudanCraft D/cocos2d-x debug info: UnitManager: Receive Message via SocketClient Success
07-03 18:36:14.225 5721-5791/com.FDU308.FudanCraft A/libc: Invalid address 0xf3e817f8 passed to free: invalid page index
07-03 18:36:14.305 5721-5791/com.FDU308.FudanCraft D/cocos2d-x debug info: UnitManager: Call Protobuf Success
07-03 18:36:14.305 5721-5791/com.FDU308.FudanCraft D/cocos2d-x debug info: SocketClient: Start to write data
07-03 18:36:14.306 5721-5791/com.FDU308.FudanCraft D/cocos2d-x debug info: SocketClient: Complete in encoding data
07-03 18:36:14.306 5721-5791/com.FDU308.FudanCraft D/cocos2d-x debug info: SocketClient: Finish writing data
07-03 18:36:14.306 5721-5791/com.FDU308.FudanCraft D/cocos2d-x debug info: UnitManager: Send Message via SocketClient Success
07-03 18:36:14.306 5721-5791/com.FDU308.FudanCraft D/cocos2d-x debug info: SocketClient: Start to read data
07-03 18:36:14.306 5721-5791/com.FDU308.FudanCraft D/cocos2d-x debug info: SocketClient: No error detected
07-03 18:36:14.306 5721-6232/com.FDU308.FudanCraft A/libc: Invalid address 0xf3e817f8 passed to free: invalid page index
07-03 18:36:14.307 5721-5791/com.FDU308.FudanCraft D/cocos2d-x debug info: SocketClient: Get data success
07-03 18:36:14.307 5721-5791/com.FDU308.FudanCraft D/cocos2d-x debug info: SocketClient: Unlock resource completed
07-03 18:36:14.307 5721-5791/com.FDU308.FudanCraft D/cocos2d-x debug info: SocketClient: Finished in reading data
07-03 18:36:14.307 5721-5791/com.FDU308.FudanCraft D/cocos2d-x debug info: UnitManager: Receive Message via SocketClient Success
07-03 18:36:14.307 5721-5791/com.FDU308.FudanCraft A/libc: Invalid address 0xf3e817f8 passed to free: invalid page index
07-03 18:36:14.387 5721-5791/com.FDU308.FudanCraft D/cocos2d-x debug info: UnitManager: Call Protobuf Success
07-03 18:36:14.387 5721-5791/com.FDU308.FudanCraft D/cocos2d-x debug info: SocketClient: Start to write data
07-03 18:36:14.387 5721-5791/com.FDU308.FudanCraft D/cocos2d-x debug info: SocketClient: Complete in encoding data
07-03 18:36:14.387 5721-5791/com.FDU308.FudanCraft D/cocos2d-x debug info: SocketClient: Finish writing data
07-03 18:36:14.387 5721-5791/com.FDU308.FudanCraft D/cocos2d-x debug info: UnitManager: Send Message via SocketClient Success
07-03 18:36:14.387 5721-5791/com.FDU308.FudanCraft D/cocos2d-x debug info: SocketClient: Start to read data
07-03 18:36:14.387 5721-5791/com.FDU308.FudanCraft D/cocos2d-x debug info: SocketClient: No error detected
07-03 18:36:14.388 5721-6232/com.FDU308.FudanCraft A/libc: Invalid address 0xf3e817f8 passed to free: invalid page index
07-03 18:36:14.388 5721-5791/com.FDU308.FudanCraft D/cocos2d-x debug info: SocketClient: Get data success
07-03 18:36:14.388 5721-5791/com.FDU308.FudanCraft D/cocos2d-x debug info: SocketClient: Unlock resource completed
07-03 18:36:14.388 5721-5791/com.FDU308.FudanCraft D/cocos2d-x debug info: SocketClient: Finished in reading data
07-03 18:36:14.388 5721-5791/com.FDU308.FudanCraft D/cocos2d-x debug info: UnitManager: Receive Message via SocketClient Success
07-03 18:36:14.388 5721-5791/com.FDU308.FudanCraft A/libc: Invalid address 0xf3e817f8 passed to free: invalid page index
07-03 18:36:14.420 5721-5791/com.FDU308.FudanCraft D/cocos2d-x debug info: Unit ID: 1, fighter landing
07-03 18:36:14.468 5721-5791/com.FDU308.FudanCraft D/cocos2d-x debug info: UnitManager: Call Protobuf Success
07-03 18:36:14.468 5721-5791/com.FDU308.FudanCraft D/cocos2d-x debug info: SocketClient: Start to write data
07-03 18:36:14.468 5721-5791/com.FDU308.FudanCraft D/cocos2d-x debug info: SocketClient: Complete in encoding data
07-03 18:36:14.468 5721-5791/com.FDU308.FudanCraft D/cocos2d-x debug info: SocketClient: Finish writing data
07-03 18:36:14.468 5721-5791/com.FDU308.FudanCraft D/cocos2d-x debug info: UnitManager: Send Message via SocketClient Success
07-03 18:36:14.468 5721-5791/com.FDU308.FudanCraft D/cocos2d-x debug info: SocketClient: Start to read data
07-03 18:36:14.468 5721-5791/com.FDU308.FudanCraft D/cocos2d-x debug info: SocketClient: No error detected
07-03 18:36:14.469 5721-6232/com.FDU308.FudanCraft A/libc: Invalid address 0xf3e817f8 passed to free: invalid page index
07-03 18:36:14.470 5721-5791/com.FDU308.FudanCraft D/cocos2d-x debug info: SocketClient: Get data success
07-03 18:36:14.470 5721-5791/com.FDU308.FudanCraft D/cocos2d-x debug info: SocketClient: Unlock resource completed
07-03 18:36:14.470 5721-5791/com.FDU308.FudanCraft D/cocos2d-x debug info: SocketClient: Finished in reading data
07-03 18:36:14.470 5721-5791/com.FDU308.FudanCraft D/cocos2d-x debug info: UnitManager: Receive Message via SocketClient Success
07-03 18:36:14.470 5721-5791/com.FDU308.FudanCraft A/libc: Invalid address 0xf3e817f8 passed to free: invalid page index
07-03 18:36:14.549 5721-5791/com.FDU308.FudanCraft D/cocos2d-x debug info: UnitManager: Call Protobuf Success
07-03 18:36:14.550 5721-5791/com.FDU308.FudanCraft D/cocos2d-x debug info: SocketClient: Start to write data
07-03 18:36:14.550 5721-5791/com.FDU308.FudanCraft D/cocos2d-x debug info: SocketClient: Complete in encoding data
07-03 18:36:14.550 5721-5791/com.FDU308.FudanCraft D/cocos2d-x debug info: SocketClient: Finish writing data
07-03 18:36:14.550 5721-5791/com.FDU308.FudanCraft D/cocos2d-x debug info: UnitManager: Send Message via SocketClient Success
07-03 18:36:14.550 5721-5791/com.FDU308.FudanCraft D/cocos2d-x debug info: SocketClient: Start to read data
07-03 18:36:14.550 5721-5791/com.FDU308.FudanCraft D/cocos2d-x debug info: SocketClient: No error detected
07-03 18:36:14.550 5721-6232/com.FDU308.FudanCraft A/libc: Invalid address 0xf3e817f8 passed to free: invalid page index
07-03 18:36:14.551 5721-5791/com.FDU308.FudanCraft D/cocos2d-x debug info: SocketClient: Get data success
07-03 18:36:14.551 5721-5791/com.FDU308.FudanCraft D/cocos2d-x debug info: SocketClient: Unlock resource completed
07-03 18:36:14.551 5721-5791/com.FDU308.FudanCraft D/cocos2d-x debug info: SocketClient: Finished in reading data
07-03 18:36:14.551 5721-5791/com.FDU308.FudanCraft D/cocos2d-x debug info: UnitManager: Receive Message via SocketClient Success
07-03 18:36:14.552 5721-5791/com.FDU308.FudanCraft A/libc: Invalid address 0xf3e817f8 passed to free: invalid page index
07-03 18:36:14.632 5721-5791/com.FDU308.FudanCraft D/cocos2d-x debug info: UnitManager: Call Protobuf Success
07-03 18:36:14.632 5721-5791/com.FDU308.FudanCraft D/cocos2d-x debug info: SocketClient: Start to write data
07-03 18:36:14.632 5721-5791/com.FDU308.FudanCraft D/cocos2d-x debug info: SocketClient: Complete in encoding data
07-03 18:36:14.632 5721-5791/com.FDU308.FudanCraft D/cocos2d-x debug info: SocketClient: Finish writing data
07-03 18:36:14.632 5721-5791/com.FDU308.FudanCraft D/cocos2d-x debug info: UnitManager: Send Message via SocketClient Success
07-03 18:36:14.632 5721-5791/com.FDU308.FudanCraft D/cocos2d-x debug info: SocketClient: Start to read data
07-03 18:36:14.633 5721-6232/com.FDU308.FudanCraft A/libc: Invalid address 0xf3e817f8 passed to free: invalid page index
07-03 18:36:14.633 5721-5791/com.FDU308.FudanCraft D/cocos2d-x debug info: SocketClient: No error detected
07-03 18:36:14.633 5721-5791/com.FDU308.FudanCraft D/cocos2d-x debug info: SocketClient: Get data success
07-03 18:36:14.633 5721-5791/com.FDU308.FudanCraft D/cocos2d-x debug info: SocketClient: Unlock resource completed
07-03 18:36:14.633 5721-5791/com.FDU308.FudanCraft D/cocos2d-x debug info: SocketClient: Finished in reading data
07-03 18:36:14.633 5721-5791/com.FDU308.FudanCraft D/cocos2d-x debug info: UnitManager: Receive Message via SocketClient Success
07-03 18:36:14.633 5721-5791/com.FDU308.FudanCraft A/libc: Invalid address 0xf3e817f8 passed to free: invalid page index
07-03 18:36:14.714 5721-5791/com.FDU308.FudanCraft D/cocos2d-x debug info: UnitManager: Call Protobuf Success
07-03 18:36:14.715 5721-5791/com.FDU308.FudanCraft D/cocos2d-x debug info: SocketClient: Start to write data
07-03 18:36:14.715 5721-5791/com.FDU308.FudanCraft D/cocos2d-x debug info: SocketClient: Complete in encoding data
07-03 18:36:14.715 5721-5791/com.FDU308.FudanCraft D/cocos2d-x debug info: SocketClient: Finish writing data
07-03 18:36:14.715 5721-5791/com.FDU308.FudanCraft D/cocos2d-x debug info: UnitManager: Send Message via SocketClient Success
07-03 18:36:14.715 5721-5791/com.FDU308.FudanCraft D/cocos2d-x debug info: SocketClient: Start to read data
07-03 18:36:14.715 5721-5791/com.FDU308.FudanCraft D/cocos2d-x debug info: SocketClient: No error detected
07-03 18:36:14.716 5721-5791/com.FDU308.FudanCraft D/cocos2d-x debug info: SocketClient: Get data success
07-03 18:36:14.716 5721-6232/com.FDU308.FudanCraft A/libc: Invalid address 0xf3e817f8 passed to free: invalid page index
07-03 18:36:14.716 5721-5791/com.FDU308.FudanCraft D/cocos2d-x debug info: SocketClient: Unlock resource completed
07-03 18:36:14.716 5721-5791/com.FDU308.FudanCraft D/cocos2d-x debug info: SocketClient: Finished in reading data
07-03 18:36:14.716 5721-5791/com.FDU308.FudanCraft D/cocos2d-x debug info: UnitManager: Receive Message via SocketClient Success
07-03 18:36:14.716 5721-5791/com.FDU308.FudanCraft A/libc: Invalid address 0xf3e817f8 passed to free: invalid page index
07-03 18:36:14.750 5721-5791/com.FDU308.FudanCraft D/cocos2d-x debug info: BattleScene: Entering Multi-touch Moved Handler, Touch Size 1
07-03 18:36:14.750 5721-5791/com.FDU308.FudanCraft D/cocos2d-x debug info: BattleScene: Entering Multi-touch Ended Handler, Touch Size 1
07-03 18:36:14.751 5721-5791/com.FDU308.FudanCraft D/cocos2d-x debug info: Map Touch Grid Point: (68, 29)
07-03 18:36:14.751 5721-5791/com.FDU308.FudanCraft D/cocos2d-x debug info: Unit ID: 1, plan to move to:(68, 29)
07-03 18:36:14.751 5721-5791/com.FDU308.FudanCraft D/cocos2d-x debug info: Unit 1, start moving FP
07-03 18:36:14.751 5721-5791/com.FDU308.FudanCraft D/cocos2d-x debug info: Unit 1, Success FP, RFP: 0, Path Length: 1
07-03 18:36:14.796 5721-5791/com.FDU308.FudanCraft D/cocos2d-x debug info: UnitManager: Call Protobuf Success
07-03 18:36:14.796 5721-5791/com.FDU308.FudanCraft D/cocos2d-x debug info: SocketClient: Start to write data
07-03 18:36:14.796 5721-5791/com.FDU308.FudanCraft D/cocos2d-x debug info: SocketClient: Complete in encoding data
07-03 18:36:14.796 5721-5791/com.FDU308.FudanCraft D/cocos2d-x debug info: SocketClient: Finish writing data
07-03 18:36:14.796 5721-5791/com.FDU308.FudanCraft D/cocos2d-x debug info: UnitManager: Send Message via SocketClient Success
07-03 18:36:14.796 5721-5791/com.FDU308.FudanCraft D/cocos2d-x debug info: SocketClient: Start to read data
07-03 18:36:14.796 5721-5791/com.FDU308.FudanCraft D/cocos2d-x debug info: SocketClient: No error detected
07-03 18:36:14.797 5721-5791/com.FDU308.FudanCraft D/cocos2d-x debug info: SocketClient: Get data success
07-03 18:36:14.797 5721-5791/com.FDU308.FudanCraft D/cocos2d-x debug info: SocketClient: Unlock resource completed
07-03 18:36:14.797 5721-5791/com.FDU308.FudanCraft D/cocos2d-x debug info: SocketClient: Finished in reading data
07-03 18:36:14.797 5721-5791/com.FDU308.FudanCraft D/cocos2d-x debug info: UnitManager: Receive Message via SocketClient Success
07-03 18:36:14.797 5721-5791/com.FDU308.FudanCraft D/cocos2d-x debug info: UnitManager: Read Message 0 Success
07-03 18:36:14.797 5721-5791/com.FDU308.FudanCraft D/cocos2d-x debug info: Unit ID: 1, update path and start moving
07-03 18:36:14.879 5721-5791/com.FDU308.FudanCraft D/cocos2d-x debug info: UnitManager: Call Protobuf Success
07-03 18:36:14.879 5721-5791/com.FDU308.FudanCraft D/cocos2d-x debug info: SocketClient: Start to write data
07-03 18:36:14.879 5721-5791/com.FDU308.FudanCraft D/cocos2d-x debug info: SocketClient: Complete in encoding data
07-03 18:36:14.879 5721-5791/com.FDU308.FudanCraft D/cocos2d-x debug info: SocketClient: Finish writing data
07-03 18:36:14.879 5721-5791/com.FDU308.FudanCraft D/cocos2d-x debug info: UnitManager: Send Message via SocketClient Success
07-03 18:36:14.879 5721-5791/com.FDU308.FudanCraft D/cocos2d-x debug info: SocketClient: Start to read data
07-03 18:36:14.879 5721-5791/com.FDU308.FudanCraft D/cocos2d-x debug info: SocketClient: No error detected
07-03 18:36:14.880 5721-6232/com.FDU308.FudanCraft A/libc: Invalid address 0xf3e817f8 passed to free: invalid page index
07-03 18:36:14.880 5721-5791/com.FDU308.FudanCraft D/cocos2d-x debug info: SocketClient: Get data success
07-03 18:36:14.880 5721-5791/com.FDU308.FudanCraft D/cocos2d-x debug info: SocketClient: Unlock resource completed
07-03 18:36:14.880 5721-5791/com.FDU308.FudanCraft D/cocos2d-x debug info: SocketClient: Finished in reading data
07-03 18:36:14.880 5721-5791/com.FDU308.FudanCraft D/cocos2d-x debug info: UnitManager: Receive Message via SocketClient Success
07-03 18:36:14.880 5721-5791/com.FDU308.FudanCraft A/libc: Invalid address 0xf3e817f8 passed to free: invalid page index
07-03 18:36:14.960 5721-5791/com.FDU308.FudanCraft D/cocos2d-x debug info: UnitManager: Call Protobuf Success
07-03 18:36:14.960 5721-5791/com.FDU308.FudanCraft D/cocos2d-x debug info: SocketClient: Start to write data
07-03 18:36:14.960 5721-5791/com.FDU308.FudanCraft D/cocos2d-x debug info: SocketClient: Complete in encoding data
07-03 18:36:14.961 5721-5791/com.FDU308.FudanCraft D/cocos2d-x debug info: SocketClient: Finish writing data
07-03 18:36:14.961 5721-5791/com.FDU308.FudanCraft D/cocos2d-x debug info: UnitManager: Send Message via SocketClient Success
07-03 18:36:14.961 5721-5791/com.FDU308.FudanCraft D/cocos2d-x debug info: SocketClient: Start to read data
07-03 18:36:14.961 5721-5791/com.FDU308.FudanCraft D/cocos2d-x debug info: SocketClient: No error detected
07-03 18:36:14.962 5721-6232/com.FDU308.FudanCraft A/libc: Invalid address 0xf3e817f8 passed to free: invalid page index
07-03 18:36:14.962 5721-5791/com.FDU308.FudanCraft D/cocos2d-x debug info: SocketClient: Get data success
07-03 18:36:14.962 5721-5791/com.FDU308.FudanCraft D/cocos2d-x debug info: SocketClient: Unlock resource completed
07-03 18:36:14.962 5721-5791/com.FDU308.FudanCraft D/cocos2d-x debug info: SocketClient: Finished in reading data
07-03 18:36:14.962 5721-5791/com.FDU308.FudanCraft D/cocos2d-x debug info: UnitManager: Receive Message via SocketClient Success
07-03 18:36:14.962 5721-5791/com.FDU308.FudanCraft A/libc: Invalid address 0xf3e817f8 passed to free: invalid page index
07-03 18:36:15.042 5721-5791/com.FDU308.FudanCraft D/cocos2d-x debug info: UnitManager: Call Protobuf Success
07-03 18:36:15.042 5721-5791/com.FDU308.FudanCraft D/cocos2d-x debug info: SocketClient: Start to write data
07-03 18:36:15.042 5721-5791/com.FDU308.FudanCraft D/cocos2d-x debug info: SocketClient: Complete in encoding data
07-03 18:36:15.043 5721-5791/com.FDU308.FudanCraft D/cocos2d-x debug info: SocketClient: Finish writing data
07-03 18:36:15.043 5721-5791/com.FDU308.FudanCraft D/cocos2d-x debug info: UnitManager: Send Message via SocketClient Success
07-03 18:36:15.043 5721-5791/com.FDU308.FudanCraft D/cocos2d-x debug info: SocketClient: Start to read data
07-03 18:36:15.043 5721-5791/com.FDU308.FudanCraft D/cocos2d-x debug info: SocketClient: No error detected
07-03 18:36:15.043 5721-6232/com.FDU308.FudanCraft A/libc: Invalid address 0xf3e817f8 passed to free: invalid page index
07-03 18:36:15.043 5721-5791/com.FDU308.FudanCraft D/cocos2d-x debug info: SocketClient: Get data success
07-03 18:36:15.043 5721-5791/com.FDU308.FudanCraft D/cocos2d-x debug info: SocketClient: Unlock resource completed
07-03 18:36:15.043 5721-5791/com.FDU308.FudanCraft D/cocos2d-x debug info: SocketClient: Finished in reading data
07-03 18:36:15.043 5721-5791/com.FDU308.FudanCraft D/cocos2d-x debug info: UnitManager: Receive Message via SocketClient Success
07-03 18:36:15.043 5721-5791/com.FDU308.FudanCraft A/libc: Invalid address 0xf3e817f8 passed to free: invalid page index
07-03 18:36:15.123 5721-5791/com.FDU308.FudanCraft D/cocos2d-x debug info: UnitManager: Call Protobuf Success
07-03 18:36:15.123 5721-5791/com.FDU308.FudanCraft D/cocos2d-x debug info: SocketClient: Start to write data
07-03 18:36:15.123 5721-5791/com.FDU308.FudanCraft D/cocos2d-x debug info: SocketClient: Complete in encoding data
07-03 18:36:15.123 5721-5791/com.FDU308.FudanCraft D/cocos2d-x debug info: SocketClient: Finish writing data
07-03 18:36:15.123 5721-5791/com.FDU308.FudanCraft D/cocos2d-x debug info: UnitManager: Send Message via SocketClient Success
07-03 18:36:15.123 5721-5791/com.FDU308.FudanCraft D/cocos2d-x debug info: SocketClient: Start to read data
07-03 18:36:15.123 5721-5791/com.FDU308.FudanCraft D/cocos2d-x debug info: SocketClient: No error detected
07-03 18:36:15.124 5721-6232/com.FDU308.FudanCraft A/libc: Invalid address 0xf3e817f8 passed to free: invalid page index
07-03 18:36:15.124 5721-5791/com.FDU308.FudanCraft D/cocos2d-x debug info: SocketClient: Get data success
07-03 18:36:15.124 5721-5791/com.FDU308.FudanCraft D/cocos2d-x debug info: SocketClient: Unlock resource completed
07-03 18:36:15.124 5721-5791/com.FDU308.FudanCraft D/cocos2d-x debug info: SocketClient: Finished in reading data
07-03 18:36:15.124 5721-5791/com.FDU308.FudanCraft D/cocos2d-x debug info: UnitManager: Receive Message via SocketClient Success
07-03 18:36:15.124 5721-5791/com.FDU308.FudanCraft A/libc: Invalid address 0xf3e817f8 passed to free: invalid page index
07-03 18:36:15.204 5721-5791/com.FDU308.FudanCraft D/cocos2d-x debug info: UnitManager: Call Protobuf Success
07-03 18:36:15.204 5721-5791/com.FDU308.FudanCraft D/cocos2d-x debug info: SocketClient: Start to write data
07-03 18:36:15.204 5721-5791/com.FDU308.FudanCraft D/cocos2d-x debug info: SocketClient: Complete in encoding data
07-03 18:36:15.204 5721-5791/com.FDU308.FudanCraft D/cocos2d-x debug info: SocketClient: Finish writing data
07-03 18:36:15.205 5721-5791/com.FDU308.FudanCraft D/cocos2d-x debug info: UnitManager: Send Message via SocketClient Success
07-03 18:36:15.205 5721-5791/com.FDU308.FudanCraft D/cocos2d-x debug info: SocketClient: Start to read data
07-03 18:36:15.205 5721-5791/com.FDU308.FudanCraft D/cocos2d-x debug info: SocketClient: No error detected
07-03 18:36:15.205 5721-6232/com.FDU308.FudanCraft A/libc: Invalid address 0xf3e817f8 passed to free: invalid page index
07-03 18:36:15.205 5721-5791/com.FDU308.FudanCraft D/cocos2d-x debug info: SocketClient: Get data success
07-03 18:36:15.205 5721-5791/com.FDU308.FudanCraft D/cocos2d-x debug info: SocketClient: Unlock resource completed
07-03 18:36:15.205 5721-5791/com.FDU308.FudanCraft D/cocos2d-x debug info: SocketClient: Finished in reading data
07-03 18:36:15.205 5721-5791/com.FDU308.FudanCraft D/cocos2d-x debug info: UnitManager: Receive Message via SocketClient Success
07-03 18:36:15.205 5721-5791/com.FDU308.FudanCraft A/libc: Invalid address 0xf3e817f8 passed to free: invalid page index
07-03 18:36:15.286 5721-5791/com.FDU308.FudanCraft D/cocos2d-x debug info: UnitManager: Call Protobuf Success
07-03 18:36:15.286 5721-5791/com.FDU308.FudanCraft D/cocos2d-x debug info: SocketClient: Start to write data
07-03 18:36:15.286 5721-5791/com.FDU308.FudanCraft D/cocos2d-x debug info: SocketClient: Complete in encoding data
07-03 18:36:15.286 5721-5791/com.FDU308.FudanCraft D/cocos2d-x debug info: SocketClient: Finish writing data
07-03 18:36:15.286 5721-5791/com.FDU308.FudanCraft D/cocos2d-x debug info: UnitManager: Send Message via SocketClient Success
07-03 18:36:15.286 5721-5791/com.FDU308.FudanCraft D/cocos2d-x debug info: SocketClient: Start to read data
07-03 18:36:15.286 5721-5791/com.FDU308.FudanCraft D/cocos2d-x debug info: SocketClient: No error detected
07-03 18:36:15.286 5721-6232/com.FDU308.FudanCraft A/libc: Invalid address 0xf3e817f8 passed to free: invalid page index
07-03 18:36:15.286 5721-5791/com.FDU308.FudanCraft D/cocos2d-x debug info: SocketClient: Get data success
07-03 18:36:15.286 5721-5791/com.FDU308.FudanCraft D/cocos2d-x debug info: SocketClient: Unlock resource completed
07-03 18:36:15.286 5721-5791/com.FDU308.FudanCraft D/cocos2d-x debug info: SocketClient: Finished in reading data
07-03 18:36:15.286 5721-5791/com.FDU308.FudanCraft D/cocos2d-x debug info: UnitManager: Receive Message via SocketClient Success
07-03 18:36:15.287 5721-5791/com.FDU308.FudanCraft A/libc: Invalid address 0xf3e817f8 passed to free: invalid page index
07-03 18:36:15.366 5721-5791/com.FDU308.FudanCraft D/cocos2d-x debug info: UnitManager: Call Protobuf Success
07-03 18:36:15.366 5721-5791/com.FDU308.FudanCraft D/cocos2d-x debug info: SocketClient: Start to write data
07-03 18:36:15.366 5721-5791/com.FDU308.FudanCraft D/cocos2d-x debug info: SocketClient: Complete in encoding data
07-03 18:36:15.366 5721-5791/com.FDU308.FudanCraft D/cocos2d-x debug info: SocketClient: Finish writing data
07-03 18:36:15.367 5721-5791/com.FDU308.FudanCraft D/cocos2d-x debug info: UnitManager: Send Message via SocketClient Success
07-03 18:36:15.372 5721-6232/com.FDU308.FudanCraft A/libc: Invalid address 0xf3e817f8 passed to free: invalid page index
07-03 18:36:15.367 5721-5791/com.FDU308.FudanCraft D/cocos2d-x debug info: SocketClient: Start to read data
07-03 18:36:15.372 5721-5791/com.FDU308.FudanCraft D/cocos2d-x debug info: SocketClient: No error detected
