07-06 19:24:09.688 18530-18552/com.FDU308.FudanCraft D/cocos2d-x debug info: Unit: Trying to clear game message
07-06 19:24:09.769 18530-18552/com.FDU308.FudanCraft D/cocos2d-x debug info: Unit: Trying to clear game message
07-06 19:24:09.851 18530-18552/com.FDU308.FudanCraft D/cocos2d-x debug info: Unit: Trying to clear game message
07-06 19:24:09.932 18530-18552/com.FDU308.FudanCraft D/cocos2d-x debug info: Unit: Trying to clear game message
07-06 19:24:09.946 18530-18552/com.FDU308.FudanCraft D/cocos2d-x debug info: BattleScene: Entering Multi-touch Ended Handler, Touch Size 1
07-06 19:24:09.947 18530-18552/com.FDU308.FudanCraft D/cocos2d-x debug info: Map Touch Grid Point: (59, 11)
07-06 19:24:09.947 18530-18552/com.FDU308.FudanCraft D/cocos2d-x debug info: Unit ID: 1, plan to move to:(59, 11)
07-06 19:24:09.947 18530-18552/com.FDU308.FudanCraft D/cocos2d-x debug info: Unit 1, start moving FP
07-06 19:24:09.947 18530-18552/com.FDU308.FudanCraft D/cocos2d-x debug info: Unit 1, Success FP, RFP: 0, Path Length: 1
07-06 19:24:10.014 18530-18552/com.FDU308.FudanCraft D/cocos2d-x debug info: UnitManager: GameMessageSet to String Success, String Address: 4011848644
07-06 19:24:10.014 18530-18552/com.FDU308.FudanCraft D/cocos2d-x debug info: SocketClient: Start to send string, length = 16
07-06 19:24:10.014 18530-18552/com.FDU308.FudanCraft D/cocos2d-x debug info: SocketClient: Start to write data, length = 16
07-06 19:24:10.014 18530-18552/com.FDU308.FudanCraft D/cocos2d-x debug info: SocketClient: Complete in encoding data
07-06 19:24:10.014 18530-18552/com.FDU308.FudanCraft D/cocos2d-x debug info: SocketClient: Finish writing data, length = 16
07-06 19:24:10.014 18530-18552/com.FDU308.FudanCraft D/cocos2d-x debug info: SocketClient: write_data() trying to release string: 4011848600
07-06 19:24:10.014 18530-18552/com.FDU308.FudanCraft D/cocos2d-x debug info: SocketClient: write_data() trying to release socket_message: 4011840364
07-06 19:24:10.014 18530-18720/com.FDU308.FudanCraft D/cocos2d-x debug info: SocketServer: Reading data completed, num = 1
07-06 19:24:10.014 18530-18552/com.FDU308.FudanCraft D/cocos2d-x debug info: SocketClient: Finished in sending string, length = 16
07-06 19:24:10.015 18530-18552/com.FDU308.FudanCraft D/cocos2d-x debug info: SocketClient: send_string() trying to release string: 4011848648
07-06 19:24:10.015 18530-18552/com.FDU308.FudanCraft D/cocos2d-x debug info: SocketClient: Client address: 3733243904
07-06 19:24:10.015 18530-18552/com.FDU308.FudanCraft D/cocos2d-x debug info: UnitManager: Send Message via SocketClient Success
07-06 19:24:10.015 18530-18552/com.FDU308.FudanCraft D/cocos2d-x debug info: Sent Message Num: 1, Sent Message string length: 16
07-06 19:24:10.015 18530-18552/com.FDU308.FudanCraft D/cocos2d-x debug info: SocketClient: Start to read data
07-06 19:24:10.015 18530-18552/com.FDU308.FudanCraft D/cocos2d-x debug info: SocketClient: No error detected
07-06 19:24:10.015 18530-18720/com.FDU308.FudanCraft D/cocos2d-x debug info: SocketServer: Distributing data completed
07-06 19:24:10.015 18530-18720/com.FDU308.FudanCraft D/cocos2d-x debug info: SocketServer: Mutex to be released: 3926968204
07-06 19:24:10.015 18530-18720/com.FDU308.FudanCraft D/cocos2d-x debug info: SocketServer: Lock to be released: 3665221696
07-06 19:24:10.015 18530-18720/com.FDU308.FudanCraft D/cocos2d-x debug info: SocketServer: Vector to be released: 3665221712
07-06 19:24:10.015 18530-18720/com.FDU308.FudanCraft D/cocos2d-x debug info: SocketServer: Msg to be released: 3665221672
07-06 19:24:10.015 18530-18720/com.FDU308.FudanCraft D/cocos2d-x debug info: SocketServer: Initialize process loop
07-06 19:24:10.015 18530-18720/com.FDU308.FudanCraft D/cocos2d-x debug info: SocketServer: Trying to read data
07-06 19:24:10.015 18530-18552/com.FDU308.FudanCraft D/cocos2d-x debug info: SocketClient: Get data success
07-06 19:24:10.015 18530-18552/com.FDU308.FudanCraft D/cocos2d-x debug info: SocketClient: Unlock resource completed
07-06 19:24:10.015 18530-18552/com.FDU308.FudanCraft D/cocos2d-x debug info: SocketClient: Finished in reading data, length = 16
07-06 19:24:10.015 18530-18552/com.FDU308.FudanCraft D/cocos2d-x debug info: SocketClient: read_data() trying to release lock: 4011840372
07-06 19:24:10.015 18530-18552/com.FDU308.FudanCraft D/cocos2d-x debug info: UnitManager: Receive Message from Socket Success, String Address: 4011848696
07-06 19:24:10.015 18530-18552/com.FDU308.FudanCraft D/cocos2d-x debug info: UnitManager: Read Message 0 Success
07-06 19:24:10.015 18530-18552/com.FDU308.FudanCraft D/cocos2d-x debug info: Unit ID: 1, update path and start moving
07-06 19:24:10.015 18530-18552/com.FDU308.FudanCraft D/cocos2d-x debug info: Unit: Trying to clear game message
07-06 19:24:10.096 18530-18552/com.FDU308.FudanCraft D/cocos2d-x debug info: Unit: Trying to clear game message
07-06 19:24:10.179 18530-18552/com.FDU308.FudanCraft D/cocos2d-x debug info: Unit: Trying to clear game message
07-06 19:24:10.261 18530-18552/com.FDU308.FudanCraft D/cocos2d-x debug info: Unit: Trying to clear game message
07-06 19:24:10.343 18530-18552/com.FDU308.FudanCraft D/cocos2d-x debug info: Unit: Trying to clear game message
07-06 19:24:10.425 18530-18552/com.FDU308.FudanCraft D/cocos2d-x debug info: Unit: Trying to clear game message
07-06 19:24:10.508 18530-18552/com.FDU308.FudanCraft D/cocos2d-x debug info: Unit: Trying to clear game message
07-06 19:24:10.590 18530-18552/com.FDU308.FudanCraft D/cocos2d-x debug info: Unit: Trying to clear game message
07-06 19:24:10.671 18530-18552/com.FDU308.FudanCraft D/cocos2d-x debug info: Unit: Trying to clear game message
07-06 19:24:10.721 18530-18552/com.FDU308.FudanCraft D/cocos2d-x debug info: Unit ID: 1, fighter landing
07-06 19:24:10.753 18530-18552/com.FDU308.FudanCraft D/cocos2d-x debug info: Unit: Trying to clear game message
07-06 19:24:10.838 18530-18552/com.FDU308.FudanCraft D/cocos2d-x debug info: Unit: Trying to clear game message
07-06 19:24:10.919 18530-18552/com.FDU308.FudanCraft D/cocos2d-x debug info: Unit: Trying to clear game message
07-06 19:24:11.001 18530-18552/com.FDU308.FudanCraft D/cocos2d-x debug info: Unit: Trying to clear game message
07-06 19:24:11.083 18530-18552/com.FDU308.FudanCraft D/cocos2d-x debug info: Unit: Trying to clear game message
07-06 19:24:11.164 18530-18552/com.FDU308.FudanCraft D/cocos2d-x debug info: BattleScene: Entering Multi-touch Moved Handler, Touch Size 1
07-06 19:24:11.165 18530-18552/com.FDU308.FudanCraft D/cocos2d-x debug info: BattleScene: Entering Multi-touch Ended Handler, Touch Size 1
07-06 19:24:11.165 18530-18552/com.FDU308.FudanCraft D/cocos2d-x debug info: Map Touch Grid Point: (48, 14)
07-06 19:24:11.165 18530-18552/com.FDU308.FudanCraft D/cocos2d-x debug info: Unit ID: 1, plan to move to:(48, 14)
07-06 19:24:11.165 18530-18552/com.FDU308.FudanCraft D/cocos2d-x debug info: Unit 1, start moving FP
07-06 19:24:11.165 18530-18552/com.FDU308.FudanCraft D/cocos2d-x debug info: Unit 1, Success FP, RFP: 0, Path Length: 1
07-06 19:24:11.165 18530-18552/com.FDU308.FudanCraft D/cocos2d-x debug info: UnitManager: GameMessageSet to String Success, String Address: 4011848644
07-06 19:24:11.165 18530-18552/com.FDU308.FudanCraft D/cocos2d-x debug info: SocketClient: Start to send string, length = 16
07-06 19:24:11.165 18530-18552/com.FDU308.FudanCraft D/cocos2d-x debug info: SocketClient: Start to write data, length = 16
07-06 19:24:11.165 18530-18552/com.FDU308.FudanCraft D/cocos2d-x debug info: SocketClient: Complete in encoding data
07-06 19:24:11.166 18530-18552/com.FDU308.FudanCraft D/cocos2d-x debug info: SocketClient: Finish writing data, length = 16
07-06 19:24:11.166 18530-18552/com.FDU308.FudanCraft D/cocos2d-x debug info: SocketClient: write_data() trying to release string: 4011848600
07-06 19:24:11.166 18530-18552/com.FDU308.FudanCraft D/cocos2d-x debug info: SocketClient: write_data() trying to release socket_message: 4011840364
07-06 19:24:11.166 18530-18552/com.FDU308.FudanCraft D/cocos2d-x debug info: SocketClient: Finished in sending string, length = 16
07-06 19:24:11.166 18530-18552/com.FDU308.FudanCraft D/cocos2d-x debug info: SocketClient: send_string() trying to release string: 4011848648
07-06 19:24:11.166 18530-18552/com.FDU308.FudanCraft D/cocos2d-x debug info: SocketClient: Client address: 3733243904
07-06 19:24:11.166 18530-18552/com.FDU308.FudanCraft D/cocos2d-x debug info: UnitManager: Send Message via SocketClient Success
07-06 19:24:11.166 18530-18720/com.FDU308.FudanCraft D/cocos2d-x debug info: SocketServer: Reading data completed, num = 1
07-06 19:24:11.166 18530-18552/com.FDU308.FudanCraft D/cocos2d-x debug info: Sent Message Num: 1, Sent Message string length: 16
07-06 19:24:11.166 18530-18552/com.FDU308.FudanCraft D/cocos2d-x debug info: SocketClient: Start to read data
07-06 19:24:11.166 18530-18552/com.FDU308.FudanCraft D/cocos2d-x debug info: SocketClient: No error detected
07-06 19:24:11.166 18530-18720/com.FDU308.FudanCraft D/cocos2d-x debug info: SocketServer: Distributing data completed
07-06 19:24:11.166 18530-18552/com.FDU308.FudanCraft D/cocos2d-x debug info: SocketClient: Get data success
07-06 19:24:11.166 18530-18552/com.FDU308.FudanCraft D/cocos2d-x debug info: SocketClient: Unlock resource completed
07-06 19:24:11.166 18530-18720/com.FDU308.FudanCraft D/cocos2d-x debug info: SocketServer: Mutex to be released: 3926968204
07-06 19:24:11.167 18530-18552/com.FDU308.FudanCraft D/cocos2d-x debug info: SocketClient: Finished in reading data, length = 16
07-06 19:24:11.167 18530-18552/com.FDU308.FudanCraft D/cocos2d-x debug info: SocketClient: read_data() trying to release lock: 4011840372
07-06 19:24:11.167 18530-18552/com.FDU308.FudanCraft D/cocos2d-x debug info: UnitManager: Receive Message from Socket Success, String Address: 4011848696
07-06 19:24:11.167 18530-18720/com.FDU308.FudanCraft D/cocos2d-x debug info: SocketServer: Lock to be released: 3665221696
07-06 19:24:11.167 18530-18552/com.FDU308.FudanCraft D/cocos2d-x debug info: UnitManager: Read Message 0 Success
07-06 19:24:11.167 18530-18720/com.FDU308.FudanCraft D/cocos2d-x debug info: SocketServer: Vector to be released: 3665221712
07-06 19:24:11.167 18530-18552/com.FDU308.FudanCraft D/cocos2d-x debug info: Unit ID: 1, update path and start moving
07-06 19:24:11.167 18530-18720/com.FDU308.FudanCraft D/cocos2d-x debug info: SocketServer: Msg to be released: 3665221672
07-06 19:24:11.167 18530-18552/com.FDU308.FudanCraft D/cocos2d-x debug info: Unit: Trying to clear game message
07-06 19:24:11.167 18530-18720/com.FDU308.FudanCraft D/cocos2d-x debug info: SocketServer: Initialize process loop
07-06 19:24:11.167 18530-18720/com.FDU308.FudanCraft D/cocos2d-x debug info: SocketServer: Trying to read data
07-06 19:24:11.246 18530-18552/com.FDU308.FudanCraft D/cocos2d-x debug info: Unit: Trying to clear game message
07-06 19:24:11.328 18530-18552/com.FDU308.FudanCraft D/cocos2d-x debug info: Unit: Trying to clear game message
07-06 19:24:11.411 18530-18552/com.FDU308.FudanCraft D/cocos2d-x debug info: Unit: Trying to clear game message
07-06 19:24:11.493 18530-18552/com.FDU308.FudanCraft D/cocos2d-x debug info: Unit: Trying to clear game message
07-06 19:24:11.574 18530-18552/com.FDU308.FudanCraft D/cocos2d-x debug info: Unit: Trying to clear game message
07-06 19:24:11.656 18530-18552/com.FDU308.FudanCraft D/cocos2d-x debug info: Unit: Trying to clear game message
07-06 19:24:11.738 18530-18552/com.FDU308.FudanCraft D/cocos2d-x debug info: Unit: Trying to clear game message
07-06 19:24:11.820 18530-18552/com.FDU308.FudanCraft D/cocos2d-x debug info: Unit: Trying to clear game message
07-06 19:24:11.902 18530-18552/com.FDU308.FudanCraft D/cocos2d-x debug info: Unit: Trying to clear game message
07-06 19:24:11.985 18530-18552/com.FDU308.FudanCraft D/cocos2d-x debug info: Unit: Trying to clear game message
07-06 19:24:12.069 18530-18552/com.FDU308.FudanCraft D/cocos2d-x debug info: Unit: Trying to clear game message
07-06 19:24:12.150 18530-18552/com.FDU308.FudanCraft D/cocos2d-x debug info: Unit: Trying to clear game message
07-06 19:24:12.230 18530-18552/com.FDU308.FudanCraft D/cocos2d-x debug info: Unit: Trying to clear game message
07-06 19:24:12.314 18530-18552/com.FDU308.FudanCraft D/cocos2d-x debug info: Unit: Trying to clear game message
07-06 19:24:12.395 18530-18552/com.FDU308.FudanCraft D/cocos2d-x debug info: Unit: Trying to clear game message
07-06 19:24:12.481 18530-18552/com.FDU308.FudanCraft D/cocos2d-x debug info: Unit: Trying to clear game message
07-06 19:24:12.481 18530-18552/com.FDU308.FudanCraft D/cocos2d-x debug info: Unit ID: 1, fighter landing
07-06 19:24:12.564 18530-18552/com.FDU308.FudanCraft D/cocos2d-x debug info: Unit: Trying to clear game message
07-06 19:24:12.608 18530-18552/com.FDU308.FudanCraft D/cocos2d-x debug info: BattleScene: Entering Multi-touch Moved Handler, Touch Size 1
07-06 19:24:12.608 18530-18552/com.FDU308.FudanCraft D/cocos2d-x debug info: BattleScene: Entering Multi-touch Ended Handler, Touch Size 1
07-06 19:24:12.608 18530-18552/com.FDU308.FudanCraft D/cocos2d-x debug info: Map Touch Grid Point: (51, 21)
07-06 19:24:12.608 18530-18552/com.FDU308.FudanCraft D/cocos2d-x debug info: Unit ID: 1, plan to move to:(51, 21)
07-06 19:24:12.608 18530-18552/com.FDU308.FudanCraft D/cocos2d-x debug info: Unit 1, start moving FP
07-06 19:24:12.608 18530-18552/com.FDU308.FudanCraft D/cocos2d-x debug info: Unit 1, Success FP, RFP: 0, Path Length: 1
07-06 19:24:12.645 18530-18552/com.FDU308.FudanCraft D/cocos2d-x debug info: UnitManager: GameMessageSet to String Success, String Address: 4011848644
07-06 19:24:12.645 18530-18552/com.FDU308.FudanCraft D/cocos2d-x debug info: SocketClient: Start to send string, length = 16
07-06 19:24:12.645 18530-18552/com.FDU308.FudanCraft D/cocos2d-x debug info: SocketClient: Start to write data, length = 16
07-06 19:24:12.645 18530-18552/com.FDU308.FudanCraft D/cocos2d-x debug info: SocketClient: Complete in encoding data
07-06 19:24:12.645 18530-18552/com.FDU308.FudanCraft D/cocos2d-x debug info: SocketClient: Finish writing data, length = 16
07-06 19:24:12.645 18530-18552/com.FDU308.FudanCraft D/cocos2d-x debug info: SocketClient: write_data() trying to release string: 4011848600
07-06 19:24:12.645 18530-18552/com.FDU308.FudanCraft D/cocos2d-x debug info: SocketClient: write_data() trying to release socket_message: 4011840364
07-06 19:24:12.645 18530-18552/com.FDU308.FudanCraft D/cocos2d-x debug info: SocketClient: Finished in sending string, length = 16
07-06 19:24:12.645 18530-18552/com.FDU308.FudanCraft D/cocos2d-x debug info: SocketClient: send_string() trying to release string: 4011848648
07-06 19:24:12.645 18530-18552/com.FDU308.FudanCraft D/cocos2d-x debug info: SocketClient: Client address: 3733243904
07-06 19:24:12.645 18530-18552/com.FDU308.FudanCraft D/cocos2d-x debug info: UnitManager: Send Message via SocketClient Success
07-06 19:24:12.645 18530-18552/com.FDU308.FudanCraft D/cocos2d-x debug info: Sent Message Num: 1, Sent Message string length: 16
07-06 19:24:12.645 18530-18552/com.FDU308.FudanCraft D/cocos2d-x debug info: SocketClient: Start to read data
07-06 19:24:12.645 18530-18720/com.FDU308.FudanCraft D/cocos2d-x debug info: SocketServer: Reading data completed, num = 1
07-06 19:24:12.645 18530-18552/com.FDU308.FudanCraft D/cocos2d-x debug info: SocketClient: No error detected
07-06 19:24:12.646 18530-18552/com.FDU308.FudanCraft D/cocos2d-x debug info: SocketClient: Get data success
07-06 19:24:12.646 18530-18552/com.FDU308.FudanCraft D/cocos2d-x debug info: SocketClient: Unlock resource completed
07-06 19:24:12.646 18530-18720/com.FDU308.FudanCraft D/cocos2d-x debug info: SocketServer: Distributing data completed
07-06 19:24:12.646 18530-18552/com.FDU308.FudanCraft D/cocos2d-x debug info: SocketClient: Finished in reading data, length = 16
07-06 19:24:12.646 18530-18552/com.FDU308.FudanCraft D/cocos2d-x debug info: SocketClient: read_data() trying to release lock: 4011840372
07-06 19:24:12.646 18530-18720/com.FDU308.FudanCraft D/cocos2d-x debug info: SocketServer: Mutex to be released: 3926968204
07-06 19:24:12.646 18530-18552/com.FDU308.FudanCraft D/cocos2d-x debug info: UnitManager: Receive Message from Socket Success, String Address: 4011848696
07-06 19:24:12.646 18530-18720/com.FDU308.FudanCraft D/cocos2d-x debug info: SocketServer: Lock to be released: 3665221696
07-06 19:24:12.646 18530-18552/com.FDU308.FudanCraft D/cocos2d-x debug info: UnitManager: Read Message 0 Success
07-06 19:24:12.646 18530-18720/com.FDU308.FudanCraft D/cocos2d-x debug info: SocketServer: Vector to be released: 3665221712
07-06 19:24:12.646 18530-18552/com.FDU308.FudanCraft D/cocos2d-x debug info: Unit ID: 1, update path and start moving
07-06 19:24:12.646 18530-18720/com.FDU308.FudanCraft D/cocos2d-x debug info: SocketServer: Msg to be released: 3665221672
07-06 19:24:12.646 18530-18552/com.FDU308.FudanCraft D/cocos2d-x debug info: Unit: Trying to clear game message
07-06 19:24:12.646 18530-18720/com.FDU308.FudanCraft D/cocos2d-x debug info: SocketServer: Initialize process loop
07-06 19:24:12.646 18530-18720/com.FDU308.FudanCraft D/cocos2d-x debug info: SocketServer: Trying to read data
07-06 19:24:12.725 18530-18552/com.FDU308.FudanCraft D/cocos2d-x debug info: Unit: Trying to clear game message
07-06 19:24:12.807 18530-18552/com.FDU308.FudanCraft D/cocos2d-x debug info: Unit: Trying to clear game message
07-06 19:24:12.888 18530-18552/com.FDU308.FudanCraft D/cocos2d-x debug info: Unit: Trying to clear game message
07-06 19:24:12.971 18530-18552/com.FDU308.FudanCraft D/cocos2d-x debug info: Unit: Trying to clear game message
07-06 19:24:13.053 18530-18552/com.FDU308.FudanCraft D/cocos2d-x debug info: Unit: Trying to clear game message
07-06 19:24:13.135 18530-18552/com.FDU308.FudanCraft D/cocos2d-x debug info: Unit: Trying to clear game message
07-06 19:24:13.217 18530-18552/com.FDU308.FudanCraft D/cocos2d-x debug info: Unit: Trying to clear game message
07-06 19:24:13.299 18530-18552/com.FDU308.FudanCraft D/cocos2d-x debug info: Unit: Trying to clear game message
07-06 19:24:13.381 18530-18552/com.FDU308.FudanCraft D/cocos2d-x debug info: Unit: Trying to clear game message
07-06 19:24:13.462 18530-18552/com.FDU308.FudanCraft D/cocos2d-x debug info: Unit: Trying to clear game message
07-06 19:24:13.511 18530-18552/com.FDU308.FudanCraft D/cocos2d-x debug info: Unit ID: 1, fighter landing
07-06 19:24:13.543 18530-18552/com.FDU308.FudanCraft D/cocos2d-x debug info: Unit: Trying to clear game message
07-06 19:24:13.627 18530-18552/com.FDU308.FudanCraft D/cocos2d-x debug info: Unit: Trying to clear game message
07-06 19:24:13.710 18530-18552/com.FDU308.FudanCraft D/cocos2d-x debug info: Unit: Trying to clear game message
07-06 19:24:13.795 18530-18552/com.FDU308.FudanCraft D/cocos2d-x debug info: Unit: Trying to clear game message
07-06 19:24:13.877 18530-18552/com.FDU308.FudanCraft D/cocos2d-x debug info: Unit: Trying to clear game message
07-06 19:24:13.959 18530-18552/com.FDU308.FudanCraft D/cocos2d-x debug info: Unit: Trying to clear game message
07-06 19:24:14.041 18530-18552/com.FDU308.FudanCraft D/cocos2d-x debug info: Unit: Trying to clear game message
07-06 19:24:14.116 18530-18552/com.FDU308.FudanCraft D/cocos2d-x debug info: BattleScene: Entering Multi-touch Moved Handler, Touch Size 1
07-06 19:24:14.123 18530-18552/com.FDU308.FudanCraft D/cocos2d-x debug info: Unit: Trying to clear game message
07-06 19:24:14.132 18530-18552/com.FDU308.FudanCraft D/cocos2d-x debug info: BattleScene: Entering Multi-touch Moved Handler, Touch Size 1
07-06 19:24:14.133 18530-18552/com.FDU308.FudanCraft D/cocos2d-x debug info: BattleScene: Entering Multi-touch Ended Handler, Touch Size 1
07-06 19:24:14.133 18530-18552/com.FDU308.FudanCraft D/cocos2d-x debug info: Map Touch Grid Point: (64, 23)
07-06 19:24:14.133 18530-18552/com.FDU308.FudanCraft D/cocos2d-x debug info: Unit ID: 1, plan to move to:(64, 23)
07-06 19:24:14.133 18530-18552/com.FDU308.FudanCraft D/cocos2d-x debug info: Unit 1, start moving FP
07-06 19:24:14.133 18530-18552/com.FDU308.FudanCraft D/cocos2d-x debug info: Change Destination due to occupied: -> (67, 23)
07-06 19:24:14.133 18530-18552/com.FDU308.FudanCraft D/cocos2d-x debug info: Unit 1, Success FP, RFP: 0, Path Length: 1
07-06 19:24:14.205 18530-18552/com.FDU308.FudanCraft D/cocos2d-x debug info: UnitManager: GameMessageSet to String Success, String Address: 4011848644
07-06 19:24:14.205 18530-18552/com.FDU308.FudanCraft D/cocos2d-x debug info: SocketClient: Start to send string, length = 16
07-06 19:24:14.205 18530-18552/com.FDU308.FudanCraft D/cocos2d-x debug info: SocketClient: Start to write data, length = 16
07-06 19:24:14.205 18530-18552/com.FDU308.FudanCraft D/cocos2d-x debug info: SocketClient: Complete in encoding data
07-06 19:24:14.205 18530-18552/com.FDU308.FudanCraft D/cocos2d-x debug info: SocketClient: Finish writing data, length = 16
07-06 19:24:14.205 18530-18552/com.FDU308.FudanCraft D/cocos2d-x debug info: SocketClient: write_data() trying to release string: 4011848600
07-06 19:24:14.205 18530-18552/com.FDU308.FudanCraft D/cocos2d-x debug info: SocketClient: write_data() trying to release socket_message: 4011840364
07-06 19:24:14.205 18530-18552/com.FDU308.FudanCraft D/cocos2d-x debug info: SocketClient: Finished in sending string, length = 16
07-06 19:24:14.205 18530-18552/com.FDU308.FudanCraft D/cocos2d-x debug info: SocketClient: send_string() trying to release string: 4011848648
07-06 19:24:14.205 18530-18552/com.FDU308.FudanCraft D/cocos2d-x debug info: SocketClient: Client address: 3733243904
07-06 19:24:14.205 18530-18552/com.FDU308.FudanCraft D/cocos2d-x debug info: UnitManager: Send Message via SocketClient Success
07-06 19:24:14.205 18530-18552/com.FDU308.FudanCraft D/cocos2d-x debug info: Sent Message Num: 1, Sent Message string length: 16
07-06 19:24:14.206 18530-18552/com.FDU308.FudanCraft D/cocos2d-x debug info: SocketClient: Start to read data
07-06 19:24:14.206 18530-18552/com.FDU308.FudanCraft D/cocos2d-x debug info: SocketClient: No error detected
07-06 19:24:14.206 18530-18720/com.FDU308.FudanCraft D/cocos2d-x debug info: SocketServer: Reading data completed, num = 1
07-06 19:24:14.206 18530-18552/com.FDU308.FudanCraft D/cocos2d-x debug info: SocketClient: Get data success
07-06 19:24:14.206 18530-18552/com.FDU308.FudanCraft D/cocos2d-x debug info: SocketClient: Unlock resource completed
07-06 19:24:14.206 18530-18552/com.FDU308.FudanCraft D/cocos2d-x debug info: SocketClient: Finished in reading data, length = 16
07-06 19:24:14.206 18530-18720/com.FDU308.FudanCraft D/cocos2d-x debug info: SocketServer: Distributing data completed
07-06 19:24:14.206 18530-18552/com.FDU308.FudanCraft D/cocos2d-x debug info: SocketClient: read_data() trying to release lock: 4011840372
07-06 19:24:14.206 18530-18552/com.FDU308.FudanCraft D/cocos2d-x debug info: UnitManager: Receive Message from Socket Success, String Address: 4011848696
07-06 19:24:14.206 18530-18720/com.FDU308.FudanCraft D/cocos2d-x debug info: SocketServer: Mutex to be released: 3926968204
07-06 19:24:14.206 18530-18552/com.FDU308.FudanCraft D/cocos2d-x debug info: UnitManager: Read Message 0 Success
07-06 19:24:14.206 18530-18720/com.FDU308.FudanCraft D/cocos2d-x debug info: SocketServer: Lock to be released: 3665221696
07-06 19:24:14.206 18530-18552/com.FDU308.FudanCraft D/cocos2d-x debug info: Unit ID: 1, update path and start moving
07-06 19:24:14.206 18530-18720/com.FDU308.FudanCraft D/cocos2d-x debug info: SocketServer: Vector to be released: 3665221712
07-06 19:24:14.206 18530-18552/com.FDU308.FudanCraft D/cocos2d-x debug info: Unit: Trying to clear game message
07-06 19:24:14.206 18530-18720/com.FDU308.FudanCraft D/cocos2d-x debug info: SocketServer: Msg to be released: 3665221672
07-06 19:24:14.206 18530-18720/com.FDU308.FudanCraft D/cocos2d-x debug info: SocketServer: Initialize process loop
07-06 19:24:14.206 18530-18720/com.FDU308.FudanCraft D/cocos2d-x debug info: SocketServer: Trying to read data
07-06 19:24:14.286 18530-18552/com.FDU308.FudanCraft D/cocos2d-x debug info: Unit: Trying to clear game message
07-06 19:24:14.366 18530-18552/com.FDU308.FudanCraft D/cocos2d-x debug info: Unit: Trying to clear game message
07-06 19:24:14.447 18530-18552/com.FDU308.FudanCraft D/cocos2d-x debug info: Unit: Trying to clear game message
07-06 19:24:14.529 18530-18552/com.FDU308.FudanCraft D/cocos2d-x debug info: Unit: Trying to clear game message
07-06 19:24:14.612 18530-18552/com.FDU308.FudanCraft D/cocos2d-x debug info: Unit: Trying to clear game message
07-06 19:24:14.693 18530-18552/com.FDU308.FudanCraft D/cocos2d-x debug info: Unit: Trying to clear game message
07-06 19:24:14.775 18530-18552/com.FDU308.FudanCraft D/cocos2d-x debug info: Unit: Trying to clear game message
07-06 19:24:14.857 18530-18552/com.FDU308.FudanCraft D/cocos2d-x debug info: Unit: Trying to clear game message
07-06 19:24:14.940 18530-18552/com.FDU308.FudanCraft D/cocos2d-x debug info: Unit: Trying to clear game message
07-06 19:24:15.023 18530-18552/com.FDU308.FudanCraft D/cocos2d-x debug info: Unit: Trying to clear game message
07-06 19:24:15.105 18530-18552/com.FDU308.FudanCraft D/cocos2d-x debug info: Unit: Trying to clear game message
07-06 19:24:15.187 18530-18552/com.FDU308.FudanCraft D/cocos2d-x debug info: Unit: Trying to clear game message
07-06 19:24:15.269 18530-18552/com.FDU308.FudanCraft D/cocos2d-x debug info: Unit: Trying to clear game message
07-06 19:24:15.351 18530-18552/com.FDU308.FudanCraft D/cocos2d-x debug info: Unit: Trying to clear game message
07-06 19:24:15.447 18530-18552/com.FDU308.FudanCraft D/cocos2d-x debug info: Unit: Trying to clear game message
07-06 19:24:15.530 18530-18552/com.FDU308.FudanCraft D/cocos2d-x debug info: Unit: Trying to clear game message
07-06 19:24:15.612 18530-18552/com.FDU308.FudanCraft D/cocos2d-x debug info: Unit: Trying to clear game message
07-06 19:24:15.694 18530-18552/com.FDU308.FudanCraft D/cocos2d-x debug info: Unit: Trying to clear game message
07-06 19:24:15.776 18530-18552/com.FDU308.FudanCraft D/cocos2d-x debug info: Unit: Trying to clear game message
07-06 19:24:15.859 18530-18552/com.FDU308.FudanCraft D/cocos2d-x debug info: Unit: Trying to clear game message
07-06 19:24:15.943 18530-18552/com.FDU308.FudanCraft D/cocos2d-x debug info: Unit: Trying to clear game message
07-06 19:24:16.025 18530-18552/com.FDU308.FudanCraft D/cocos2d-x debug info: Unit: Trying to clear game message
07-06 19:24:16.074 18530-18552/com.FDU308.FudanCraft D/cocos2d-x debug info: Unit ID: 1, fighter landing
07-06 19:24:16.106 18530-18552/com.FDU308.FudanCraft D/cocos2d-x debug info: Unit: Trying to clear game message
07-06 19:24:16.187 18530-18552/com.FDU308.FudanCraft D/cocos2d-x debug info: Unit: Trying to clear game message
07-06 19:24:16.270 18530-18552/com.FDU308.FudanCraft D/cocos2d-x debug info: Unit: Trying to clear game message
07-06 19:24:16.352 18530-18552/com.FDU308.FudanCraft D/cocos2d-x debug info: Unit: Trying to clear game message
07-06 19:24:16.433 18530-18552/com.FDU308.FudanCraft D/cocos2d-x debug info: Unit: Trying to clear game message
07-06 19:24:16.515 18530-18552/com.FDU308.FudanCraft D/cocos2d-x debug info: Unit: Trying to clear game message
07-06 19:24:16.598 18530-18552/com.FDU308.FudanCraft D/cocos2d-x debug info: Unit: Trying to clear game message
07-06 19:24:16.680 18530-18552/com.FDU308.FudanCraft D/cocos2d-x debug info: Unit: Trying to clear game message
07-06 19:24:16.761 18530-18552/com.FDU308.FudanCraft D/cocos2d-x debug info: Unit: Trying to clear game message
07-06 19:24:16.843 18530-18552/com.FDU308.FudanCraft D/cocos2d-x debug info: Unit: Trying to clear game message
07-06 19:24:16.925 18530-18552/com.FDU308.FudanCraft D/cocos2d-x debug info: Unit: Trying to clear game message
07-06 19:24:17.008 18530-18552/com.FDU308.FudanCraft D/cocos2d-x debug info: Unit: Trying to clear game message
07-06 19:24:17.089 18530-18552/com.FDU308.FudanCraft D/cocos2d-x debug info: Unit: Trying to clear game message
07-06 19:24:17.171 18530-18552/com.FDU308.FudanCraft D/cocos2d-x debug info: Unit: Trying to clear game message
07-06 19:24:17.253 18530-18552/com.FDU308.FudanCraft D/cocos2d-x debug info: Unit: Trying to clear game message
07-06 19:24:17.333 18530-18552/com.FDU308.FudanCraft D/cocos2d-x debug info: Unit: Trying to clear game message
07-06 19:24:17.432 18530-18552/com.FDU308.FudanCraft D/cocos2d-x debug info: FudanCraft: HelloWorldScene Initialize Begin
07-06 19:24:17.432 18530-18552/com.FDU308.FudanCraft D/cocos2d-x debug info: cocos2d: fullPathForFilename: No file found at BackgroundPanel.png. Possible missing file.
07-06 19:24:17.432 18530-18552/com.FDU308.FudanCraft D/cocos2d-x debug info: FudanCraft: HelloWorldScene Read First Resource at Root Directory Fail
07-06 19:24:17.432 18530-18552/com.FDU308.FudanCraft D/cocos2d-x debug info: FudanCraft: HelloWorldScene Read First Resource Success
07-06 19:24:17.432 18530-18552/com.FDU308.FudanCraft D/cocos2d-x debug info: FudanCraft: Set Position Success
07-06 19:24:17.432 18530-18552/com.FDU308.FudanCraft D/cocos2d-x debug info: FudanCraft: Set Scale Success
07-06 19:24:17.432 18530-18552/com.FDU308.FudanCraft D/cocos2d-x debug info: FudanCraft: Trying to Add Child
07-06 19:24:17.432 18530-18552/com.FDU308.FudanCraft D/cocos2d-x debug info: FudanCraft: Add First Child Success
07-06 19:24:17.432 18530-18552/com.FDU308.FudanCraft D/cocos2d-x debug info: FudanCraft: Create First Sprite Success
07-06 19:24:17.432 18530-18552/com.FDU308.FudanCraft D/cocos2d-x debug info: FudanCraft: HelloWorldScene Read Many Resources Success
07-06 19:24:17.432 18530-18552/com.FDU308.FudanCraft D/cocos2d-x debug info: FudanCraft: Trying to Preload Audio
07-06 19:24:17.497 18530-18552/com.FDU308.FudanCraft E/ExtMediaPlayer-JNI: env->IsInstanceOf fails
07-06 19:24:17.497 18530-18552/com.FDU308.FudanCraft E/MediaPlayer-JNI: JNIMediaPlayerFactory: bIsQCMediaPlayerPresent 0
07-06 19:24:17.497 18530-18552/com.FDU308.FudanCraft E/ExtMediaPlayer-JNI: env->IsInstanceOf fails
07-06 19:24:17.497 18530-18552/com.FDU308.FudanCraft E/MediaPlayer-JNI: JNIMediaPlayerFactory: bIsQCMediaPlayerPresent 0
07-06 19:24:17.514 18530-18552/com.FDU308.FudanCraft D/MediaPlayer: setSubtitleAnchor in MediaPlayer
07-06 19:24:17.514 18530-18530/com.FDU308.FudanCraft D/MediaPlayer: setSubtitleAnchor in MediaPlayer
07-06 19:24:17.518 18530-18552/com.FDU308.FudanCraft D/cocos2d-x debug info: FudanCraft: HelloWorldScene Initialize Success
07-06 19:24:18.069 18530-18552/com.FDU308.FudanCraft E/ExtMediaPlayer-JNI: env->IsInstanceOf fails
07-06 19:24:18.069 18530-18552/com.FDU308.FudanCraft E/MediaPlayer-JNI: JNIMediaPlayerFactory: bIsQCMediaPlayerPresent 0
07-06 19:24:18.069 18530-18552/com.FDU308.FudanCraft E/ExtMediaPlayer-JNI: env->IsInstanceOf fails
07-06 19:24:18.069 18530-18552/com.FDU308.FudanCraft E/MediaPlayer-JNI: JNIMediaPlayerFactory: bIsQCMediaPlayerPresent 0
07-06 19:24:18.088 18530-18552/com.FDU308.FudanCraft D/MediaPlayer: setSubtitleAnchor in MediaPlayer
07-06 19:24:18.088 18530-18530/com.FDU308.FudanCraft D/MediaPlayer: setSubtitleAnchor in MediaPlayer
07-06 19:24:18.090 18530-18720/com.FDU308.FudanCraft D/cocos2d-x debug info: SocketServer: Reading data completed, num = 1
07-06 19:24:18.090 18530-18720/com.FDU308.FudanCraft D/cocos2d-x debug info: SocketServer: Distributing data completed
07-06 19:24:18.091 18530-18720/com.FDU308.FudanCraft D/cocos2d-x debug info: SocketServer: Mutex to be released: 3926968204
07-06 19:24:18.091 18530-18720/com.FDU308.FudanCraft D/cocos2d-x debug info: SocketServer: Lock to be released: 3665221696
07-06 19:24:18.091 18530-18720/com.FDU308.FudanCraft D/cocos2d-x debug info: SocketServer: Vector to be released: 3665221712
07-06 19:24:18.091 18530-18720/com.FDU308.FudanCraft D/cocos2d-x debug info: SocketServer: Msg to be released: 3665221672
07-06 19:24:18.091 18530-18720/com.FDU308.FudanCraft A/libc: Invalid address 0xf3cdb7f8 passed to free: value not allocated
07-06 19:24:18.091 18530-18720/com.FDU308.FudanCraft A/libc: Fatal signal 6 (SIGABRT), code -6 in tid 18720 (GLThread 512)
