07-03 21:07:36.069 16064-16064/? I/art: Late-enabling -Xcheck:jni
07-03 21:07:36.082 16064-16064/? D/TidaProvider: TidaProvider()
07-03 21:07:36.101 16064-16064/? V/BoostFramework: mAcquireFunc method = public int com.qualcomm.qti.Performance.perfLockAcquire(int,int[])
07-03 21:07:36.102 16064-16064/? V/BoostFramework: mReleaseFunc method = public int com.qualcomm.qti.Performance.perfLockRelease()
07-03 21:07:36.102 16064-16064/? V/BoostFramework: mAcquireTouchFunc method = public int com.qualcomm.qti.Performance.perfLockAcquireTouch(android.view.MotionEvent,android.util.DisplayMetrics,int,int[])
07-03 21:07:36.102 16064-16064/? V/BoostFramework: mIOPStart method = public int com.qualcomm.qti.Performance.perfIOPrefetchStart(int,java.lang.String)
07-03 21:07:36.102 16064-16064/? V/BoostFramework: mIOPStop method = public int com.qualcomm.qti.Performance.perfIOPrefetchStop()
07-03 21:07:36.104 16064-16064/? V/BoostFramework: BoostFramework() : mPerf = com.qualcomm.qti.Performance@249ac42
07-03 21:07:36.338 16064-16064/com.FDU308.FudanCraft D/JniHelper: JniHelper::setJavaVM(0xf53fc000), pthread_self() = -144299212
07-03 21:07:36.338 16064-16064/com.FDU308.FudanCraft D/main: cocos_android_app_init
07-03 21:07:36.345 16064-16064/com.FDU308.FudanCraft D/Cocos2dxHelper: isSupportLowLatency:false
07-03 21:07:36.357 16064-16064/com.FDU308.FudanCraft D/Cocos2dxHelper: sampleRate: 48000, framesPerBuffer: 192
07-03 21:07:36.357 16064-16064/com.FDU308.FudanCraft D/Java_org_cocos2dx_lib_Cocos2dxHelper.cpp: nativeSetAudioDeviceInfo: sampleRate: 48000, bufferSizeInFrames: 192
07-03 21:07:36.402 16064-16064/com.FDU308.FudanCraft D/Cocos2dxActivity: model=MI 5s Plus
07-03 21:07:36.402 16064-16064/com.FDU308.FudanCraft D/Cocos2dxActivity: product=natrium
07-03 21:07:36.403 16064-16064/com.FDU308.FudanCraft D/Cocos2dxActivity: isEmulator=false
07-03 21:07:36.405 16064-16064/com.FDU308.FudanCraft D/EngineDataManager.cpp: nativeSetSupportOptimization: 0
07-03 21:07:36.405 16064-16064/com.FDU308.FudanCraft D/Cocos2dxActivity: onResume()
07-03 21:07:36.413 16064-16064/com.FDU308.FudanCraft D/ActivityThreadInjector: clearCachedDrawables.
07-03 21:07:36.451 16064-16144/com.FDU308.FudanCraft I/Adreno: QUALCOMM build                   : 9438ceb, I0ac3940325
                                                               Build Date                       : 10/26/16
                                                               OpenGL ES Shader Compiler Version: XE031.09.00.03
                                                               Local Branch                     : 
                                                               Remote Branch                    : 
                                                               Remote Branch                    : 
                                                               Reconstruct Branch               : 
07-03 21:07:36.475 16064-16144/com.FDU308.FudanCraft D/cocos2d-x debug info: {
                                                                             	gl.supports_OES_packed_depth_stencil: true
                                                                             	gl.supports_vertex_array_object: true
                                                                             	gl.supports_BGRA8888: false
                                                                             	gl.supports_ATITC: true
                                                                             	gl.supports_S3TC: false
                                                                             	cocos2d.x.version: cocos2d-x-3.15.1
                                                                             	gl.supports_discard_framebuffer: true
                                                                             	cocos2d.x.compiled_with_profiler: false
                                                                             	gl.supports_PVRTC: false
                                                                             	cocos2d.x.build_type: DEBUG
                                                                             	gl.renderer: Adreno (TM) 530
                                                                             	gl.supports_OES_depth24: true
                                                                             	gl.supports_ETC1: true
                                                                             	gl.supports_OES_map_buffer: false
                                                                             	cocos2d.x.compiled_with_gl_state_cache: true
                                                                             	gl.version: OpenGL ES 3.2 V@145.0 (GIT@I0ac3940325)
                                                                             	gl.supports_NPOT: true
                                                                             	gl.max_texture_units: 96
                                                                             	gl.vendor: Qualcomm
                                                                             	gl.max_texture_size: 16384
                                                                             }
07-03 21:07:36.478 16064-16144/com.FDU308.FudanCraft D/EngineDataManager.cpp: setAnimationInterval by game: 0.0167
07-03 21:07:36.478 16064-16144/com.FDU308.FudanCraft D/EngineDataManager.cpp: JNI setAnimationInterval: 0.016667
07-03 21:07:36.490 16064-16064/com.FDU308.FudanCraft D/Cocos2dxActivity: onWindowFocusChanged() hasFocus=true
07-03 21:07:36.897 16064-16144/com.FDU308.FudanCraft D/cocos2d-x debug info: create rendererRecreatedListener for GLProgramState
07-03 21:07:36.897 16064-16144/com.FDU308.FudanCraft D/cocos2d-x debug info: FudanCraft: HelloWorldScene Initialize Begin
07-03 21:07:36.898 16064-16144/com.FDU308.FudanCraft D/cocos2d-x debug info: cocos2d: fullPathForFilename: No file found at BackgroundPanel.png. Possible missing file.
07-03 21:07:36.898 16064-16144/com.FDU308.FudanCraft D/cocos2d-x debug info: FudanCraft: HelloWorldScene Read First Resource at Root Directory Fail
07-03 21:07:36.936 16064-16144/com.FDU308.FudanCraft D/cocos2d-x debug info: create rendererRecreatedListener for GLProgramState
07-03 21:07:36.936 16064-16144/com.FDU308.FudanCraft D/cocos2d-x debug info: FudanCraft: HelloWorldScene Read First Resource Success
07-03 21:07:36.936 16064-16144/com.FDU308.FudanCraft D/cocos2d-x debug info: FudanCraft: Set Position Success
07-03 21:07:36.936 16064-16144/com.FDU308.FudanCraft D/cocos2d-x debug info: FudanCraft: Set Scale Success
07-03 21:07:36.936 16064-16144/com.FDU308.FudanCraft D/cocos2d-x debug info: FudanCraft: Trying to Add Child
07-03 21:07:36.936 16064-16144/com.FDU308.FudanCraft D/cocos2d-x debug info: FudanCraft: Add First Child Success
07-03 21:07:36.941 16064-16144/com.FDU308.FudanCraft D/cocos2d-x debug info: FudanCraft: Create First Sprite Success
07-03 21:07:36.950 16064-16144/com.FDU308.FudanCraft D/cocos2d-x debug info: FudanCraft: HelloWorldScene Read Many Resources Success
07-03 21:07:36.951 16064-16144/com.FDU308.FudanCraft D/cocos2d-x debug info: FudanCraft: Trying to Preload Audio
07-03 21:07:36.951 16064-16144/com.FDU308.FudanCraft D/cocos2d: android SDK version:23
07-03 21:07:36.952 16064-16144/com.FDU308.FudanCraft E/ExtMediaPlayer-JNI: env->IsInstanceOf fails
07-03 21:07:36.952 16064-16144/com.FDU308.FudanCraft E/MediaPlayer-JNI: JNIMediaPlayerFactory: bIsQCMediaPlayerPresent 0
07-03 21:07:36.952 16064-16144/com.FDU308.FudanCraft E/ExtMediaPlayer-JNI: env->IsInstanceOf fails
07-03 21:07:36.952 16064-16144/com.FDU308.FudanCraft E/MediaPlayer-JNI: JNIMediaPlayerFactory: bIsQCMediaPlayerPresent 0
07-03 21:07:36.974 16064-16144/com.FDU308.FudanCraft D/MediaPlayer: setSubtitleAnchor in MediaPlayer
07-03 21:07:36.974 16064-16064/com.FDU308.FudanCraft D/MediaPlayer: setSubtitleAnchor in MediaPlayer
07-03 21:07:36.979 16064-16144/com.FDU308.FudanCraft E/ExtMediaPlayer-JNI: env->IsInstanceOf fails
07-03 21:07:36.979 16064-16144/com.FDU308.FudanCraft E/MediaPlayer-JNI: JNIMediaPlayerFactory: bIsQCMediaPlayerPresent 0
07-03 21:07:36.979 16064-16144/com.FDU308.FudanCraft E/ExtMediaPlayer-JNI: env->IsInstanceOf fails
07-03 21:07:36.979 16064-16144/com.FDU308.FudanCraft E/MediaPlayer-JNI: JNIMediaPlayerFactory: bIsQCMediaPlayerPresent 0
07-03 21:07:36.995 16064-16144/com.FDU308.FudanCraft D/MediaPlayer: setSubtitleAnchor in MediaPlayer
07-03 21:07:36.995 16064-16064/com.FDU308.FudanCraft D/MediaPlayer: setSubtitleAnchor in MediaPlayer
07-03 21:07:36.998 16064-16144/com.FDU308.FudanCraft D/cocos2d-x debug info: FudanCraft: HelloWorldScene Initialize Success
07-03 21:07:36.998 16064-16144/com.FDU308.FudanCraft D/EngineDataManager.cpp: setAnimationInterval by engine: 0.0167
07-03 21:07:36.998 16064-16144/com.FDU308.FudanCraft D/EngineDataManager.cpp: JNI setAnimationInterval: 0.016667
07-03 21:07:36.999 16064-16142/com.FDU308.FudanCraft E/WVMExtractor: Failed to open libwvm.so: dlopen failed: library "libwvm.so" not found
07-03 21:07:37.008 16064-16142/com.FDU308.FudanCraft I/QComExtractorFactory: Sniff: Set key to use qti parser
07-03 21:07:37.014 16064-16142/com.FDU308.FudanCraft W/linker: /system/lib/libffmpeg_avcodec.so: is missing DT_SONAME will use basename as a replacement: "libffmpeg_avcodec.so"
07-03 21:07:37.017 16064-16142/com.FDU308.FudanCraft I/FFmpegExtractor: android-source:0xef18e280
07-03 21:07:37.021 16064-16142/com.FDU308.FudanCraft D/FFmpegExtractor: SniffFFMPEG failed to sniff this source
07-03 21:07:37.022 16064-16142/com.FDU308.FudanCraft I/ExtendedExtractor: QTIParser is prefered
07-03 21:07:37.022 16064-16142/com.FDU308.FudanCraft D/MMParserExtractor: setExtraFlags called with flags 0 for paser instance ef18e2c0
07-03 21:07:37.022 16064-16142/com.FDU308.FudanCraft I/ExtendedExtractor: ExtendedExtractor::create 0xef18e2c0
07-03 21:07:37.022 16064-16142/com.FDU308.FudanCraft I/ExtendedExtractor: ExtendedExtractor::updateExtractor: Use default QTI parser 
07-03 21:07:37.022 16064-16142/com.FDU308.FudanCraft E/MM_OSAL: FileSource::FileSource
07-03 21:07:37.022 16064-16142/com.FDU308.FudanCraft E/MM_OSAL: FileSource::FileSource m_bEveryThingOK 1
07-03 21:07:37.022 16064-16142/com.FDU308.FudanCraft E/MM_OSAL: MM_File_Create failed .Efs Error No -1 , File Name /data/mmosal_logmask.cfg , Mode 0
07-03 21:07:37.022 16064-16142/com.FDU308.FudanCraft E/MM_OSAL: Open or read fail on /data/mmosal_logmask.cfg. Possible permission denied issue. Looking for /data/misc/media/mmosal_logmask.cfg
07-03 21:07:37.022 16064-16142/com.FDU308.FudanCraft E/MM_OSAL: MM_File_Create failed .Efs Error No -1 , File Name /data/misc/media/mmosal_logmask.cfg , Mode 0
07-03 21:07:37.024 16064-16216/com.FDU308.FudanCraft I/OMXClient: Using client-side OMX mux.
07-03 21:07:37.026 16064-16144/com.FDU308.FudanCraft D/cocos2d-x debug info: cocos2d: QuadCommand: resizing index size from [-1] to [2560]
07-03 21:07:37.035 16064-16142/com.FDU308.FudanCraft D/MMParserExtractor: Using default parser out buffer size  = 3000 
07-03 21:07:37.035 16064-16142/com.FDU308.FudanCraft I/MMParserExtractor: MMParserSource::start Allocation buffer size for audio track= 3000 
07-03 21:07:37.062 16064-16142/com.FDU308.FudanCraft E/MM_OSAL: Data is not sufficient to validate AAC
07-03 21:07:37.062 16064-16142/com.FDU308.FudanCraft E/MM_OSAL: ValidateAACFile data not sufficient
07-03 21:07:37.062 16064-16142/com.FDU308.FudanCraft I/QComExtractorFactory: Sniff: Set key to use qti parser
07-03 21:07:37.062 16064-16142/com.FDU308.FudanCraft I/FFmpegExtractor: android-source:0xef18e280
07-03 21:07:37.064 16064-16142/com.FDU308.FudanCraft D/FFmpegExtractor: SniffFFMPEG failed to sniff this source
07-03 21:07:37.064 16064-16142/com.FDU308.FudanCraft I/ExtendedExtractor: QTIParser is prefered
07-03 21:07:37.064 16064-16142/com.FDU308.FudanCraft D/MMParserExtractor: setExtraFlags called with flags 0 for paser instance ef18e2c0
07-03 21:07:37.064 16064-16142/com.FDU308.FudanCraft I/ExtendedExtractor: ExtendedExtractor::create 0xef18e2c0
07-03 21:07:37.064 16064-16142/com.FDU308.FudanCraft I/ExtendedExtractor: ExtendedExtractor::updateExtractor: Use default QTI parser 
07-03 21:07:37.064 16064-16142/com.FDU308.FudanCraft E/MM_OSAL: FileSource::FileSource
07-03 21:07:37.064 16064-16142/com.FDU308.FudanCraft E/MM_OSAL: FileSource::FileSource m_bEveryThingOK 1
07-03 21:07:37.064 16064-16142/com.FDU308.FudanCraft E/MM_OSAL: MM_File_Create failed .Efs Error No -1 , File Name /data/mmosal_logmask.cfg , Mode 0
07-03 21:07:37.064 16064-16142/com.FDU308.FudanCraft E/MM_OSAL: Open or read fail on /data/mmosal_logmask.cfg. Possible permission denied issue. Looking for /data/misc/media/mmosal_logmask.cfg
07-03 21:07:37.064 16064-16142/com.FDU308.FudanCraft E/MM_OSAL: MM_File_Create failed .Efs Error No -1 , File Name /data/misc/media/mmosal_logmask.cfg , Mode 0
07-03 21:07:37.066 16064-16229/com.FDU308.FudanCraft I/OMXClient: Using client-side OMX mux.
07-03 21:07:37.071 16064-16142/com.FDU308.FudanCraft D/MMParserExtractor: Using default parser out buffer size  = 3000 
07-03 21:07:37.071 16064-16142/com.FDU308.FudanCraft I/MMParserExtractor: MMParserSource::start Allocation buffer size for audio track= 3000 
07-03 21:07:37.091 16064-16142/com.FDU308.FudanCraft I/QComExtractorFactory: Sniff: Set key to use qti parser
07-03 21:07:37.091 16064-16142/com.FDU308.FudanCraft I/FFmpegExtractor: android-source:0xef18e280
07-03 21:07:37.093 16064-16142/com.FDU308.FudanCraft D/FFmpegExtractor: SniffFFMPEG failed to sniff this source
07-03 21:07:37.093 16064-16142/com.FDU308.FudanCraft I/ExtendedExtractor: QTIParser is prefered
07-03 21:07:37.093 16064-16142/com.FDU308.FudanCraft D/MMParserExtractor: setExtraFlags called with flags 0 for paser instance ef18e2c0
07-03 21:07:37.093 16064-16142/com.FDU308.FudanCraft I/ExtendedExtractor: ExtendedExtractor::create 0xef18e2c0
07-03 21:07:37.093 16064-16142/com.FDU308.FudanCraft I/ExtendedExtractor: ExtendedExtractor::updateExtractor: Use default QTI parser 
07-03 21:07:37.093 16064-16142/com.FDU308.FudanCraft E/MM_OSAL: FileSource::FileSource
07-03 21:07:37.093 16064-16142/com.FDU308.FudanCraft E/MM_OSAL: FileSource::FileSource m_bEveryThingOK 1
07-03 21:07:37.093 16064-16142/com.FDU308.FudanCraft E/MM_OSAL: MM_File_Create failed .Efs Error No -1 , File Name /data/mmosal_logmask.cfg , Mode 0
07-03 21:07:37.093 16064-16142/com.FDU308.FudanCraft E/MM_OSAL: Open or read fail on /data/mmosal_logmask.cfg. Possible permission denied issue. Looking for /data/misc/media/mmosal_logmask.cfg
07-03 21:07:37.093 16064-16142/com.FDU308.FudanCraft E/MM_OSAL: MM_File_Create failed .Efs Error No -1 , File Name /data/misc/media/mmosal_logmask.cfg , Mode 0
07-03 21:07:37.095 16064-16237/com.FDU308.FudanCraft I/OMXClient: Using client-side OMX mux.
07-03 21:07:37.098 16064-16142/com.FDU308.FudanCraft D/MMParserExtractor: Using default parser out buffer size  = 3000 
07-03 21:07:37.098 16064-16142/com.FDU308.FudanCraft I/MMParserExtractor: MMParserSource::start Allocation buffer size for audio track= 3000 
07-03 21:07:37.138 16064-16142/com.FDU308.FudanCraft I/QComExtractorFactory: Sniff: Set key to use qti parser
07-03 21:07:37.138 16064-16142/com.FDU308.FudanCraft I/FFmpegExtractor: android-source:0xef18e280
07-03 21:07:37.140 16064-16142/com.FDU308.FudanCraft D/FFmpegExtractor: SniffFFMPEG failed to sniff this source
07-03 21:07:37.140 16064-16142/com.FDU308.FudanCraft I/ExtendedExtractor: QTIParser is prefered
07-03 21:07:37.140 16064-16142/com.FDU308.FudanCraft D/MMParserExtractor: setExtraFlags called with flags 0 for paser instance ef18e2c0
07-03 21:07:37.140 16064-16142/com.FDU308.FudanCraft I/ExtendedExtractor: ExtendedExtractor::create 0xef18e2c0
07-03 21:07:37.140 16064-16142/com.FDU308.FudanCraft I/ExtendedExtractor: ExtendedExtractor::updateExtractor: Use default QTI parser 
07-03 21:07:37.141 16064-16142/com.FDU308.FudanCraft E/MM_OSAL: FileSource::FileSource
07-03 21:07:37.141 16064-16142/com.FDU308.FudanCraft E/MM_OSAL: FileSource::FileSource m_bEveryThingOK 1
07-03 21:07:37.141 16064-16142/com.FDU308.FudanCraft E/MM_OSAL: MM_File_Create failed .Efs Error No -1 , File Name /data/mmosal_logmask.cfg , Mode 0
07-03 21:07:37.141 16064-16142/com.FDU308.FudanCraft E/MM_OSAL: Open or read fail on /data/mmosal_logmask.cfg. Possible permission denied issue. Looking for /data/misc/media/mmosal_logmask.cfg
07-03 21:07:37.141 16064-16142/com.FDU308.FudanCraft E/MM_OSAL: MM_File_Create failed .Efs Error No -1 , File Name /data/misc/media/mmosal_logmask.cfg , Mode 0
07-03 21:07:37.142 16064-16243/com.FDU308.FudanCraft I/OMXClient: Using client-side OMX mux.
07-03 21:07:37.147 16064-16142/com.FDU308.FudanCraft D/MMParserExtractor: Using default parser out buffer size  = 3000 
07-03 21:07:37.147 16064-16142/com.FDU308.FudanCraft I/MMParserExtractor: MMParserSource::start Allocation buffer size for audio track= 3000 
07-03 21:07:37.162 16064-16142/com.FDU308.FudanCraft I/QComExtractorFactory: Sniff: Set key to use qti parser
07-03 21:07:37.162 16064-16142/com.FDU308.FudanCraft I/FFmpegExtractor: android-source:0xef18e280
07-03 21:07:37.163 16064-16142/com.FDU308.FudanCraft D/FFmpegExtractor: SniffFFMPEG failed to sniff this source
07-03 21:07:37.163 16064-16142/com.FDU308.FudanCraft I/ExtendedExtractor: QTIParser is prefered
07-03 21:07:37.163 16064-16142/com.FDU308.FudanCraft D/MMParserExtractor: setExtraFlags called with flags 0 for paser instance ef18e2c0
07-03 21:07:37.163 16064-16142/com.FDU308.FudanCraft I/ExtendedExtractor: ExtendedExtractor::create 0xef18e2c0
07-03 21:07:37.164 16064-16142/com.FDU308.FudanCraft I/ExtendedExtractor: ExtendedExtractor::updateExtractor: Use default QTI parser 
07-03 21:07:37.164 16064-16142/com.FDU308.FudanCraft E/MM_OSAL: FileSource::FileSource
07-03 21:07:37.164 16064-16142/com.FDU308.FudanCraft E/MM_OSAL: FileSource::FileSource m_bEveryThingOK 1
07-03 21:07:37.164 16064-16142/com.FDU308.FudanCraft E/MM_OSAL: MM_File_Create failed .Efs Error No -1 , File Name /data/mmosal_logmask.cfg , Mode 0
07-03 21:07:37.164 16064-16142/com.FDU308.FudanCraft E/MM_OSAL: Open or read fail on /data/mmosal_logmask.cfg. Possible permission denied issue. Looking for /data/misc/media/mmosal_logmask.cfg
07-03 21:07:37.164 16064-16142/com.FDU308.FudanCraft E/MM_OSAL: MM_File_Create failed .Efs Error No -1 , File Name /data/misc/media/mmosal_logmask.cfg , Mode 0
07-03 21:07:37.165 16064-16254/com.FDU308.FudanCraft I/OMXClient: Using client-side OMX mux.
07-03 21:07:37.168 16064-16142/com.FDU308.FudanCraft D/MMParserExtractor: Using default parser out buffer size  = 3000 
07-03 21:07:37.168 16064-16142/com.FDU308.FudanCraft I/MMParserExtractor: MMParserSource::start Allocation buffer size for audio track= 3000 
07-03 21:07:37.186 16064-16142/com.FDU308.FudanCraft I/QComExtractorFactory: Sniff: Set key to use qti parser
07-03 21:07:37.186 16064-16142/com.FDU308.FudanCraft I/FFmpegExtractor: android-source:0xef18e280
07-03 21:07:37.187 16064-16142/com.FDU308.FudanCraft D/FFmpegExtractor: SniffFFMPEG failed to sniff this source
07-03 21:07:37.187 16064-16142/com.FDU308.FudanCraft I/ExtendedExtractor: QTIParser is prefered
07-03 21:07:37.187 16064-16142/com.FDU308.FudanCraft D/MMParserExtractor: setExtraFlags called with flags 0 for paser instance ef18e2c0
07-03 21:07:37.187 16064-16142/com.FDU308.FudanCraft I/ExtendedExtractor: ExtendedExtractor::create 0xef18e2c0
07-03 21:07:37.187 16064-16142/com.FDU308.FudanCraft I/ExtendedExtractor: ExtendedExtractor::updateExtractor: Use default QTI parser 
07-03 21:07:37.187 16064-16142/com.FDU308.FudanCraft E/MM_OSAL: FileSource::FileSource
07-03 21:07:37.187 16064-16142/com.FDU308.FudanCraft E/MM_OSAL: FileSource::FileSource m_bEveryThingOK 1
07-03 21:07:37.187 16064-16142/com.FDU308.FudanCraft E/MM_OSAL: MM_File_Create failed .Efs Error No -1 , File Name /data/mmosal_logmask.cfg , Mode 0
07-03 21:07:37.187 16064-16142/com.FDU308.FudanCraft E/MM_OSAL: Open or read fail on /data/mmosal_logmask.cfg. Possible permission denied issue. Looking for /data/misc/media/mmosal_logmask.cfg
07-03 21:07:37.187 16064-16142/com.FDU308.FudanCraft E/MM_OSAL: MM_File_Create failed .Efs Error No -1 , File Name /data/misc/media/mmosal_logmask.cfg , Mode 0
07-03 21:07:37.188 16064-16269/com.FDU308.FudanCraft I/OMXClient: Using client-side OMX mux.
07-03 21:07:37.192 16064-16142/com.FDU308.FudanCraft D/MMParserExtractor: Using default parser out buffer size  = 3000 
07-03 21:07:37.192 16064-16142/com.FDU308.FudanCraft I/MMParserExtractor: MMParserSource::start Allocation buffer size for audio track= 3000 
07-03 21:07:37.207 16064-16142/com.FDU308.FudanCraft I/QComExtractorFactory: Sniff: Set key to use qti parser
07-03 21:07:37.207 16064-16142/com.FDU308.FudanCraft I/FFmpegExtractor: android-source:0xef18e280
07-03 21:07:37.209 16064-16142/com.FDU308.FudanCraft D/FFmpegExtractor: SniffFFMPEG failed to sniff this source
07-03 21:07:37.209 16064-16142/com.FDU308.FudanCraft I/ExtendedExtractor: QTIParser is prefered
07-03 21:07:37.209 16064-16142/com.FDU308.FudanCraft D/MMParserExtractor: setExtraFlags called with flags 0 for paser instance ef18e2c0
07-03 21:07:37.209 16064-16142/com.FDU308.FudanCraft I/ExtendedExtractor: ExtendedExtractor::create 0xef18e2c0
07-03 21:07:37.209 16064-16142/com.FDU308.FudanCraft I/ExtendedExtractor: ExtendedExtractor::updateExtractor: Use default QTI parser 
07-03 21:07:37.209 16064-16142/com.FDU308.FudanCraft E/MM_OSAL: FileSource::FileSource
07-03 21:07:37.209 16064-16142/com.FDU308.FudanCraft E/MM_OSAL: FileSource::FileSource m_bEveryThingOK 1
07-03 21:07:37.209 16064-16142/com.FDU308.FudanCraft E/MM_OSAL: MM_File_Create failed .Efs Error No -1 , File Name /data/mmosal_logmask.cfg , Mode 0
07-03 21:07:37.209 16064-16142/com.FDU308.FudanCraft E/MM_OSAL: Open or read fail on /data/mmosal_logmask.cfg. Possible permission denied issue. Looking for /data/misc/media/mmosal_logmask.cfg
07-03 21:07:37.209 16064-16142/com.FDU308.FudanCraft E/MM_OSAL: MM_File_Create failed .Efs Error No -1 , File Name /data/misc/media/mmosal_logmask.cfg , Mode 0
07-03 21:07:37.213 16064-16279/com.FDU308.FudanCraft I/OMXClient: Using client-side OMX mux.
07-03 21:07:37.220 16064-16142/com.FDU308.FudanCraft D/MMParserExtractor: Using default parser out buffer size  = 3000 
07-03 21:07:37.220 16064-16142/com.FDU308.FudanCraft I/MMParserExtractor: MMParserSource::start Allocation buffer size for audio track= 3000 
07-03 21:07:37.253 16064-16142/com.FDU308.FudanCraft I/QComExtractorFactory: Sniff: Set key to use qti parser
07-03 21:07:37.253 16064-16142/com.FDU308.FudanCraft I/FFmpegExtractor: android-source:0xef18e280
07-03 21:07:37.255 16064-16142/com.FDU308.FudanCraft D/FFmpegExtractor: SniffFFMPEG failed to sniff this source
07-03 21:07:37.255 16064-16142/com.FDU308.FudanCraft I/ExtendedExtractor: QTIParser is prefered
07-03 21:07:37.255 16064-16142/com.FDU308.FudanCraft D/MMParserExtractor: setExtraFlags called with flags 0 for paser instance ef18e2c0
07-03 21:07:37.255 16064-16142/com.FDU308.FudanCraft I/ExtendedExtractor: ExtendedExtractor::create 0xef18e2c0
07-03 21:07:37.255 16064-16142/com.FDU308.FudanCraft I/ExtendedExtractor: ExtendedExtractor::updateExtractor: Use default QTI parser 
07-03 21:07:37.255 16064-16142/com.FDU308.FudanCraft E/MM_OSAL: FileSource::FileSource
07-03 21:07:37.255 16064-16142/com.FDU308.FudanCraft E/MM_OSAL: FileSource::FileSource m_bEveryThingOK 1
07-03 21:07:37.255 16064-16142/com.FDU308.FudanCraft E/MM_OSAL: MM_File_Create failed .Efs Error No -1 , File Name /data/mmosal_logmask.cfg , Mode 0
07-03 21:07:37.255 16064-16142/com.FDU308.FudanCraft E/MM_OSAL: Open or read fail on /data/mmosal_logmask.cfg. Possible permission denied issue. Looking for /data/misc/media/mmosal_logmask.cfg
07-03 21:07:37.255 16064-16142/com.FDU308.FudanCraft E/MM_OSAL: MM_File_Create failed .Efs Error No -1 , File Name /data/misc/media/mmosal_logmask.cfg , Mode 0
07-03 21:07:37.258 16064-16302/com.FDU308.FudanCraft I/OMXClient: Using client-side OMX mux.
07-03 21:07:37.270 16064-16142/com.FDU308.FudanCraft D/MMParserExtractor: Using default parser out buffer size  = 3000 
07-03 21:07:37.270 16064-16142/com.FDU308.FudanCraft I/MMParserExtractor: MMParserSource::start Allocation buffer size for audio track= 3000 
07-03 21:07:38.138 16064-16064/com.FDU308.FudanCraft V/BoostFramework: BoostFramework() : mPerf = com.qualcomm.qti.Performance@81af7f0
07-03 21:07:39.366 16064-16144/com.FDU308.FudanCraft D/cocos2d-x debug info: server button pressed
07-03 21:07:39.366 16064-16144/com.FDU308.FudanCraft D/cocos2d-x debug info: FudanCraft: Trying to Load InputPort.png
07-03 21:07:39.369 16064-16144/com.FDU308.FudanCraft D/cocos2d-x debug info: cocos2d: fullPathForFilename: No file found at sans-serif. Possible missing file.
07-03 21:07:39.370 16064-16144/com.FDU308.FudanCraft D/cocos2d-x debug info: Warning! You can't change Android Hint fontName and fontSize
07-03 21:07:39.370 16064-16144/com.FDU308.FudanCraft D/cocos2d-x debug info: [Edit text] content size = (80.000000, 60.000000)
07-03 21:07:39.371 16064-16144/com.FDU308.FudanCraft D/cocos2d-x debug info: [Edit text] content size = (80.000000, 60.000000)
07-03 21:07:39.371 16064-16144/com.FDU308.FudanCraft D/cocos2d-x debug info: FudanCraft: Successfully Load InputPort.png
07-03 21:07:39.394 16064-16144/com.FDU308.FudanCraft D/cocos2d-x debug info: create rendererRecreatedListener for GLProgramState
07-03 21:07:39.396 16064-16144/com.FDU308.FudanCraft D/cocos2d-x debug info: [Edit text] content size = (80.000000, 60.000000)
07-03 21:07:40.318 16064-16144/com.FDU308.FudanCraft D/cocos2d-x debug info: FudanCraft: Trying to Start Server
07-03 21:07:40.320 16064-16144/com.FDU308.FudanCraft D/cocos2d-x debug info: FudanCraft: SocketServer Created!
07-03 21:07:40.321 16064-16144/com.FDU308.FudanCraft D/cocos2d-x debug info: FudanCraft: SocketClient Created!
07-03 21:07:40.321 16064-16144/com.FDU308.FudanCraft D/cocos2d-x debug info: create server and client on 8008
07-03 21:07:40.449 16064-16144/com.FDU308.FudanCraft D/cocos2d-x debug info: create rendererRecreatedListener for GLProgramState
07-03 21:07:42.696 16064-16563/com.FDU308.FudanCraft D/cocos2d-x debug info: SocketServer: Entering loop process
07-03 21:07:42.696 16064-16563/com.FDU308.FudanCraft D/cocos2d-x debug info: SocketServer: Trying to read data
07-03 21:07:43.097 16064-16144/com.FDU308.FudanCraft D/cocos2d-x debug info: cocos2d: SpriteBatchNode: resizing TextureAtlas capacity from [5735] to [7648].
07-03 21:07:43.112 16064-16144/com.FDU308.FudanCraft D/cocos2d-x debug info: cocos2d: SpriteBatchNode: resizing TextureAtlas capacity from [7648] to [10198].
07-03 21:07:43.133 16064-16144/com.FDU308.FudanCraft D/cocos2d-x debug info: cocos2d: SpriteBatchNode: resizing TextureAtlas capacity from [10198] to [13598].
07-03 21:07:43.285 16064-16144/com.FDU308.FudanCraft D/cocos2d-x debug info: cocos2d: SpriteBatchNode: resizing TextureAtlas capacity from [5735] to [7648].
07-03 21:07:43.358 16064-16144/com.FDU308.FudanCraft D/cocos2d-x debug info: cocos2d: SpriteBatchNode: resizing TextureAtlas capacity from [5735] to [7648].
07-03 21:07:43.374 16064-16144/com.FDU308.FudanCraft D/cocos2d-x debug info: cocos2d: SpriteBatchNode: resizing TextureAtlas capacity from [7648] to [10198].
07-03 21:07:43.394 16064-16144/com.FDU308.FudanCraft D/cocos2d-x debug info: cocos2d: SpriteBatchNode: resizing TextureAtlas capacity from [10198] to [13598].
07-03 21:07:43.421 16064-16144/com.FDU308.FudanCraft D/cocos2d-x debug info: cocos2d: SpriteBatchNode: resizing TextureAtlas capacity from [13598] to [18132].
07-03 21:07:43.461 16064-16144/com.FDU308.FudanCraft D/cocos2d-x debug info: create rendererRecreatedListener for GLProgramState
07-03 21:07:43.461 16064-16144/com.FDU308.FudanCraft D/cocos2d-x debug info: BattleScene: Trying to Init Player ID
07-03 21:07:43.461 16064-16144/com.FDU308.FudanCraft D/cocos2d-x debug info: BattleScene: Get Player ID: 1
07-03 21:07:43.493 16064-16144/com.FDU308.FudanCraft D/cocos2d-x debug info: cocos2d: fullPathForFilename: No file found at Marker Felt. Possible missing file.
07-03 21:07:43.497 16064-16144/com.FDU308.FudanCraft E/ExtMediaPlayer-JNI: env->IsInstanceOf fails
07-03 21:07:43.497 16064-16144/com.FDU308.FudanCraft E/MediaPlayer-JNI: JNIMediaPlayerFactory: bIsQCMediaPlayerPresent 0
07-03 21:07:43.497 16064-16144/com.FDU308.FudanCraft E/ExtMediaPlayer-JNI: env->IsInstanceOf fails
07-03 21:07:43.497 16064-16144/com.FDU308.FudanCraft E/MediaPlayer-JNI: JNIMediaPlayerFactory: bIsQCMediaPlayerPresent 0
07-03 21:07:43.519 16064-16144/com.FDU308.FudanCraft D/MediaPlayer: setSubtitleAnchor in MediaPlayer
07-03 21:07:43.519 16064-16064/com.FDU308.FudanCraft D/MediaPlayer: setSubtitleAnchor in MediaPlayer
07-03 21:07:43.527 16064-16144/com.FDU308.FudanCraft D/cocos2d-x debug info: if back ground music playing 1
07-03 21:07:43.549 16064-16144/com.FDU308.FudanCraft W/AudioTrack: AUDIO_OUTPUT_FLAG_FAST denied by client; transfer 4, track 22050 Hz, output 48000 Hz
07-03 21:07:43.554 16064-16144/com.FDU308.FudanCraft D/cocos2d-x debug info: start game
07-03 21:07:43.668 16064-16144/com.FDU308.FudanCraft D/cocos2d-x debug info: UnitManager: Call Protobuf Success
07-03 21:07:43.668 16064-16144/com.FDU308.FudanCraft D/cocos2d-x debug info: SocketClient: Start to send string, length = 144
07-03 21:07:43.668 16064-16144/com.FDU308.FudanCraft D/cocos2d-x debug info: SocketClient: Start to write data, length = 144
07-03 21:07:43.668 16064-16144/com.FDU308.FudanCraft D/cocos2d-x debug info: SocketClient: Complete in encoding data
07-03 21:07:43.669 16064-16144/com.FDU308.FudanCraft D/cocos2d-x debug info: SocketClient: Finish writing data, length = 144
07-03 21:07:43.669 16064-16144/com.FDU308.FudanCraft D/cocos2d-x debug info: SocketClient: Finished in sending string, length = 144
07-03 21:07:43.669 16064-16144/com.FDU308.FudanCraft D/cocos2d-x debug info: UnitManager: Send Message via SocketClient Success
07-03 21:07:43.669 16064-16144/com.FDU308.FudanCraft D/cocos2d-x debug info: SocketClient: Start to read data
07-03 21:07:43.669 16064-16144/com.FDU308.FudanCraft D/cocos2d-x debug info: SocketClient: No error detected
07-03 21:07:43.669 16064-16563/com.FDU308.FudanCraft D/cocos2d-x debug info: SocketServer: Reading data completed
07-03 21:07:43.669 16064-16563/com.FDU308.FudanCraft D/cocos2d-x debug info: SocketServer: Distributing data completed
07-03 21:07:43.669 16064-16563/com.FDU308.FudanCraft D/cocos2d-x debug info: SocketServer: Trying to read data
07-03 21:07:43.669 16064-16144/com.FDU308.FudanCraft D/cocos2d-x debug info: SocketClient: Get data success
07-03 21:07:43.669 16064-16144/com.FDU308.FudanCraft D/cocos2d-x debug info: SocketClient: Unlock resource completed
07-03 21:07:43.669 16064-16144/com.FDU308.FudanCraft D/cocos2d-x debug info: SocketClient: Finished in reading data, length = 144
07-03 21:07:43.669 16064-16144/com.FDU308.FudanCraft D/cocos2d-x debug info: UnitManager: Receive Message via SocketClient Success
07-03 21:07:43.669 16064-16144/com.FDU308.FudanCraft D/cocos2d-x debug info: UnitManager: Read Message 0 Success
07-03 21:07:43.673 16064-16144/com.FDU308.FudanCraft D/cocos2d-x debug info: UnitManager: Read Message 1 Success
07-03 21:07:43.674 16064-16144/com.FDU308.FudanCraft D/cocos2d-x debug info: UnitManager: Read Message 2 Success
07-03 21:07:43.675 16064-16144/com.FDU308.FudanCraft D/cocos2d-x debug info: UnitManager: Read Message 3 Success
07-03 21:07:43.681 16064-16144/com.FDU308.FudanCraft D/cocos2d-x debug info: UnitManager: Read Message 4 Success
07-03 21:07:43.683 16064-16144/com.FDU308.FudanCraft D/cocos2d-x debug info: UnitManager: Read Message 5 Success
07-03 21:07:43.686 16064-16144/com.FDU308.FudanCraft D/cocos2d-x debug info: UnitManager: Read Message 6 Success
07-03 21:07:43.689 16064-16144/com.FDU308.FudanCraft D/cocos2d-x debug info: UnitManager: Read Message 7 Success
07-03 21:07:43.690 16064-16144/com.FDU308.FudanCraft D/cocos2d-x debug info: Unit: Trying to clear game message
07-03 21:07:43.760 16064-16144/com.FDU308.FudanCraft D/cocos2d-x debug info: UnitManager: Call Protobuf Success
07-03 21:07:43.760 16064-16144/com.FDU308.FudanCraft D/cocos2d-x debug info: SocketClient: Start to send string, length = 0
07-03 21:07:43.760 16064-16144/com.FDU308.FudanCraft D/cocos2d-x debug info: SocketClient: Start to write data, length = 0
07-03 21:07:43.760 16064-16144/com.FDU308.FudanCraft D/cocos2d-x debug info: SocketClient: Complete in encoding data
07-03 21:07:43.760 16064-16144/com.FDU308.FudanCraft D/cocos2d-x debug info: SocketClient: Finish writing data, length = 0
07-03 21:07:43.760 16064-16144/com.FDU308.FudanCraft D/cocos2d-x debug info: SocketClient: Finished in sending string, length = 0
07-03 21:07:43.760 16064-16563/com.FDU308.FudanCraft D/cocos2d-x debug info: SocketServer: Reading data completed
07-03 21:07:43.760 16064-16144/com.FDU308.FudanCraft D/cocos2d-x debug info: UnitManager: Send Message via SocketClient Success
07-03 21:07:43.760 16064-16144/com.FDU308.FudanCraft D/cocos2d-x debug info: SocketClient: Start to read data
07-03 21:07:43.760 16064-16144/com.FDU308.FudanCraft D/cocos2d-x debug info: SocketClient: No error detected
07-03 21:07:43.760 16064-16563/com.FDU308.FudanCraft D/cocos2d-x debug info: SocketServer: Distributing data completed
07-03 21:07:43.761 16064-16563/com.FDU308.FudanCraft A/libc: Invalid address 0xf3e787f8 passed to free: value not allocated
07-03 21:07:43.761 16064-16563/com.FDU308.FudanCraft A/libc: Fatal signal 6 (SIGABRT), code -6 in tid 16563 (GLThread 3816)
07-03 21:07:43.762 16064-16144/com.FDU308.FudanCraft D/cocos2d-x debug info: SocketClient: Get data success
07-03 21:07:43.762 16064-16144/com.FDU308.FudanCraft D/cocos2d-x debug info: SocketClient: Unlock resource completed
07-03 21:07:43.762 16064-16144/com.FDU308.FudanCraft D/cocos2d-x debug info: SocketClient: Finished in reading data, length = 1
07-03 21:07:43.762 16064-16144/com.FDU308.FudanCraft D/cocos2d-x debug info: UnitManager: Receive Message via SocketClient Success
07-03 21:07:43.762 16064-16144/com.FDU308.FudanCraft D/cocos2d-x debug info: Unit: Trying to clear game message
07-03 21:07:43.762 16064-16144/com.FDU308.FudanCraft A/libc: Invalid address 0xf3e787f8 passed to free: value not allocated
07-03 21:07:43.762 16064-16144/com.FDU308.FudanCraft A/libc: Fatal signal 6 (SIGABRT), code -6 in tid 16144 (GLThread 3816)
07-03 21:07:43.762 16064-16144/com.FDU308.FudanCraft I/libc: Another thread contacted debuggerd first; not contacting debuggerd.
