07-06 18:54:56.509 14509-14509/? I/art: Late-enabling -Xcheck:jni
07-06 18:54:56.525 14509-14509/? D/TidaProvider: TidaProvider()
07-06 18:54:56.537 14509-14509/? V/BoostFramework: mAcquireFunc method = public int com.qualcomm.qti.Performance.perfLockAcquire(int,int[])
07-06 18:54:56.537 14509-14509/? V/BoostFramework: mReleaseFunc method = public int com.qualcomm.qti.Performance.perfLockRelease()
07-06 18:54:56.537 14509-14509/? V/BoostFramework: mAcquireTouchFunc method = public int com.qualcomm.qti.Performance.perfLockAcquireTouch(android.view.MotionEvent,android.util.DisplayMetrics,int,int[])
07-06 18:54:56.537 14509-14509/? V/BoostFramework: mIOPStart method = public int com.qualcomm.qti.Performance.perfIOPrefetchStart(int,java.lang.String)
07-06 18:54:56.537 14509-14509/? V/BoostFramework: mIOPStop method = public int com.qualcomm.qti.Performance.perfIOPrefetchStop()
07-06 18:54:56.577 14509-14509/? V/BoostFramework: BoostFramework() : mPerf = com.qualcomm.qti.Performance@b83136c
07-06 18:54:56.863 14509-14509/? D/JniHelper: JniHelper::setJavaVM(0xf527c000), pthread_self() = -145978572
07-06 18:54:56.863 14509-14509/? D/main: cocos_android_app_init
07-06 18:54:56.865 14509-14509/? D/Cocos2dxHelper: isSupportLowLatency:false
07-06 18:54:56.880 14509-14509/? D/Cocos2dxHelper: sampleRate: 48000, framesPerBuffer: 192
07-06 18:54:56.880 14509-14509/? D/Java_org_cocos2dx_lib_Cocos2dxHelper.cpp: nativeSetAudioDeviceInfo: sampleRate: 48000, bufferSizeInFrames: 192
07-06 18:54:56.934 14509-14509/? D/Cocos2dxActivity: model=MI 5s Plus
07-06 18:54:56.934 14509-14509/? D/Cocos2dxActivity: product=natrium
07-06 18:54:56.934 14509-14509/? D/Cocos2dxActivity: isEmulator=false
07-06 18:54:56.936 14509-14509/? D/EngineDataManager.cpp: nativeSetSupportOptimization: 0
07-06 18:54:56.937 14509-14509/? D/Cocos2dxActivity: onResume()
07-06 18:54:56.946 14509-14509/? D/ActivityThreadInjector: clearCachedDrawables.
07-06 18:54:56.983 14509-14532/? I/Adreno: QUALCOMM build                   : 9438ceb, I0ac3940325
                                           Build Date                       : 10/26/16
                                           OpenGL ES Shader Compiler Version: XE031.09.00.03
                                           Local Branch                     : 
                                           Remote Branch                    : 
                                           Remote Branch                    : 
                                           Reconstruct Branch               : 
07-06 18:54:57.003 14509-14509/? D/Cocos2dxActivity: onWindowFocusChanged() hasFocus=true
07-06 18:54:57.010 14509-14532/? D/cocos2d-x debug info: {
                                                         	gl.supports_OES_packed_depth_stencil: true
                                                         	gl.supports_vertex_array_object: true
                                                         	gl.supports_BGRA8888: false
                                                         	gl.supports_ATITC: true
                                                         	gl.supports_S3TC: false
                                                         	cocos2d.x.version: cocos2d-x-3.15.1
                                                         	gl.supports_discard_framebuffer: true
                                                         	cocos2d.x.compiled_with_profiler: false
                                                         	gl.supports_PVRTC: false
                                                         	cocos2d.x.build_type: DEBUG
                                                         	gl.renderer: Adreno (TM) 530
                                                         	gl.supports_OES_depth24: true
                                                         	gl.supports_ETC1: true
                                                         	gl.supports_OES_map_buffer: false
                                                         	cocos2d.x.compiled_with_gl_state_cache: true
                                                         	gl.version: OpenGL ES 3.2 V@145.0 (GIT@I0ac3940325)
                                                         	gl.supports_NPOT: true
                                                         	gl.max_texture_units: 96
                                                         	gl.vendor: Qualcomm
                                                         	gl.max_texture_size: 16384
                                                         }
07-06 18:54:57.012 14509-14532/? D/EngineDataManager.cpp: setAnimationInterval by game: 0.0167
07-06 18:54:57.012 14509-14532/? D/EngineDataManager.cpp: JNI setAnimationInterval: 0.016667
07-06 18:54:57.291 14509-14509/? V/BoostFramework: BoostFramework() : mPerf = com.qualcomm.qti.Performance@94312a
07-06 18:54:57.427 14509-14532/? D/cocos2d-x debug info: create rendererRecreatedListener for GLProgramState
07-06 18:54:57.427 14509-14532/? D/cocos2d-x debug info: FudanCraft: HelloWorldScene Initialize Begin
07-06 18:54:57.427 14509-14532/? D/cocos2d-x debug info: cocos2d: fullPathForFilename: No file found at BackgroundPanel.png. Possible missing file.
07-06 18:54:57.427 14509-14532/? D/cocos2d-x debug info: FudanCraft: HelloWorldScene Read First Resource at Root Directory Fail
07-06 18:54:57.465 14509-14532/? D/cocos2d-x debug info: create rendererRecreatedListener for GLProgramState
07-06 18:54:57.465 14509-14532/? D/cocos2d-x debug info: FudanCraft: HelloWorldScene Read First Resource Success
07-06 18:54:57.465 14509-14532/? D/cocos2d-x debug info: FudanCraft: Set Position Success
07-06 18:54:57.465 14509-14532/? D/cocos2d-x debug info: FudanCraft: Set Scale Success
07-06 18:54:57.465 14509-14532/? D/cocos2d-x debug info: FudanCraft: Trying to Add Child
07-06 18:54:57.465 14509-14532/? D/cocos2d-x debug info: FudanCraft: Add First Child Success
07-06 18:54:57.470 14509-14532/? D/cocos2d-x debug info: FudanCraft: Create First Sprite Success
07-06 18:54:57.479 14509-14532/? D/cocos2d-x debug info: FudanCraft: HelloWorldScene Read Many Resources Success
07-06 18:54:57.479 14509-14532/? D/cocos2d-x debug info: FudanCraft: Trying to Preload Audio
07-06 18:54:57.480 14509-14532/? D/cocos2d: android SDK version:23
07-06 18:54:57.485 14509-14532/? E/ExtMediaPlayer-JNI: env->IsInstanceOf fails
07-06 18:54:57.485 14509-14532/? E/MediaPlayer-JNI: JNIMediaPlayerFactory: bIsQCMediaPlayerPresent 0
07-06 18:54:57.485 14509-14532/? E/ExtMediaPlayer-JNI: env->IsInstanceOf fails
07-06 18:54:57.485 14509-14532/? E/MediaPlayer-JNI: JNIMediaPlayerFactory: bIsQCMediaPlayerPresent 0
07-06 18:54:57.512 14509-14532/? D/MediaPlayer: setSubtitleAnchor in MediaPlayer
07-06 18:54:57.512 14509-14509/? D/MediaPlayer: setSubtitleAnchor in MediaPlayer
07-06 18:54:57.518 14509-14532/? E/ExtMediaPlayer-JNI: env->IsInstanceOf fails
07-06 18:54:57.518 14509-14532/? E/MediaPlayer-JNI: JNIMediaPlayerFactory: bIsQCMediaPlayerPresent 0
07-06 18:54:57.518 14509-14532/? E/ExtMediaPlayer-JNI: env->IsInstanceOf fails
07-06 18:54:57.518 14509-14532/? E/MediaPlayer-JNI: JNIMediaPlayerFactory: bIsQCMediaPlayerPresent 0
07-06 18:54:57.534 14509-14532/? D/MediaPlayer: setSubtitleAnchor in MediaPlayer
07-06 18:54:57.534 14509-14509/? D/MediaPlayer: setSubtitleAnchor in MediaPlayer
07-06 18:54:57.538 14509-14532/? D/cocos2d-x debug info: FudanCraft: HelloWorldScene Initialize Success
07-06 18:54:57.538 14509-14532/? D/EngineDataManager.cpp: setAnimationInterval by engine: 0.0167
07-06 18:54:57.538 14509-14532/? D/EngineDataManager.cpp: JNI setAnimationInterval: 0.016667
07-06 18:54:57.539 14509-14531/? E/WVMExtractor: Failed to open libwvm.so: dlopen failed: library "libwvm.so" not found
07-06 18:54:57.546 14509-14531/? I/QComExtractorFactory: Sniff: Set key to use qti parser
07-06 18:54:57.552 14509-14531/? W/linker: /system/lib/libffmpeg_avcodec.so: is missing DT_SONAME will use basename as a replacement: "libffmpeg_avcodec.so"
07-06 18:54:57.556 14509-14531/? I/FFmpegExtractor: android-source:0xef237140
07-06 18:54:57.559 14509-14531/? D/FFmpegExtractor: SniffFFMPEG failed to sniff this source
07-06 18:54:57.559 14509-14531/? I/ExtendedExtractor: QTIParser is prefered
07-06 18:54:57.559 14509-14531/? D/MMParserExtractor: setExtraFlags called with flags 0 for paser instance ef237180
07-06 18:54:57.559 14509-14531/? I/ExtendedExtractor: ExtendedExtractor::create 0xef237180
07-06 18:54:57.560 14509-14531/? I/ExtendedExtractor: ExtendedExtractor::updateExtractor: Use default QTI parser 
07-06 18:54:57.560 14509-14531/? E/MM_OSAL: FileSource::FileSource
07-06 18:54:57.560 14509-14531/? E/MM_OSAL: FileSource::FileSource m_bEveryThingOK 1
07-06 18:54:57.560 14509-14531/? E/MM_OSAL: MM_File_Create failed .Efs Error No -1 , File Name /data/mmosal_logmask.cfg , Mode 0
07-06 18:54:57.560 14509-14531/? E/MM_OSAL: Open or read fail on /data/mmosal_logmask.cfg. Possible permission denied issue. Looking for /data/misc/media/mmosal_logmask.cfg
07-06 18:54:57.560 14509-14531/? E/MM_OSAL: MM_File_Create failed .Efs Error No -1 , File Name /data/misc/media/mmosal_logmask.cfg , Mode 0
07-06 18:54:57.566 14509-14545/? I/OMXClient: Using client-side OMX mux.
07-06 18:54:57.567 14509-14532/? D/cocos2d-x debug info: cocos2d: QuadCommand: resizing index size from [-1] to [2560]
07-06 18:54:57.575 14509-14531/? D/MMParserExtractor: Using default parser out buffer size  = 3000 
07-06 18:54:57.575 14509-14531/? I/MMParserExtractor: MMParserSource::start Allocation buffer size for audio track= 3000 
07-06 18:54:57.616 14509-14531/? E/MM_OSAL: Data is not sufficient to validate AAC
07-06 18:54:57.617 14509-14531/? E/MM_OSAL: ValidateAACFile data not sufficient
07-06 18:54:57.617 14509-14531/? I/QComExtractorFactory: Sniff: Set key to use qti parser
07-06 18:54:57.617 14509-14531/? I/FFmpegExtractor: android-source:0xef237140
07-06 18:54:57.618 14509-14531/? D/FFmpegExtractor: SniffFFMPEG failed to sniff this source
07-06 18:54:57.619 14509-14531/? I/ExtendedExtractor: QTIParser is prefered
07-06 18:54:57.619 14509-14531/? D/MMParserExtractor: setExtraFlags called with flags 0 for paser instance ef237180
07-06 18:54:57.619 14509-14531/? I/ExtendedExtractor: ExtendedExtractor::create 0xef237180
07-06 18:54:57.619 14509-14531/? I/ExtendedExtractor: ExtendedExtractor::updateExtractor: Use default QTI parser 
07-06 18:54:57.619 14509-14531/? E/MM_OSAL: FileSource::FileSource
07-06 18:54:57.619 14509-14531/? E/MM_OSAL: FileSource::FileSource m_bEveryThingOK 1
07-06 18:54:57.619 14509-14531/? E/MM_OSAL: MM_File_Create failed .Efs Error No -1 , File Name /data/mmosal_logmask.cfg , Mode 0
07-06 18:54:57.619 14509-14531/? E/MM_OSAL: Open or read fail on /data/mmosal_logmask.cfg. Possible permission denied issue. Looking for /data/misc/media/mmosal_logmask.cfg
07-06 18:54:57.619 14509-14531/? E/MM_OSAL: MM_File_Create failed .Efs Error No -1 , File Name /data/misc/media/mmosal_logmask.cfg , Mode 0
07-06 18:54:57.621 14509-14548/? I/OMXClient: Using client-side OMX mux.
07-06 18:54:57.625 14509-14531/? D/MMParserExtractor: Using default parser out buffer size  = 3000 
07-06 18:54:57.625 14509-14531/? I/MMParserExtractor: MMParserSource::start Allocation buffer size for audio track= 3000 
07-06 18:54:57.645 14509-14531/? I/QComExtractorFactory: Sniff: Set key to use qti parser
07-06 18:54:57.645 14509-14531/? I/FFmpegExtractor: android-source:0xef237140
07-06 18:54:57.648 14509-14531/? D/FFmpegExtractor: SniffFFMPEG failed to sniff this source
07-06 18:54:57.648 14509-14531/? I/ExtendedExtractor: QTIParser is prefered
07-06 18:54:57.648 14509-14531/? D/MMParserExtractor: setExtraFlags called with flags 0 for paser instance ef237180
07-06 18:54:57.648 14509-14531/? I/ExtendedExtractor: ExtendedExtractor::create 0xef237180
07-06 18:54:57.648 14509-14531/? I/ExtendedExtractor: ExtendedExtractor::updateExtractor: Use default QTI parser 
07-06 18:54:57.648 14509-14531/? E/MM_OSAL: FileSource::FileSource
07-06 18:54:57.648 14509-14531/? E/MM_OSAL: FileSource::FileSource m_bEveryThingOK 1
07-06 18:54:57.648 14509-14531/? E/MM_OSAL: MM_File_Create failed .Efs Error No -1 , File Name /data/mmosal_logmask.cfg , Mode 0
07-06 18:54:57.648 14509-14531/? E/MM_OSAL: Open or read fail on /data/mmosal_logmask.cfg. Possible permission denied issue. Looking for /data/misc/media/mmosal_logmask.cfg
07-06 18:54:57.648 14509-14531/? E/MM_OSAL: MM_File_Create failed .Efs Error No -1 , File Name /data/misc/media/mmosal_logmask.cfg , Mode 0
07-06 18:54:57.649 14509-14551/? I/OMXClient: Using client-side OMX mux.
07-06 18:54:57.652 14509-14531/? D/MMParserExtractor: Using default parser out buffer size  = 3000 
07-06 18:54:57.652 14509-14531/? I/MMParserExtractor: MMParserSource::start Allocation buffer size for audio track= 3000 
07-06 18:54:57.702 14509-14531/? I/QComExtractorFactory: Sniff: Set key to use qti parser
07-06 18:54:57.702 14509-14531/? I/FFmpegExtractor: android-source:0xef237140
07-06 18:54:57.703 14509-14531/? D/FFmpegExtractor: SniffFFMPEG failed to sniff this source
07-06 18:54:57.703 14509-14531/? I/ExtendedExtractor: QTIParser is prefered
07-06 18:54:57.703 14509-14531/? D/MMParserExtractor: setExtraFlags called with flags 0 for paser instance ef237180
07-06 18:54:57.703 14509-14531/? I/ExtendedExtractor: ExtendedExtractor::create 0xef237180
07-06 18:54:57.703 14509-14531/? I/ExtendedExtractor: ExtendedExtractor::updateExtractor: Use default QTI parser 
07-06 18:54:57.703 14509-14531/? E/MM_OSAL: FileSource::FileSource
07-06 18:54:57.703 14509-14531/? E/MM_OSAL: FileSource::FileSource m_bEveryThingOK 1
07-06 18:54:57.703 14509-14531/? E/MM_OSAL: MM_File_Create failed .Efs Error No -1 , File Name /data/mmosal_logmask.cfg , Mode 0
07-06 18:54:57.704 14509-14531/? E/MM_OSAL: Open or read fail on /data/mmosal_logmask.cfg. Possible permission denied issue. Looking for /data/misc/media/mmosal_logmask.cfg
07-06 18:54:57.704 14509-14531/? E/MM_OSAL: MM_File_Create failed .Efs Error No -1 , File Name /data/misc/media/mmosal_logmask.cfg , Mode 0
07-06 18:54:57.705 14509-14554/? I/OMXClient: Using client-side OMX mux.
07-06 18:54:57.709 14509-14531/? D/MMParserExtractor: Using default parser out buffer size  = 3000 
07-06 18:54:57.709 14509-14531/? I/MMParserExtractor: MMParserSource::start Allocation buffer size for audio track= 3000 
07-06 18:54:57.724 14509-14531/? I/QComExtractorFactory: Sniff: Set key to use qti parser
07-06 18:54:57.725 14509-14531/? I/FFmpegExtractor: android-source:0xef237140
07-06 18:54:57.726 14509-14531/? D/FFmpegExtractor: SniffFFMPEG failed to sniff this source
07-06 18:54:57.726 14509-14531/? I/ExtendedExtractor: QTIParser is prefered
07-06 18:54:57.726 14509-14531/? D/MMParserExtractor: setExtraFlags called with flags 0 for paser instance ef237180
07-06 18:54:57.726 14509-14531/? I/ExtendedExtractor: ExtendedExtractor::create 0xef237180
07-06 18:54:57.726 14509-14531/? I/ExtendedExtractor: ExtendedExtractor::updateExtractor: Use default QTI parser 
07-06 18:54:57.726 14509-14531/? E/MM_OSAL: FileSource::FileSource
07-06 18:54:57.726 14509-14531/? E/MM_OSAL: FileSource::FileSource m_bEveryThingOK 1
07-06 18:54:57.726 14509-14531/? E/MM_OSAL: MM_File_Create failed .Efs Error No -1 , File Name /data/mmosal_logmask.cfg , Mode 0
07-06 18:54:57.726 14509-14531/? E/MM_OSAL: Open or read fail on /data/mmosal_logmask.cfg. Possible permission denied issue. Looking for /data/misc/media/mmosal_logmask.cfg
07-06 18:54:57.726 14509-14531/? E/MM_OSAL: MM_File_Create failed .Efs Error No -1 , File Name /data/misc/media/mmosal_logmask.cfg , Mode 0
07-06 18:54:57.728 14509-14557/? I/OMXClient: Using client-side OMX mux.
07-06 18:54:57.731 14509-14531/? D/MMParserExtractor: Using default parser out buffer size  = 3000 
07-06 18:54:57.731 14509-14531/? I/MMParserExtractor: MMParserSource::start Allocation buffer size for audio track= 3000 
07-06 18:54:57.750 14509-14531/? I/QComExtractorFactory: Sniff: Set key to use qti parser
07-06 18:54:57.750 14509-14531/? I/FFmpegExtractor: android-source:0xef237140
07-06 18:54:57.752 14509-14531/? D/FFmpegExtractor: SniffFFMPEG failed to sniff this source
07-06 18:54:57.752 14509-14531/? I/ExtendedExtractor: QTIParser is prefered
07-06 18:54:57.752 14509-14531/? D/MMParserExtractor: setExtraFlags called with flags 0 for paser instance ef237180
07-06 18:54:57.752 14509-14531/? I/ExtendedExtractor: ExtendedExtractor::create 0xef237180
07-06 18:54:57.752 14509-14531/? I/ExtendedExtractor: ExtendedExtractor::updateExtractor: Use default QTI parser 
07-06 18:54:57.752 14509-14531/? E/MM_OSAL: FileSource::FileSource
07-06 18:54:57.752 14509-14531/? E/MM_OSAL: FileSource::FileSource m_bEveryThingOK 1
07-06 18:54:57.752 14509-14531/? E/MM_OSAL: MM_File_Create failed .Efs Error No -1 , File Name /data/mmosal_logmask.cfg , Mode 0
07-06 18:54:57.752 14509-14531/? E/MM_OSAL: Open or read fail on /data/mmosal_logmask.cfg. Possible permission denied issue. Looking for /data/misc/media/mmosal_logmask.cfg
07-06 18:54:57.752 14509-14531/? E/MM_OSAL: MM_File_Create failed .Efs Error No -1 , File Name /data/misc/media/mmosal_logmask.cfg , Mode 0
07-06 18:54:57.754 14509-14560/? I/OMXClient: Using client-side OMX mux.
07-06 18:54:57.758 14509-14531/? D/MMParserExtractor: Using default parser out buffer size  = 3000 
07-06 18:54:57.758 14509-14531/? I/MMParserExtractor: MMParserSource::start Allocation buffer size for audio track= 3000 
07-06 18:54:57.774 14509-14531/? I/QComExtractorFactory: Sniff: Set key to use qti parser
07-06 18:54:57.774 14509-14531/? I/FFmpegExtractor: android-source:0xef237140
07-06 18:54:57.776 14509-14531/? D/FFmpegExtractor: SniffFFMPEG failed to sniff this source
07-06 18:54:57.776 14509-14531/? I/ExtendedExtractor: QTIParser is prefered
07-06 18:54:57.776 14509-14531/? D/MMParserExtractor: setExtraFlags called with flags 0 for paser instance ef237180
07-06 18:54:57.776 14509-14531/? I/ExtendedExtractor: ExtendedExtractor::create 0xef237180
07-06 18:54:57.776 14509-14531/? I/ExtendedExtractor: ExtendedExtractor::updateExtractor: Use default QTI parser 
07-06 18:54:57.776 14509-14531/? E/MM_OSAL: FileSource::FileSource
07-06 18:54:57.776 14509-14531/? E/MM_OSAL: FileSource::FileSource m_bEveryThingOK 1
07-06 18:54:57.776 14509-14531/? E/MM_OSAL: MM_File_Create failed .Efs Error No -1 , File Name /data/mmosal_logmask.cfg , Mode 0
07-06 18:54:57.776 14509-14531/? E/MM_OSAL: Open or read fail on /data/mmosal_logmask.cfg. Possible permission denied issue. Looking for /data/misc/media/mmosal_logmask.cfg
07-06 18:54:57.776 14509-14531/? E/MM_OSAL: MM_File_Create failed .Efs Error No -1 , File Name /data/misc/media/mmosal_logmask.cfg , Mode 0
07-06 18:54:57.777 14509-14563/? I/OMXClient: Using client-side OMX mux.
07-06 18:54:57.781 14509-14531/? D/MMParserExtractor: Using default parser out buffer size  = 3000 
07-06 18:54:57.781 14509-14531/? I/MMParserExtractor: MMParserSource::start Allocation buffer size for audio track= 3000 
07-06 18:54:57.797 14509-14531/? I/QComExtractorFactory: Sniff: Set key to use qti parser
07-06 18:54:57.797 14509-14531/? I/FFmpegExtractor: android-source:0xef237140
07-06 18:54:57.799 14509-14531/? D/FFmpegExtractor: SniffFFMPEG failed to sniff this source
07-06 18:54:57.799 14509-14531/? I/ExtendedExtractor: QTIParser is prefered
07-06 18:54:57.799 14509-14531/? D/MMParserExtractor: setExtraFlags called with flags 0 for paser instance ef237180
07-06 18:54:57.799 14509-14531/? I/ExtendedExtractor: ExtendedExtractor::create 0xef237180
07-06 18:54:57.799 14509-14531/? I/ExtendedExtractor: ExtendedExtractor::updateExtractor: Use default QTI parser 
07-06 18:54:57.799 14509-14531/? E/MM_OSAL: FileSource::FileSource
07-06 18:54:57.799 14509-14531/? E/MM_OSAL: FileSource::FileSource m_bEveryThingOK 1
07-06 18:54:57.799 14509-14531/? E/MM_OSAL: MM_File_Create failed .Efs Error No -1 , File Name /data/mmosal_logmask.cfg , Mode 0
07-06 18:54:57.799 14509-14531/? E/MM_OSAL: Open or read fail on /data/mmosal_logmask.cfg. Possible permission denied issue. Looking for /data/misc/media/mmosal_logmask.cfg
07-06 18:54:57.799 14509-14531/? E/MM_OSAL: MM_File_Create failed .Efs Error No -1 , File Name /data/misc/media/mmosal_logmask.cfg , Mode 0
07-06 18:54:57.800 14509-14566/? I/OMXClient: Using client-side OMX mux.
07-06 18:54:57.803 14509-14531/? D/MMParserExtractor: Using default parser out buffer size  = 3000 
07-06 18:54:57.803 14509-14531/? I/MMParserExtractor: MMParserSource::start Allocation buffer size for audio track= 3000 
07-06 18:54:58.268 14509-14515/? I/art: Debugger is no longer active
07-06 18:55:00.995 14509-14532/com.FDU308.FudanCraft D/cocos2d-x debug info: server button pressed
07-06 18:55:00.995 14509-14532/com.FDU308.FudanCraft D/cocos2d-x debug info: FudanCraft: Trying to Load InputPort.png
                                                                             
                                                                             
                                                                             [ 07-06 18:55:00.996 14509:14532 E/         ]
                                                                             scaleX = 0.940767
07-06 18:55:00.997 14509-14532/com.FDU308.FudanCraft D/cocos2d-x debug info: cocos2d: fullPathForFilename: No file found at sans-serif. Possible missing file.
07-06 18:55:00.998 14509-14532/com.FDU308.FudanCraft D/cocos2d-x debug info: Warning! You can't change Android Hint fontName and fontSize
07-06 18:55:00.998 14509-14532/com.FDU308.FudanCraft D/cocos2d-x debug info: [Edit text] content size = (80.000000, 60.000000)
07-06 18:55:00.998 14509-14532/com.FDU308.FudanCraft D/cocos2d-x debug info: [Edit text] content size = (80.000000, 60.000000)
07-06 18:55:00.998 14509-14532/com.FDU308.FudanCraft D/cocos2d-x debug info: FudanCraft: Successfully Load InputPort.png
07-06 18:55:01.031 14509-14532/com.FDU308.FudanCraft D/cocos2d-x debug info: create rendererRecreatedListener for GLProgramState
07-06 18:55:01.033 14509-14532/com.FDU308.FudanCraft D/cocos2d-x debug info: [Edit text] content size = (80.000000, 60.000000)
07-06 18:55:01.919 14509-14532/com.FDU308.FudanCraft D/cocos2d-x debug info: FudanCraft: Trying to Start Server
07-06 18:55:01.921 14509-14532/com.FDU308.FudanCraft D/cocos2d-x debug info: FudanCraft: SocketServer Created!
07-06 18:55:01.922 14509-14532/com.FDU308.FudanCraft D/cocos2d-x debug info: SocketClient: create() new thread address = 3746633836
07-06 18:55:01.922 14509-14532/com.FDU308.FudanCraft D/cocos2d-x debug info: FudanCraft: SocketClient Created!
07-06 18:55:01.922 14509-14532/com.FDU308.FudanCraft D/cocos2d-x debug info: create server and client on 8008
07-06 18:55:02.050 14509-14532/com.FDU308.FudanCraft D/cocos2d-x debug info: create rendererRecreatedListener for GLProgramState
07-06 18:55:02.704 14509-14608/com.FDU308.FudanCraft D/cocos2d-x debug info: SocketServer: Entering loop process
07-06 18:55:02.704 14509-14608/com.FDU308.FudanCraft D/cocos2d-x debug info: SocketServer: Initialize process loop
07-06 18:55:02.704 14509-14608/com.FDU308.FudanCraft D/cocos2d-x debug info: SocketServer: Trying to read data
07-06 18:55:03.095 14509-14532/com.FDU308.FudanCraft D/cocos2d-x debug info: cocos2d: SpriteBatchNode: resizing TextureAtlas capacity from [5735] to [7648].
07-06 18:55:03.110 14509-14532/com.FDU308.FudanCraft D/cocos2d-x debug info: cocos2d: SpriteBatchNode: resizing TextureAtlas capacity from [7648] to [10198].
07-06 18:55:03.130 14509-14532/com.FDU308.FudanCraft D/cocos2d-x debug info: cocos2d: SpriteBatchNode: resizing TextureAtlas capacity from [10198] to [13598].
07-06 18:55:03.279 14509-14532/com.FDU308.FudanCraft D/cocos2d-x debug info: cocos2d: SpriteBatchNode: resizing TextureAtlas capacity from [5735] to [7648].
07-06 18:55:03.349 14509-14532/com.FDU308.FudanCraft D/cocos2d-x debug info: cocos2d: SpriteBatchNode: resizing TextureAtlas capacity from [5735] to [7648].
07-06 18:55:03.364 14509-14532/com.FDU308.FudanCraft D/cocos2d-x debug info: cocos2d: SpriteBatchNode: resizing TextureAtlas capacity from [7648] to [10198].
07-06 18:55:03.383 14509-14532/com.FDU308.FudanCraft D/cocos2d-x debug info: cocos2d: SpriteBatchNode: resizing TextureAtlas capacity from [10198] to [13598].
07-06 18:55:03.410 14509-14532/com.FDU308.FudanCraft D/cocos2d-x debug info: cocos2d: SpriteBatchNode: resizing TextureAtlas capacity from [13598] to [18132].
07-06 18:55:03.449 14509-14532/com.FDU308.FudanCraft D/cocos2d-x debug info: create rendererRecreatedListener for GLProgramState
07-06 18:55:03.449 14509-14532/com.FDU308.FudanCraft D/cocos2d-x debug info: BattleScene: Trying to Init Player ID
07-06 18:55:03.449 14509-14532/com.FDU308.FudanCraft D/cocos2d-x debug info: BattleScene: Get Player ID: 1
07-06 18:55:03.481 14509-14532/com.FDU308.FudanCraft D/cocos2d-x debug info: cocos2d: fullPathForFilename: No file found at Marker Felt. Possible missing file.
07-06 18:55:03.485 14509-14532/com.FDU308.FudanCraft E/ExtMediaPlayer-JNI: env->IsInstanceOf fails
07-06 18:55:03.485 14509-14532/com.FDU308.FudanCraft E/MediaPlayer-JNI: JNIMediaPlayerFactory: bIsQCMediaPlayerPresent 0
07-06 18:55:03.485 14509-14532/com.FDU308.FudanCraft E/ExtMediaPlayer-JNI: env->IsInstanceOf fails
07-06 18:55:03.485 14509-14532/com.FDU308.FudanCraft E/MediaPlayer-JNI: JNIMediaPlayerFactory: bIsQCMediaPlayerPresent 0
07-06 18:55:03.507 14509-14532/com.FDU308.FudanCraft D/MediaPlayer: setSubtitleAnchor in MediaPlayer
07-06 18:55:03.507 14509-14509/com.FDU308.FudanCraft D/MediaPlayer: setSubtitleAnchor in MediaPlayer
07-06 18:55:03.524 14509-14532/com.FDU308.FudanCraft D/cocos2d-x debug info: if back ground music playing 1
07-06 18:55:03.534 14509-14532/com.FDU308.FudanCraft W/AudioTrack: AUDIO_OUTPUT_FLAG_FAST denied by client; transfer 4, track 22050 Hz, output 48000 Hz
07-06 18:55:03.654 14509-14532/com.FDU308.FudanCraft D/cocos2d-x debug info: start game
07-06 18:55:03.770 14509-14532/com.FDU308.FudanCraft D/cocos2d-x debug info: UnitManager: Call Protobuf Success
07-06 18:55:03.770 14509-14532/com.FDU308.FudanCraft D/cocos2d-x debug info: SocketClient: Start to send string, length = 144
07-06 18:55:03.770 14509-14532/com.FDU308.FudanCraft D/cocos2d-x debug info: SocketClient: Start to write data, length = 144
07-06 18:55:03.770 14509-14532/com.FDU308.FudanCraft D/cocos2d-x debug info: SocketClient: Complete in encoding data
07-06 18:55:03.771 14509-14532/com.FDU308.FudanCraft D/cocos2d-x debug info: SocketClient: Finish writing data, length = 144
07-06 18:55:03.771 14509-14532/com.FDU308.FudanCraft D/cocos2d-x debug info: SocketClient: write_data() trying to release string: 4011848600
07-06 18:55:03.771 14509-14532/com.FDU308.FudanCraft D/cocos2d-x debug info: SocketClient: write_data() trying to release socket_message: 4011840364
07-06 18:55:03.771 14509-14532/com.FDU308.FudanCraft D/cocos2d-x debug info: SocketClient: Finished in sending string, length = 144
07-06 18:55:03.771 14509-14532/com.FDU308.FudanCraft D/cocos2d-x debug info: SocketClient: send_string() trying to release string: 4011848652
07-06 18:55:03.771 14509-14532/com.FDU308.FudanCraft D/cocos2d-x debug info: SocketClient: Client address: 3746625536
07-06 18:55:03.771 14509-14532/com.FDU308.FudanCraft D/cocos2d-x debug info: UnitManager: Send Message via SocketClient Success
07-06 18:55:03.771 14509-14532/com.FDU308.FudanCraft D/cocos2d-x debug info: SocketClient: Start to read data
07-06 18:55:03.771 14509-14532/com.FDU308.FudanCraft D/cocos2d-x debug info: SocketClient: No error detected
07-06 18:55:03.771 14509-14608/com.FDU308.FudanCraft D/cocos2d-x debug info: SocketServer: Reading data completed, num = 1
07-06 18:55:03.771 14509-14608/com.FDU308.FudanCraft D/cocos2d-x debug info: SocketServer: Distributing data completed
07-06 18:55:03.771 14509-14532/com.FDU308.FudanCraft D/cocos2d-x debug info: SocketClient: Get data success
07-06 18:55:03.771 14509-14608/com.FDU308.FudanCraft D/cocos2d-x debug info: SocketServer: Mutex to be released: 3926968428
07-06 18:55:03.771 14509-14532/com.FDU308.FudanCraft D/cocos2d-x debug info: SocketClient: Unlock resource completed
07-06 18:55:03.771 14509-14608/com.FDU308.FudanCraft D/cocos2d-x debug info: SocketServer: Lock to be released: 3665250368
07-06 18:55:03.771 14509-14532/com.FDU308.FudanCraft D/cocos2d-x debug info: SocketClient: Finished in reading data, length = 144
07-06 18:55:03.771 14509-14608/com.FDU308.FudanCraft D/cocos2d-x debug info: SocketServer: Vector to be released: 3665250384
07-06 18:55:03.771 14509-14608/com.FDU308.FudanCraft D/cocos2d-x debug info: SocketServer: Msg to be released: 3665250344
07-06 18:55:03.771 14509-14532/com.FDU308.FudanCraft D/cocos2d-x debug info: SocketClient: read_data() trying to release lock: 4011840372
07-06 18:55:03.771 14509-14608/com.FDU308.FudanCraft D/cocos2d-x debug info: SocketServer: Initialize process loop
07-06 18:55:03.771 14509-14532/com.FDU308.FudanCraft D/cocos2d-x debug info: UnitManager: Receive Message via SocketClient Success
07-06 18:55:03.771 14509-14608/com.FDU308.FudanCraft D/cocos2d-x debug info: SocketServer: Trying to read data
07-06 18:55:03.772 14509-14532/com.FDU308.FudanCraft D/cocos2d-x debug info: UnitManager: Read Message 0 Success
07-06 18:55:03.775 14509-14532/com.FDU308.FudanCraft D/cocos2d-x debug info: UnitManager: Read Message 1 Success
07-06 18:55:03.777 14509-14532/com.FDU308.FudanCraft D/cocos2d-x debug info: UnitManager: Read Message 2 Success
07-06 18:55:03.778 14509-14532/com.FDU308.FudanCraft D/cocos2d-x debug info: UnitManager: Read Message 3 Success
07-06 18:55:03.784 14509-14532/com.FDU308.FudanCraft D/cocos2d-x debug info: UnitManager: Read Message 4 Success
07-06 18:55:03.786 14509-14532/com.FDU308.FudanCraft D/cocos2d-x debug info: UnitManager: Read Message 5 Success
07-06 18:55:03.789 14509-14532/com.FDU308.FudanCraft D/cocos2d-x debug info: UnitManager: Read Message 6 Success
07-06 18:55:03.793 14509-14532/com.FDU308.FudanCraft D/cocos2d-x debug info: UnitManager: Read Message 7 Success
07-06 18:55:03.793 14509-14532/com.FDU308.FudanCraft D/cocos2d-x debug info: Unit: Trying to clear game message
07-06 18:55:03.861 14509-14532/com.FDU308.FudanCraft D/cocos2d-x debug info: UnitManager: Call Protobuf Success
07-06 18:55:03.862 14509-14532/com.FDU308.FudanCraft D/cocos2d-x debug info: SocketClient: Start to send string, length = 0
07-06 18:55:03.862 14509-14532/com.FDU308.FudanCraft D/cocos2d-x debug info: SocketClient: Start to write data, length = 0
07-06 18:55:03.862 14509-14532/com.FDU308.FudanCraft D/cocos2d-x debug info: SocketClient: Complete in encoding data
07-06 18:55:03.862 14509-14532/com.FDU308.FudanCraft D/cocos2d-x debug info: SocketClient: Finish writing data, length = 0
07-06 18:55:03.862 14509-14532/com.FDU308.FudanCraft D/cocos2d-x debug info: SocketClient: write_data() trying to release string: 4011848600
07-06 18:55:03.862 14509-14532/com.FDU308.FudanCraft D/cocos2d-x debug info: SocketClient: write_data() trying to release socket_message: 4011840364
07-06 18:55:03.862 14509-14532/com.FDU308.FudanCraft D/cocos2d-x debug info: SocketClient: Finished in sending string, length = 0
07-06 18:55:03.862 14509-14532/com.FDU308.FudanCraft D/cocos2d-x debug info: SocketClient: send_string() trying to release string: 4011848652
07-06 18:55:03.863 14509-14608/com.FDU308.FudanCraft D/cocos2d-x debug info: SocketServer: Reading data completed, num = 1
07-06 18:55:03.863 14509-14608/com.FDU308.FudanCraft D/cocos2d-x debug info: SocketServer: Distributing data completed
07-06 18:55:03.863 14509-14608/com.FDU308.FudanCraft D/cocos2d-x debug info: SocketServer: Mutex to be released: 3926968428
07-06 18:55:03.863 14509-14608/com.FDU308.FudanCraft D/cocos2d-x debug info: SocketServer: Lock to be released: 3665250368
07-06 18:55:03.863 14509-14608/com.FDU308.FudanCraft D/cocos2d-x debug info: SocketServer: Vector to be released: 3665250384
07-06 18:55:03.863 14509-14608/com.FDU308.FudanCraft D/cocos2d-x debug info: SocketServer: Msg to be released: 3665250344
07-06 18:55:03.863 14509-14608/com.FDU308.FudanCraft D/cocos2d-x debug info: SocketServer: Initialize process loop
07-06 18:55:03.863 14509-14608/com.FDU308.FudanCraft D/cocos2d-x debug info: SocketServer: Trying to read data
07-06 18:55:03.862 14509-14532/com.FDU308.FudanCraft D/cocos2d-x debug info: SocketClient: Client address: 3746625536
07-06 18:55:03.866 14509-14532/com.FDU308.FudanCraft D/cocos2d-x debug info: UnitManager: Send Message via SocketClient Success
07-06 18:55:03.866 14509-14532/com.FDU308.FudanCraft D/cocos2d-x debug info: SocketClient: Start to read data
07-06 18:55:03.866 14509-14532/com.FDU308.FudanCraft D/cocos2d-x debug info: SocketClient: No error detected
07-06 18:55:03.866 14509-14532/com.FDU308.FudanCraft D/cocos2d-x debug info: SocketClient: Get data success
07-06 18:55:03.866 14509-14532/com.FDU308.FudanCraft D/cocos2d-x debug info: SocketClient: Unlock resource completed
07-06 18:55:03.866 14509-14532/com.FDU308.FudanCraft D/cocos2d-x debug info: SocketClient: Finished in reading data, length = 1
07-06 18:55:03.866 14509-14532/com.FDU308.FudanCraft D/cocos2d-x debug info: SocketClient: read_data() trying to release lock: 4011840372
07-06 18:55:03.866 14509-14532/com.FDU308.FudanCraft D/cocos2d-x debug info: UnitManager: Receive Message via SocketClient Success
07-06 18:55:03.867 14509-14532/com.FDU308.FudanCraft D/cocos2d-x debug info: Unit: Trying to clear game message
07-06 18:55:04.107 14509-14532/com.FDU308.FudanCraft W/Adreno-GSL: <gsl_ldd_control:467>: ioctl fd 28 code 0xc040094a (IOCTL_KGSL_GPU_COMMAND) failed: errno 71 Protocol error
07-06 18:55:04.109 14509-14532/com.FDU308.FudanCraft W/Adreno-GSL: <log_gpu_snapshot:376>: panel.gpuSnapshotPath is not set.not generating user snapshot
07-06 18:55:04.131 14509-14532/com.FDU308.FudanCraft D/cocos2d-x debug info: UnitManager: Call Protobuf Success
07-06 18:55:04.131 14509-14532/com.FDU308.FudanCraft D/cocos2d-x debug info: SocketClient: Start to send string, length = 65536
07-06 18:55:04.132 14509-14532/com.FDU308.FudanCraft D/cocos2d-x debug info: SocketClient: Start to write data, length = 65536
07-06 18:55:04.132 14509-14532/com.FDU308.FudanCraft D/cocos2d-x debug info: SocketClient: Complete in encoding data
07-06 18:55:04.132 14509-14532/com.FDU308.FudanCraft D/cocos2d-x debug info: SocketClient: Finish writing data, length = 65536
07-06 18:55:04.133 14509-14608/com.FDU308.FudanCraft D/cocos2d-x debug info: SocketServer: Reading data completed, num = 1
07-06 18:55:04.133 14509-14608/com.FDU308.FudanCraft D/cocos2d-x debug info: SocketServer: Distributing data completed
07-06 18:55:04.133 14509-14608/com.FDU308.FudanCraft D/cocos2d-x debug info: SocketServer: Mutex to be released: 3926968428
07-06 18:55:04.133 14509-14608/com.FDU308.FudanCraft D/cocos2d-x debug info: SocketServer: Lock to be released: 3665250368
07-06 18:55:04.133 14509-14608/com.FDU308.FudanCraft D/cocos2d-x debug info: SocketServer: Vector to be released: 3665250384
07-06 18:55:04.133 14509-14608/com.FDU308.FudanCraft D/cocos2d-x debug info: SocketServer: Msg to be released: 3665250344
07-06 18:55:04.133 14509-14608/com.FDU308.FudanCraft D/cocos2d-x debug info: SocketServer: Initialize process loop
07-06 18:55:04.133 14509-14608/com.FDU308.FudanCraft D/cocos2d-x debug info: SocketServer: Trying to read data
07-06 18:55:04.132 14509-14532/com.FDU308.FudanCraft D/cocos2d-x debug info: SocketClient: write_data() trying to release string: 4011848600
07-06 18:55:04.133 14509-14532/com.FDU308.FudanCraft D/cocos2d-x debug info: SocketClient: write_data() trying to release socket_message: 4011840364
07-06 18:55:04.134 14509-14532/com.FDU308.FudanCraft D/cocos2d-x debug info: SocketClient: Finished in sending string, length = 65536
07-06 18:55:04.134 14509-14532/com.FDU308.FudanCraft D/cocos2d-x debug info: SocketClient: send_string() trying to release string: 4011848652
07-06 18:55:04.134 14509-14532/com.FDU308.FudanCraft D/cocos2d-x debug info: SocketClient: Client address: 3746625536
07-06 18:55:04.134 14509-14532/com.FDU308.FudanCraft D/cocos2d-x debug info: UnitManager: Send Message via SocketClient Success
07-06 18:55:04.134 14509-14532/com.FDU308.FudanCraft D/cocos2d-x debug info: SocketClient: Start to read data
07-06 18:55:04.134 14509-14532/com.FDU308.FudanCraft D/cocos2d-x debug info: SocketClient: No error detected
07-06 18:55:04.134 14509-14532/com.FDU308.FudanCraft D/cocos2d-x debug info: SocketClient: Get data success
07-06 18:55:04.134 14509-14532/com.FDU308.FudanCraft D/cocos2d-x debug info: SocketClient: Unlock resource completed
07-06 18:55:04.134 14509-14532/com.FDU308.FudanCraft D/cocos2d-x debug info: SocketClient: Finished in reading data, length = 8192
07-06 18:55:04.134 14509-14532/com.FDU308.FudanCraft D/cocos2d-x debug info: SocketClient: read_data() trying to release lock: 4011840372
07-06 18:55:04.134 14509-14532/com.FDU308.FudanCraft D/cocos2d-x debug info: UnitManager: Receive Message via SocketClient Success
07-06 18:55:04.134 14509-14532/com.FDU308.FudanCraft D/cocos2d-x debug info: Unit: Trying to clear game message
                                                                             
                                                                             
                                                                             --------- beginning of crash
07-06 18:55:04.198 14509-14532/com.FDU308.FudanCraft A/libc: Fatal signal 11 (SIGSEGV), code 1, fault addr 0x4e49539a in tid 14532 (GLThread 464)
