07-03 22:22:34.407 27145-27145/? I/art: Late-enabling -Xcheck:jni
07-03 22:22:34.432 27145-27145/? D/TidaProvider: TidaProvider()
07-03 22:22:34.439 27145-27145/? V/BoostFramework: mAcquireFunc method = public int com.qualcomm.qti.Performance.perfLockAcquire(int,int[])
07-03 22:22:34.439 27145-27145/? V/BoostFramework: mReleaseFunc method = public int com.qualcomm.qti.Performance.perfLockRelease()
07-03 22:22:34.439 27145-27145/? V/BoostFramework: mAcquireTouchFunc method = public int com.qualcomm.qti.Performance.perfLockAcquireTouch(android.view.MotionEvent,android.util.DisplayMetrics,int,int[])
07-03 22:22:34.439 27145-27145/? V/BoostFramework: mIOPStart method = public int com.qualcomm.qti.Performance.perfIOPrefetchStart(int,java.lang.String)
07-03 22:22:34.439 27145-27145/? V/BoostFramework: mIOPStop method = public int com.qualcomm.qti.Performance.perfIOPrefetchStop()
07-03 22:22:34.441 27145-27145/? V/BoostFramework: BoostFramework() : mPerf = com.qualcomm.qti.Performance@249ac42
07-03 22:22:34.583 27145-27145/com.FDU308.FudanCraft D/JniHelper: JniHelper::setJavaVM(0xf53fc000), pthread_self() = -144299212
07-03 22:22:34.583 27145-27145/com.FDU308.FudanCraft D/main: cocos_android_app_init
07-03 22:22:34.587 27145-27145/com.FDU308.FudanCraft D/Cocos2dxHelper: isSupportLowLatency:false
07-03 22:22:34.591 27145-27145/com.FDU308.FudanCraft D/Cocos2dxHelper: sampleRate: 48000, framesPerBuffer: 192
07-03 22:22:34.593 27145-27145/com.FDU308.FudanCraft D/Java_org_cocos2dx_lib_Cocos2dxHelper.cpp: nativeSetAudioDeviceInfo: sampleRate: 48000, bufferSizeInFrames: 192
07-03 22:22:34.620 27145-27145/com.FDU308.FudanCraft D/Cocos2dxActivity: model=MI 5s Plus
07-03 22:22:34.620 27145-27145/com.FDU308.FudanCraft D/Cocos2dxActivity: product=natrium
07-03 22:22:34.620 27145-27145/com.FDU308.FudanCraft D/Cocos2dxActivity: isEmulator=false
07-03 22:22:34.622 27145-27145/com.FDU308.FudanCraft D/EngineDataManager.cpp: nativeSetSupportOptimization: 0
07-03 22:22:34.627 27145-27145/com.FDU308.FudanCraft D/Cocos2dxActivity: onResume()
07-03 22:22:34.638 27145-27145/com.FDU308.FudanCraft D/ActivityThreadInjector: clearCachedDrawables.
07-03 22:22:34.667 27145-27173/com.FDU308.FudanCraft I/Adreno: QUALCOMM build                   : 9438ceb, I0ac3940325
                                                               Build Date                       : 10/26/16
                                                               OpenGL ES Shader Compiler Version: XE031.09.00.03
                                                               Local Branch                     : 
                                                               Remote Branch                    : 
                                                               Remote Branch                    : 
                                                               Reconstruct Branch               : 
07-03 22:22:34.685 27145-27173/com.FDU308.FudanCraft D/cocos2d-x debug info: {
                                                                             	gl.supports_OES_packed_depth_stencil: true
                                                                             	gl.supports_vertex_array_object: true
                                                                             	gl.supports_BGRA8888: false
                                                                             	gl.supports_ATITC: true
                                                                             	gl.supports_S3TC: false
                                                                             	cocos2d.x.version: cocos2d-x-3.15.1
                                                                             	gl.supports_discard_framebuffer: true
                                                                             	cocos2d.x.compiled_with_profiler: false
                                                                             	gl.supports_PVRTC: false
                                                                             	cocos2d.x.build_type: DEBUG
                                                                             	gl.renderer: Adreno (TM) 530
                                                                             	gl.supports_OES_depth24: true
                                                                             	gl.supports_ETC1: true
                                                                             	gl.supports_OES_map_buffer: false
                                                                             	cocos2d.x.compiled_with_gl_state_cache: true
                                                                             	gl.version: OpenGL ES 3.2 V@145.0 (GIT@I0ac3940325)
                                                                             	gl.supports_NPOT: true
                                                                             	gl.max_texture_units: 96
                                                                             	gl.vendor: Qualcomm
                                                                             	gl.max_texture_size: 16384
                                                                             }
07-03 22:22:34.689 27145-27173/com.FDU308.FudanCraft D/EngineDataManager.cpp: setAnimationInterval by game: 0.0167
07-03 22:22:34.689 27145-27145/com.FDU308.FudanCraft D/Cocos2dxActivity: onWindowFocusChanged() hasFocus=true
07-03 22:22:34.689 27145-27173/com.FDU308.FudanCraft D/EngineDataManager.cpp: JNI setAnimationInterval: 0.016667
07-03 22:22:34.755 27145-27173/com.FDU308.FudanCraft D/cocos2d-x debug info: create rendererRecreatedListener for GLProgramState
07-03 22:22:34.756 27145-27173/com.FDU308.FudanCraft D/cocos2d-x debug info: FudanCraft: HelloWorldScene Initialize Begin
07-03 22:22:34.756 27145-27173/com.FDU308.FudanCraft D/cocos2d-x debug info: cocos2d: fullPathForFilename: No file found at BackgroundPanel.png. Possible missing file.
07-03 22:22:34.756 27145-27173/com.FDU308.FudanCraft D/cocos2d-x debug info: FudanCraft: HelloWorldScene Read First Resource at Root Directory Fail
07-03 22:22:34.794 27145-27173/com.FDU308.FudanCraft D/cocos2d-x debug info: create rendererRecreatedListener for GLProgramState
07-03 22:22:34.795 27145-27173/com.FDU308.FudanCraft D/cocos2d-x debug info: FudanCraft: HelloWorldScene Read First Resource Success
07-03 22:22:34.795 27145-27173/com.FDU308.FudanCraft D/cocos2d-x debug info: FudanCraft: Set Position Success
07-03 22:22:34.795 27145-27173/com.FDU308.FudanCraft D/cocos2d-x debug info: FudanCraft: Set Scale Success
07-03 22:22:34.795 27145-27173/com.FDU308.FudanCraft D/cocos2d-x debug info: FudanCraft: Trying to Add Child
07-03 22:22:34.795 27145-27173/com.FDU308.FudanCraft D/cocos2d-x debug info: FudanCraft: Add First Child Success
07-03 22:22:34.799 27145-27173/com.FDU308.FudanCraft D/cocos2d-x debug info: FudanCraft: Create First Sprite Success
07-03 22:22:34.809 27145-27173/com.FDU308.FudanCraft D/cocos2d-x debug info: FudanCraft: HelloWorldScene Read Many Resources Success
07-03 22:22:34.809 27145-27173/com.FDU308.FudanCraft D/cocos2d-x debug info: FudanCraft: Trying to Preload Audio
07-03 22:22:34.809 27145-27173/com.FDU308.FudanCraft D/cocos2d: android SDK version:23
07-03 22:22:34.810 27145-27173/com.FDU308.FudanCraft E/ExtMediaPlayer-JNI: env->IsInstanceOf fails
07-03 22:22:34.810 27145-27173/com.FDU308.FudanCraft E/MediaPlayer-JNI: JNIMediaPlayerFactory: bIsQCMediaPlayerPresent 0
07-03 22:22:34.810 27145-27173/com.FDU308.FudanCraft E/ExtMediaPlayer-JNI: env->IsInstanceOf fails
07-03 22:22:34.810 27145-27173/com.FDU308.FudanCraft E/MediaPlayer-JNI: JNIMediaPlayerFactory: bIsQCMediaPlayerPresent 0
07-03 22:22:34.833 27145-27173/com.FDU308.FudanCraft D/MediaPlayer: setSubtitleAnchor in MediaPlayer
07-03 22:22:34.833 27145-27145/com.FDU308.FudanCraft D/MediaPlayer: setSubtitleAnchor in MediaPlayer
07-03 22:22:34.839 27145-27173/com.FDU308.FudanCraft E/ExtMediaPlayer-JNI: env->IsInstanceOf fails
07-03 22:22:34.839 27145-27173/com.FDU308.FudanCraft E/MediaPlayer-JNI: JNIMediaPlayerFactory: bIsQCMediaPlayerPresent 0
07-03 22:22:34.839 27145-27173/com.FDU308.FudanCraft E/ExtMediaPlayer-JNI: env->IsInstanceOf fails
07-03 22:22:34.839 27145-27173/com.FDU308.FudanCraft E/MediaPlayer-JNI: JNIMediaPlayerFactory: bIsQCMediaPlayerPresent 0
07-03 22:22:34.859 27145-27173/com.FDU308.FudanCraft D/MediaPlayer: setSubtitleAnchor in MediaPlayer
07-03 22:22:34.859 27145-27145/com.FDU308.FudanCraft D/MediaPlayer: setSubtitleAnchor in MediaPlayer
07-03 22:22:34.863 27145-27173/com.FDU308.FudanCraft D/cocos2d-x debug info: FudanCraft: HelloWorldScene Initialize Success
07-03 22:22:34.863 27145-27173/com.FDU308.FudanCraft D/EngineDataManager.cpp: setAnimationInterval by engine: 0.0167
07-03 22:22:34.863 27145-27173/com.FDU308.FudanCraft D/EngineDataManager.cpp: JNI setAnimationInterval: 0.016667
07-03 22:22:34.863 27145-27163/com.FDU308.FudanCraft E/WVMExtractor: Failed to open libwvm.so: dlopen failed: library "libwvm.so" not found
07-03 22:22:34.868 27145-27163/com.FDU308.FudanCraft I/QComExtractorFactory: Sniff: Set key to use qti parser
07-03 22:22:34.869 27145-27163/com.FDU308.FudanCraft W/linker: /system/lib/libffmpeg_avcodec.so: is missing DT_SONAME will use basename as a replacement: "libffmpeg_avcodec.so"
07-03 22:22:34.871 27145-27163/com.FDU308.FudanCraft I/FFmpegExtractor: android-source:0xef18e280
07-03 22:22:34.874 27145-27163/com.FDU308.FudanCraft D/FFmpegExtractor: SniffFFMPEG failed to sniff this source
07-03 22:22:34.874 27145-27163/com.FDU308.FudanCraft I/ExtendedExtractor: QTIParser is prefered
07-03 22:22:34.874 27145-27163/com.FDU308.FudanCraft D/MMParserExtractor: setExtraFlags called with flags 0 for paser instance ef18e2c0
07-03 22:22:34.874 27145-27163/com.FDU308.FudanCraft I/ExtendedExtractor: ExtendedExtractor::create 0xef18e2c0
07-03 22:22:34.874 27145-27163/com.FDU308.FudanCraft I/ExtendedExtractor: ExtendedExtractor::updateExtractor: Use default QTI parser 
07-03 22:22:34.874 27145-27163/com.FDU308.FudanCraft E/MM_OSAL: FileSource::FileSource
07-03 22:22:34.874 27145-27163/com.FDU308.FudanCraft E/MM_OSAL: FileSource::FileSource m_bEveryThingOK 1
07-03 22:22:34.875 27145-27163/com.FDU308.FudanCraft E/MM_OSAL: MM_File_Create failed .Efs Error No -1 , File Name /data/mmosal_logmask.cfg , Mode 0
07-03 22:22:34.875 27145-27163/com.FDU308.FudanCraft E/MM_OSAL: Open or read fail on /data/mmosal_logmask.cfg. Possible permission denied issue. Looking for /data/misc/media/mmosal_logmask.cfg
07-03 22:22:34.875 27145-27163/com.FDU308.FudanCraft E/MM_OSAL: MM_File_Create failed .Efs Error No -1 , File Name /data/misc/media/mmosal_logmask.cfg , Mode 0
07-03 22:22:34.877 27145-27198/com.FDU308.FudanCraft I/OMXClient: Using client-side OMX mux.
07-03 22:22:34.882 27145-27163/com.FDU308.FudanCraft D/MMParserExtractor: Using default parser out buffer size  = 3000 
07-03 22:22:34.882 27145-27163/com.FDU308.FudanCraft I/MMParserExtractor: MMParserSource::start Allocation buffer size for audio track= 3000 
07-03 22:22:34.888 27145-27173/com.FDU308.FudanCraft D/cocos2d-x debug info: cocos2d: QuadCommand: resizing index size from [-1] to [2560]
07-03 22:22:34.915 27145-27163/com.FDU308.FudanCraft E/MM_OSAL: Data is not sufficient to validate AAC
07-03 22:22:34.916 27145-27163/com.FDU308.FudanCraft E/MM_OSAL: ValidateAACFile data not sufficient
07-03 22:22:34.916 27145-27163/com.FDU308.FudanCraft I/QComExtractorFactory: Sniff: Set key to use qti parser
07-03 22:22:34.916 27145-27163/com.FDU308.FudanCraft I/FFmpegExtractor: android-source:0xef18e280
07-03 22:22:34.918 27145-27163/com.FDU308.FudanCraft D/FFmpegExtractor: SniffFFMPEG failed to sniff this source
07-03 22:22:34.918 27145-27163/com.FDU308.FudanCraft I/ExtendedExtractor: QTIParser is prefered
07-03 22:22:34.918 27145-27163/com.FDU308.FudanCraft D/MMParserExtractor: setExtraFlags called with flags 0 for paser instance ef18e2c0
07-03 22:22:34.918 27145-27163/com.FDU308.FudanCraft I/ExtendedExtractor: ExtendedExtractor::create 0xef18e2c0
07-03 22:22:34.918 27145-27163/com.FDU308.FudanCraft I/ExtendedExtractor: ExtendedExtractor::updateExtractor: Use default QTI parser 
07-03 22:22:34.918 27145-27163/com.FDU308.FudanCraft E/MM_OSAL: FileSource::FileSource
07-03 22:22:34.918 27145-27163/com.FDU308.FudanCraft E/MM_OSAL: FileSource::FileSource m_bEveryThingOK 1
07-03 22:22:34.918 27145-27163/com.FDU308.FudanCraft E/MM_OSAL: MM_File_Create failed .Efs Error No -1 , File Name /data/mmosal_logmask.cfg , Mode 0
07-03 22:22:34.918 27145-27163/com.FDU308.FudanCraft E/MM_OSAL: Open or read fail on /data/mmosal_logmask.cfg. Possible permission denied issue. Looking for /data/misc/media/mmosal_logmask.cfg
07-03 22:22:34.919 27145-27163/com.FDU308.FudanCraft E/MM_OSAL: MM_File_Create failed .Efs Error No -1 , File Name /data/misc/media/mmosal_logmask.cfg , Mode 0
07-03 22:22:34.920 27145-27201/com.FDU308.FudanCraft I/OMXClient: Using client-side OMX mux.
07-03 22:22:34.924 27145-27163/com.FDU308.FudanCraft D/MMParserExtractor: Using default parser out buffer size  = 3000 
07-03 22:22:34.924 27145-27163/com.FDU308.FudanCraft I/MMParserExtractor: MMParserSource::start Allocation buffer size for audio track= 3000 
07-03 22:22:34.942 27145-27163/com.FDU308.FudanCraft I/QComExtractorFactory: Sniff: Set key to use qti parser
07-03 22:22:34.942 27145-27163/com.FDU308.FudanCraft I/FFmpegExtractor: android-source:0xef18e280
07-03 22:22:34.945 27145-27163/com.FDU308.FudanCraft D/FFmpegExtractor: SniffFFMPEG failed to sniff this source
07-03 22:22:34.945 27145-27163/com.FDU308.FudanCraft I/ExtendedExtractor: QTIParser is prefered
07-03 22:22:34.945 27145-27163/com.FDU308.FudanCraft D/MMParserExtractor: setExtraFlags called with flags 0 for paser instance ef18e2c0
07-03 22:22:34.945 27145-27163/com.FDU308.FudanCraft I/ExtendedExtractor: ExtendedExtractor::create 0xef18e2c0
07-03 22:22:34.945 27145-27163/com.FDU308.FudanCraft I/ExtendedExtractor: ExtendedExtractor::updateExtractor: Use default QTI parser 
07-03 22:22:34.945 27145-27163/com.FDU308.FudanCraft E/MM_OSAL: FileSource::FileSource
07-03 22:22:34.945 27145-27163/com.FDU308.FudanCraft E/MM_OSAL: FileSource::FileSource m_bEveryThingOK 1
07-03 22:22:34.945 27145-27163/com.FDU308.FudanCraft E/MM_OSAL: MM_File_Create failed .Efs Error No -1 , File Name /data/mmosal_logmask.cfg , Mode 0
07-03 22:22:34.945 27145-27163/com.FDU308.FudanCraft E/MM_OSAL: Open or read fail on /data/mmosal_logmask.cfg. Possible permission denied issue. Looking for /data/misc/media/mmosal_logmask.cfg
07-03 22:22:34.945 27145-27163/com.FDU308.FudanCraft E/MM_OSAL: MM_File_Create failed .Efs Error No -1 , File Name /data/misc/media/mmosal_logmask.cfg , Mode 0
07-03 22:22:34.947 27145-27204/com.FDU308.FudanCraft I/OMXClient: Using client-side OMX mux.
07-03 22:22:34.950 27145-27163/com.FDU308.FudanCraft D/MMParserExtractor: Using default parser out buffer size  = 3000 
07-03 22:22:34.950 27145-27163/com.FDU308.FudanCraft I/MMParserExtractor: MMParserSource::start Allocation buffer size for audio track= 3000 
07-03 22:22:34.985 27145-27163/com.FDU308.FudanCraft I/QComExtractorFactory: Sniff: Set key to use qti parser
07-03 22:22:34.985 27145-27163/com.FDU308.FudanCraft I/FFmpegExtractor: android-source:0xef18e280
07-03 22:22:34.987 27145-27163/com.FDU308.FudanCraft D/FFmpegExtractor: SniffFFMPEG failed to sniff this source
07-03 22:22:34.987 27145-27163/com.FDU308.FudanCraft I/ExtendedExtractor: QTIParser is prefered
07-03 22:22:34.987 27145-27163/com.FDU308.FudanCraft D/MMParserExtractor: setExtraFlags called with flags 0 for paser instance ef18e2c0
07-03 22:22:34.987 27145-27163/com.FDU308.FudanCraft I/ExtendedExtractor: ExtendedExtractor::create 0xef18e2c0
07-03 22:22:34.987 27145-27163/com.FDU308.FudanCraft I/ExtendedExtractor: ExtendedExtractor::updateExtractor: Use default QTI parser 
07-03 22:22:34.987 27145-27163/com.FDU308.FudanCraft E/MM_OSAL: FileSource::FileSource
07-03 22:22:34.987 27145-27163/com.FDU308.FudanCraft E/MM_OSAL: FileSource::FileSource m_bEveryThingOK 1
07-03 22:22:34.987 27145-27163/com.FDU308.FudanCraft E/MM_OSAL: MM_File_Create failed .Efs Error No -1 , File Name /data/mmosal_logmask.cfg , Mode 0
07-03 22:22:34.987 27145-27163/com.FDU308.FudanCraft E/MM_OSAL: Open or read fail on /data/mmosal_logmask.cfg. Possible permission denied issue. Looking for /data/misc/media/mmosal_logmask.cfg
07-03 22:22:34.987 27145-27163/com.FDU308.FudanCraft E/MM_OSAL: MM_File_Create failed .Efs Error No -1 , File Name /data/misc/media/mmosal_logmask.cfg , Mode 0
07-03 22:22:34.988 27145-27207/com.FDU308.FudanCraft I/OMXClient: Using client-side OMX mux.
07-03 22:22:34.993 27145-27163/com.FDU308.FudanCraft D/MMParserExtractor: Using default parser out buffer size  = 3000 
07-03 22:22:34.993 27145-27163/com.FDU308.FudanCraft I/MMParserExtractor: MMParserSource::start Allocation buffer size for audio track= 3000 
07-03 22:22:35.012 27145-27163/com.FDU308.FudanCraft I/QComExtractorFactory: Sniff: Set key to use qti parser
07-03 22:22:35.012 27145-27163/com.FDU308.FudanCraft I/FFmpegExtractor: android-source:0xef18e280
07-03 22:22:35.014 27145-27163/com.FDU308.FudanCraft D/FFmpegExtractor: SniffFFMPEG failed to sniff this source
07-03 22:22:35.014 27145-27163/com.FDU308.FudanCraft I/ExtendedExtractor: QTIParser is prefered
07-03 22:22:35.014 27145-27163/com.FDU308.FudanCraft D/MMParserExtractor: setExtraFlags called with flags 0 for paser instance ef18e2c0
07-03 22:22:35.014 27145-27163/com.FDU308.FudanCraft I/ExtendedExtractor: ExtendedExtractor::create 0xef18e2c0
07-03 22:22:35.014 27145-27163/com.FDU308.FudanCraft I/ExtendedExtractor: ExtendedExtractor::updateExtractor: Use default QTI parser 
07-03 22:22:35.014 27145-27163/com.FDU308.FudanCraft E/MM_OSAL: FileSource::FileSource
07-03 22:22:35.014 27145-27163/com.FDU308.FudanCraft E/MM_OSAL: FileSource::FileSource m_bEveryThingOK 1
07-03 22:22:35.014 27145-27163/com.FDU308.FudanCraft E/MM_OSAL: MM_File_Create failed .Efs Error No -1 , File Name /data/mmosal_logmask.cfg , Mode 0
07-03 22:22:35.014 27145-27163/com.FDU308.FudanCraft E/MM_OSAL: Open or read fail on /data/mmosal_logmask.cfg. Possible permission denied issue. Looking for /data/misc/media/mmosal_logmask.cfg
07-03 22:22:35.014 27145-27163/com.FDU308.FudanCraft E/MM_OSAL: MM_File_Create failed .Efs Error No -1 , File Name /data/misc/media/mmosal_logmask.cfg , Mode 0
07-03 22:22:35.015 27145-27210/com.FDU308.FudanCraft I/OMXClient: Using client-side OMX mux.
07-03 22:22:35.019 27145-27163/com.FDU308.FudanCraft D/MMParserExtractor: Using default parser out buffer size  = 3000 
07-03 22:22:35.019 27145-27163/com.FDU308.FudanCraft I/MMParserExtractor: MMParserSource::start Allocation buffer size for audio track= 3000 
07-03 22:22:35.038 27145-27163/com.FDU308.FudanCraft I/QComExtractorFactory: Sniff: Set key to use qti parser
07-03 22:22:35.038 27145-27163/com.FDU308.FudanCraft I/FFmpegExtractor: android-source:0xef18e280
07-03 22:22:35.040 27145-27163/com.FDU308.FudanCraft D/FFmpegExtractor: SniffFFMPEG failed to sniff this source
07-03 22:22:35.040 27145-27163/com.FDU308.FudanCraft I/ExtendedExtractor: QTIParser is prefered
07-03 22:22:35.040 27145-27163/com.FDU308.FudanCraft D/MMParserExtractor: setExtraFlags called with flags 0 for paser instance ef18e2c0
07-03 22:22:35.040 27145-27163/com.FDU308.FudanCraft I/ExtendedExtractor: ExtendedExtractor::create 0xef18e2c0
07-03 22:22:35.040 27145-27163/com.FDU308.FudanCraft I/ExtendedExtractor: ExtendedExtractor::updateExtractor: Use default QTI parser 
07-03 22:22:35.040 27145-27163/com.FDU308.FudanCraft E/MM_OSAL: FileSource::FileSource
07-03 22:22:35.040 27145-27163/com.FDU308.FudanCraft E/MM_OSAL: FileSource::FileSource m_bEveryThingOK 1
07-03 22:22:35.040 27145-27163/com.FDU308.FudanCraft E/MM_OSAL: MM_File_Create failed .Efs Error No -1 , File Name /data/mmosal_logmask.cfg , Mode 0
07-03 22:22:35.040 27145-27163/com.FDU308.FudanCraft E/MM_OSAL: Open or read fail on /data/mmosal_logmask.cfg. Possible permission denied issue. Looking for /data/misc/media/mmosal_logmask.cfg
07-03 22:22:35.040 27145-27163/com.FDU308.FudanCraft E/MM_OSAL: MM_File_Create failed .Efs Error No -1 , File Name /data/misc/media/mmosal_logmask.cfg , Mode 0
07-03 22:22:35.041 27145-27213/com.FDU308.FudanCraft I/OMXClient: Using client-side OMX mux.
07-03 22:22:35.045 27145-27163/com.FDU308.FudanCraft D/MMParserExtractor: Using default parser out buffer size  = 3000 
07-03 22:22:35.045 27145-27163/com.FDU308.FudanCraft I/MMParserExtractor: MMParserSource::start Allocation buffer size for audio track= 3000 
07-03 22:22:35.059 27145-27163/com.FDU308.FudanCraft I/QComExtractorFactory: Sniff: Set key to use qti parser
07-03 22:22:35.059 27145-27163/com.FDU308.FudanCraft I/FFmpegExtractor: android-source:0xef18e280
07-03 22:22:35.061 27145-27163/com.FDU308.FudanCraft D/FFmpegExtractor: SniffFFMPEG failed to sniff this source
07-03 22:22:35.061 27145-27163/com.FDU308.FudanCraft I/ExtendedExtractor: QTIParser is prefered
07-03 22:22:35.061 27145-27163/com.FDU308.FudanCraft D/MMParserExtractor: setExtraFlags called with flags 0 for paser instance ef18e2c0
07-03 22:22:35.061 27145-27163/com.FDU308.FudanCraft I/ExtendedExtractor: ExtendedExtractor::create 0xef18e2c0
07-03 22:22:35.061 27145-27163/com.FDU308.FudanCraft I/ExtendedExtractor: ExtendedExtractor::updateExtractor: Use default QTI parser 
07-03 22:22:35.061 27145-27163/com.FDU308.FudanCraft E/MM_OSAL: FileSource::FileSource
07-03 22:22:35.061 27145-27163/com.FDU308.FudanCraft E/MM_OSAL: FileSource::FileSource m_bEveryThingOK 1
07-03 22:22:35.061 27145-27163/com.FDU308.FudanCraft E/MM_OSAL: MM_File_Create failed .Efs Error No -1 , File Name /data/mmosal_logmask.cfg , Mode 0
07-03 22:22:35.062 27145-27163/com.FDU308.FudanCraft E/MM_OSAL: Open or read fail on /data/mmosal_logmask.cfg. Possible permission denied issue. Looking for /data/misc/media/mmosal_logmask.cfg
07-03 22:22:35.062 27145-27163/com.FDU308.FudanCraft E/MM_OSAL: MM_File_Create failed .Efs Error No -1 , File Name /data/misc/media/mmosal_logmask.cfg , Mode 0
07-03 22:22:35.063 27145-27216/com.FDU308.FudanCraft I/OMXClient: Using client-side OMX mux.
07-03 22:22:35.066 27145-27163/com.FDU308.FudanCraft D/MMParserExtractor: Using default parser out buffer size  = 3000 
07-03 22:22:35.066 27145-27163/com.FDU308.FudanCraft I/MMParserExtractor: MMParserSource::start Allocation buffer size for audio track= 3000 
07-03 22:22:35.086 27145-27163/com.FDU308.FudanCraft I/QComExtractorFactory: Sniff: Set key to use qti parser
07-03 22:22:35.086 27145-27163/com.FDU308.FudanCraft I/FFmpegExtractor: android-source:0xef18e280
07-03 22:22:35.088 27145-27163/com.FDU308.FudanCraft D/FFmpegExtractor: SniffFFMPEG failed to sniff this source
07-03 22:22:35.088 27145-27163/com.FDU308.FudanCraft I/ExtendedExtractor: QTIParser is prefered
07-03 22:22:35.088 27145-27163/com.FDU308.FudanCraft D/MMParserExtractor: setExtraFlags called with flags 0 for paser instance ef18e2c0
07-03 22:22:35.088 27145-27163/com.FDU308.FudanCraft I/ExtendedExtractor: ExtendedExtractor::create 0xef18e2c0
07-03 22:22:35.088 27145-27163/com.FDU308.FudanCraft I/ExtendedExtractor: ExtendedExtractor::updateExtractor: Use default QTI parser 
07-03 22:22:35.088 27145-27163/com.FDU308.FudanCraft E/MM_OSAL: FileSource::FileSource
07-03 22:22:35.088 27145-27163/com.FDU308.FudanCraft E/MM_OSAL: FileSource::FileSource m_bEveryThingOK 1
07-03 22:22:35.088 27145-27163/com.FDU308.FudanCraft E/MM_OSAL: MM_File_Create failed .Efs Error No -1 , File Name /data/mmosal_logmask.cfg , Mode 0
07-03 22:22:35.088 27145-27163/com.FDU308.FudanCraft E/MM_OSAL: Open or read fail on /data/mmosal_logmask.cfg. Possible permission denied issue. Looking for /data/misc/media/mmosal_logmask.cfg
07-03 22:22:35.088 27145-27163/com.FDU308.FudanCraft E/MM_OSAL: MM_File_Create failed .Efs Error No -1 , File Name /data/misc/media/mmosal_logmask.cfg , Mode 0
07-03 22:22:35.089 27145-27219/com.FDU308.FudanCraft I/OMXClient: Using client-side OMX mux.
07-03 22:22:35.093 27145-27163/com.FDU308.FudanCraft D/MMParserExtractor: Using default parser out buffer size  = 3000 
07-03 22:22:35.093 27145-27163/com.FDU308.FudanCraft I/MMParserExtractor: MMParserSource::start Allocation buffer size for audio track= 3000 
07-03 22:22:35.651 27145-27145/com.FDU308.FudanCraft V/BoostFramework: BoostFramework() : mPerf = com.qualcomm.qti.Performance@81af7f0
07-03 22:22:36.860 27145-27173/com.FDU308.FudanCraft D/cocos2d-x debug info: server button pressed
07-03 22:22:36.860 27145-27173/com.FDU308.FudanCraft D/cocos2d-x debug info: FudanCraft: Trying to Load InputPort.png
                                                                             
                                                                             
                                                                             [ 07-03 22:22:36.861 27145:27173 E/         ]
                                                                             scaleX = 0.940767
07-03 22:22:36.862 27145-27173/com.FDU308.FudanCraft D/cocos2d-x debug info: cocos2d: fullPathForFilename: No file found at sans-serif. Possible missing file.
07-03 22:22:36.862 27145-27173/com.FDU308.FudanCraft D/cocos2d-x debug info: Warning! You can't change Android Hint fontName and fontSize
07-03 22:22:36.862 27145-27173/com.FDU308.FudanCraft D/cocos2d-x debug info: [Edit text] content size = (80.000000, 60.000000)
07-03 22:22:36.862 27145-27173/com.FDU308.FudanCraft D/cocos2d-x debug info: [Edit text] content size = (80.000000, 60.000000)
07-03 22:22:36.862 27145-27173/com.FDU308.FudanCraft D/cocos2d-x debug info: FudanCraft: Successfully Load InputPort.png
07-03 22:22:36.883 27145-27173/com.FDU308.FudanCraft D/cocos2d-x debug info: create rendererRecreatedListener for GLProgramState
07-03 22:22:36.884 27145-27173/com.FDU308.FudanCraft D/cocos2d-x debug info: [Edit text] content size = (80.000000, 60.000000)
07-03 22:22:38.677 27145-27173/com.FDU308.FudanCraft D/cocos2d-x debug info: FudanCraft: Trying to Start Server
07-03 22:22:38.680 27145-27173/com.FDU308.FudanCraft D/cocos2d-x debug info: FudanCraft: SocketServer Created!
07-03 22:22:38.682 27145-27173/com.FDU308.FudanCraft D/cocos2d-x debug info: FudanCraft: SocketClient Created!
07-03 22:22:38.682 27145-27173/com.FDU308.FudanCraft D/cocos2d-x debug info: create server and client on 8008
07-03 22:22:38.806 27145-27173/com.FDU308.FudanCraft D/cocos2d-x debug info: create rendererRecreatedListener for GLProgramState
07-03 22:22:39.982 27145-27304/com.FDU308.FudanCraft D/cocos2d-x debug info: SocketServer: Entering loop process
07-03 22:22:39.982 27145-27304/com.FDU308.FudanCraft D/cocos2d-x debug info: SocketServer: Initialize process loop
07-03 22:22:39.982 27145-27304/com.FDU308.FudanCraft D/cocos2d-x debug info: SocketServer: Trying to read data
07-03 22:22:40.383 27145-27173/com.FDU308.FudanCraft D/cocos2d-x debug info: cocos2d: SpriteBatchNode: resizing TextureAtlas capacity from [5735] to [7648].
07-03 22:22:40.397 27145-27173/com.FDU308.FudanCraft D/cocos2d-x debug info: cocos2d: SpriteBatchNode: resizing TextureAtlas capacity from [7648] to [10198].
07-03 22:22:40.417 27145-27173/com.FDU308.FudanCraft D/cocos2d-x debug info: cocos2d: SpriteBatchNode: resizing TextureAtlas capacity from [10198] to [13598].
07-03 22:22:40.560 27145-27173/com.FDU308.FudanCraft D/cocos2d-x debug info: cocos2d: SpriteBatchNode: resizing TextureAtlas capacity from [5735] to [7648].
07-03 22:22:40.629 27145-27173/com.FDU308.FudanCraft D/cocos2d-x debug info: cocos2d: SpriteBatchNode: resizing TextureAtlas capacity from [5735] to [7648].
07-03 22:22:40.643 27145-27173/com.FDU308.FudanCraft D/cocos2d-x debug info: cocos2d: SpriteBatchNode: resizing TextureAtlas capacity from [7648] to [10198].
07-03 22:22:40.666 27145-27173/com.FDU308.FudanCraft D/cocos2d-x debug info: cocos2d: SpriteBatchNode: resizing TextureAtlas capacity from [10198] to [13598].
07-03 22:22:40.692 27145-27173/com.FDU308.FudanCraft D/cocos2d-x debug info: cocos2d: SpriteBatchNode: resizing TextureAtlas capacity from [13598] to [18132].
07-03 22:22:40.730 27145-27173/com.FDU308.FudanCraft D/cocos2d-x debug info: create rendererRecreatedListener for GLProgramState
07-03 22:22:40.731 27145-27173/com.FDU308.FudanCraft D/cocos2d-x debug info: BattleScene: Trying to Init Player ID
07-03 22:22:40.731 27145-27173/com.FDU308.FudanCraft D/cocos2d-x debug info: BattleScene: Get Player ID: 1
07-03 22:22:40.763 27145-27173/com.FDU308.FudanCraft D/cocos2d-x debug info: cocos2d: fullPathForFilename: No file found at Marker Felt. Possible missing file.
07-03 22:22:40.767 27145-27173/com.FDU308.FudanCraft E/ExtMediaPlayer-JNI: env->IsInstanceOf fails
07-03 22:22:40.767 27145-27173/com.FDU308.FudanCraft E/MediaPlayer-JNI: JNIMediaPlayerFactory: bIsQCMediaPlayerPresent 0
07-03 22:22:40.767 27145-27173/com.FDU308.FudanCraft E/ExtMediaPlayer-JNI: env->IsInstanceOf fails
07-03 22:22:40.767 27145-27173/com.FDU308.FudanCraft E/MediaPlayer-JNI: JNIMediaPlayerFactory: bIsQCMediaPlayerPresent 0
07-03 22:22:40.791 27145-27173/com.FDU308.FudanCraft D/MediaPlayer: setSubtitleAnchor in MediaPlayer
07-03 22:22:40.791 27145-27145/com.FDU308.FudanCraft D/MediaPlayer: setSubtitleAnchor in MediaPlayer
07-03 22:22:40.797 27145-27173/com.FDU308.FudanCraft D/cocos2d-x debug info: if back ground music playing 1
07-03 22:22:40.800 27145-27173/com.FDU308.FudanCraft W/AudioTrack: AUDIO_OUTPUT_FLAG_FAST denied by client; transfer 4, track 22050 Hz, output 48000 Hz
07-03 22:22:40.804 27145-27173/com.FDU308.FudanCraft D/cocos2d-x debug info: start game
07-03 22:22:40.914 27145-27173/com.FDU308.FudanCraft D/cocos2d-x debug info: UnitManager: Call Protobuf Success
07-03 22:22:40.914 27145-27173/com.FDU308.FudanCraft D/cocos2d-x debug info: SocketClient: Start to send string, length = 144
07-03 22:22:40.914 27145-27173/com.FDU308.FudanCraft D/cocos2d-x debug info: SocketClient: Start to write data, length = 144
07-03 22:22:40.914 27145-27173/com.FDU308.FudanCraft D/cocos2d-x debug info: SocketClient: Complete in encoding data
07-03 22:22:40.914 27145-27173/com.FDU308.FudanCraft D/cocos2d-x debug info: SocketClient: Finish writing data, length = 144
07-03 22:22:40.914 27145-27173/com.FDU308.FudanCraft D/cocos2d-x debug info: SocketClient: Finished in sending string, length = 144
07-03 22:22:40.914 27145-27173/com.FDU308.FudanCraft D/cocos2d-x debug info: UnitManager: Send Message via SocketClient Success
07-03 22:22:40.914 27145-27173/com.FDU308.FudanCraft D/cocos2d-x debug info: SocketClient: Start to read data
07-03 22:22:40.914 27145-27173/com.FDU308.FudanCraft D/cocos2d-x debug info: SocketClient: No error detected
07-03 22:22:40.914 27145-27304/com.FDU308.FudanCraft D/cocos2d-x debug info: SocketServer: Reading data completed, num = 1
07-03 22:22:40.914 27145-27304/com.FDU308.FudanCraft D/cocos2d-x debug info: SocketServer: Distributing data completed
07-03 22:22:40.914 27145-27304/com.FDU308.FudanCraft D/cocos2d-x debug info: SocketServer: Mutex to be released: 3928557508
07-03 22:22:40.915 27145-27304/com.FDU308.FudanCraft D/cocos2d-x debug info: SocketServer: Lock to be released: 3668400192
07-03 22:22:40.915 27145-27304/com.FDU308.FudanCraft D/cocos2d-x debug info: SocketServer: Vector to be released: 3668400208
07-03 22:22:40.915 27145-27304/com.FDU308.FudanCraft D/cocos2d-x debug info: SocketServer: Msg to be released: 3668400168
07-03 22:22:40.915 27145-27304/com.FDU308.FudanCraft D/cocos2d-x debug info: SocketServer: Initialize process loop
07-03 22:22:40.915 27145-27173/com.FDU308.FudanCraft D/cocos2d-x debug info: SocketClient: Get data success
07-03 22:22:40.915 27145-27304/com.FDU308.FudanCraft D/cocos2d-x debug info: SocketServer: Trying to read data
07-03 22:22:40.915 27145-27173/com.FDU308.FudanCraft D/cocos2d-x debug info: SocketClient: Unlock resource completed
07-03 22:22:40.915 27145-27173/com.FDU308.FudanCraft D/cocos2d-x debug info: SocketClient: Finished in reading data, length = 144
07-03 22:22:40.915 27145-27173/com.FDU308.FudanCraft D/cocos2d-x debug info: UnitManager: Receive Message via SocketClient Success
07-03 22:22:40.915 27145-27173/com.FDU308.FudanCraft D/cocos2d-x debug info: UnitManager: Read Message 0 Success
07-03 22:22:40.920 27145-27173/com.FDU308.FudanCraft D/cocos2d-x debug info: UnitManager: Read Message 1 Success
07-03 22:22:40.922 27145-27173/com.FDU308.FudanCraft D/cocos2d-x debug info: UnitManager: Read Message 2 Success
07-03 22:22:40.924 27145-27173/com.FDU308.FudanCraft D/cocos2d-x debug info: UnitManager: Read Message 3 Success
07-03 22:22:40.931 27145-27173/com.FDU308.FudanCraft D/cocos2d-x debug info: UnitManager: Read Message 4 Success
07-03 22:22:40.933 27145-27173/com.FDU308.FudanCraft D/cocos2d-x debug info: UnitManager: Read Message 5 Success
07-03 22:22:40.936 27145-27173/com.FDU308.FudanCraft D/cocos2d-x debug info: UnitManager: Read Message 6 Success
07-03 22:22:40.939 27145-27173/com.FDU308.FudanCraft D/cocos2d-x debug info: UnitManager: Read Message 7 Success
07-03 22:22:40.940 27145-27173/com.FDU308.FudanCraft D/cocos2d-x debug info: Unit: Trying to clear game message
07-03 22:22:41.008 27145-27173/com.FDU308.FudanCraft D/cocos2d-x debug info: UnitManager: Call Protobuf Success
07-03 22:22:41.008 27145-27173/com.FDU308.FudanCraft D/cocos2d-x debug info: SocketClient: Start to send string, length = 0
07-03 22:22:41.008 27145-27173/com.FDU308.FudanCraft D/cocos2d-x debug info: SocketClient: Start to write data, length = 0
07-03 22:22:41.008 27145-27173/com.FDU308.FudanCraft D/cocos2d-x debug info: SocketClient: Complete in encoding data
07-03 22:22:41.008 27145-27173/com.FDU308.FudanCraft D/cocos2d-x debug info: SocketClient: Finish writing data, length = 0
07-03 22:22:41.008 27145-27173/com.FDU308.FudanCraft D/cocos2d-x debug info: SocketClient: Finished in sending string, length = 0
07-03 22:22:41.008 27145-27173/com.FDU308.FudanCraft D/cocos2d-x debug info: UnitManager: Send Message via SocketClient Success
07-03 22:22:41.008 27145-27173/com.FDU308.FudanCraft D/cocos2d-x debug info: SocketClient: Start to read data
07-03 22:22:41.008 27145-27173/com.FDU308.FudanCraft D/cocos2d-x debug info: SocketClient: No error detected
07-03 22:22:41.009 27145-27304/com.FDU308.FudanCraft D/cocos2d-x debug info: SocketServer: Reading data completed, num = 1
07-03 22:22:41.009 27145-27304/com.FDU308.FudanCraft D/cocos2d-x debug info: SocketServer: Distributing data completed
07-03 22:22:41.009 27145-27304/com.FDU308.FudanCraft D/cocos2d-x debug info: SocketServer: Mutex to be released: 3928557508
07-03 22:22:41.009 27145-27304/com.FDU308.FudanCraft D/cocos2d-x debug info: SocketServer: Lock to be released: 3668400192
07-03 22:22:41.009 27145-27304/com.FDU308.FudanCraft D/cocos2d-x debug info: SocketServer: Vector to be released: 3668400208
07-03 22:22:41.010 27145-27304/com.FDU308.FudanCraft D/cocos2d-x debug info: SocketServer: Msg to be released: 3668400168
07-03 22:22:41.010 27145-27304/com.FDU308.FudanCraft A/libc: Invalid address 0xf3e7f7f8 passed to free: value not allocated
07-03 22:22:41.010 27145-27304/com.FDU308.FudanCraft A/libc: Fatal signal 6 (SIGABRT), code -6 in tid 27304 (GLThread 3924)
07-03 22:22:41.014 27145-27173/com.FDU308.FudanCraft D/cocos2d-x debug info: SocketClient: Get data success
07-03 22:22:41.015 27145-27173/com.FDU308.FudanCraft D/cocos2d-x debug info: SocketClient: Unlock resource completed
07-03 22:22:41.015 27145-27173/com.FDU308.FudanCraft D/cocos2d-x debug info: SocketClient: Finished in reading data, length = 1
07-03 22:22:41.015 27145-27173/com.FDU308.FudanCraft D/cocos2d-x debug info: UnitManager: Receive Message via SocketClient Success
07-03 22:22:41.015 27145-27173/com.FDU308.FudanCraft D/cocos2d-x debug info: Unit: Trying to clear game message
07-03 22:22:41.015 27145-27173/com.FDU308.FudanCraft A/libc: Invalid address 0xf3e7f7f8 passed to free: value not allocated
07-03 22:22:41.015 27145-27173/com.FDU308.FudanCraft A/libc: Fatal signal 6 (SIGABRT), code -6 in tid 27173 (GLThread 3924)
07-03 22:22:41.015 27145-27173/com.FDU308.FudanCraft I/libc: Another thread contacted debuggerd first; not contacting debuggerd.
