07-03 18:36:04.476 5721-5791/com.FDU308.FudanCraft D/cocos2d-x debug info: SocketClient: Start to read data
07-03 18:36:04.476 5721-5791/com.FDU308.FudanCraft D/cocos2d-x debug info: SocketClient: No error detected
07-03 18:36:04.476 5721-6232/com.FDU308.FudanCraft A/libc: Invalid address 0xf3e817f8 passed to free: invalid page index
07-03 18:36:04.477 5721-5791/com.FDU308.FudanCraft D/cocos2d-x debug info: SocketClient: Get data success
07-03 18:36:04.477 5721-5791/com.FDU308.FudanCraft D/cocos2d-x debug info: SocketClient: Unlock resource completed
07-03 18:36:04.477 5721-5791/com.FDU308.FudanCraft D/cocos2d-x debug info: SocketClient: Finished in reading data
07-03 18:36:04.477 5721-5791/com.FDU308.FudanCraft D/cocos2d-x debug info: UnitManager: Receive Message via SocketClient Success
07-03 18:36:04.477 5721-5791/com.FDU308.FudanCraft A/libc: Invalid address 0xf3e817f8 passed to free: invalid page index
07-03 18:36:04.556 5721-5791/com.FDU308.FudanCraft D/cocos2d-x debug info: UnitManager: Call Protobuf Success
07-03 18:36:04.556 5721-5791/com.FDU308.FudanCraft D/cocos2d-x debug info: SocketClient: Start to write data
07-03 18:36:04.556 5721-5791/com.FDU308.FudanCraft D/cocos2d-x debug info: SocketClient: Complete in encoding data
07-03 18:36:04.556 5721-5791/com.FDU308.FudanCraft D/cocos2d-x debug info: SocketClient: Finish writing data
07-03 18:36:04.556 5721-5791/com.FDU308.FudanCraft D/cocos2d-x debug info: UnitManager: Send Message via SocketClient Success
07-03 18:36:04.556 5721-5791/com.FDU308.FudanCraft D/cocos2d-x debug info: SocketClient: Start to read data
07-03 18:36:04.556 5721-5791/com.FDU308.FudanCraft D/cocos2d-x debug info: SocketClient: No error detected
07-03 18:36:04.557 5721-6232/com.FDU308.FudanCraft A/libc: Invalid address 0xf3e817f8 passed to free: invalid page index
07-03 18:36:04.558 5721-5791/com.FDU308.FudanCraft D/cocos2d-x debug info: SocketClient: Get data success
07-03 18:36:04.558 5721-5791/com.FDU308.FudanCraft D/cocos2d-x debug info: SocketClient: Unlock resource completed
07-03 18:36:04.558 5721-5791/com.FDU308.FudanCraft D/cocos2d-x debug info: SocketClient: Finished in reading data
07-03 18:36:04.558 5721-5791/com.FDU308.FudanCraft D/cocos2d-x debug info: UnitManager: Receive Message via SocketClient Success
07-03 18:36:04.558 5721-5791/com.FDU308.FudanCraft A/libc: Invalid address 0xf3e817f8 passed to free: invalid page index
07-03 18:36:04.637 5721-5791/com.FDU308.FudanCraft D/cocos2d-x debug info: UnitManager: Call Protobuf Success
07-03 18:36:04.637 5721-5791/com.FDU308.FudanCraft D/cocos2d-x debug info: SocketClient: Start to write data
07-03 18:36:04.637 5721-5791/com.FDU308.FudanCraft D/cocos2d-x debug info: SocketClient: Complete in encoding data
07-03 18:36:04.637 5721-5791/com.FDU308.FudanCraft D/cocos2d-x debug info: SocketClient: Finish writing data
07-03 18:36:04.637 5721-5791/com.FDU308.FudanCraft D/cocos2d-x debug info: UnitManager: Send Message via SocketClient Success
07-03 18:36:04.637 5721-5791/com.FDU308.FudanCraft D/cocos2d-x debug info: SocketClient: Start to read data
07-03 18:36:04.637 5721-5791/com.FDU308.FudanCraft D/cocos2d-x debug info: SocketClient: No error detected
07-03 18:36:04.637 5721-6232/com.FDU308.FudanCraft A/libc: Invalid address 0xf3e817f8 passed to free: invalid page index
07-03 18:36:04.638 5721-5791/com.FDU308.FudanCraft D/cocos2d-x debug info: SocketClient: Get data success
07-03 18:36:04.638 5721-5791/com.FDU308.FudanCraft D/cocos2d-x debug info: SocketClient: Unlock resource completed
07-03 18:36:04.638 5721-5791/com.FDU308.FudanCraft D/cocos2d-x debug info: SocketClient: Finished in reading data
07-03 18:36:04.638 5721-5791/com.FDU308.FudanCraft D/cocos2d-x debug info: UnitManager: Receive Message via SocketClient Success
07-03 18:36:04.638 5721-5791/com.FDU308.FudanCraft A/libc: Invalid address 0xf3e817f8 passed to free: invalid page index
07-03 18:36:04.719 5721-5791/com.FDU308.FudanCraft D/cocos2d-x debug info: UnitManager: Call Protobuf Success
07-03 18:36:04.719 5721-5791/com.FDU308.FudanCraft D/cocos2d-x debug info: SocketClient: Start to write data
07-03 18:36:04.719 5721-5791/com.FDU308.FudanCraft D/cocos2d-x debug info: SocketClient: Complete in encoding data
07-03 18:36:04.719 5721-5791/com.FDU308.FudanCraft D/cocos2d-x debug info: SocketClient: Finish writing data
07-03 18:36:04.719 5721-5791/com.FDU308.FudanCraft D/cocos2d-x debug info: UnitManager: Send Message via SocketClient Success
07-03 18:36:04.719 5721-5791/com.FDU308.FudanCraft D/cocos2d-x debug info: SocketClient: Start to read data
07-03 18:36:04.719 5721-5791/com.FDU308.FudanCraft D/cocos2d-x debug info: SocketClient: No error detected
07-03 18:36:04.720 5721-6232/com.FDU308.FudanCraft A/libc: Invalid address 0xf3e817f8 passed to free: invalid page index
07-03 18:36:04.720 5721-5791/com.FDU308.FudanCraft D/cocos2d-x debug info: SocketClient: Get data success
07-03 18:36:04.720 5721-5791/com.FDU308.FudanCraft D/cocos2d-x debug info: SocketClient: Unlock resource completed
07-03 18:36:04.720 5721-5791/com.FDU308.FudanCraft D/cocos2d-x debug info: SocketClient: Finished in reading data
07-03 18:36:04.720 5721-5791/com.FDU308.FudanCraft D/cocos2d-x debug info: UnitManager: Receive Message via SocketClient Success
07-03 18:36:04.721 5721-5791/com.FDU308.FudanCraft A/libc: Invalid address 0xf3e817f8 passed to free: invalid page index
07-03 18:36:04.803 5721-5791/com.FDU308.FudanCraft D/cocos2d-x debug info: UnitManager: Call Protobuf Success
07-03 18:36:04.803 5721-5791/com.FDU308.FudanCraft D/cocos2d-x debug info: SocketClient: Start to write data
07-03 18:36:04.803 5721-5791/com.FDU308.FudanCraft D/cocos2d-x debug info: SocketClient: Complete in encoding data
07-03 18:36:04.804 5721-5791/com.FDU308.FudanCraft D/cocos2d-x debug info: SocketClient: Finish writing data
07-03 18:36:04.804 5721-5791/com.FDU308.FudanCraft D/cocos2d-x debug info: UnitManager: Send Message via SocketClient Success
07-03 18:36:04.804 5721-5791/com.FDU308.FudanCraft D/cocos2d-x debug info: SocketClient: Start to read data
07-03 18:36:04.804 5721-5791/com.FDU308.FudanCraft D/cocos2d-x debug info: SocketClient: No error detected
07-03 18:36:04.804 5721-6232/com.FDU308.FudanCraft A/libc: Invalid address 0xf3e817f8 passed to free: invalid page index
07-03 18:36:04.804 5721-5791/com.FDU308.FudanCraft D/cocos2d-x debug info: SocketClient: Get data success
07-03 18:36:04.804 5721-5791/com.FDU308.FudanCraft D/cocos2d-x debug info: SocketClient: Unlock resource completed
07-03 18:36:04.804 5721-5791/com.FDU308.FudanCraft D/cocos2d-x debug info: SocketClient: Finished in reading data
07-03 18:36:04.804 5721-5791/com.FDU308.FudanCraft D/cocos2d-x debug info: UnitManager: Receive Message via SocketClient Success
07-03 18:36:04.804 5721-5791/com.FDU308.FudanCraft A/libc: Invalid address 0xf3e817f8 passed to free: invalid page index
07-03 18:36:04.885 5721-5791/com.FDU308.FudanCraft D/cocos2d-x debug info: UnitManager: Call Protobuf Success
07-03 18:36:04.885 5721-5791/com.FDU308.FudanCraft D/cocos2d-x debug info: SocketClient: Start to write data
07-03 18:36:04.885 5721-5791/com.FDU308.FudanCraft D/cocos2d-x debug info: SocketClient: Complete in encoding data
07-03 18:36:04.885 5721-5791/com.FDU308.FudanCraft D/cocos2d-x debug info: SocketClient: Finish writing data
07-03 18:36:04.885 5721-5791/com.FDU308.FudanCraft D/cocos2d-x debug info: UnitManager: Send Message via SocketClient Success
07-03 18:36:04.885 5721-5791/com.FDU308.FudanCraft D/cocos2d-x debug info: SocketClient: Start to read data
07-03 18:36:04.885 5721-5791/com.FDU308.FudanCraft D/cocos2d-x debug info: SocketClient: No error detected
07-03 18:36:04.886 5721-5791/com.FDU308.FudanCraft D/cocos2d-x debug info: SocketClient: Get data success
07-03 18:36:04.886 5721-5791/com.FDU308.FudanCraft D/cocos2d-x debug info: SocketClient: Unlock resource completed
07-03 18:36:04.886 5721-5791/com.FDU308.FudanCraft D/cocos2d-x debug info: SocketClient: Finished in reading data
07-03 18:36:04.886 5721-5791/com.FDU308.FudanCraft D/cocos2d-x debug info: UnitManager: Receive Message via SocketClient Success
07-03 18:36:04.886 5721-6232/com.FDU308.FudanCraft A/libc: Invalid address 0xf3e817f8 passed to free: invalid page index
07-03 18:36:04.886 5721-5791/com.FDU308.FudanCraft A/libc: Invalid address 0xf3e817f8 passed to free: invalid page index
07-03 18:36:04.965 5721-5791/com.FDU308.FudanCraft D/cocos2d-x debug info: UnitManager: Call Protobuf Success
07-03 18:36:04.965 5721-5791/com.FDU308.FudanCraft D/cocos2d-x debug info: SocketClient: Start to write data
07-03 18:36:04.965 5721-5791/com.FDU308.FudanCraft D/cocos2d-x debug info: SocketClient: Complete in encoding data
07-03 18:36:04.965 5721-5791/com.FDU308.FudanCraft D/cocos2d-x debug info: SocketClient: Finish writing data
07-03 18:36:04.965 5721-5791/com.FDU308.FudanCraft D/cocos2d-x debug info: UnitManager: Send Message via SocketClient Success
07-03 18:36:04.965 5721-5791/com.FDU308.FudanCraft D/cocos2d-x debug info: SocketClient: Start to read data
07-03 18:36:04.965 5721-5791/com.FDU308.FudanCraft D/cocos2d-x debug info: SocketClient: No error detected
07-03 18:36:04.966 5721-5791/com.FDU308.FudanCraft D/cocos2d-x debug info: SocketClient: Get data success
07-03 18:36:04.966 5721-5791/com.FDU308.FudanCraft D/cocos2d-x debug info: SocketClient: Unlock resource completed
07-03 18:36:04.966 5721-5791/com.FDU308.FudanCraft D/cocos2d-x debug info: SocketClient: Finished in reading data
07-03 18:36:04.966 5721-5791/com.FDU308.FudanCraft D/cocos2d-x debug info: UnitManager: Receive Message via SocketClient Success
07-03 18:36:04.967 5721-5791/com.FDU308.FudanCraft A/libc: Invalid address 0xf3e817f8 passed to free: invalid page index
07-03 18:36:04.967 5721-6232/com.FDU308.FudanCraft A/libc: Invalid address 0xf3e817f8 passed to free: invalid page index
07-03 18:36:05.064 5721-5791/com.FDU308.FudanCraft D/cocos2d-x debug info: UnitManager: Call Protobuf Success
07-03 18:36:05.064 5721-5791/com.FDU308.FudanCraft D/cocos2d-x debug info: SocketClient: Start to write data
07-03 18:36:05.064 5721-5791/com.FDU308.FudanCraft D/cocos2d-x debug info: SocketClient: Complete in encoding data
07-03 18:36:05.064 5721-5791/com.FDU308.FudanCraft D/cocos2d-x debug info: SocketClient: Finish writing data
07-03 18:36:05.064 5721-5791/com.FDU308.FudanCraft D/cocos2d-x debug info: UnitManager: Send Message via SocketClient Success
07-03 18:36:05.064 5721-5791/com.FDU308.FudanCraft D/cocos2d-x debug info: SocketClient: Start to read data
07-03 18:36:05.064 5721-5791/com.FDU308.FudanCraft D/cocos2d-x debug info: SocketClient: No error detected
07-03 18:36:05.064 5721-6232/com.FDU308.FudanCraft A/libc: Invalid address 0xf3e817f8 passed to free: invalid page index
07-03 18:36:05.065 5721-5791/com.FDU308.FudanCraft D/cocos2d-x debug info: SocketClient: Get data success
07-03 18:36:05.065 5721-5791/com.FDU308.FudanCraft D/cocos2d-x debug info: SocketClient: Unlock resource completed
07-03 18:36:05.065 5721-5791/com.FDU308.FudanCraft D/cocos2d-x debug info: SocketClient: Finished in reading data
07-03 18:36:05.065 5721-5791/com.FDU308.FudanCraft D/cocos2d-x debug info: UnitManager: Receive Message via SocketClient Success
07-03 18:36:05.065 5721-5791/com.FDU308.FudanCraft A/libc: Invalid address 0xf3e817f8 passed to free: invalid page index
07-03 18:36:05.146 5721-5791/com.FDU308.FudanCraft D/cocos2d-x debug info: UnitManager: Call Protobuf Success
07-03 18:36:05.147 5721-5791/com.FDU308.FudanCraft D/cocos2d-x debug info: SocketClient: Start to write data
07-03 18:36:05.147 5721-5791/com.FDU308.FudanCraft D/cocos2d-x debug info: SocketClient: Complete in encoding data
07-03 18:36:05.147 5721-5791/com.FDU308.FudanCraft D/cocos2d-x debug info: SocketClient: Finish writing data
07-03 18:36:05.147 5721-5791/com.FDU308.FudanCraft D/cocos2d-x debug info: UnitManager: Send Message via SocketClient Success
07-03 18:36:05.147 5721-5791/com.FDU308.FudanCraft D/cocos2d-x debug info: SocketClient: Start to read data
07-03 18:36:05.147 5721-5791/com.FDU308.FudanCraft D/cocos2d-x debug info: SocketClient: No error detected
07-03 18:36:05.147 5721-6232/com.FDU308.FudanCraft A/libc: Invalid address 0xf3e817f8 passed to free: invalid page index
07-03 18:36:05.147 5721-5791/com.FDU308.FudanCraft D/cocos2d-x debug info: SocketClient: Get data success
07-03 18:36:05.147 5721-5791/com.FDU308.FudanCraft D/cocos2d-x debug info: SocketClient: Unlock resource completed
07-03 18:36:05.147 5721-5791/com.FDU308.FudanCraft D/cocos2d-x debug info: SocketClient: Finished in reading data
07-03 18:36:05.147 5721-5791/com.FDU308.FudanCraft D/cocos2d-x debug info: UnitManager: Receive Message via SocketClient Success
07-03 18:36:05.148 5721-5791/com.FDU308.FudanCraft A/libc: Invalid address 0xf3e817f8 passed to free: invalid page index
07-03 18:36:05.230 5721-5791/com.FDU308.FudanCraft D/cocos2d-x debug info: UnitManager: Call Protobuf Success
07-03 18:36:05.230 5721-5791/com.FDU308.FudanCraft D/cocos2d-x debug info: SocketClient: Start to write data
07-03 18:36:05.230 5721-5791/com.FDU308.FudanCraft D/cocos2d-x debug info: SocketClient: Complete in encoding data
07-03 18:36:05.230 5721-5791/com.FDU308.FudanCraft D/cocos2d-x debug info: SocketClient: Finish writing data
07-03 18:36:05.230 5721-5791/com.FDU308.FudanCraft D/cocos2d-x debug info: UnitManager: Send Message via SocketClient Success
07-03 18:36:05.230 5721-5791/com.FDU308.FudanCraft D/cocos2d-x debug info: SocketClient: Start to read data
07-03 18:36:05.231 5721-5791/com.FDU308.FudanCraft D/cocos2d-x debug info: SocketClient: No error detected
07-03 18:36:05.231 5721-5791/com.FDU308.FudanCraft D/cocos2d-x debug info: SocketClient: Get data success
07-03 18:36:05.231 5721-5791/com.FDU308.FudanCraft D/cocos2d-x debug info: SocketClient: Unlock resource completed
07-03 18:36:05.231 5721-5791/com.FDU308.FudanCraft D/cocos2d-x debug info: SocketClient: Finished in reading data
07-03 18:36:05.231 5721-5791/com.FDU308.FudanCraft D/cocos2d-x debug info: UnitManager: Receive Message via SocketClient Success
07-03 18:36:05.232 5721-6232/com.FDU308.FudanCraft A/libc: Invalid address 0xf3e817f8 passed to free: invalid page index
07-03 18:36:05.232 5721-5791/com.FDU308.FudanCraft A/libc: Invalid address 0xf3e817f8 passed to free: invalid page index
07-03 18:36:05.312 5721-5791/com.FDU308.FudanCraft D/cocos2d-x debug info: UnitManager: Call Protobuf Success
07-03 18:36:05.312 5721-5791/com.FDU308.FudanCraft D/cocos2d-x debug info: SocketClient: Start to write data
07-03 18:36:05.312 5721-5791/com.FDU308.FudanCraft D/cocos2d-x debug info: SocketClient: Complete in encoding data
07-03 18:36:05.312 5721-5791/com.FDU308.FudanCraft D/cocos2d-x debug info: SocketClient: Finish writing data
07-03 18:36:05.312 5721-5791/com.FDU308.FudanCraft D/cocos2d-x debug info: UnitManager: Send Message via SocketClient Success
07-03 18:36:05.312 5721-5791/com.FDU308.FudanCraft D/cocos2d-x debug info: SocketClient: Start to read data
07-03 18:36:05.312 5721-5791/com.FDU308.FudanCraft D/cocos2d-x debug info: SocketClient: No error detected
07-03 18:36:05.313 5721-6232/com.FDU308.FudanCraft A/libc: Invalid address 0xf3e817f8 passed to free: invalid page index
07-03 18:36:05.313 5721-5791/com.FDU308.FudanCraft D/cocos2d-x debug info: SocketClient: Get data success
07-03 18:36:05.313 5721-5791/com.FDU308.FudanCraft D/cocos2d-x debug info: SocketClient: Unlock resource completed
07-03 18:36:05.313 5721-5791/com.FDU308.FudanCraft D/cocos2d-x debug info: SocketClient: Finished in reading data
07-03 18:36:05.313 5721-5791/com.FDU308.FudanCraft D/cocos2d-x debug info: UnitManager: Receive Message via SocketClient Success
07-03 18:36:05.313 5721-5791/com.FDU308.FudanCraft A/libc: Invalid address 0xf3e817f8 passed to free: invalid page index
07-03 18:36:05.396 5721-5791/com.FDU308.FudanCraft D/cocos2d-x debug info: UnitManager: Call Protobuf Success
07-03 18:36:05.396 5721-5791/com.FDU308.FudanCraft D/cocos2d-x debug info: SocketClient: Start to write data
07-03 18:36:05.396 5721-5791/com.FDU308.FudanCraft D/cocos2d-x debug info: SocketClient: Complete in encoding data
07-03 18:36:05.396 5721-5791/com.FDU308.FudanCraft D/cocos2d-x debug info: SocketClient: Finish writing data
07-03 18:36:05.396 5721-5791/com.FDU308.FudanCraft D/cocos2d-x debug info: UnitManager: Send Message via SocketClient Success
07-03 18:36:05.396 5721-5791/com.FDU308.FudanCraft D/cocos2d-x debug info: SocketClient: Start to read data
07-03 18:36:05.396 5721-5791/com.FDU308.FudanCraft D/cocos2d-x debug info: SocketClient: No error detected
07-03 18:36:05.397 5721-6232/com.FDU308.FudanCraft A/libc: Invalid address 0xf3e817f8 passed to free: invalid page index
07-03 18:36:05.397 5721-5791/com.FDU308.FudanCraft D/cocos2d-x debug info: SocketClient: Get data success
07-03 18:36:05.397 5721-5791/com.FDU308.FudanCraft D/cocos2d-x debug info: SocketClient: Unlock resource completed
07-03 18:36:05.397 5721-5791/com.FDU308.FudanCraft D/cocos2d-x debug info: SocketClient: Finished in reading data
07-03 18:36:05.397 5721-5791/com.FDU308.FudanCraft D/cocos2d-x debug info: UnitManager: Receive Message via SocketClient Success
07-03 18:36:05.397 5721-5791/com.FDU308.FudanCraft A/libc: Invalid address 0xf3e817f8 passed to free: invalid page index
07-03 18:36:05.477 5721-5791/com.FDU308.FudanCraft D/cocos2d-x debug info: UnitManager: Call Protobuf Success
07-03 18:36:05.477 5721-5791/com.FDU308.FudanCraft D/cocos2d-x debug info: SocketClient: Start to write data
07-03 18:36:05.477 5721-5791/com.FDU308.FudanCraft D/cocos2d-x debug info: SocketClient: Complete in encoding data
07-03 18:36:05.477 5721-5791/com.FDU308.FudanCraft D/cocos2d-x debug info: SocketClient: Finish writing data
07-03 18:36:05.477 5721-5791/com.FDU308.FudanCraft D/cocos2d-x debug info: UnitManager: Send Message via SocketClient Success
07-03 18:36:05.477 5721-5791/com.FDU308.FudanCraft D/cocos2d-x debug info: SocketClient: Start to read data
07-03 18:36:05.477 5721-5791/com.FDU308.FudanCraft D/cocos2d-x debug info: SocketClient: No error detected
07-03 18:36:05.478 5721-6232/com.FDU308.FudanCraft A/libc: Invalid address 0xf3e817f8 passed to free: invalid page index
07-03 18:36:05.478 5721-5791/com.FDU308.FudanCraft D/cocos2d-x debug info: SocketClient: Get data success
07-03 18:36:05.478 5721-5791/com.FDU308.FudanCraft D/cocos2d-x debug info: SocketClient: Unlock resource completed
07-03 18:36:05.478 5721-5791/com.FDU308.FudanCraft D/cocos2d-x debug info: SocketClient: Finished in reading data
07-03 18:36:05.478 5721-5791/com.FDU308.FudanCraft D/cocos2d-x debug info: UnitManager: Receive Message via SocketClient Success
07-03 18:36:05.478 5721-5791/com.FDU308.FudanCraft A/libc: Invalid address 0xf3e817f8 passed to free: invalid page index
07-03 18:36:05.560 5721-5791/com.FDU308.FudanCraft D/cocos2d-x debug info: UnitManager: Call Protobuf Success
07-03 18:36:05.560 5721-5791/com.FDU308.FudanCraft D/cocos2d-x debug info: SocketClient: Start to write data
07-03 18:36:05.560 5721-5791/com.FDU308.FudanCraft D/cocos2d-x debug info: SocketClient: Complete in encoding data
07-03 18:36:05.561 5721-5791/com.FDU308.FudanCraft D/cocos2d-x debug info: SocketClient: Finish writing data
07-03 18:36:05.561 5721-5791/com.FDU308.FudanCraft D/cocos2d-x debug info: UnitManager: Send Message via SocketClient Success
07-03 18:36:05.561 5721-5791/com.FDU308.FudanCraft D/cocos2d-x debug info: SocketClient: Start to read data
07-03 18:36:05.561 5721-5791/com.FDU308.FudanCraft D/cocos2d-x debug info: SocketClient: No error detected
07-03 18:36:05.562 5721-5791/com.FDU308.FudanCraft D/cocos2d-x debug info: SocketClient: Get data success
07-03 18:36:05.562 5721-5791/com.FDU308.FudanCraft D/cocos2d-x debug info: SocketClient: Unlock resource completed
07-03 18:36:05.562 5721-5791/com.FDU308.FudanCraft D/cocos2d-x debug info: SocketClient: Finished in reading data
07-03 18:36:05.562 5721-5791/com.FDU308.FudanCraft D/cocos2d-x debug info: UnitManager: Receive Message via SocketClient Success
07-03 18:36:05.562 5721-5791/com.FDU308.FudanCraft A/libc: Invalid address 0xf3e817f8 passed to free: invalid page index
07-03 18:36:05.562 5721-5791/com.FDU308.FudanCraft D/cocos2d-x debug info: Unit ID: 1, fighter landing
07-03 18:36:05.562 5721-6232/com.FDU308.FudanCraft A/libc: Invalid address 0xf3e817f8 passed to free: invalid page index
07-03 18:36:05.642 5721-5791/com.FDU308.FudanCraft D/cocos2d-x debug info: UnitManager: Call Protobuf Success
07-03 18:36:05.642 5721-5791/com.FDU308.FudanCraft D/cocos2d-x debug info: SocketClient: Start to write data
07-03 18:36:05.642 5721-5791/com.FDU308.FudanCraft D/cocos2d-x debug info: SocketClient: Complete in encoding data
07-03 18:36:05.642 5721-5791/com.FDU308.FudanCraft D/cocos2d-x debug info: SocketClient: Finish writing data
07-03 18:36:05.642 5721-5791/com.FDU308.FudanCraft D/cocos2d-x debug info: UnitManager: Send Message via SocketClient Success
07-03 18:36:05.642 5721-5791/com.FDU308.FudanCraft D/cocos2d-x debug info: SocketClient: Start to read data
07-03 18:36:05.642 5721-5791/com.FDU308.FudanCraft D/cocos2d-x debug info: SocketClient: No error detected
07-03 18:36:05.643 5721-6232/com.FDU308.FudanCraft A/libc: Invalid address 0xf3e817f8 passed to free: invalid page index
07-03 18:36:05.643 5721-5791/com.FDU308.FudanCraft D/cocos2d-x debug info: SocketClient: Get data success
07-03 18:36:05.643 5721-5791/com.FDU308.FudanCraft D/cocos2d-x debug info: SocketClient: Unlock resource completed
07-03 18:36:05.643 5721-5791/com.FDU308.FudanCraft D/cocos2d-x debug info: SocketClient: Finished in reading data
07-03 18:36:05.643 5721-5791/com.FDU308.FudanCraft D/cocos2d-x debug info: UnitManager: Receive Message via SocketClient Success
07-03 18:36:05.643 5721-5791/com.FDU308.FudanCraft A/libc: Invalid address 0xf3e817f8 passed to free: invalid page index
07-03 18:36:05.724 5721-5791/com.FDU308.FudanCraft D/cocos2d-x debug info: UnitManager: Call Protobuf Success
07-03 18:36:05.724 5721-5791/com.FDU308.FudanCraft D/cocos2d-x debug info: SocketClient: Start to write data
07-03 18:36:05.724 5721-5791/com.FDU308.FudanCraft D/cocos2d-x debug info: SocketClient: Complete in encoding data
07-03 18:36:05.725 5721-5791/com.FDU308.FudanCraft D/cocos2d-x debug info: SocketClient: Finish writing data
07-03 18:36:05.725 5721-5791/com.FDU308.FudanCraft D/cocos2d-x debug info: UnitManager: Send Message via SocketClient Success
07-03 18:36:05.725 5721-5791/com.FDU308.FudanCraft D/cocos2d-x debug info: SocketClient: Start to read data
07-03 18:36:05.725 5721-5791/com.FDU308.FudanCraft D/cocos2d-x debug info: SocketClient: No error detected
07-03 18:36:05.726 5721-5791/com.FDU308.FudanCraft D/cocos2d-x debug info: SocketClient: Get data success
07-03 18:36:05.726 5721-5791/com.FDU308.FudanCraft D/cocos2d-x debug info: SocketClient: Unlock resource completed
07-03 18:36:05.726 5721-5791/com.FDU308.FudanCraft D/cocos2d-x debug info: SocketClient: Finished in reading data
07-03 18:36:05.726 5721-5791/com.FDU308.FudanCraft D/cocos2d-x debug info: UnitManager: Receive Message via SocketClient Success
07-03 18:36:05.726 5721-5791/com.FDU308.FudanCraft A/libc: Invalid address 0xf3e817f8 passed to free: invalid page index
07-03 18:36:05.726 5721-6232/com.FDU308.FudanCraft A/libc: Invalid address 0xf3e817f8 passed to free: invalid page index
07-03 18:36:05.806 5721-5791/com.FDU308.FudanCraft D/cocos2d-x debug info: UnitManager: Call Protobuf Success
07-03 18:36:05.806 5721-5791/com.FDU308.FudanCraft D/cocos2d-x debug info: SocketClient: Start to write data
07-03 18:36:05.806 5721-5791/com.FDU308.FudanCraft D/cocos2d-x debug info: SocketClient: Complete in encoding data
07-03 18:36:05.807 5721-5791/com.FDU308.FudanCraft D/cocos2d-x debug info: SocketClient: Finish writing data
07-03 18:36:05.807 5721-5791/com.FDU308.FudanCraft D/cocos2d-x debug info: UnitManager: Send Message via SocketClient Success
07-03 18:36:05.807 5721-5791/com.FDU308.FudanCraft D/cocos2d-x debug info: SocketClient: Start to read data
07-03 18:36:05.807 5721-5791/com.FDU308.FudanCraft D/cocos2d-x debug info: SocketClient: No error detected
07-03 18:36:05.808 5721-5791/com.FDU308.FudanCraft D/cocos2d-x debug info: SocketClient: Get data success
07-03 18:36:05.808 5721-5791/com.FDU308.FudanCraft D/cocos2d-x debug info: SocketClient: Unlock resource completed
07-03 18:36:05.808 5721-6232/com.FDU308.FudanCraft A/libc: Invalid address 0xf3e817f8 passed to free: invalid page index
07-03 18:36:05.808 5721-5791/com.FDU308.FudanCraft D/cocos2d-x debug info: SocketClient: Finished in reading data
07-03 18:36:05.808 5721-5791/com.FDU308.FudanCraft D/cocos2d-x debug info: UnitManager: Receive Message via SocketClient Success
07-03 18:36:05.808 5721-5791/com.FDU308.FudanCraft A/libc: Invalid address 0xf3e817f8 passed to free: invalid page index
07-03 18:36:05.889 5721-5791/com.FDU308.FudanCraft D/cocos2d-x debug info: UnitManager: Call Protobuf Success
07-03 18:36:05.889 5721-5791/com.FDU308.FudanCraft D/cocos2d-x debug info: SocketClient: Start to write data
07-03 18:36:05.889 5721-5791/com.FDU308.FudanCraft D/cocos2d-x debug info: SocketClient: Complete in encoding data
07-03 18:36:05.889 5721-5791/com.FDU308.FudanCraft D/cocos2d-x debug info: SocketClient: Finish writing data
07-03 18:36:05.889 5721-5791/com.FDU308.FudanCraft D/cocos2d-x debug info: UnitManager: Send Message via SocketClient Success
07-03 18:36:05.889 5721-5791/com.FDU308.FudanCraft D/cocos2d-x debug info: SocketClient: Start to read data
07-03 18:36:05.889 5721-5791/com.FDU308.FudanCraft D/cocos2d-x debug info: SocketClient: No error detected
07-03 18:36:05.891 5721-5791/com.FDU308.FudanCraft D/cocos2d-x debug info: SocketClient: Get data success
07-03 18:36:05.891 5721-6232/com.FDU308.FudanCraft A/libc: Invalid address 0xf3e817f8 passed to free: invalid page index
07-03 18:36:05.891 5721-5791/com.FDU308.FudanCraft D/cocos2d-x debug info: SocketClient: Unlock resource completed
07-03 18:36:05.891 5721-5791/com.FDU308.FudanCraft D/cocos2d-x debug info: SocketClient: Finished in reading data
07-03 18:36:05.891 5721-5791/com.FDU308.FudanCraft D/cocos2d-x debug info: UnitManager: Receive Message via SocketClient Success
07-03 18:36:05.891 5721-5791/com.FDU308.FudanCraft A/libc: Invalid address 0xf3e817f8 passed to free: invalid page index
07-03 18:36:05.971 5721-5791/com.FDU308.FudanCraft D/cocos2d-x debug info: UnitManager: Call Protobuf Success
07-03 18:36:05.971 5721-5791/com.FDU308.FudanCraft D/cocos2d-x debug info: SocketClient: Start to write data
07-03 18:36:05.971 5721-5791/com.FDU308.FudanCraft D/cocos2d-x debug info: SocketClient: Complete in encoding data
07-03 18:36:05.971 5721-5791/com.FDU308.FudanCraft D/cocos2d-x debug info: SocketClient: Finish writing data
07-03 18:36:05.972 5721-5791/com.FDU308.FudanCraft D/cocos2d-x debug info: UnitManager: Send Message via SocketClient Success
07-03 18:36:05.972 5721-6232/com.FDU308.FudanCraft A/libc: Invalid address 0xf3e817f8 passed to free: invalid page index
07-03 18:36:05.972 5721-5791/com.FDU308.FudanCraft D/cocos2d-x debug info: SocketClient: Start to read data
07-03 18:36:05.972 5721-5791/com.FDU308.FudanCraft D/cocos2d-x debug info: SocketClient: No error detected
07-03 18:36:05.972 5721-5791/com.FDU308.FudanCraft D/cocos2d-x debug info: SocketClient: Get data success
07-03 18:36:05.972 5721-5791/com.FDU308.FudanCraft D/cocos2d-x debug info: SocketClient: Unlock resource completed
07-03 18:36:05.972 5721-5791/com.FDU308.FudanCraft D/cocos2d-x debug info: SocketClient: Finished in reading data
07-03 18:36:05.972 5721-5791/com.FDU308.FudanCraft D/cocos2d-x debug info: UnitManager: Receive Message via SocketClient Success
07-03 18:36:05.972 5721-5791/com.FDU308.FudanCraft A/libc: Invalid address 0xf3e817f8 passed to free: invalid page index
07-03 18:36:06.053 5721-5791/com.FDU308.FudanCraft D/cocos2d-x debug info: UnitManager: Call Protobuf Success
07-03 18:36:06.053 5721-5791/com.FDU308.FudanCraft D/cocos2d-x debug info: SocketClient: Start to write data
07-03 18:36:06.053 5721-5791/com.FDU308.FudanCraft D/cocos2d-x debug info: SocketClient: Complete in encoding data
07-03 18:36:06.053 5721-5791/com.FDU308.FudanCraft D/cocos2d-x debug info: SocketClient: Finish writing data
07-03 18:36:06.053 5721-5791/com.FDU308.FudanCraft D/cocos2d-x debug info: UnitManager: Send Message via SocketClient Success
07-03 18:36:06.053 5721-5791/com.FDU308.FudanCraft D/cocos2d-x debug info: SocketClient: Start to read data
07-03 18:36:06.053 5721-5791/com.FDU308.FudanCraft D/cocos2d-x debug info: SocketClient: No error detected
07-03 18:36:06.054 5721-5791/com.FDU308.FudanCraft D/cocos2d-x debug info: SocketClient: Get data success
07-03 18:36:06.054 5721-5791/com.FDU308.FudanCraft D/cocos2d-x debug info: SocketClient: Unlock resource completed
07-03 18:36:06.054 5721-5791/com.FDU308.FudanCraft D/cocos2d-x debug info: SocketClient: Finished in reading data
07-03 18:36:06.054 5721-5791/com.FDU308.FudanCraft D/cocos2d-x debug info: UnitManager: Receive Message via SocketClient Success
07-03 18:36:06.054 5721-5791/com.FDU308.FudanCraft A/libc: Invalid address 0xf3e817f8 passed to free: invalid page index
07-03 18:36:06.054 5721-6232/com.FDU308.FudanCraft A/libc: Invalid address 0xf3e817f8 passed to free: invalid page index
07-03 18:36:06.135 5721-5791/com.FDU308.FudanCraft D/cocos2d-x debug info: UnitManager: Call Protobuf Success
07-03 18:36:06.135 5721-5791/com.FDU308.FudanCraft D/cocos2d-x debug info: SocketClient: Start to write data
07-03 18:36:06.135 5721-5791/com.FDU308.FudanCraft D/cocos2d-x debug info: SocketClient: Complete in encoding data
07-03 18:36:06.135 5721-5791/com.FDU308.FudanCraft D/cocos2d-x debug info: SocketClient: Finish writing data
07-03 18:36:06.135 5721-5791/com.FDU308.FudanCraft D/cocos2d-x debug info: UnitManager: Send Message via SocketClient Success
07-03 18:36:06.135 5721-5791/com.FDU308.FudanCraft D/cocos2d-x debug info: SocketClient: Start to read data
07-03 18:36:06.135 5721-5791/com.FDU308.FudanCraft D/cocos2d-x debug info: SocketClient: No error detected
07-03 18:36:06.136 5721-5791/com.FDU308.FudanCraft D/cocos2d-x debug info: SocketClient: Get data success
07-03 18:36:06.136 5721-5791/com.FDU308.FudanCraft D/cocos2d-x debug info: SocketClient: Unlock resource completed
07-03 18:36:06.136 5721-5791/com.FDU308.FudanCraft D/cocos2d-x debug info: SocketClient: Finished in reading data
07-03 18:36:06.136 5721-6232/com.FDU308.FudanCraft A/libc: Invalid address 0xf3e817f8 passed to free: invalid page index
07-03 18:36:06.136 5721-5791/com.FDU308.FudanCraft D/cocos2d-x debug info: UnitManager: Receive Message via SocketClient Success
07-03 18:36:06.136 5721-5791/com.FDU308.FudanCraft A/libc: Invalid address 0xf3e817f8 passed to free: invalid page index
07-03 18:36:06.216 5721-5791/com.FDU308.FudanCraft D/cocos2d-x debug info: UnitManager: Call Protobuf Success
07-03 18:36:06.216 5721-5791/com.FDU308.FudanCraft D/cocos2d-x debug info: SocketClient: Start to write data
07-03 18:36:06.216 5721-5791/com.FDU308.FudanCraft D/cocos2d-x debug info: SocketClient: Complete in encoding data
07-03 18:36:06.216 5721-5791/com.FDU308.FudanCraft D/cocos2d-x debug info: SocketClient: Finish writing data
07-03 18:36:06.216 5721-5791/com.FDU308.FudanCraft D/cocos2d-x debug info: UnitManager: Send Message via SocketClient Success
07-03 18:36:06.216 5721-5791/com.FDU308.FudanCraft D/cocos2d-x debug info: SocketClient: Start to read data
07-03 18:36:06.216 5721-5791/com.FDU308.FudanCraft D/cocos2d-x debug info: SocketClient: No error detected
07-03 18:36:06.217 5721-6232/com.FDU308.FudanCraft A/libc: Invalid address 0xf3e817f8 passed to free: invalid page index
07-03 18:36:06.217 5721-5791/com.FDU308.FudanCraft D/cocos2d-x debug info: SocketClient: Get data success
07-03 18:36:06.217 5721-5791/com.FDU308.FudanCraft D/cocos2d-x debug info: SocketClient: Unlock resource completed
07-03 18:36:06.217 5721-5791/com.FDU308.FudanCraft D/cocos2d-x debug info: SocketClient: Finished in reading data
07-03 18:36:06.217 5721-5791/com.FDU308.FudanCraft D/cocos2d-x debug info: UnitManager: Receive Message via SocketClient Success
07-03 18:36:06.217 5721-5791/com.FDU308.FudanCraft A/libc: Invalid address 0xf3e817f8 passed to free: invalid page index
07-03 18:36:06.298 5721-5791/com.FDU308.FudanCraft D/cocos2d-x debug info: UnitManager: Call Protobuf Success
07-03 18:36:06.298 5721-5791/com.FDU308.FudanCraft D/cocos2d-x debug info: SocketClient: Start to write data
07-03 18:36:06.298 5721-5791/com.FDU308.FudanCraft D/cocos2d-x debug info: SocketClient: Complete in encoding data
07-03 18:36:06.298 5721-5791/com.FDU308.FudanCraft D/cocos2d-x debug info: SocketClient: Finish writing data
07-03 18:36:06.298 5721-5791/com.FDU308.FudanCraft D/cocos2d-x debug info: UnitManager: Send Message via SocketClient Success
07-03 18:36:06.298 5721-5791/com.FDU308.FudanCraft D/cocos2d-x debug info: SocketClient: Start to read data
07-03 18:36:06.298 5721-5791/com.FDU308.FudanCraft D/cocos2d-x debug info: SocketClient: No error detected
07-03 18:36:06.299 5721-5791/com.FDU308.FudanCraft D/cocos2d-x debug info: SocketClient: Get data success
07-03 18:36:06.299 5721-5791/com.FDU308.FudanCraft D/cocos2d-x debug info: SocketClient: Unlock resource completed
07-03 18:36:06.299 5721-5791/com.FDU308.FudanCraft D/cocos2d-x debug info: SocketClient: Finished in reading data
07-03 18:36:06.299 5721-5791/com.FDU308.FudanCraft D/cocos2d-x debug info: UnitManager: Receive Message via SocketClient Success
07-03 18:36:06.299 5721-5791/com.FDU308.FudanCraft A/libc: Invalid address 0xf3e817f8 passed to free: invalid page index
07-03 18:36:06.299 5721-6232/com.FDU308.FudanCraft A/libc: Invalid address 0xf3e817f8 passed to free: invalid page index
07-03 18:36:06.380 5721-5791/com.FDU308.FudanCraft D/cocos2d-x debug info: UnitManager: Call Protobuf Success
07-03 18:36:06.380 5721-5791/com.FDU308.FudanCraft D/cocos2d-x debug info: SocketClient: Start to write data
07-03 18:36:06.380 5721-5791/com.FDU308.FudanCraft D/cocos2d-x debug info: SocketClient: Complete in encoding data
07-03 18:36:06.380 5721-5791/com.FDU308.FudanCraft D/cocos2d-x debug info: SocketClient: Finish writing data
07-03 18:36:06.380 5721-5791/com.FDU308.FudanCraft D/cocos2d-x debug info: UnitManager: Send Message via SocketClient Success
07-03 18:36:06.380 5721-5791/com.FDU308.FudanCraft D/cocos2d-x debug info: SocketClient: Start to read data
07-03 18:36:06.380 5721-5791/com.FDU308.FudanCraft D/cocos2d-x debug info: SocketClient: No error detected
07-03 18:36:06.381 5721-5791/com.FDU308.FudanCraft D/cocos2d-x debug info: SocketClient: Get data success
07-03 18:36:06.381 5721-5791/com.FDU308.FudanCraft D/cocos2d-x debug info: SocketClient: Unlock resource completed
07-03 18:36:06.381 5721-5791/com.FDU308.FudanCraft D/cocos2d-x debug info: SocketClient: Finished in reading data
07-03 18:36:06.381 5721-6232/com.FDU308.FudanCraft A/libc: Invalid address 0xf3e817f8 passed to free: invalid page index
07-03 18:36:06.381 5721-5791/com.FDU308.FudanCraft D/cocos2d-x debug info: UnitManager: Receive Message via SocketClient Success
07-03 18:36:06.381 5721-5791/com.FDU308.FudanCraft A/libc: Invalid address 0xf3e817f8 passed to free: invalid page index
07-03 18:36:06.461 5721-5791/com.FDU308.FudanCraft D/cocos2d-x debug info: UnitManager: Call Protobuf Success
07-03 18:36:06.461 5721-5791/com.FDU308.FudanCraft D/cocos2d-x debug info: SocketClient: Start to write data
07-03 18:36:06.461 5721-5791/com.FDU308.FudanCraft D/cocos2d-x debug info: SocketClient: Complete in encoding data
07-03 18:36:06.461 5721-5791/com.FDU308.FudanCraft D/cocos2d-x debug info: SocketClient: Finish writing data
07-03 18:36:06.461 5721-5791/com.FDU308.FudanCraft D/cocos2d-x debug info: UnitManager: Send Message via SocketClient Success
07-03 18:36:06.461 5721-5791/com.FDU308.FudanCraft D/cocos2d-x debug info: SocketClient: Start to read data
07-03 18:36:06.461 5721-5791/com.FDU308.FudanCraft D/cocos2d-x debug info: SocketClient: No error detected
07-03 18:36:06.462 5721-5791/com.FDU308.FudanCraft D/cocos2d-x debug info: SocketClient: Get data success
07-03 18:36:06.462 5721-5791/com.FDU308.FudanCraft D/cocos2d-x debug info: SocketClient: Unlock resource completed
07-03 18:36:06.462 5721-5791/com.FDU308.FudanCraft D/cocos2d-x debug info: SocketClient: Finished in reading data
07-03 18:36:06.462 5721-5791/com.FDU308.FudanCraft D/cocos2d-x debug info: UnitManager: Receive Message via SocketClient Success
07-03 18:36:06.462 5721-5791/com.FDU308.FudanCraft A/libc: Invalid address 0xf3e817f8 passed to free: invalid page index
07-03 18:36:06.462 5721-6232/com.FDU308.FudanCraft A/libc: Invalid address 0xf3e817f8 passed to free: invalid page index
07-03 18:36:06.543 5721-5791/com.FDU308.FudanCraft D/cocos2d-x debug info: UnitManager: Call Protobuf Success
07-03 18:36:06.543 5721-5791/com.FDU308.FudanCraft D/cocos2d-x debug info: SocketClient: Start to write data
07-03 18:36:06.543 5721-5791/com.FDU308.FudanCraft D/cocos2d-x debug info: SocketClient: Complete in encoding data
07-03 18:36:06.547 5721-5791/com.FDU308.FudanCraft D/cocos2d-x debug info: SocketClient: Finish writing data
07-03 18:36:06.547 5721-6232/com.FDU308.FudanCraft A/libc: Invalid address 0xf3e817f8 passed to free: invalid page index
07-03 18:36:06.552 5721-5791/com.FDU308.FudanCraft D/cocos2d-x debug info: UnitManager: Send Message via SocketClient Success
07-03 18:36:06.552 5721-5791/com.FDU308.FudanCraft D/cocos2d-x debug info: SocketClient: Start to read data
07-03 18:36:06.552 5721-5791/com.FDU308.FudanCraft D/cocos2d-x debug info: SocketClient: No error detected
07-03 18:36:06.552 5721-5791/com.FDU308.FudanCraft D/cocos2d-x debug info: SocketClient: Get data success
07-03 18:36:06.552 5721-5791/com.FDU308.FudanCraft D/cocos2d-x debug info: SocketClient: Unlock resource completed
07-03 18:36:06.552 5721-5791/com.FDU308.FudanCraft D/cocos2d-x debug info: SocketClient: Finished in reading data
07-03 18:36:06.552 5721-5791/com.FDU308.FudanCraft D/cocos2d-x debug info: UnitManager: Receive Message via SocketClient Success
07-03 18:36:06.552 5721-5791/com.FDU308.FudanCraft A/libc: Invalid address 0xf3e817f8 passed to free: invalid page index
07-03 18:36:06.627 5721-5791/com.FDU308.FudanCraft D/cocos2d-x debug info: UnitManager: Call Protobuf Success
07-03 18:36:06.627 5721-5791/com.FDU308.FudanCraft D/cocos2d-x debug info: SocketClient: Start to write data
07-03 18:36:06.627 5721-5791/com.FDU308.FudanCraft D/cocos2d-x debug info: SocketClient: Complete in encoding data
07-03 18:36:06.627 5721-5791/com.FDU308.FudanCraft D/cocos2d-x debug info: SocketClient: Finish writing data
07-03 18:36:06.627 5721-5791/com.FDU308.FudanCraft D/cocos2d-x debug info: UnitManager: Send Message via SocketClient Success
07-03 18:36:06.627 5721-5791/com.FDU308.FudanCraft D/cocos2d-x debug info: SocketClient: Start to read data
07-03 18:36:06.627 5721-5791/com.FDU308.FudanCraft D/cocos2d-x debug info: SocketClient: No error detected
07-03 18:36:06.628 5721-6232/com.FDU308.FudanCraft A/libc: Invalid address 0xf3e817f8 passed to free: invalid page index
07-03 18:36:06.628 5721-5791/com.FDU308.FudanCraft D/cocos2d-x debug info: SocketClient: Get data success
07-03 18:36:06.628 5721-5791/com.FDU308.FudanCraft D/cocos2d-x debug info: SocketClient: Unlock resource completed
07-03 18:36:06.628 5721-5791/com.FDU308.FudanCraft D/cocos2d-x debug info: SocketClient: Finished in reading data
07-03 18:36:06.628 5721-5791/com.FDU308.FudanCraft D/cocos2d-x debug info: UnitManager: Receive Message via SocketClient Success
07-03 18:36:06.628 5721-5791/com.FDU308.FudanCraft A/libc: Invalid address 0xf3e817f8 passed to free: invalid page index
07-03 18:36:06.706 5721-5791/com.FDU308.FudanCraft D/cocos2d-x debug info: UnitManager: Call Protobuf Success
07-03 18:36:06.706 5721-5791/com.FDU308.FudanCraft D/cocos2d-x debug info: SocketClient: Start to write data
07-03 18:36:06.706 5721-5791/com.FDU308.FudanCraft D/cocos2d-x debug info: SocketClient: Complete in encoding data
07-03 18:36:06.706 5721-5791/com.FDU308.FudanCraft D/cocos2d-x debug info: SocketClient: Finish writing data
07-03 18:36:06.707 5721-5791/com.FDU308.FudanCraft D/cocos2d-x debug info: UnitManager: Send Message via SocketClient Success
07-03 18:36:06.707 5721-5791/com.FDU308.FudanCraft D/cocos2d-x debug info: SocketClient: Start to read data
07-03 18:36:06.707 5721-5791/com.FDU308.FudanCraft D/cocos2d-x debug info: SocketClient: No error detected
07-03 18:36:06.707 5721-6232/com.FDU308.FudanCraft A/libc: Invalid address 0xf3e817f8 passed to free: invalid page index
07-03 18:36:06.708 5721-5791/com.FDU308.FudanCraft D/cocos2d-x debug info: SocketClient: Get data success
07-03 18:36:06.708 5721-5791/com.FDU308.FudanCraft D/cocos2d-x debug info: SocketClient: Unlock resource completed
07-03 18:36:06.708 5721-5791/com.FDU308.FudanCraft D/cocos2d-x debug info: SocketClient: Finished in reading data
07-03 18:36:06.708 5721-5791/com.FDU308.FudanCraft D/cocos2d-x debug info: UnitManager: Receive Message via SocketClient Success
07-03 18:36:06.708 5721-5791/com.FDU308.FudanCraft A/libc: Invalid address 0xf3e817f8 passed to free: invalid page index
07-03 18:36:06.788 5721-5791/com.FDU308.FudanCraft D/cocos2d-x debug info: UnitManager: Call Protobuf Success
07-03 18:36:06.788 5721-5791/com.FDU308.FudanCraft D/cocos2d-x debug info: SocketClient: Start to write data
07-03 18:36:06.788 5721-5791/com.FDU308.FudanCraft D/cocos2d-x debug info: SocketClient: Complete in encoding data
07-03 18:36:06.789 5721-5791/com.FDU308.FudanCraft D/cocos2d-x debug info: SocketClient: Finish writing data
07-03 18:36:06.789 5721-5791/com.FDU308.FudanCraft D/cocos2d-x debug info: UnitManager: Send Message via SocketClient Success
07-03 18:36:06.789 5721-5791/com.FDU308.FudanCraft D/cocos2d-x debug info: SocketClient: Start to read data
07-03 18:36:06.789 5721-5791/com.FDU308.FudanCraft D/cocos2d-x debug info: SocketClient: No error detected
07-03 18:36:06.789 5721-6232/com.FDU308.FudanCraft A/libc: Invalid address 0xf3e817f8 passed to free: invalid page index
07-03 18:36:06.790 5721-5791/com.FDU308.FudanCraft D/cocos2d-x debug info: SocketClient: Get data success
07-03 18:36:06.790 5721-5791/com.FDU308.FudanCraft D/cocos2d-x debug info: SocketClient: Unlock resource completed
07-03 18:36:06.790 5721-5791/com.FDU308.FudanCraft D/cocos2d-x debug info: SocketClient: Finished in reading data
07-03 18:36:06.790 5721-5791/com.FDU308.FudanCraft D/cocos2d-x debug info: UnitManager: Receive Message via SocketClient Success
07-03 18:36:06.790 5721-5791/com.FDU308.FudanCraft A/libc: Invalid address 0xf3e817f8 passed to free: invalid page index
07-03 18:36:06.870 5721-5791/com.FDU308.FudanCraft D/cocos2d-x debug info: UnitManager: Call Protobuf Success
07-03 18:36:06.870 5721-5791/com.FDU308.FudanCraft D/cocos2d-x debug info: SocketClient: Start to write data
07-03 18:36:06.870 5721-5791/com.FDU308.FudanCraft D/cocos2d-x debug info: SocketClient: Complete in encoding data
07-03 18:36:06.870 5721-5791/com.FDU308.FudanCraft D/cocos2d-x debug info: SocketClient: Finish writing data
07-03 18:36:06.870 5721-5791/com.FDU308.FudanCraft D/cocos2d-x debug info: UnitManager: Send Message via SocketClient Success
07-03 18:36:06.870 5721-5791/com.FDU308.FudanCraft D/cocos2d-x debug info: SocketClient: Start to read data
07-03 18:36:06.870 5721-5791/com.FDU308.FudanCraft D/cocos2d-x debug info: SocketClient: No error detected
07-03 18:36:06.871 5721-5791/com.FDU308.FudanCraft D/cocos2d-x debug info: SocketClient: Get data success
07-03 18:36:06.871 5721-5791/com.FDU308.FudanCraft D/cocos2d-x debug info: SocketClient: Unlock resource completed
07-03 18:36:06.871 5721-5791/com.FDU308.FudanCraft D/cocos2d-x debug info: SocketClient: Finished in reading data
07-03 18:36:06.871 5721-5791/com.FDU308.FudanCraft D/cocos2d-x debug info: UnitManager: Receive Message via SocketClient Success
07-03 18:36:06.871 5721-5791/com.FDU308.FudanCraft A/libc: Invalid address 0xf3e817f8 passed to free: invalid page index
07-03 18:36:06.871 5721-6232/com.FDU308.FudanCraft A/libc: Invalid address 0xf3e817f8 passed to free: invalid page index
07-03 18:36:06.952 5721-5791/com.FDU308.FudanCraft D/cocos2d-x debug info: UnitManager: Call Protobuf Success
07-03 18:36:06.952 5721-5791/com.FDU308.FudanCraft D/cocos2d-x debug info: SocketClient: Start to write data
07-03 18:36:06.953 5721-5791/com.FDU308.FudanCraft D/cocos2d-x debug info: SocketClient: Complete in encoding data
07-03 18:36:06.953 5721-5791/com.FDU308.FudanCraft D/cocos2d-x debug info: SocketClient: Finish writing data
07-03 18:36:06.953 5721-5791/com.FDU308.FudanCraft D/cocos2d-x debug info: UnitManager: Send Message via SocketClient Success
07-03 18:36:06.953 5721-5791/com.FDU308.FudanCraft D/cocos2d-x debug info: SocketClient: Start to read data
07-03 18:36:06.953 5721-5791/com.FDU308.FudanCraft D/cocos2d-x debug info: SocketClient: No error detected
07-03 18:36:06.954 5721-5791/com.FDU308.FudanCraft D/cocos2d-x debug info: SocketClient: Get data success
07-03 18:36:06.954 5721-5791/com.FDU308.FudanCraft D/cocos2d-x debug info: SocketClient: Unlock resource completed
07-03 18:36:06.954 5721-5791/com.FDU308.FudanCraft D/cocos2d-x debug info: SocketClient: Finished in reading data
07-03 18:36:06.954 5721-5791/com.FDU308.FudanCraft D/cocos2d-x debug info: UnitManager: Receive Message via SocketClient Success
07-03 18:36:06.954 5721-5791/com.FDU308.FudanCraft A/libc: Invalid address 0xf3e817f8 passed to free: invalid page index
07-03 18:36:06.954 5721-6232/com.FDU308.FudanCraft A/libc: Invalid address 0xf3e817f8 passed to free: invalid page index
07-03 18:36:07.050 5721-5791/com.FDU308.FudanCraft D/cocos2d-x debug info: UnitManager: Call Protobuf Success
07-03 18:36:07.050 5721-5791/com.FDU308.FudanCraft D/cocos2d-x debug info: SocketClient: Start to write data
07-03 18:36:07.050 5721-5791/com.FDU308.FudanCraft D/cocos2d-x debug info: SocketClient: Complete in encoding data
07-03 18:36:07.050 5721-5791/com.FDU308.FudanCraft D/cocos2d-x debug info: SocketClient: Finish writing data
07-03 18:36:07.050 5721-5791/com.FDU308.FudanCraft D/cocos2d-x debug info: UnitManager: Send Message via SocketClient Success
07-03 18:36:07.050 5721-5791/com.FDU308.FudanCraft D/cocos2d-x debug info: SocketClient: Start to read data
07-03 18:36:07.050 5721-5791/com.FDU308.FudanCraft D/cocos2d-x debug info: SocketClient: No error detected
07-03 18:36:07.051 5721-5791/com.FDU308.FudanCraft D/cocos2d-x debug info: SocketClient: Get data success
07-03 18:36:07.051 5721-5791/com.FDU308.FudanCraft D/cocos2d-x debug info: SocketClient: Unlock resource completed
07-03 18:36:07.051 5721-5791/com.FDU308.FudanCraft D/cocos2d-x debug info: SocketClient: Finished in reading data
07-03 18:36:07.051 5721-5791/com.FDU308.FudanCraft D/cocos2d-x debug info: UnitManager: Receive Message via SocketClient Success
07-03 18:36:07.051 5721-5791/com.FDU308.FudanCraft A/libc: Invalid address 0xf3e817f8 passed to free: invalid page index
07-03 18:36:07.051 5721-6232/com.FDU308.FudanCraft A/libc: Invalid address 0xf3e817f8 passed to free: invalid page index
07-03 18:36:07.134 5721-5791/com.FDU308.FudanCraft D/cocos2d-x debug info: UnitManager: Call Protobuf Success
07-03 18:36:07.134 5721-5791/com.FDU308.FudanCraft D/cocos2d-x debug info: SocketClient: Start to write data
07-03 18:36:07.134 5721-5791/com.FDU308.FudanCraft D/cocos2d-x debug info: SocketClient: Complete in encoding data
07-03 18:36:07.134 5721-5791/com.FDU308.FudanCraft D/cocos2d-x debug info: SocketClient: Finish writing data
07-03 18:36:07.134 5721-5791/com.FDU308.FudanCraft D/cocos2d-x debug info: UnitManager: Send Message via SocketClient Success
07-03 18:36:07.134 5721-6232/com.FDU308.FudanCraft A/libc: Invalid address 0xf3e817f8 passed to free: invalid page index
07-03 18:36:07.134 5721-5791/com.FDU308.FudanCraft D/cocos2d-x debug info: SocketClient: Start to read data
07-03 18:36:07.135 5721-5791/com.FDU308.FudanCraft D/cocos2d-x debug info: SocketClient: No error detected
07-03 18:36:07.135 5721-5791/com.FDU308.FudanCraft D/cocos2d-x debug info: SocketClient: Get data success
07-03 18:36:07.135 5721-5791/com.FDU308.FudanCraft D/cocos2d-x debug info: SocketClient: Unlock resource completed
07-03 18:36:07.135 5721-5791/com.FDU308.FudanCraft D/cocos2d-x debug info: SocketClient: Finished in reading data
07-03 18:36:07.135 5721-5791/com.FDU308.FudanCraft D/cocos2d-x debug info: UnitManager: Receive Message via SocketClient Success
07-03 18:36:07.135 5721-5791/com.FDU308.FudanCraft A/libc: Invalid address 0xf3e817f8 passed to free: invalid page index
07-03 18:36:07.216 5721-5791/com.FDU308.FudanCraft D/cocos2d-x debug info: UnitManager: Call Protobuf Success
07-03 18:36:07.216 5721-5791/com.FDU308.FudanCraft D/cocos2d-x debug info: SocketClient: Start to write data
07-03 18:36:07.216 5721-5791/com.FDU308.FudanCraft D/cocos2d-x debug info: SocketClient: Complete in encoding data
07-03 18:36:07.217 5721-5791/com.FDU308.FudanCraft D/cocos2d-x debug info: SocketClient: Finish writing data
07-03 18:36:07.217 5721-5791/com.FDU308.FudanCraft D/cocos2d-x debug info: UnitManager: Send Message via SocketClient Success
07-03 18:36:07.217 5721-5791/com.FDU308.FudanCraft D/cocos2d-x debug info: SocketClient: Start to read data
07-03 18:36:07.217 5721-5791/com.FDU308.FudanCraft D/cocos2d-x debug info: SocketClient: No error detected
07-03 18:36:07.218 5721-5791/com.FDU308.FudanCraft D/cocos2d-x debug info: SocketClient: Get data success
07-03 18:36:07.218 5721-5791/com.FDU308.FudanCraft D/cocos2d-x debug info: SocketClient: Unlock resource completed
07-03 18:36:07.218 5721-5791/com.FDU308.FudanCraft D/cocos2d-x debug info: SocketClient: Finished in reading data
07-03 18:36:07.218 5721-5791/com.FDU308.FudanCraft D/cocos2d-x debug info: UnitManager: Receive Message via SocketClient Success
