07-03 16:56:16.164 28110-28110/? I/art: Late-enabling -Xcheck:jni
07-03 16:56:16.177 28110-28110/? D/TidaProvider: TidaProvider()
07-03 16:56:16.186 28110-28110/? V/BoostFramework: mAcquireFunc method = public int com.qualcomm.qti.Performance.perfLockAcquire(int,int[])
07-03 16:56:16.186 28110-28110/? V/BoostFramework: mReleaseFunc method = public int com.qualcomm.qti.Performance.perfLockRelease()
07-03 16:56:16.186 28110-28110/? V/BoostFramework: mAcquireTouchFunc method = public int com.qualcomm.qti.Performance.perfLockAcquireTouch(android.view.MotionEvent,android.util.DisplayMetrics,int,int[])
07-03 16:56:16.186 28110-28110/? V/BoostFramework: mIOPStart method = public int com.qualcomm.qti.Performance.perfIOPrefetchStart(int,java.lang.String)
07-03 16:56:16.186 28110-28110/? V/BoostFramework: mIOPStop method = public int com.qualcomm.qti.Performance.perfIOPrefetchStop()
07-03 16:56:16.188 28110-28110/? V/BoostFramework: BoostFramework() : mPerf = com.qualcomm.qti.Performance@249ac42
07-03 16:56:16.299 28110-28110/com.FDU308.FudanCraft D/JniHelper: JniHelper::setJavaVM(0xf53fc000), pthread_self() = -144299212
07-03 16:56:16.299 28110-28110/com.FDU308.FudanCraft D/main: cocos_android_app_init
07-03 16:56:16.300 28110-28110/com.FDU308.FudanCraft D/Cocos2dxHelper: isSupportLowLatency:false
07-03 16:56:16.305 28110-28110/com.FDU308.FudanCraft D/Cocos2dxHelper: sampleRate: 48000, framesPerBuffer: 192
07-03 16:56:16.305 28110-28110/com.FDU308.FudanCraft D/Java_org_cocos2dx_lib_Cocos2dxHelper.cpp: nativeSetAudioDeviceInfo: sampleRate: 48000, bufferSizeInFrames: 192
07-03 16:56:16.339 28110-28110/com.FDU308.FudanCraft D/Cocos2dxActivity: model=MI 5s Plus
07-03 16:56:16.339 28110-28110/com.FDU308.FudanCraft D/Cocos2dxActivity: product=natrium
07-03 16:56:16.339 28110-28110/com.FDU308.FudanCraft D/Cocos2dxActivity: isEmulator=false
07-03 16:56:16.342 28110-28110/com.FDU308.FudanCraft D/EngineDataManager.cpp: nativeSetSupportOptimization: 0
07-03 16:56:16.342 28110-28110/com.FDU308.FudanCraft D/Cocos2dxActivity: onResume()
07-03 16:56:16.350 28110-28110/com.FDU308.FudanCraft D/ActivityThreadInjector: clearCachedDrawables.
07-03 16:56:16.375 28110-28142/com.FDU308.FudanCraft I/Adreno: QUALCOMM build                   : 9438ceb, I0ac3940325
                                                               Build Date                       : 10/26/16
                                                               OpenGL ES Shader Compiler Version: XE031.09.00.03
                                                               Local Branch                     : 
                                                               Remote Branch                    : 
                                                               Remote Branch                    : 
                                                               Reconstruct Branch               : 
07-03 16:56:16.397 28110-28110/com.FDU308.FudanCraft D/Cocos2dxActivity: onWindowFocusChanged() hasFocus=true
07-03 16:56:16.404 28110-28142/com.FDU308.FudanCraft D/cocos2d-x debug info: {
                                                                             	gl.supports_OES_packed_depth_stencil: true
                                                                             	gl.supports_vertex_array_object: true
                                                                             	gl.supports_BGRA8888: false
                                                                             	gl.supports_ATITC: true
                                                                             	gl.supports_S3TC: false
                                                                             	cocos2d.x.version: cocos2d-x-3.15.1
                                                                             	gl.supports_discard_framebuffer: true
                                                                             	cocos2d.x.compiled_with_profiler: false
                                                                             	gl.supports_PVRTC: false
                                                                             	cocos2d.x.build_type: DEBUG
                                                                             	gl.renderer: Adreno (TM) 530
                                                                             	gl.supports_OES_depth24: true
                                                                             	gl.supports_ETC1: true
                                                                             	gl.supports_OES_map_buffer: false
                                                                             	cocos2d.x.compiled_with_gl_state_cache: true
                                                                             	gl.version: OpenGL ES 3.2 V@145.0 (GIT@I0ac3940325)
                                                                             	gl.supports_NPOT: true
                                                                             	gl.max_texture_units: 96
                                                                             	gl.vendor: Qualcomm
                                                                             	gl.max_texture_size: 16384
                                                                             }
07-03 16:56:16.407 28110-28142/com.FDU308.FudanCraft D/EngineDataManager.cpp: setAnimationInterval by game: 0.0167
07-03 16:56:16.407 28110-28142/com.FDU308.FudanCraft D/EngineDataManager.cpp: JNI setAnimationInterval: 0.016667
07-03 16:56:16.454 28110-28142/com.FDU308.FudanCraft D/cocos2d-x debug info: create rendererRecreatedListener for GLProgramState
07-03 16:56:16.454 28110-28142/com.FDU308.FudanCraft D/cocos2d-x debug info: FudanCraft: HelloWorldScene Initialize Begin
07-03 16:56:16.454 28110-28142/com.FDU308.FudanCraft D/cocos2d-x debug info: cocos2d: fullPathForFilename: No file found at BackgroundPanel.png. Possible missing file.
07-03 16:56:16.454 28110-28142/com.FDU308.FudanCraft D/cocos2d-x debug info: FudanCraft: HelloWorldScene Read First Resource at Root Directory Fail
07-03 16:56:16.491 28110-28142/com.FDU308.FudanCraft D/cocos2d-x debug info: create rendererRecreatedListener for GLProgramState
07-03 16:56:16.492 28110-28142/com.FDU308.FudanCraft D/cocos2d-x debug info: FudanCraft: HelloWorldScene Read First Resource Success
07-03 16:56:16.492 28110-28142/com.FDU308.FudanCraft D/cocos2d-x debug info: FudanCraft: Set Position Success
07-03 16:56:16.492 28110-28142/com.FDU308.FudanCraft D/cocos2d-x debug info: FudanCraft: Set Scale Success
07-03 16:56:16.492 28110-28142/com.FDU308.FudanCraft D/cocos2d-x debug info: FudanCraft: Trying to Add Child
07-03 16:56:16.492 28110-28142/com.FDU308.FudanCraft D/cocos2d-x debug info: FudanCraft: Add First Child Success
07-03 16:56:16.496 28110-28142/com.FDU308.FudanCraft D/cocos2d-x debug info: FudanCraft: Create First Sprite Success
07-03 16:56:16.506 28110-28142/com.FDU308.FudanCraft D/cocos2d-x debug info: FudanCraft: HelloWorldScene Read Many Resources Success
07-03 16:56:16.506 28110-28142/com.FDU308.FudanCraft D/cocos2d-x debug info: FudanCraft: Trying to Preload Audio
07-03 16:56:16.506 28110-28142/com.FDU308.FudanCraft D/cocos2d: android SDK version:23
07-03 16:56:16.507 28110-28142/com.FDU308.FudanCraft E/ExtMediaPlayer-JNI: env->IsInstanceOf fails
07-03 16:56:16.507 28110-28142/com.FDU308.FudanCraft E/MediaPlayer-JNI: JNIMediaPlayerFactory: bIsQCMediaPlayerPresent 0
07-03 16:56:16.507 28110-28142/com.FDU308.FudanCraft E/ExtMediaPlayer-JNI: env->IsInstanceOf fails
07-03 16:56:16.507 28110-28142/com.FDU308.FudanCraft E/MediaPlayer-JNI: JNIMediaPlayerFactory: bIsQCMediaPlayerPresent 0
07-03 16:56:16.530 28110-28142/com.FDU308.FudanCraft D/MediaPlayer: setSubtitleAnchor in MediaPlayer
07-03 16:56:16.530 28110-28110/com.FDU308.FudanCraft D/MediaPlayer: setSubtitleAnchor in MediaPlayer
07-03 16:56:16.552 28110-28142/com.FDU308.FudanCraft E/ExtMediaPlayer-JNI: env->IsInstanceOf fails
07-03 16:56:16.552 28110-28142/com.FDU308.FudanCraft E/MediaPlayer-JNI: JNIMediaPlayerFactory: bIsQCMediaPlayerPresent 0
07-03 16:56:16.552 28110-28142/com.FDU308.FudanCraft E/ExtMediaPlayer-JNI: env->IsInstanceOf fails
07-03 16:56:16.552 28110-28142/com.FDU308.FudanCraft E/MediaPlayer-JNI: JNIMediaPlayerFactory: bIsQCMediaPlayerPresent 0
07-03 16:56:16.569 28110-28142/com.FDU308.FudanCraft D/MediaPlayer: setSubtitleAnchor in MediaPlayer
07-03 16:56:16.569 28110-28110/com.FDU308.FudanCraft D/MediaPlayer: setSubtitleAnchor in MediaPlayer
07-03 16:56:16.572 28110-28142/com.FDU308.FudanCraft D/cocos2d-x debug info: FudanCraft: HelloWorldScene Initialize Success
07-03 16:56:16.572 28110-28142/com.FDU308.FudanCraft D/EngineDataManager.cpp: setAnimationInterval by engine: 0.0167
07-03 16:56:16.572 28110-28142/com.FDU308.FudanCraft D/EngineDataManager.cpp: JNI setAnimationInterval: 0.016667
07-03 16:56:16.575 28110-28134/com.FDU308.FudanCraft E/WVMExtractor: Failed to open libwvm.so: dlopen failed: library "libwvm.so" not found
07-03 16:56:16.588 28110-28134/com.FDU308.FudanCraft I/QComExtractorFactory: Sniff: Set key to use qti parser
07-03 16:56:16.588 28110-28134/com.FDU308.FudanCraft W/linker: /system/lib/libffmpeg_avcodec.so: is missing DT_SONAME will use basename as a replacement: "libffmpeg_avcodec.so"
07-03 16:56:16.592 28110-28134/com.FDU308.FudanCraft I/FFmpegExtractor: android-source:0xef18e280
07-03 16:56:16.595 28110-28134/com.FDU308.FudanCraft D/FFmpegExtractor: SniffFFMPEG failed to sniff this source
07-03 16:56:16.595 28110-28134/com.FDU308.FudanCraft I/ExtendedExtractor: QTIParser is prefered
07-03 16:56:16.595 28110-28134/com.FDU308.FudanCraft D/MMParserExtractor: setExtraFlags called with flags 0 for paser instance ef18e2c0
07-03 16:56:16.595 28110-28134/com.FDU308.FudanCraft I/ExtendedExtractor: ExtendedExtractor::create 0xef18e2c0
07-03 16:56:16.595 28110-28134/com.FDU308.FudanCraft I/ExtendedExtractor: ExtendedExtractor::updateExtractor: Use default QTI parser 
07-03 16:56:16.595 28110-28134/com.FDU308.FudanCraft E/MM_OSAL: FileSource::FileSource
07-03 16:56:16.595 28110-28134/com.FDU308.FudanCraft E/MM_OSAL: FileSource::FileSource m_bEveryThingOK 1
07-03 16:56:16.595 28110-28134/com.FDU308.FudanCraft E/MM_OSAL: MM_File_Create failed .Efs Error No -1 , File Name /data/mmosal_logmask.cfg , Mode 0
07-03 16:56:16.596 28110-28134/com.FDU308.FudanCraft E/MM_OSAL: Open or read fail on /data/mmosal_logmask.cfg. Possible permission denied issue. Looking for /data/misc/media/mmosal_logmask.cfg
07-03 16:56:16.596 28110-28134/com.FDU308.FudanCraft E/MM_OSAL: MM_File_Create failed .Efs Error No -1 , File Name /data/misc/media/mmosal_logmask.cfg , Mode 0
07-03 16:56:16.598 28110-28159/com.FDU308.FudanCraft I/OMXClient: Using client-side OMX mux.
07-03 16:56:16.603 28110-28142/com.FDU308.FudanCraft D/cocos2d-x debug info: cocos2d: QuadCommand: resizing index size from [-1] to [2560]
07-03 16:56:16.609 28110-28134/com.FDU308.FudanCraft D/MMParserExtractor: Using default parser out buffer size  = 3000 
07-03 16:56:16.609 28110-28134/com.FDU308.FudanCraft I/MMParserExtractor: MMParserSource::start Allocation buffer size for audio track= 3000 
07-03 16:56:16.636 28110-28134/com.FDU308.FudanCraft E/MM_OSAL: Data is not sufficient to validate AAC
07-03 16:56:16.636 28110-28134/com.FDU308.FudanCraft E/MM_OSAL: ValidateAACFile data not sufficient
07-03 16:56:16.636 28110-28134/com.FDU308.FudanCraft I/QComExtractorFactory: Sniff: Set key to use qti parser
07-03 16:56:16.636 28110-28134/com.FDU308.FudanCraft I/FFmpegExtractor: android-source:0xef18e2c0
07-03 16:56:16.638 28110-28134/com.FDU308.FudanCraft D/FFmpegExtractor: SniffFFMPEG failed to sniff this source
07-03 16:56:16.638 28110-28134/com.FDU308.FudanCraft I/ExtendedExtractor: QTIParser is prefered
07-03 16:56:16.638 28110-28134/com.FDU308.FudanCraft D/MMParserExtractor: setExtraFlags called with flags 0 for paser instance ef18e300
07-03 16:56:16.638 28110-28134/com.FDU308.FudanCraft I/ExtendedExtractor: ExtendedExtractor::create 0xef18e300
07-03 16:56:16.638 28110-28134/com.FDU308.FudanCraft I/ExtendedExtractor: ExtendedExtractor::updateExtractor: Use default QTI parser 
07-03 16:56:16.638 28110-28134/com.FDU308.FudanCraft E/MM_OSAL: FileSource::FileSource
07-03 16:56:16.638 28110-28134/com.FDU308.FudanCraft E/MM_OSAL: FileSource::FileSource m_bEveryThingOK 1
07-03 16:56:16.638 28110-28134/com.FDU308.FudanCraft E/MM_OSAL: MM_File_Create failed .Efs Error No -1 , File Name /data/mmosal_logmask.cfg , Mode 0
07-03 16:56:16.638 28110-28134/com.FDU308.FudanCraft E/MM_OSAL: Open or read fail on /data/mmosal_logmask.cfg. Possible permission denied issue. Looking for /data/misc/media/mmosal_logmask.cfg
07-03 16:56:16.638 28110-28134/com.FDU308.FudanCraft E/MM_OSAL: MM_File_Create failed .Efs Error No -1 , File Name /data/misc/media/mmosal_logmask.cfg , Mode 0
07-03 16:56:16.640 28110-28162/com.FDU308.FudanCraft I/OMXClient: Using client-side OMX mux.
07-03 16:56:16.645 28110-28134/com.FDU308.FudanCraft D/MMParserExtractor: Using default parser out buffer size  = 3000 
07-03 16:56:16.645 28110-28134/com.FDU308.FudanCraft I/MMParserExtractor: MMParserSource::start Allocation buffer size for audio track= 3000 
07-03 16:56:16.665 28110-28134/com.FDU308.FudanCraft I/QComExtractorFactory: Sniff: Set key to use qti parser
07-03 16:56:16.665 28110-28134/com.FDU308.FudanCraft I/FFmpegExtractor: android-source:0xef18e280
07-03 16:56:16.667 28110-28134/com.FDU308.FudanCraft D/FFmpegExtractor: SniffFFMPEG failed to sniff this source
07-03 16:56:16.667 28110-28134/com.FDU308.FudanCraft I/ExtendedExtractor: QTIParser is prefered
07-03 16:56:16.667 28110-28134/com.FDU308.FudanCraft D/MMParserExtractor: setExtraFlags called with flags 0 for paser instance ef18e2c0
07-03 16:56:16.667 28110-28134/com.FDU308.FudanCraft I/ExtendedExtractor: ExtendedExtractor::create 0xef18e2c0
07-03 16:56:16.667 28110-28134/com.FDU308.FudanCraft I/ExtendedExtractor: ExtendedExtractor::updateExtractor: Use default QTI parser 
07-03 16:56:16.667 28110-28134/com.FDU308.FudanCraft E/MM_OSAL: FileSource::FileSource
07-03 16:56:16.667 28110-28134/com.FDU308.FudanCraft E/MM_OSAL: FileSource::FileSource m_bEveryThingOK 1
07-03 16:56:16.667 28110-28134/com.FDU308.FudanCraft E/MM_OSAL: MM_File_Create failed .Efs Error No -1 , File Name /data/mmosal_logmask.cfg , Mode 0
07-03 16:56:16.667 28110-28134/com.FDU308.FudanCraft E/MM_OSAL: Open or read fail on /data/mmosal_logmask.cfg. Possible permission denied issue. Looking for /data/misc/media/mmosal_logmask.cfg
07-03 16:56:16.667 28110-28134/com.FDU308.FudanCraft E/MM_OSAL: MM_File_Create failed .Efs Error No -1 , File Name /data/misc/media/mmosal_logmask.cfg , Mode 0
07-03 16:56:16.669 28110-28165/com.FDU308.FudanCraft I/OMXClient: Using client-side OMX mux.
07-03 16:56:16.672 28110-28134/com.FDU308.FudanCraft D/MMParserExtractor: Using default parser out buffer size  = 3000 
07-03 16:56:16.672 28110-28134/com.FDU308.FudanCraft I/MMParserExtractor: MMParserSource::start Allocation buffer size for audio track= 3000 
07-03 16:56:16.705 28110-28134/com.FDU308.FudanCraft I/QComExtractorFactory: Sniff: Set key to use qti parser
07-03 16:56:16.705 28110-28134/com.FDU308.FudanCraft I/FFmpegExtractor: android-source:0xef18e280
07-03 16:56:16.707 28110-28134/com.FDU308.FudanCraft D/FFmpegExtractor: SniffFFMPEG failed to sniff this source
07-03 16:56:16.707 28110-28134/com.FDU308.FudanCraft I/ExtendedExtractor: QTIParser is prefered
07-03 16:56:16.707 28110-28134/com.FDU308.FudanCraft D/MMParserExtractor: setExtraFlags called with flags 0 for paser instance ef18e2c0
07-03 16:56:16.707 28110-28134/com.FDU308.FudanCraft I/ExtendedExtractor: ExtendedExtractor::create 0xef18e2c0
07-03 16:56:16.707 28110-28134/com.FDU308.FudanCraft I/ExtendedExtractor: ExtendedExtractor::updateExtractor: Use default QTI parser 
07-03 16:56:16.707 28110-28134/com.FDU308.FudanCraft E/MM_OSAL: FileSource::FileSource
07-03 16:56:16.707 28110-28134/com.FDU308.FudanCraft E/MM_OSAL: FileSource::FileSource m_bEveryThingOK 1
07-03 16:56:16.707 28110-28134/com.FDU308.FudanCraft E/MM_OSAL: MM_File_Create failed .Efs Error No -1 , File Name /data/mmosal_logmask.cfg , Mode 0
07-03 16:56:16.707 28110-28134/com.FDU308.FudanCraft E/MM_OSAL: Open or read fail on /data/mmosal_logmask.cfg. Possible permission denied issue. Looking for /data/misc/media/mmosal_logmask.cfg
07-03 16:56:16.707 28110-28134/com.FDU308.FudanCraft E/MM_OSAL: MM_File_Create failed .Efs Error No -1 , File Name /data/misc/media/mmosal_logmask.cfg , Mode 0
07-03 16:56:16.708 28110-28168/com.FDU308.FudanCraft I/OMXClient: Using client-side OMX mux.
07-03 16:56:16.712 28110-28134/com.FDU308.FudanCraft D/MMParserExtractor: Using default parser out buffer size  = 3000 
07-03 16:56:16.712 28110-28134/com.FDU308.FudanCraft I/MMParserExtractor: MMParserSource::start Allocation buffer size for audio track= 3000 
07-03 16:56:16.729 28110-28134/com.FDU308.FudanCraft I/QComExtractorFactory: Sniff: Set key to use qti parser
07-03 16:56:16.729 28110-28134/com.FDU308.FudanCraft I/FFmpegExtractor: android-source:0xef18e280
07-03 16:56:16.730 28110-28134/com.FDU308.FudanCraft D/FFmpegExtractor: SniffFFMPEG failed to sniff this source
07-03 16:56:16.731 28110-28134/com.FDU308.FudanCraft I/ExtendedExtractor: QTIParser is prefered
07-03 16:56:16.731 28110-28134/com.FDU308.FudanCraft D/MMParserExtractor: setExtraFlags called with flags 0 for paser instance ef18e2c0
07-03 16:56:16.731 28110-28134/com.FDU308.FudanCraft I/ExtendedExtractor: ExtendedExtractor::create 0xef18e2c0
07-03 16:56:16.731 28110-28134/com.FDU308.FudanCraft I/ExtendedExtractor: ExtendedExtractor::updateExtractor: Use default QTI parser 
07-03 16:56:16.731 28110-28134/com.FDU308.FudanCraft E/MM_OSAL: FileSource::FileSource
07-03 16:56:16.731 28110-28134/com.FDU308.FudanCraft E/MM_OSAL: FileSource::FileSource m_bEveryThingOK 1
07-03 16:56:16.731 28110-28134/com.FDU308.FudanCraft E/MM_OSAL: MM_File_Create failed .Efs Error No -1 , File Name /data/mmosal_logmask.cfg , Mode 0
07-03 16:56:16.731 28110-28134/com.FDU308.FudanCraft E/MM_OSAL: Open or read fail on /data/mmosal_logmask.cfg. Possible permission denied issue. Looking for /data/misc/media/mmosal_logmask.cfg
07-03 16:56:16.731 28110-28134/com.FDU308.FudanCraft E/MM_OSAL: MM_File_Create failed .Efs Error No -1 , File Name /data/misc/media/mmosal_logmask.cfg , Mode 0
07-03 16:56:16.732 28110-28171/com.FDU308.FudanCraft I/OMXClient: Using client-side OMX mux.
07-03 16:56:16.735 28110-28134/com.FDU308.FudanCraft D/MMParserExtractor: Using default parser out buffer size  = 3000 
07-03 16:56:16.735 28110-28134/com.FDU308.FudanCraft I/MMParserExtractor: MMParserSource::start Allocation buffer size for audio track= 3000 
07-03 16:56:16.752 28110-28134/com.FDU308.FudanCraft I/QComExtractorFactory: Sniff: Set key to use qti parser
07-03 16:56:16.752 28110-28134/com.FDU308.FudanCraft I/FFmpegExtractor: android-source:0xef18e280
07-03 16:56:16.753 28110-28134/com.FDU308.FudanCraft D/FFmpegExtractor: SniffFFMPEG failed to sniff this source
07-03 16:56:16.753 28110-28134/com.FDU308.FudanCraft I/ExtendedExtractor: QTIParser is prefered
07-03 16:56:16.753 28110-28134/com.FDU308.FudanCraft D/MMParserExtractor: setExtraFlags called with flags 0 for paser instance ef18e2c0
07-03 16:56:16.753 28110-28134/com.FDU308.FudanCraft I/ExtendedExtractor: ExtendedExtractor::create 0xef18e2c0
07-03 16:56:16.753 28110-28134/com.FDU308.FudanCraft I/ExtendedExtractor: ExtendedExtractor::updateExtractor: Use default QTI parser 
07-03 16:56:16.753 28110-28134/com.FDU308.FudanCraft E/MM_OSAL: FileSource::FileSource
07-03 16:56:16.753 28110-28134/com.FDU308.FudanCraft E/MM_OSAL: FileSource::FileSource m_bEveryThingOK 1
07-03 16:56:16.753 28110-28134/com.FDU308.FudanCraft E/MM_OSAL: MM_File_Create failed .Efs Error No -1 , File Name /data/mmosal_logmask.cfg , Mode 0
07-03 16:56:16.753 28110-28134/com.FDU308.FudanCraft E/MM_OSAL: Open or read fail on /data/mmosal_logmask.cfg. Possible permission denied issue. Looking for /data/misc/media/mmosal_logmask.cfg
07-03 16:56:16.753 28110-28134/com.FDU308.FudanCraft E/MM_OSAL: MM_File_Create failed .Efs Error No -1 , File Name /data/misc/media/mmosal_logmask.cfg , Mode 0
07-03 16:56:16.755 28110-28174/com.FDU308.FudanCraft I/OMXClient: Using client-side OMX mux.
07-03 16:56:16.759 28110-28134/com.FDU308.FudanCraft D/MMParserExtractor: Using default parser out buffer size  = 3000 
07-03 16:56:16.759 28110-28134/com.FDU308.FudanCraft I/MMParserExtractor: MMParserSource::start Allocation buffer size for audio track= 3000 
07-03 16:56:16.771 28110-28134/com.FDU308.FudanCraft I/QComExtractorFactory: Sniff: Set key to use qti parser
07-03 16:56:16.771 28110-28134/com.FDU308.FudanCraft I/FFmpegExtractor: android-source:0xef18e280
07-03 16:56:16.772 28110-28134/com.FDU308.FudanCraft D/FFmpegExtractor: SniffFFMPEG failed to sniff this source
07-03 16:56:16.773 28110-28134/com.FDU308.FudanCraft I/ExtendedExtractor: QTIParser is prefered
07-03 16:56:16.773 28110-28134/com.FDU308.FudanCraft D/MMParserExtractor: setExtraFlags called with flags 0 for paser instance ef18e2c0
07-03 16:56:16.773 28110-28134/com.FDU308.FudanCraft I/ExtendedExtractor: ExtendedExtractor::create 0xef18e2c0
07-03 16:56:16.773 28110-28134/com.FDU308.FudanCraft I/ExtendedExtractor: ExtendedExtractor::updateExtractor: Use default QTI parser 
07-03 16:56:16.773 28110-28134/com.FDU308.FudanCraft E/MM_OSAL: FileSource::FileSource
07-03 16:56:16.773 28110-28134/com.FDU308.FudanCraft E/MM_OSAL: FileSource::FileSource m_bEveryThingOK 1
07-03 16:56:16.773 28110-28134/com.FDU308.FudanCraft E/MM_OSAL: MM_File_Create failed .Efs Error No -1 , File Name /data/mmosal_logmask.cfg , Mode 0
07-03 16:56:16.773 28110-28134/com.FDU308.FudanCraft E/MM_OSAL: Open or read fail on /data/mmosal_logmask.cfg. Possible permission denied issue. Looking for /data/misc/media/mmosal_logmask.cfg
07-03 16:56:16.773 28110-28134/com.FDU308.FudanCraft E/MM_OSAL: MM_File_Create failed .Efs Error No -1 , File Name /data/misc/media/mmosal_logmask.cfg , Mode 0
07-03 16:56:16.774 28110-28177/com.FDU308.FudanCraft I/OMXClient: Using client-side OMX mux.
07-03 16:56:16.778 28110-28134/com.FDU308.FudanCraft D/MMParserExtractor: Using default parser out buffer size  = 3000 
07-03 16:56:16.778 28110-28134/com.FDU308.FudanCraft I/MMParserExtractor: MMParserSource::start Allocation buffer size for audio track= 3000 
07-03 16:56:16.803 28110-28134/com.FDU308.FudanCraft I/QComExtractorFactory: Sniff: Set key to use qti parser
07-03 16:56:16.803 28110-28134/com.FDU308.FudanCraft I/FFmpegExtractor: android-source:0xef18e280
07-03 16:56:16.804 28110-28134/com.FDU308.FudanCraft D/FFmpegExtractor: SniffFFMPEG failed to sniff this source
07-03 16:56:16.804 28110-28134/com.FDU308.FudanCraft I/ExtendedExtractor: QTIParser is prefered
07-03 16:56:16.805 28110-28134/com.FDU308.FudanCraft D/MMParserExtractor: setExtraFlags called with flags 0 for paser instance ef18e2c0
07-03 16:56:16.805 28110-28134/com.FDU308.FudanCraft I/ExtendedExtractor: ExtendedExtractor::create 0xef18e2c0
07-03 16:56:16.805 28110-28134/com.FDU308.FudanCraft I/ExtendedExtractor: ExtendedExtractor::updateExtractor: Use default QTI parser 
07-03 16:56:16.805 28110-28134/com.FDU308.FudanCraft E/MM_OSAL: FileSource::FileSource
07-03 16:56:16.805 28110-28134/com.FDU308.FudanCraft E/MM_OSAL: FileSource::FileSource m_bEveryThingOK 1
07-03 16:56:16.805 28110-28134/com.FDU308.FudanCraft E/MM_OSAL: MM_File_Create failed .Efs Error No -1 , File Name /data/mmosal_logmask.cfg , Mode 0
07-03 16:56:16.805 28110-28134/com.FDU308.FudanCraft E/MM_OSAL: Open or read fail on /data/mmosal_logmask.cfg. Possible permission denied issue. Looking for /data/misc/media/mmosal_logmask.cfg
07-03 16:56:16.805 28110-28134/com.FDU308.FudanCraft E/MM_OSAL: MM_File_Create failed .Efs Error No -1 , File Name /data/misc/media/mmosal_logmask.cfg , Mode 0
07-03 16:56:16.806 28110-28186/com.FDU308.FudanCraft I/OMXClient: Using client-side OMX mux.
07-03 16:56:16.810 28110-28134/com.FDU308.FudanCraft D/MMParserExtractor: Using default parser out buffer size  = 3000 
07-03 16:56:16.810 28110-28134/com.FDU308.FudanCraft I/MMParserExtractor: MMParserSource::start Allocation buffer size for audio track= 3000 
07-03 16:56:17.558 28110-28110/com.FDU308.FudanCraft V/BoostFramework: BoostFramework() : mPerf = com.qualcomm.qti.Performance@81af7f0
07-03 16:56:18.547 28110-28142/com.FDU308.FudanCraft D/cocos2d-x debug info: server button pressed
07-03 16:56:18.547 28110-28142/com.FDU308.FudanCraft D/cocos2d-x debug info: FudanCraft: Trying to Load InputPort.png
                                                                             
                                                                             
                                                                             [ 07-03 16:56:18.549 28110:28142 E/         ]
                                                                             scaleX = 0.940767
07-03 16:56:18.549 28110-28142/com.FDU308.FudanCraft D/cocos2d-x debug info: cocos2d: fullPathForFilename: No file found at sans-serif. Possible missing file.
07-03 16:56:18.549 28110-28142/com.FDU308.FudanCraft D/cocos2d-x debug info: Warning! You can't change Android Hint fontName and fontSize
07-03 16:56:18.549 28110-28142/com.FDU308.FudanCraft D/cocos2d-x debug info: [Edit text] content size = (80.000000, 60.000000)
07-03 16:56:18.550 28110-28142/com.FDU308.FudanCraft D/cocos2d-x debug info: [Edit text] content size = (80.000000, 60.000000)
07-03 16:56:18.550 28110-28142/com.FDU308.FudanCraft D/cocos2d-x debug info: FudanCraft: Successfully Load InputPort.png
07-03 16:56:18.569 28110-28142/com.FDU308.FudanCraft D/cocos2d-x debug info: create rendererRecreatedListener for GLProgramState
07-03 16:56:18.570 28110-28142/com.FDU308.FudanCraft D/cocos2d-x debug info: [Edit text] content size = (80.000000, 60.000000)
07-03 16:56:19.433 28110-28142/com.FDU308.FudanCraft D/cocos2d-x debug info: FudanCraft: Trying to Start Server
07-03 16:56:19.434 28110-28142/com.FDU308.FudanCraft D/cocos2d-x debug info: FudanCraft: SocketServer Created!
07-03 16:56:19.435 28110-28142/com.FDU308.FudanCraft D/cocos2d-x debug info: FudanCraft: SocketClient Created!
07-03 16:56:19.435 28110-28142/com.FDU308.FudanCraft D/cocos2d-x debug info: create server and client on 8008
07-03 16:56:19.565 28110-28142/com.FDU308.FudanCraft D/cocos2d-x debug info: create rendererRecreatedListener for GLProgramState
07-03 16:56:20.560 28110-28142/com.FDU308.FudanCraft D/cocos2d-x debug info: cocos2d: SpriteBatchNode: resizing TextureAtlas capacity from [5735] to [7648].
07-03 16:56:20.575 28110-28142/com.FDU308.FudanCraft D/cocos2d-x debug info: cocos2d: SpriteBatchNode: resizing TextureAtlas capacity from [7648] to [10198].
07-03 16:56:20.595 28110-28142/com.FDU308.FudanCraft D/cocos2d-x debug info: cocos2d: SpriteBatchNode: resizing TextureAtlas capacity from [10198] to [13598].
07-03 16:56:20.740 28110-28142/com.FDU308.FudanCraft D/cocos2d-x debug info: cocos2d: SpriteBatchNode: resizing TextureAtlas capacity from [5735] to [7648].
07-03 16:56:20.810 28110-28142/com.FDU308.FudanCraft D/cocos2d-x debug info: cocos2d: SpriteBatchNode: resizing TextureAtlas capacity from [5735] to [7648].
07-03 16:56:20.825 28110-28142/com.FDU308.FudanCraft D/cocos2d-x debug info: cocos2d: SpriteBatchNode: resizing TextureAtlas capacity from [7648] to [10198].
07-03 16:56:20.845 28110-28142/com.FDU308.FudanCraft D/cocos2d-x debug info: cocos2d: SpriteBatchNode: resizing TextureAtlas capacity from [10198] to [13598].
07-03 16:56:20.871 28110-28142/com.FDU308.FudanCraft D/cocos2d-x debug info: cocos2d: SpriteBatchNode: resizing TextureAtlas capacity from [13598] to [18132].
07-03 16:56:20.910 28110-28142/com.FDU308.FudanCraft D/cocos2d-x debug info: create rendererRecreatedListener for GLProgramState
07-03 16:56:20.911 28110-28142/com.FDU308.FudanCraft D/cocos2d-x debug info: BattleScene: Trying to Init Player ID
07-03 16:56:20.911 28110-28142/com.FDU308.FudanCraft D/cocos2d-x debug info: BattleScene: Get Player ID: 1
07-03 16:56:20.944 28110-28142/com.FDU308.FudanCraft D/cocos2d-x debug info: cocos2d: fullPathForFilename: No file found at Marker Felt. Possible missing file.
07-03 16:56:20.954 28110-28142/com.FDU308.FudanCraft E/ExtMediaPlayer-JNI: env->IsInstanceOf fails
07-03 16:56:20.954 28110-28142/com.FDU308.FudanCraft E/MediaPlayer-JNI: JNIMediaPlayerFactory: bIsQCMediaPlayerPresent 0
07-03 16:56:20.954 28110-28142/com.FDU308.FudanCraft E/ExtMediaPlayer-JNI: env->IsInstanceOf fails
07-03 16:56:20.954 28110-28142/com.FDU308.FudanCraft E/MediaPlayer-JNI: JNIMediaPlayerFactory: bIsQCMediaPlayerPresent 0
07-03 16:56:20.976 28110-28142/com.FDU308.FudanCraft D/MediaPlayer: setSubtitleAnchor in MediaPlayer
07-03 16:56:20.976 28110-28110/com.FDU308.FudanCraft D/MediaPlayer: setSubtitleAnchor in MediaPlayer
07-03 16:56:20.983 28110-28142/com.FDU308.FudanCraft D/cocos2d-x debug info: if back ground music playing 1
07-03 16:56:20.989 28110-28142/com.FDU308.FudanCraft W/AudioTrack: AUDIO_OUTPUT_FLAG_FAST denied by client; transfer 4, track 22050 Hz, output 48000 Hz
07-03 16:56:20.999 28110-28142/com.FDU308.FudanCraft D/cocos2d-x debug info: start game
07-03 16:56:21.160 28110-28142/com.FDU308.FudanCraft D/cocos2d-x debug info: UnitManager: Call Protobuf Success
07-03 16:56:21.160 28110-28142/com.FDU308.FudanCraft D/cocos2d-x debug info: SocketClient: Start to write data
07-03 16:56:21.160 28110-28142/com.FDU308.FudanCraft D/cocos2d-x debug info: SocketClient: Complete in encoding data
07-03 16:56:21.160 28110-28142/com.FDU308.FudanCraft D/cocos2d-x debug info: SocketClient: Finish writing data
07-03 16:56:21.162 28110-28142/com.FDU308.FudanCraft D/cocos2d-x debug info: UnitManager: Send Message via SocketClient Success
07-03 16:56:21.162 28110-28142/com.FDU308.FudanCraft D/cocos2d-x debug info: Sent Message Num: 8, Sent Message string length: 144
07-03 16:56:21.162 28110-28142/com.FDU308.FudanCraft D/cocos2d-x debug info: SocketClient: Start to read data
07-03 16:56:21.163 28110-28142/com.FDU308.FudanCraft D/cocos2d-x debug info: SocketClient: No error detected
07-03 16:56:21.171 28110-28142/com.FDU308.FudanCraft D/cocos2d-x debug info: SocketClient: Get data success
07-03 16:56:21.172 28110-28142/com.FDU308.FudanCraft D/cocos2d-x debug info: SocketClient: Unlock resource completed
07-03 16:56:21.172 28110-28142/com.FDU308.FudanCraft D/cocos2d-x debug info: SocketClient: Finished in reading data
07-03 16:56:21.172 28110-28142/com.FDU308.FudanCraft D/cocos2d-x debug info: UnitManager: Receive Message via SocketClient Success
07-03 16:56:21.172 28110-28142/com.FDU308.FudanCraft D/cocos2d-x debug info: Received Message Num: 8, Received Message String Length: 144
07-03 16:56:21.172 28110-28142/com.FDU308.FudanCraft D/cocos2d-x debug info: UnitManager: Read Message 0 Success
07-03 16:56:21.185 28110-28142/com.FDU308.FudanCraft D/cocos2d-x debug info: UnitManager: Read Message 1 Success
07-03 16:56:21.190 28110-28142/com.FDU308.FudanCraft D/cocos2d-x debug info: UnitManager: Read Message 2 Success
07-03 16:56:21.195 28110-28142/com.FDU308.FudanCraft D/cocos2d-x debug info: UnitManager: Read Message 3 Success
07-03 16:56:21.211 28110-28142/com.FDU308.FudanCraft D/cocos2d-x debug info: UnitManager: Read Message 4 Success
07-03 16:56:21.216 28110-28142/com.FDU308.FudanCraft D/cocos2d-x debug info: UnitManager: Read Message 5 Success
07-03 16:56:21.225 28110-28142/com.FDU308.FudanCraft D/cocos2d-x debug info: UnitManager: Read Message 6 Success
07-03 16:56:21.240 28110-28142/com.FDU308.FudanCraft D/cocos2d-x debug info: UnitManager: Read Message 7 Success
07-03 16:56:21.331 28110-28142/com.FDU308.FudanCraft D/cocos2d-x debug info: UnitManager: Call Protobuf Success
07-03 16:56:21.332 28110-28142/com.FDU308.FudanCraft D/cocos2d-x debug info: SocketClient: Start to write data
07-03 16:56:21.332 28110-28142/com.FDU308.FudanCraft D/cocos2d-x debug info: SocketClient: Complete in encoding data
07-03 16:56:21.332 28110-28142/com.FDU308.FudanCraft D/cocos2d-x debug info: SocketClient: Finish writing data
07-03 16:56:21.332 28110-28142/com.FDU308.FudanCraft D/cocos2d-x debug info: UnitManager: Send Message via SocketClient Success
07-03 16:56:21.332 28110-28142/com.FDU308.FudanCraft D/cocos2d-x debug info: SocketClient: Start to read data
07-03 16:56:21.332 28110-28246/com.FDU308.FudanCraft A/libc: Invalid address 0xf3e7f7f8 passed to free: value not allocated
07-03 16:56:21.332 28110-28246/com.FDU308.FudanCraft A/libc: Fatal signal 6 (SIGABRT), code -6 in tid 28246 (GLThread 3592)
07-03 16:56:21.332 28110-28142/com.FDU308.FudanCraft D/cocos2d-x debug info: SocketClient: No error detected
07-03 16:56:21.332 28110-28142/com.FDU308.FudanCraft D/cocos2d-x debug info: SocketClient: Get data success
07-03 16:56:21.332 28110-28142/com.FDU308.FudanCraft D/cocos2d-x debug info: SocketClient: Unlock resource completed
07-03 16:56:21.332 28110-28142/com.FDU308.FudanCraft D/cocos2d-x debug info: SocketClient: Finished in reading data
07-03 16:56:21.332 28110-28142/com.FDU308.FudanCraft D/cocos2d-x debug info: UnitManager: Receive Message via SocketClient Success
07-03 16:56:21.332 28110-28142/com.FDU308.FudanCraft A/libc: Invalid address 0xf3e7f7f8 passed to free: value not allocated
07-03 16:56:21.333 28110-28142/com.FDU308.FudanCraft A/libc: Fatal signal 6 (SIGABRT), code -6 in tid 28142 (GLThread 3592)
07-03 16:56:21.333 28110-28142/com.FDU308.FudanCraft I/libc: Another thread contacted debuggerd first; not contacting debuggerd.
