07-03 20:52:54.970 14131-14131/? I/art: Late-enabling -Xcheck:jni
07-03 20:52:54.982 14131-14131/com.FDU308.FudanCraft D/TidaProvider: TidaProvider()
07-03 20:52:54.993 14131-14131/com.FDU308.FudanCraft V/BoostFramework: mAcquireFunc method = public int com.qualcomm.qti.Performance.perfLockAcquire(int,int[])
07-03 20:52:54.993 14131-14131/com.FDU308.FudanCraft V/BoostFramework: mReleaseFunc method = public int com.qualcomm.qti.Performance.perfLockRelease()
07-03 20:52:54.993 14131-14131/com.FDU308.FudanCraft V/BoostFramework: mAcquireTouchFunc method = public int com.qualcomm.qti.Performance.perfLockAcquireTouch(android.view.MotionEvent,android.util.DisplayMetrics,int,int[])
07-03 20:52:54.993 14131-14131/com.FDU308.FudanCraft V/BoostFramework: mIOPStart method = public int com.qualcomm.qti.Performance.perfIOPrefetchStart(int,java.lang.String)
07-03 20:52:54.993 14131-14131/com.FDU308.FudanCraft V/BoostFramework: mIOPStop method = public int com.qualcomm.qti.Performance.perfIOPrefetchStop()
07-03 20:52:54.995 14131-14131/com.FDU308.FudanCraft V/BoostFramework: BoostFramework() : mPerf = com.qualcomm.qti.Performance@249ac42
07-03 20:52:55.173 14131-14131/com.FDU308.FudanCraft D/JniHelper: JniHelper::setJavaVM(0xf53fc000), pthread_self() = -144299212
07-03 20:52:55.173 14131-14131/com.FDU308.FudanCraft D/main: cocos_android_app_init
07-03 20:52:55.174 14131-14131/com.FDU308.FudanCraft D/Cocos2dxHelper: isSupportLowLatency:false
07-03 20:52:55.177 14131-14131/com.FDU308.FudanCraft D/Cocos2dxHelper: sampleRate: 48000, framesPerBuffer: 192
07-03 20:52:55.177 14131-14131/com.FDU308.FudanCraft D/Java_org_cocos2dx_lib_Cocos2dxHelper.cpp: nativeSetAudioDeviceInfo: sampleRate: 48000, bufferSizeInFrames: 192
07-03 20:52:55.209 14131-14131/com.FDU308.FudanCraft D/Cocos2dxActivity: model=MI 5s Plus
07-03 20:52:55.209 14131-14131/com.FDU308.FudanCraft D/Cocos2dxActivity: product=natrium
07-03 20:52:55.209 14131-14131/com.FDU308.FudanCraft D/Cocos2dxActivity: isEmulator=false
07-03 20:52:55.214 14131-14131/com.FDU308.FudanCraft D/EngineDataManager.cpp: nativeSetSupportOptimization: 0
07-03 20:52:55.233 14131-14131/com.FDU308.FudanCraft D/Cocos2dxActivity: onResume()
07-03 20:52:55.249 14131-14131/com.FDU308.FudanCraft D/ActivityThreadInjector: clearCachedDrawables.
07-03 20:52:55.276 14131-14176/com.FDU308.FudanCraft I/Adreno: QUALCOMM build                   : 9438ceb, I0ac3940325
                                                               Build Date                       : 10/26/16
                                                               OpenGL ES Shader Compiler Version: XE031.09.00.03
                                                               Local Branch                     : 
                                                               Remote Branch                    : 
                                                               Remote Branch                    : 
                                                               Reconstruct Branch               : 
07-03 20:52:55.290 14131-14176/com.FDU308.FudanCraft D/cocos2d-x debug info: {
                                                                             	gl.supports_OES_packed_depth_stencil: true
                                                                             	gl.supports_vertex_array_object: true
                                                                             	gl.supports_BGRA8888: false
                                                                             	gl.supports_ATITC: true
                                                                             	gl.supports_S3TC: false
                                                                             	cocos2d.x.version: cocos2d-x-3.15.1
                                                                             	gl.supports_discard_framebuffer: true
                                                                             	cocos2d.x.compiled_with_profiler: false
                                                                             	gl.supports_PVRTC: false
                                                                             	cocos2d.x.build_type: DEBUG
                                                                             	gl.renderer: Adreno (TM) 530
                                                                             	gl.supports_OES_depth24: true
                                                                             	gl.supports_ETC1: true
                                                                             	gl.supports_OES_map_buffer: false
                                                                             	cocos2d.x.compiled_with_gl_state_cache: true
                                                                             	gl.version: OpenGL ES 3.2 V@145.0 (GIT@I0ac3940325)
                                                                             	gl.supports_NPOT: true
                                                                             	gl.max_texture_units: 96
                                                                             	gl.vendor: Qualcomm
                                                                             	gl.max_texture_size: 16384
                                                                             }
07-03 20:52:55.296 14131-14176/com.FDU308.FudanCraft D/EngineDataManager.cpp: setAnimationInterval by game: 0.0167
07-03 20:52:55.296 14131-14176/com.FDU308.FudanCraft D/EngineDataManager.cpp: JNI setAnimationInterval: 0.016667
07-03 20:52:55.315 14131-14131/com.FDU308.FudanCraft D/Cocos2dxActivity: onWindowFocusChanged() hasFocus=true
07-03 20:52:55.728 14131-14176/com.FDU308.FudanCraft D/cocos2d-x debug info: create rendererRecreatedListener for GLProgramState
07-03 20:52:55.728 14131-14176/com.FDU308.FudanCraft D/cocos2d-x debug info: FudanCraft: HelloWorldScene Initialize Begin
07-03 20:52:55.728 14131-14176/com.FDU308.FudanCraft D/cocos2d-x debug info: cocos2d: fullPathForFilename: No file found at BackgroundPanel.png. Possible missing file.
07-03 20:52:55.728 14131-14176/com.FDU308.FudanCraft D/cocos2d-x debug info: FudanCraft: HelloWorldScene Read First Resource at Root Directory Fail
07-03 20:52:55.767 14131-14176/com.FDU308.FudanCraft D/cocos2d-x debug info: create rendererRecreatedListener for GLProgramState
07-03 20:52:55.767 14131-14176/com.FDU308.FudanCraft D/cocos2d-x debug info: FudanCraft: HelloWorldScene Read First Resource Success
07-03 20:52:55.767 14131-14176/com.FDU308.FudanCraft D/cocos2d-x debug info: FudanCraft: Set Position Success
07-03 20:52:55.767 14131-14176/com.FDU308.FudanCraft D/cocos2d-x debug info: FudanCraft: Set Scale Success
07-03 20:52:55.767 14131-14176/com.FDU308.FudanCraft D/cocos2d-x debug info: FudanCraft: Trying to Add Child
07-03 20:52:55.767 14131-14176/com.FDU308.FudanCraft D/cocos2d-x debug info: FudanCraft: Add First Child Success
07-03 20:52:55.772 14131-14176/com.FDU308.FudanCraft D/cocos2d-x debug info: FudanCraft: Create First Sprite Success
07-03 20:52:55.781 14131-14176/com.FDU308.FudanCraft D/cocos2d-x debug info: FudanCraft: HelloWorldScene Read Many Resources Success
07-03 20:52:55.782 14131-14176/com.FDU308.FudanCraft D/cocos2d-x debug info: FudanCraft: Trying to Preload Audio
07-03 20:52:55.782 14131-14176/com.FDU308.FudanCraft D/cocos2d: android SDK version:23
07-03 20:52:55.783 14131-14176/com.FDU308.FudanCraft E/ExtMediaPlayer-JNI: env->IsInstanceOf fails
07-03 20:52:55.783 14131-14176/com.FDU308.FudanCraft E/MediaPlayer-JNI: JNIMediaPlayerFactory: bIsQCMediaPlayerPresent 0
07-03 20:52:55.783 14131-14176/com.FDU308.FudanCraft E/ExtMediaPlayer-JNI: env->IsInstanceOf fails
07-03 20:52:55.783 14131-14176/com.FDU308.FudanCraft E/MediaPlayer-JNI: JNIMediaPlayerFactory: bIsQCMediaPlayerPresent 0
07-03 20:52:55.805 14131-14176/com.FDU308.FudanCraft D/MediaPlayer: setSubtitleAnchor in MediaPlayer
07-03 20:52:55.806 14131-14131/com.FDU308.FudanCraft D/MediaPlayer: setSubtitleAnchor in MediaPlayer
07-03 20:52:55.810 14131-14176/com.FDU308.FudanCraft E/ExtMediaPlayer-JNI: env->IsInstanceOf fails
07-03 20:52:55.810 14131-14176/com.FDU308.FudanCraft E/MediaPlayer-JNI: JNIMediaPlayerFactory: bIsQCMediaPlayerPresent 0
07-03 20:52:55.810 14131-14176/com.FDU308.FudanCraft E/ExtMediaPlayer-JNI: env->IsInstanceOf fails
07-03 20:52:55.810 14131-14176/com.FDU308.FudanCraft E/MediaPlayer-JNI: JNIMediaPlayerFactory: bIsQCMediaPlayerPresent 0
07-03 20:52:55.826 14131-14176/com.FDU308.FudanCraft D/MediaPlayer: setSubtitleAnchor in MediaPlayer
07-03 20:52:55.826 14131-14131/com.FDU308.FudanCraft D/MediaPlayer: setSubtitleAnchor in MediaPlayer
07-03 20:52:55.829 14131-14176/com.FDU308.FudanCraft D/cocos2d-x debug info: FudanCraft: HelloWorldScene Initialize Success
07-03 20:52:55.829 14131-14176/com.FDU308.FudanCraft D/EngineDataManager.cpp: setAnimationInterval by engine: 0.0167
07-03 20:52:55.829 14131-14176/com.FDU308.FudanCraft D/EngineDataManager.cpp: JNI setAnimationInterval: 0.016667
07-03 20:52:55.830 14131-14170/com.FDU308.FudanCraft E/WVMExtractor: Failed to open libwvm.so: dlopen failed: library "libwvm.so" not found
07-03 20:52:55.835 14131-14170/com.FDU308.FudanCraft I/QComExtractorFactory: Sniff: Set key to use qti parser
07-03 20:52:55.835 14131-14170/com.FDU308.FudanCraft W/linker: /system/lib/libffmpeg_avcodec.so: is missing DT_SONAME will use basename as a replacement: "libffmpeg_avcodec.so"
07-03 20:52:55.837 14131-14170/com.FDU308.FudanCraft I/FFmpegExtractor: android-source:0xdebb7680
07-03 20:52:55.840 14131-14170/com.FDU308.FudanCraft D/FFmpegExtractor: SniffFFMPEG failed to sniff this source
07-03 20:52:55.840 14131-14170/com.FDU308.FudanCraft I/ExtendedExtractor: QTIParser is prefered
07-03 20:52:55.840 14131-14170/com.FDU308.FudanCraft D/MMParserExtractor: setExtraFlags called with flags 0 for paser instance debb76c0
07-03 20:52:55.840 14131-14170/com.FDU308.FudanCraft I/ExtendedExtractor: ExtendedExtractor::create 0xdebb76c0
07-03 20:52:55.840 14131-14170/com.FDU308.FudanCraft I/ExtendedExtractor: ExtendedExtractor::updateExtractor: Use default QTI parser 
07-03 20:52:55.840 14131-14170/com.FDU308.FudanCraft E/MM_OSAL: FileSource::FileSource
07-03 20:52:55.840 14131-14170/com.FDU308.FudanCraft E/MM_OSAL: FileSource::FileSource m_bEveryThingOK 1
07-03 20:52:55.840 14131-14170/com.FDU308.FudanCraft E/MM_OSAL: MM_File_Create failed .Efs Error No -1 , File Name /data/mmosal_logmask.cfg , Mode 0
07-03 20:52:55.840 14131-14170/com.FDU308.FudanCraft E/MM_OSAL: Open or read fail on /data/mmosal_logmask.cfg. Possible permission denied issue. Looking for /data/misc/media/mmosal_logmask.cfg
07-03 20:52:55.840 14131-14170/com.FDU308.FudanCraft E/MM_OSAL: MM_File_Create failed .Efs Error No -1 , File Name /data/misc/media/mmosal_logmask.cfg , Mode 0
07-03 20:52:55.842 14131-14281/com.FDU308.FudanCraft I/OMXClient: Using client-side OMX mux.
07-03 20:52:55.845 14131-14170/com.FDU308.FudanCraft D/MMParserExtractor: Using default parser out buffer size  = 3000 
07-03 20:52:55.847 14131-14170/com.FDU308.FudanCraft I/MMParserExtractor: MMParserSource::start Allocation buffer size for audio track= 3000 
07-03 20:52:55.853 14131-14176/com.FDU308.FudanCraft D/cocos2d-x debug info: cocos2d: QuadCommand: resizing index size from [-1] to [2560]
07-03 20:52:55.895 14131-14170/com.FDU308.FudanCraft E/MM_OSAL: Data is not sufficient to validate AAC
07-03 20:52:55.895 14131-14170/com.FDU308.FudanCraft E/MM_OSAL: ValidateAACFile data not sufficient
07-03 20:52:55.895 14131-14170/com.FDU308.FudanCraft I/QComExtractorFactory: Sniff: Set key to use qti parser
07-03 20:52:55.895 14131-14170/com.FDU308.FudanCraft I/FFmpegExtractor: android-source:0xdebb7680
07-03 20:52:55.899 14131-14170/com.FDU308.FudanCraft D/FFmpegExtractor: SniffFFMPEG failed to sniff this source
07-03 20:52:55.899 14131-14170/com.FDU308.FudanCraft I/ExtendedExtractor: QTIParser is prefered
07-03 20:52:55.899 14131-14170/com.FDU308.FudanCraft D/MMParserExtractor: setExtraFlags called with flags 0 for paser instance debb76c0
07-03 20:52:55.899 14131-14170/com.FDU308.FudanCraft I/ExtendedExtractor: ExtendedExtractor::create 0xdebb76c0
07-03 20:52:55.899 14131-14170/com.FDU308.FudanCraft I/ExtendedExtractor: ExtendedExtractor::updateExtractor: Use default QTI parser 
07-03 20:52:55.899 14131-14170/com.FDU308.FudanCraft E/MM_OSAL: FileSource::FileSource
07-03 20:52:55.899 14131-14170/com.FDU308.FudanCraft E/MM_OSAL: FileSource::FileSource m_bEveryThingOK 1
07-03 20:52:55.899 14131-14170/com.FDU308.FudanCraft E/MM_OSAL: MM_File_Create failed .Efs Error No -1 , File Name /data/mmosal_logmask.cfg , Mode 0
07-03 20:52:55.899 14131-14170/com.FDU308.FudanCraft E/MM_OSAL: Open or read fail on /data/mmosal_logmask.cfg. Possible permission denied issue. Looking for /data/misc/media/mmosal_logmask.cfg
07-03 20:52:55.899 14131-14170/com.FDU308.FudanCraft E/MM_OSAL: MM_File_Create failed .Efs Error No -1 , File Name /data/misc/media/mmosal_logmask.cfg , Mode 0
07-03 20:52:55.900 14131-14294/com.FDU308.FudanCraft I/OMXClient: Using client-side OMX mux.
07-03 20:52:55.904 14131-14170/com.FDU308.FudanCraft D/MMParserExtractor: Using default parser out buffer size  = 3000 
07-03 20:52:55.904 14131-14170/com.FDU308.FudanCraft I/MMParserExtractor: MMParserSource::start Allocation buffer size for audio track= 3000 
07-03 20:52:55.927 14131-14170/com.FDU308.FudanCraft I/QComExtractorFactory: Sniff: Set key to use qti parser
07-03 20:52:55.927 14131-14170/com.FDU308.FudanCraft I/FFmpegExtractor: android-source:0xdebb7680
07-03 20:52:55.930 14131-14170/com.FDU308.FudanCraft D/FFmpegExtractor: SniffFFMPEG failed to sniff this source
07-03 20:52:55.930 14131-14170/com.FDU308.FudanCraft I/ExtendedExtractor: QTIParser is prefered
07-03 20:52:55.930 14131-14170/com.FDU308.FudanCraft D/MMParserExtractor: setExtraFlags called with flags 0 for paser instance debb76c0
07-03 20:52:55.930 14131-14170/com.FDU308.FudanCraft I/ExtendedExtractor: ExtendedExtractor::create 0xdebb76c0
07-03 20:52:55.930 14131-14170/com.FDU308.FudanCraft I/ExtendedExtractor: ExtendedExtractor::updateExtractor: Use default QTI parser 
07-03 20:52:55.930 14131-14170/com.FDU308.FudanCraft E/MM_OSAL: FileSource::FileSource
07-03 20:52:55.930 14131-14170/com.FDU308.FudanCraft E/MM_OSAL: FileSource::FileSource m_bEveryThingOK 1
07-03 20:52:55.931 14131-14170/com.FDU308.FudanCraft E/MM_OSAL: MM_File_Create failed .Efs Error No -1 , File Name /data/mmosal_logmask.cfg , Mode 0
07-03 20:52:55.931 14131-14170/com.FDU308.FudanCraft E/MM_OSAL: Open or read fail on /data/mmosal_logmask.cfg. Possible permission denied issue. Looking for /data/misc/media/mmosal_logmask.cfg
07-03 20:52:55.931 14131-14170/com.FDU308.FudanCraft E/MM_OSAL: MM_File_Create failed .Efs Error No -1 , File Name /data/misc/media/mmosal_logmask.cfg , Mode 0
07-03 20:52:55.933 14131-14299/com.FDU308.FudanCraft I/OMXClient: Using client-side OMX mux.
07-03 20:52:55.937 14131-14170/com.FDU308.FudanCraft D/MMParserExtractor: Using default parser out buffer size  = 3000 
07-03 20:52:55.937 14131-14170/com.FDU308.FudanCraft I/MMParserExtractor: MMParserSource::start Allocation buffer size for audio track= 3000 
07-03 20:52:55.992 14131-14170/com.FDU308.FudanCraft I/QComExtractorFactory: Sniff: Set key to use qti parser
07-03 20:52:55.992 14131-14170/com.FDU308.FudanCraft I/FFmpegExtractor: android-source:0xdebb7680
07-03 20:52:55.995 14131-14170/com.FDU308.FudanCraft D/FFmpegExtractor: SniffFFMPEG failed to sniff this source
07-03 20:52:55.995 14131-14170/com.FDU308.FudanCraft I/ExtendedExtractor: QTIParser is prefered
07-03 20:52:55.995 14131-14170/com.FDU308.FudanCraft D/MMParserExtractor: setExtraFlags called with flags 0 for paser instance debb76c0
07-03 20:52:55.995 14131-14170/com.FDU308.FudanCraft I/ExtendedExtractor: ExtendedExtractor::create 0xdebb76c0
07-03 20:52:55.995 14131-14170/com.FDU308.FudanCraft I/ExtendedExtractor: ExtendedExtractor::updateExtractor: Use default QTI parser 
07-03 20:52:55.995 14131-14170/com.FDU308.FudanCraft E/MM_OSAL: FileSource::FileSource
07-03 20:52:55.995 14131-14170/com.FDU308.FudanCraft E/MM_OSAL: FileSource::FileSource m_bEveryThingOK 1
07-03 20:52:55.996 14131-14170/com.FDU308.FudanCraft E/MM_OSAL: MM_File_Create failed .Efs Error No -1 , File Name /data/mmosal_logmask.cfg , Mode 0
07-03 20:52:55.996 14131-14170/com.FDU308.FudanCraft E/MM_OSAL: Open or read fail on /data/mmosal_logmask.cfg. Possible permission denied issue. Looking for /data/misc/media/mmosal_logmask.cfg
07-03 20:52:55.996 14131-14170/com.FDU308.FudanCraft E/MM_OSAL: MM_File_Create failed .Efs Error No -1 , File Name /data/misc/media/mmosal_logmask.cfg , Mode 0
07-03 20:52:55.997 14131-14314/com.FDU308.FudanCraft I/OMXClient: Using client-side OMX mux.
07-03 20:52:56.003 14131-14170/com.FDU308.FudanCraft D/MMParserExtractor: Using default parser out buffer size  = 3000 
07-03 20:52:56.003 14131-14170/com.FDU308.FudanCraft I/MMParserExtractor: MMParserSource::start Allocation buffer size for audio track= 3000 
07-03 20:52:56.027 14131-14170/com.FDU308.FudanCraft I/QComExtractorFactory: Sniff: Set key to use qti parser
07-03 20:52:56.027 14131-14170/com.FDU308.FudanCraft I/FFmpegExtractor: android-source:0xdebb7680
07-03 20:52:56.030 14131-14170/com.FDU308.FudanCraft D/FFmpegExtractor: SniffFFMPEG failed to sniff this source
07-03 20:52:56.030 14131-14170/com.FDU308.FudanCraft I/ExtendedExtractor: QTIParser is prefered
07-03 20:52:56.030 14131-14170/com.FDU308.FudanCraft D/MMParserExtractor: setExtraFlags called with flags 0 for paser instance debb76c0
07-03 20:52:56.030 14131-14170/com.FDU308.FudanCraft I/ExtendedExtractor: ExtendedExtractor::create 0xdebb76c0
07-03 20:52:56.030 14131-14170/com.FDU308.FudanCraft I/ExtendedExtractor: ExtendedExtractor::updateExtractor: Use default QTI parser 
07-03 20:52:56.030 14131-14170/com.FDU308.FudanCraft E/MM_OSAL: FileSource::FileSource
07-03 20:52:56.030 14131-14170/com.FDU308.FudanCraft E/MM_OSAL: FileSource::FileSource m_bEveryThingOK 1
07-03 20:52:56.031 14131-14170/com.FDU308.FudanCraft E/MM_OSAL: MM_File_Create failed .Efs Error No -1 , File Name /data/mmosal_logmask.cfg , Mode 0
07-03 20:52:56.031 14131-14170/com.FDU308.FudanCraft E/MM_OSAL: Open or read fail on /data/mmosal_logmask.cfg. Possible permission denied issue. Looking for /data/misc/media/mmosal_logmask.cfg
07-03 20:52:56.031 14131-14170/com.FDU308.FudanCraft E/MM_OSAL: MM_File_Create failed .Efs Error No -1 , File Name /data/misc/media/mmosal_logmask.cfg , Mode 0
07-03 20:52:56.032 14131-14323/com.FDU308.FudanCraft I/OMXClient: Using client-side OMX mux.
07-03 20:52:56.035 14131-14170/com.FDU308.FudanCraft D/MMParserExtractor: Using default parser out buffer size  = 3000 
07-03 20:52:56.035 14131-14170/com.FDU308.FudanCraft I/MMParserExtractor: MMParserSource::start Allocation buffer size for audio track= 3000 
07-03 20:52:56.053 14131-14170/com.FDU308.FudanCraft I/QComExtractorFactory: Sniff: Set key to use qti parser
07-03 20:52:56.053 14131-14170/com.FDU308.FudanCraft I/FFmpegExtractor: android-source:0xdebb7680
07-03 20:52:56.055 14131-14170/com.FDU308.FudanCraft D/FFmpegExtractor: SniffFFMPEG failed to sniff this source
07-03 20:52:56.056 14131-14170/com.FDU308.FudanCraft I/ExtendedExtractor: QTIParser is prefered
07-03 20:52:56.056 14131-14170/com.FDU308.FudanCraft D/MMParserExtractor: setExtraFlags called with flags 0 for paser instance debb76c0
07-03 20:52:56.056 14131-14170/com.FDU308.FudanCraft I/ExtendedExtractor: ExtendedExtractor::create 0xdebb76c0
07-03 20:52:56.056 14131-14170/com.FDU308.FudanCraft I/ExtendedExtractor: ExtendedExtractor::updateExtractor: Use default QTI parser 
07-03 20:52:56.056 14131-14170/com.FDU308.FudanCraft E/MM_OSAL: FileSource::FileSource
07-03 20:52:56.056 14131-14170/com.FDU308.FudanCraft E/MM_OSAL: FileSource::FileSource m_bEveryThingOK 1
07-03 20:52:56.056 14131-14170/com.FDU308.FudanCraft E/MM_OSAL: MM_File_Create failed .Efs Error No -1 , File Name /data/mmosal_logmask.cfg , Mode 0
07-03 20:52:56.056 14131-14170/com.FDU308.FudanCraft E/MM_OSAL: Open or read fail on /data/mmosal_logmask.cfg. Possible permission denied issue. Looking for /data/misc/media/mmosal_logmask.cfg
07-03 20:52:56.056 14131-14170/com.FDU308.FudanCraft E/MM_OSAL: MM_File_Create failed .Efs Error No -1 , File Name /data/misc/media/mmosal_logmask.cfg , Mode 0
07-03 20:52:56.057 14131-14327/com.FDU308.FudanCraft I/OMXClient: Using client-side OMX mux.
07-03 20:52:56.062 14131-14170/com.FDU308.FudanCraft D/MMParserExtractor: Using default parser out buffer size  = 3000 
07-03 20:52:56.062 14131-14170/com.FDU308.FudanCraft I/MMParserExtractor: MMParserSource::start Allocation buffer size for audio track= 3000 
07-03 20:52:56.077 14131-14170/com.FDU308.FudanCraft I/QComExtractorFactory: Sniff: Set key to use qti parser
07-03 20:52:56.077 14131-14170/com.FDU308.FudanCraft I/FFmpegExtractor: android-source:0xdebb7680
07-03 20:52:56.081 14131-14170/com.FDU308.FudanCraft D/FFmpegExtractor: SniffFFMPEG failed to sniff this source
07-03 20:52:56.081 14131-14170/com.FDU308.FudanCraft I/ExtendedExtractor: QTIParser is prefered
07-03 20:52:56.081 14131-14170/com.FDU308.FudanCraft D/MMParserExtractor: setExtraFlags called with flags 0 for paser instance debb76c0
07-03 20:52:56.081 14131-14170/com.FDU308.FudanCraft I/ExtendedExtractor: ExtendedExtractor::create 0xdebb76c0
07-03 20:52:56.081 14131-14170/com.FDU308.FudanCraft I/ExtendedExtractor: ExtendedExtractor::updateExtractor: Use default QTI parser 
07-03 20:52:56.081 14131-14170/com.FDU308.FudanCraft E/MM_OSAL: FileSource::FileSource
07-03 20:52:56.081 14131-14170/com.FDU308.FudanCraft E/MM_OSAL: FileSource::FileSource m_bEveryThingOK 1
07-03 20:52:56.081 14131-14170/com.FDU308.FudanCraft E/MM_OSAL: MM_File_Create failed .Efs Error No -1 , File Name /data/mmosal_logmask.cfg , Mode 0
07-03 20:52:56.081 14131-14170/com.FDU308.FudanCraft E/MM_OSAL: Open or read fail on /data/mmosal_logmask.cfg. Possible permission denied issue. Looking for /data/misc/media/mmosal_logmask.cfg
07-03 20:52:56.081 14131-14170/com.FDU308.FudanCraft E/MM_OSAL: MM_File_Create failed .Efs Error No -1 , File Name /data/misc/media/mmosal_logmask.cfg , Mode 0
07-03 20:52:56.082 14131-14330/com.FDU308.FudanCraft I/OMXClient: Using client-side OMX mux.
07-03 20:52:56.086 14131-14170/com.FDU308.FudanCraft D/MMParserExtractor: Using default parser out buffer size  = 3000 
07-03 20:52:56.086 14131-14170/com.FDU308.FudanCraft I/MMParserExtractor: MMParserSource::start Allocation buffer size for audio track= 3000 
07-03 20:52:56.106 14131-14170/com.FDU308.FudanCraft I/QComExtractorFactory: Sniff: Set key to use qti parser
07-03 20:52:56.106 14131-14170/com.FDU308.FudanCraft I/FFmpegExtractor: android-source:0xdebb7680
07-03 20:52:56.109 14131-14170/com.FDU308.FudanCraft D/FFmpegExtractor: SniffFFMPEG failed to sniff this source
07-03 20:52:56.109 14131-14170/com.FDU308.FudanCraft I/ExtendedExtractor: QTIParser is prefered
07-03 20:52:56.109 14131-14170/com.FDU308.FudanCraft D/MMParserExtractor: setExtraFlags called with flags 0 for paser instance debb76c0
07-03 20:52:56.109 14131-14170/com.FDU308.FudanCraft I/ExtendedExtractor: ExtendedExtractor::create 0xdebb76c0
07-03 20:52:56.109 14131-14170/com.FDU308.FudanCraft I/ExtendedExtractor: ExtendedExtractor::updateExtractor: Use default QTI parser 
07-03 20:52:56.109 14131-14170/com.FDU308.FudanCraft E/MM_OSAL: FileSource::FileSource
07-03 20:52:56.109 14131-14170/com.FDU308.FudanCraft E/MM_OSAL: FileSource::FileSource m_bEveryThingOK 1
07-03 20:52:56.109 14131-14170/com.FDU308.FudanCraft E/MM_OSAL: MM_File_Create failed .Efs Error No -1 , File Name /data/mmosal_logmask.cfg , Mode 0
07-03 20:52:56.109 14131-14170/com.FDU308.FudanCraft E/MM_OSAL: Open or read fail on /data/mmosal_logmask.cfg. Possible permission denied issue. Looking for /data/misc/media/mmosal_logmask.cfg
07-03 20:52:56.109 14131-14170/com.FDU308.FudanCraft E/MM_OSAL: MM_File_Create failed .Efs Error No -1 , File Name /data/misc/media/mmosal_logmask.cfg , Mode 0
07-03 20:52:56.110 14131-14333/com.FDU308.FudanCraft I/OMXClient: Using client-side OMX mux.
07-03 20:52:56.115 14131-14170/com.FDU308.FudanCraft D/MMParserExtractor: Using default parser out buffer size  = 3000 
07-03 20:52:56.115 14131-14170/com.FDU308.FudanCraft I/MMParserExtractor: MMParserSource::start Allocation buffer size for audio track= 3000 
07-03 20:53:11.852 14131-14131/com.FDU308.FudanCraft V/BoostFramework: BoostFramework() : mPerf = com.qualcomm.qti.Performance@81af7f0
07-03 20:53:12.761 14131-14176/com.FDU308.FudanCraft D/cocos2d-x debug info: server button pressed
07-03 20:53:12.761 14131-14176/com.FDU308.FudanCraft D/cocos2d-x debug info: FudanCraft: Trying to Load InputPort.png
                                                                             
                                                                             
                                                                             [ 07-03 20:53:12.763 14131:14176 E/         ]
                                                                             scaleX = 0.940767
07-03 20:53:12.764 14131-14176/com.FDU308.FudanCraft D/cocos2d-x debug info: cocos2d: fullPathForFilename: No file found at sans-serif. Possible missing file.
07-03 20:53:12.764 14131-14176/com.FDU308.FudanCraft D/cocos2d-x debug info: Warning! You can't change Android Hint fontName and fontSize
07-03 20:53:12.764 14131-14176/com.FDU308.FudanCraft D/cocos2d-x debug info: [Edit text] content size = (80.000000, 60.000000)
07-03 20:53:12.765 14131-14176/com.FDU308.FudanCraft D/cocos2d-x debug info: [Edit text] content size = (80.000000, 60.000000)
07-03 20:53:12.766 14131-14176/com.FDU308.FudanCraft D/cocos2d-x debug info: FudanCraft: Successfully Load InputPort.png
07-03 20:53:12.801 14131-14176/com.FDU308.FudanCraft D/cocos2d-x debug info: create rendererRecreatedListener for GLProgramState
07-03 20:53:12.802 14131-14176/com.FDU308.FudanCraft D/cocos2d-x debug info: [Edit text] content size = (80.000000, 60.000000)
07-03 20:53:13.650 14131-14176/com.FDU308.FudanCraft D/cocos2d-x debug info: FudanCraft: Trying to Start Server
07-03 20:53:13.652 14131-14176/com.FDU308.FudanCraft D/cocos2d-x debug info: FudanCraft: SocketServer Created!
07-03 20:53:13.653 14131-14176/com.FDU308.FudanCraft D/cocos2d-x debug info: FudanCraft: SocketClient Created!
07-03 20:53:13.653 14131-14176/com.FDU308.FudanCraft D/cocos2d-x debug info: create server and client on 8008
07-03 20:53:13.781 14131-14176/com.FDU308.FudanCraft D/cocos2d-x debug info: create rendererRecreatedListener for GLProgramState
07-03 20:53:14.223 14131-14662/com.FDU308.FudanCraft D/cocos2d-x debug info: SocketServer: Entering loop process
07-03 20:53:14.625 14131-14176/com.FDU308.FudanCraft D/cocos2d-x debug info: cocos2d: SpriteBatchNode: resizing TextureAtlas capacity from [5735] to [7648].
07-03 20:53:14.641 14131-14176/com.FDU308.FudanCraft D/cocos2d-x debug info: cocos2d: SpriteBatchNode: resizing TextureAtlas capacity from [7648] to [10198].
07-03 20:53:14.660 14131-14176/com.FDU308.FudanCraft D/cocos2d-x debug info: cocos2d: SpriteBatchNode: resizing TextureAtlas capacity from [10198] to [13598].
07-03 20:53:14.804 14131-14176/com.FDU308.FudanCraft D/cocos2d-x debug info: cocos2d: SpriteBatchNode: resizing TextureAtlas capacity from [5735] to [7648].
07-03 20:53:14.875 14131-14176/com.FDU308.FudanCraft D/cocos2d-x debug info: cocos2d: SpriteBatchNode: resizing TextureAtlas capacity from [5735] to [7648].
07-03 20:53:14.889 14131-14176/com.FDU308.FudanCraft D/cocos2d-x debug info: cocos2d: SpriteBatchNode: resizing TextureAtlas capacity from [7648] to [10198].
07-03 20:53:14.908 14131-14176/com.FDU308.FudanCraft D/cocos2d-x debug info: cocos2d: SpriteBatchNode: resizing TextureAtlas capacity from [10198] to [13598].
07-03 20:53:14.934 14131-14176/com.FDU308.FudanCraft D/cocos2d-x debug info: cocos2d: SpriteBatchNode: resizing TextureAtlas capacity from [13598] to [18132].
07-03 20:53:14.973 14131-14176/com.FDU308.FudanCraft D/cocos2d-x debug info: create rendererRecreatedListener for GLProgramState
07-03 20:53:14.973 14131-14176/com.FDU308.FudanCraft D/cocos2d-x debug info: BattleScene: Trying to Init Player ID
07-03 20:53:14.973 14131-14176/com.FDU308.FudanCraft D/cocos2d-x debug info: BattleScene: Get Player ID: 1
07-03 20:53:15.008 14131-14176/com.FDU308.FudanCraft D/cocos2d-x debug info: cocos2d: fullPathForFilename: No file found at Marker Felt. Possible missing file.
07-03 20:53:15.012 14131-14176/com.FDU308.FudanCraft E/ExtMediaPlayer-JNI: env->IsInstanceOf fails
07-03 20:53:15.012 14131-14176/com.FDU308.FudanCraft E/MediaPlayer-JNI: JNIMediaPlayerFactory: bIsQCMediaPlayerPresent 0
07-03 20:53:15.012 14131-14176/com.FDU308.FudanCraft E/ExtMediaPlayer-JNI: env->IsInstanceOf fails
07-03 20:53:15.012 14131-14176/com.FDU308.FudanCraft E/MediaPlayer-JNI: JNIMediaPlayerFactory: bIsQCMediaPlayerPresent 0
07-03 20:53:15.034 14131-14176/com.FDU308.FudanCraft D/MediaPlayer: setSubtitleAnchor in MediaPlayer
07-03 20:53:15.034 14131-14131/com.FDU308.FudanCraft D/MediaPlayer: setSubtitleAnchor in MediaPlayer
07-03 20:53:15.042 14131-14176/com.FDU308.FudanCraft D/cocos2d-x debug info: if back ground music playing 1
07-03 20:53:15.060 14131-14176/com.FDU308.FudanCraft W/AudioTrack: AUDIO_OUTPUT_FLAG_FAST denied by client; transfer 4, track 22050 Hz, output 48000 Hz
07-03 20:53:15.065 14131-14176/com.FDU308.FudanCraft D/cocos2d-x debug info: start game
07-03 20:53:15.187 14131-14176/com.FDU308.FudanCraft D/cocos2d-x debug info: UnitManager: Call Protobuf Success
07-03 20:53:15.187 14131-14176/com.FDU308.FudanCraft D/cocos2d-x debug info: SocketClient: Start to send string, length = 144
07-03 20:53:15.187 14131-14176/com.FDU308.FudanCraft D/cocos2d-x debug info: SocketClient: Start to write data, length = 144
07-03 20:53:15.187 14131-14176/com.FDU308.FudanCraft D/cocos2d-x debug info: SocketClient: Complete in encoding data
07-03 20:53:15.187 14131-14176/com.FDU308.FudanCraft D/cocos2d-x debug info: SocketClient: Finish writing data, length = 144
07-03 20:53:15.187 14131-14176/com.FDU308.FudanCraft D/cocos2d-x debug info: SocketClient: Finished in sending string, length = 144
07-03 20:53:15.187 14131-14176/com.FDU308.FudanCraft D/cocos2d-x debug info: UnitManager: Send Message via SocketClient Success
07-03 20:53:15.187 14131-14176/com.FDU308.FudanCraft D/cocos2d-x debug info: SocketClient: Start to read data
07-03 20:53:15.187 14131-14176/com.FDU308.FudanCraft D/cocos2d-x debug info: SocketClient: No error detected
07-03 20:53:15.188 14131-14176/com.FDU308.FudanCraft D/cocos2d-x debug info: SocketClient: Get data success
07-03 20:53:15.188 14131-14176/com.FDU308.FudanCraft D/cocos2d-x debug info: SocketClient: Unlock resource completed
07-03 20:53:15.188 14131-14176/com.FDU308.FudanCraft D/cocos2d-x debug info: SocketClient: Finished in reading data, length = 144
07-03 20:53:15.188 14131-14176/com.FDU308.FudanCraft D/cocos2d-x debug info: UnitManager: Receive Message via SocketClient Success
07-03 20:53:15.188 14131-14176/com.FDU308.FudanCraft D/cocos2d-x debug info: UnitManager: Read Message 0 Success
07-03 20:53:15.191 14131-14176/com.FDU308.FudanCraft D/cocos2d-x debug info: UnitManager: Read Message 1 Success
07-03 20:53:15.193 14131-14176/com.FDU308.FudanCraft D/cocos2d-x debug info: UnitManager: Read Message 2 Success
07-03 20:53:15.194 14131-14176/com.FDU308.FudanCraft D/cocos2d-x debug info: UnitManager: Read Message 3 Success
07-03 20:53:15.200 14131-14176/com.FDU308.FudanCraft D/cocos2d-x debug info: UnitManager: Read Message 4 Success
07-03 20:53:15.202 14131-14176/com.FDU308.FudanCraft D/cocos2d-x debug info: UnitManager: Read Message 5 Success
07-03 20:53:15.204 14131-14176/com.FDU308.FudanCraft D/cocos2d-x debug info: UnitManager: Read Message 6 Success
07-03 20:53:15.208 14131-14176/com.FDU308.FudanCraft D/cocos2d-x debug info: UnitManager: Read Message 7 Success
07-03 20:53:15.209 14131-14176/com.FDU308.FudanCraft D/cocos2d-x debug info: Unit: Trying to clear game message
07-03 20:53:15.277 14131-14176/com.FDU308.FudanCraft D/cocos2d-x debug info: UnitManager: Call Protobuf Success
07-03 20:53:15.278 14131-14176/com.FDU308.FudanCraft D/cocos2d-x debug info: SocketClient: Start to send string, length = 0
07-03 20:53:15.278 14131-14176/com.FDU308.FudanCraft D/cocos2d-x debug info: SocketClient: Start to write data, length = 0
07-03 20:53:15.278 14131-14176/com.FDU308.FudanCraft D/cocos2d-x debug info: SocketClient: Complete in encoding data
07-03 20:53:15.278 14131-14176/com.FDU308.FudanCraft D/cocos2d-x debug info: SocketClient: Finish writing data, length = 0
07-03 20:53:15.278 14131-14176/com.FDU308.FudanCraft D/cocos2d-x debug info: SocketClient: Finished in sending string, length = 0
07-03 20:53:15.278 14131-14176/com.FDU308.FudanCraft D/cocos2d-x debug info: UnitManager: Send Message via SocketClient Success
07-03 20:53:15.279 14131-14176/com.FDU308.FudanCraft D/cocos2d-x debug info: SocketClient: Start to read data
07-03 20:53:15.279 14131-14176/com.FDU308.FudanCraft D/cocos2d-x debug info: SocketClient: No error detected
07-03 20:53:15.279 14131-14662/com.FDU308.FudanCraft A/libc: Invalid address 0xf3e797f8 passed to free: value not allocated
07-03 20:53:15.279 14131-14662/com.FDU308.FudanCraft A/libc: Fatal signal 6 (SIGABRT), code -6 in tid 14662 (GLThread 3804)
07-03 20:53:15.279 14131-14176/com.FDU308.FudanCraft D/cocos2d-x debug info: SocketClient: Get data success
07-03 20:53:15.299 14131-14176/com.FDU308.FudanCraft D/cocos2d-x debug info: SocketClient: Unlock resource completed
07-03 20:53:15.299 14131-14176/com.FDU308.FudanCraft D/cocos2d-x debug info: SocketClient: Finished in reading data, length = 1
07-03 20:53:15.299 14131-14176/com.FDU308.FudanCraft D/cocos2d-x debug info: UnitManager: Receive Message via SocketClient Success
07-03 20:53:15.299 14131-14176/com.FDU308.FudanCraft D/cocos2d-x debug info: Unit: Trying to clear game message
07-03 20:53:15.299 14131-14176/com.FDU308.FudanCraft A/libc: Invalid address 0xf3e797f8 passed to free: value not allocated
07-03 20:53:15.299 14131-14176/com.FDU308.FudanCraft A/libc: Fatal signal 6 (SIGABRT), code -6 in tid 14176 (GLThread 3804)
07-03 20:53:15.299 14131-14176/com.FDU308.FudanCraft I/libc: Another thread contacted debuggerd first; not contacting debuggerd.
