07-03 23:10:32.784 30606-30606/? I/art: Late-enabling -Xcheck:jni
07-03 23:10:32.798 30606-30606/? D/TidaProvider: TidaProvider()
07-03 23:10:32.804 30606-30606/? V/BoostFramework: mAcquireFunc method = public int com.qualcomm.qti.Performance.perfLockAcquire(int,int[])
07-03 23:10:32.804 30606-30606/? V/BoostFramework: mReleaseFunc method = public int com.qualcomm.qti.Performance.perfLockRelease()
07-03 23:10:32.805 30606-30606/? V/BoostFramework: mAcquireTouchFunc method = public int com.qualcomm.qti.Performance.perfLockAcquireTouch(android.view.MotionEvent,android.util.DisplayMetrics,int,int[])
07-03 23:10:32.805 30606-30606/? V/BoostFramework: mIOPStart method = public int com.qualcomm.qti.Performance.perfIOPrefetchStart(int,java.lang.String)
07-03 23:10:32.805 30606-30606/? V/BoostFramework: mIOPStop method = public int com.qualcomm.qti.Performance.perfIOPrefetchStop()
07-03 23:10:32.813 30606-30606/? V/BoostFramework: BoostFramework() : mPerf = com.qualcomm.qti.Performance@249ac42
07-03 23:10:32.899 30606-30606/com.FDU308.FudanCraft W/ActivityThread: Application com.FDU308.FudanCraft is waiting for the debugger on port 8100...
07-03 23:10:32.903 30606-30606/com.FDU308.FudanCraft I/System.out: Sending WAIT chunk
07-03 23:10:44.520 30606-30613/com.FDU308.FudanCraft I/art: Debugger is active
07-03 23:10:44.575 30606-30606/com.FDU308.FudanCraft I/System.out: Debugger has connected
07-03 23:10:44.576 30606-30606/com.FDU308.FudanCraft I/System.out: waiting for debugger to settle...
07-03 23:10:44.776 30606-30606/com.FDU308.FudanCraft I/System.out: waiting for debugger to settle...
07-03 23:10:44.977 30606-30606/com.FDU308.FudanCraft I/System.out: waiting for debugger to settle...
07-03 23:10:45.180 30606-30606/com.FDU308.FudanCraft I/System.out: waiting for debugger to settle...
07-03 23:10:45.380 30606-30606/com.FDU308.FudanCraft I/System.out: waiting for debugger to settle...
07-03 23:10:45.581 30606-30606/com.FDU308.FudanCraft I/System.out: waiting for debugger to settle...
07-03 23:10:45.782 30606-30606/com.FDU308.FudanCraft I/System.out: waiting for debugger to settle...
07-03 23:10:45.983 30606-30606/com.FDU308.FudanCraft I/System.out: debugger has settled (1442)
07-03 23:11:26.503 30606-30606/com.FDU308.FudanCraft D/JniHelper: JniHelper::setJavaVM(0xf53fc000), pthread_self() = -144299212
07-03 23:11:26.503 30606-30606/com.FDU308.FudanCraft D/main: cocos_android_app_init
07-03 23:11:26.513 30606-30606/com.FDU308.FudanCraft D/Cocos2dxHelper: isSupportLowLatency:false
07-03 23:11:26.518 30606-30606/com.FDU308.FudanCraft D/Cocos2dxHelper: sampleRate: 48000, framesPerBuffer: 192
07-03 23:11:26.518 30606-30606/com.FDU308.FudanCraft D/Java_org_cocos2dx_lib_Cocos2dxHelper.cpp: nativeSetAudioDeviceInfo: sampleRate: 48000, bufferSizeInFrames: 192
07-03 23:11:27.624 30606-30606/com.FDU308.FudanCraft D/Cocos2dxActivity: model=MI 5s Plus
07-03 23:11:27.625 30606-30606/com.FDU308.FudanCraft D/Cocos2dxActivity: product=natrium
07-03 23:11:27.625 30606-30606/com.FDU308.FudanCraft D/Cocos2dxActivity: isEmulator=false
07-03 23:11:27.634 30606-30606/com.FDU308.FudanCraft D/EngineDataManager.cpp: nativeSetSupportOptimization: 0
07-03 23:11:27.636 30606-30606/com.FDU308.FudanCraft D/Cocos2dxActivity: onResume()
07-03 23:11:27.652 30606-30606/com.FDU308.FudanCraft D/ActivityThreadInjector: clearCachedDrawables.
07-03 23:11:27.694 30606-31464/com.FDU308.FudanCraft I/Adreno: QUALCOMM build                   : 9438ceb, I0ac3940325
                                                               Build Date                       : 10/26/16
                                                               OpenGL ES Shader Compiler Version: XE031.09.00.03
                                                               Local Branch                     : 
                                                               Remote Branch                    : 
                                                               Remote Branch                    : 
                                                               Reconstruct Branch               : 
07-03 23:11:27.721 30606-31464/com.FDU308.FudanCraft D/cocos2d-x debug info: {
                                                                             	gl.supports_OES_packed_depth_stencil: true
                                                                             	gl.supports_vertex_array_object: true
                                                                             	gl.supports_BGRA8888: false
                                                                             	gl.supports_ATITC: true
                                                                             	gl.supports_S3TC: false
                                                                             	cocos2d.x.version: cocos2d-x-3.15.1
                                                                             	gl.supports_discard_framebuffer: true
                                                                             	cocos2d.x.compiled_with_profiler: false
                                                                             	gl.supports_PVRTC: false
                                                                             	cocos2d.x.build_type: DEBUG
                                                                             	gl.renderer: Adreno (TM) 530
                                                                             	gl.supports_OES_depth24: true
                                                                             	gl.supports_ETC1: true
                                                                             	gl.supports_OES_map_buffer: false
                                                                             	cocos2d.x.compiled_with_gl_state_cache: true
                                                                             	gl.version: OpenGL ES 3.2 V@145.0 (GIT@I0ac3940325)
                                                                             	gl.supports_NPOT: true
                                                                             	gl.max_texture_units: 96
                                                                             	gl.vendor: Qualcomm
                                                                             	gl.max_texture_size: 16384
                                                                             }
07-03 23:11:27.724 30606-31464/com.FDU308.FudanCraft D/EngineDataManager.cpp: setAnimationInterval by game: 0.0167
07-03 23:11:27.724 30606-31464/com.FDU308.FudanCraft D/EngineDataManager.cpp: JNI setAnimationInterval: 0.016667
07-03 23:11:27.753 30606-30606/com.FDU308.FudanCraft D/Cocos2dxActivity: onWindowFocusChanged() hasFocus=true
07-03 23:11:28.120 30606-31464/com.FDU308.FudanCraft D/cocos2d-x debug info: create rendererRecreatedListener for GLProgramState
07-03 23:11:28.120 30606-31464/com.FDU308.FudanCraft D/cocos2d-x debug info: FudanCraft: HelloWorldScene Initialize Begin
07-03 23:11:28.120 30606-31464/com.FDU308.FudanCraft D/cocos2d-x debug info: cocos2d: fullPathForFilename: No file found at BackgroundPanel.png. Possible missing file.
07-03 23:11:28.120 30606-31464/com.FDU308.FudanCraft D/cocos2d-x debug info: FudanCraft: HelloWorldScene Read First Resource at Root Directory Fail
07-03 23:11:28.160 30606-31464/com.FDU308.FudanCraft D/cocos2d-x debug info: create rendererRecreatedListener for GLProgramState
07-03 23:11:28.160 30606-31464/com.FDU308.FudanCraft D/cocos2d-x debug info: FudanCraft: HelloWorldScene Read First Resource Success
07-03 23:11:28.160 30606-31464/com.FDU308.FudanCraft D/cocos2d-x debug info: FudanCraft: Set Position Success
07-03 23:11:28.160 30606-31464/com.FDU308.FudanCraft D/cocos2d-x debug info: FudanCraft: Set Scale Success
07-03 23:11:28.161 30606-31464/com.FDU308.FudanCraft D/cocos2d-x debug info: FudanCraft: Trying to Add Child
07-03 23:11:28.161 30606-31464/com.FDU308.FudanCraft D/cocos2d-x debug info: FudanCraft: Add First Child Success
07-03 23:11:28.165 30606-31464/com.FDU308.FudanCraft D/cocos2d-x debug info: FudanCraft: Create First Sprite Success
07-03 23:11:28.174 30606-31464/com.FDU308.FudanCraft D/cocos2d-x debug info: FudanCraft: HelloWorldScene Read Many Resources Success
07-03 23:11:28.174 30606-31464/com.FDU308.FudanCraft D/cocos2d-x debug info: FudanCraft: Trying to Preload Audio
07-03 23:11:28.174 30606-31464/com.FDU308.FudanCraft D/cocos2d: android SDK version:23
07-03 23:11:28.175 30606-31464/com.FDU308.FudanCraft E/ExtMediaPlayer-JNI: env->IsInstanceOf fails
07-03 23:11:28.175 30606-31464/com.FDU308.FudanCraft E/MediaPlayer-JNI: JNIMediaPlayerFactory: bIsQCMediaPlayerPresent 0
07-03 23:11:28.175 30606-31464/com.FDU308.FudanCraft E/ExtMediaPlayer-JNI: env->IsInstanceOf fails
07-03 23:11:28.175 30606-31464/com.FDU308.FudanCraft E/MediaPlayer-JNI: JNIMediaPlayerFactory: bIsQCMediaPlayerPresent 0
07-03 23:11:28.198 30606-31464/com.FDU308.FudanCraft D/MediaPlayer: setSubtitleAnchor in MediaPlayer
07-03 23:11:28.198 30606-30606/com.FDU308.FudanCraft D/MediaPlayer: setSubtitleAnchor in MediaPlayer
07-03 23:11:28.205 30606-31464/com.FDU308.FudanCraft E/ExtMediaPlayer-JNI: env->IsInstanceOf fails
07-03 23:11:28.205 30606-31464/com.FDU308.FudanCraft E/MediaPlayer-JNI: JNIMediaPlayerFactory: bIsQCMediaPlayerPresent 0
07-03 23:11:28.205 30606-31464/com.FDU308.FudanCraft E/ExtMediaPlayer-JNI: env->IsInstanceOf fails
07-03 23:11:28.205 30606-31464/com.FDU308.FudanCraft E/MediaPlayer-JNI: JNIMediaPlayerFactory: bIsQCMediaPlayerPresent 0
07-03 23:11:28.222 30606-30606/com.FDU308.FudanCraft D/MediaPlayer: setSubtitleAnchor in MediaPlayer
07-03 23:11:28.222 30606-31464/com.FDU308.FudanCraft D/MediaPlayer: setSubtitleAnchor in MediaPlayer
07-03 23:11:28.227 30606-31464/com.FDU308.FudanCraft D/cocos2d-x debug info: FudanCraft: HelloWorldScene Initialize Success
07-03 23:11:28.227 30606-31464/com.FDU308.FudanCraft D/EngineDataManager.cpp: setAnimationInterval by engine: 0.0167
07-03 23:11:28.227 30606-31464/com.FDU308.FudanCraft D/EngineDataManager.cpp: JNI setAnimationInterval: 0.016667
07-03 23:11:28.228 30606-31461/com.FDU308.FudanCraft E/WVMExtractor: Failed to open libwvm.so: dlopen failed: library "libwvm.so" not found
07-03 23:11:30.024 30606-30613/com.FDU308.FudanCraft W/art: Suspending all threads took: 922.405ms
07-03 23:11:30.025 30606-31461/com.FDU308.FudanCraft I/QComExtractorFactory: Sniff: Set key to use qti parser
07-03 23:11:30.050 30606-31461/com.FDU308.FudanCraft W/linker: /system/lib/libffmpeg_avcodec.so: is missing DT_SONAME will use basename as a replacement: "libffmpeg_avcodec.so"
07-03 23:11:30.063 30606-31464/com.FDU308.FudanCraft D/cocos2d-x debug info: cocos2d: QuadCommand: resizing index size from [-1] to [2560]
07-03 23:11:31.052 30606-30606/com.FDU308.FudanCraft V/BoostFramework: BoostFramework() : mPerf = com.qualcomm.qti.Performance@fa06445
07-03 23:11:31.479 30606-31461/com.FDU308.FudanCraft I/FFmpegExtractor: android-source:0xef18e280
07-03 23:11:31.484 30606-31461/com.FDU308.FudanCraft D/FFmpegExtractor: SniffFFMPEG failed to sniff this source
07-03 23:11:31.485 30606-31461/com.FDU308.FudanCraft I/ExtendedExtractor: QTIParser is prefered
07-03 23:11:31.485 30606-31461/com.FDU308.FudanCraft D/MMParserExtractor: setExtraFlags called with flags 0 for paser instance ef18e2c0
07-03 23:11:31.485 30606-31461/com.FDU308.FudanCraft I/ExtendedExtractor: ExtendedExtractor::create 0xef18e2c0
07-03 23:11:31.485 30606-31461/com.FDU308.FudanCraft I/ExtendedExtractor: ExtendedExtractor::updateExtractor: Use default QTI parser 
07-03 23:11:31.485 30606-31461/com.FDU308.FudanCraft E/MM_OSAL: FileSource::FileSource
07-03 23:11:31.485 30606-31461/com.FDU308.FudanCraft E/MM_OSAL: FileSource::FileSource m_bEveryThingOK 1
07-03 23:11:31.485 30606-31461/com.FDU308.FudanCraft E/MM_OSAL: MM_File_Create failed .Efs Error No -1 , File Name /data/mmosal_logmask.cfg , Mode 0
07-03 23:11:31.485 30606-31461/com.FDU308.FudanCraft E/MM_OSAL: Open or read fail on /data/mmosal_logmask.cfg. Possible permission denied issue. Looking for /data/misc/media/mmosal_logmask.cfg
07-03 23:11:31.485 30606-31461/com.FDU308.FudanCraft E/MM_OSAL: MM_File_Create failed .Efs Error No -1 , File Name /data/misc/media/mmosal_logmask.cfg , Mode 0
07-03 23:11:31.494 30606-31533/com.FDU308.FudanCraft I/OMXClient: Using client-side OMX mux.
07-03 23:11:33.180 30606-31461/com.FDU308.FudanCraft D/MMParserExtractor: Using default parser out buffer size  = 3000 
07-03 23:11:33.180 30606-31461/com.FDU308.FudanCraft I/MMParserExtractor: MMParserSource::start Allocation buffer size for audio track= 3000 
07-03 23:11:34.493 30606-31461/com.FDU308.FudanCraft E/MM_OSAL: Data is not sufficient to validate AAC
07-03 23:11:34.493 30606-31461/com.FDU308.FudanCraft E/MM_OSAL: ValidateAACFile data not sufficient
07-03 23:11:34.493 30606-31461/com.FDU308.FudanCraft I/QComExtractorFactory: Sniff: Set key to use qti parser
07-03 23:11:34.494 30606-31461/com.FDU308.FudanCraft I/FFmpegExtractor: android-source:0xef18e280
07-03 23:11:34.497 30606-31461/com.FDU308.FudanCraft D/FFmpegExtractor: SniffFFMPEG failed to sniff this source
07-03 23:11:34.497 30606-31461/com.FDU308.FudanCraft I/ExtendedExtractor: QTIParser is prefered
07-03 23:11:34.497 30606-31461/com.FDU308.FudanCraft D/MMParserExtractor: setExtraFlags called with flags 0 for paser instance ef18e2c0
07-03 23:11:34.497 30606-31461/com.FDU308.FudanCraft I/ExtendedExtractor: ExtendedExtractor::create 0xef18e2c0
07-03 23:11:34.497 30606-31461/com.FDU308.FudanCraft I/ExtendedExtractor: ExtendedExtractor::updateExtractor: Use default QTI parser 
07-03 23:11:34.497 30606-31461/com.FDU308.FudanCraft E/MM_OSAL: FileSource::FileSource
07-03 23:11:34.498 30606-31461/com.FDU308.FudanCraft E/MM_OSAL: FileSource::FileSource m_bEveryThingOK 1
07-03 23:11:34.498 30606-31461/com.FDU308.FudanCraft E/MM_OSAL: MM_File_Create failed .Efs Error No -1 , File Name /data/mmosal_logmask.cfg , Mode 0
07-03 23:11:34.498 30606-31461/com.FDU308.FudanCraft E/MM_OSAL: Open or read fail on /data/mmosal_logmask.cfg. Possible permission denied issue. Looking for /data/misc/media/mmosal_logmask.cfg
07-03 23:11:34.498 30606-31461/com.FDU308.FudanCraft E/MM_OSAL: MM_File_Create failed .Efs Error No -1 , File Name /data/misc/media/mmosal_logmask.cfg , Mode 0
07-03 23:11:34.500 30606-31587/com.FDU308.FudanCraft I/OMXClient: Using client-side OMX mux.
07-03 23:11:36.134 30606-31461/com.FDU308.FudanCraft D/MMParserExtractor: Using default parser out buffer size  = 3000 
07-03 23:11:36.136 30606-31461/com.FDU308.FudanCraft I/MMParserExtractor: MMParserSource::start Allocation buffer size for audio track= 3000 
07-03 23:11:37.997 30606-31461/com.FDU308.FudanCraft I/QComExtractorFactory: Sniff: Set key to use qti parser
07-03 23:11:37.997 30606-31461/com.FDU308.FudanCraft I/FFmpegExtractor: android-source:0xef18e280
07-03 23:11:38.011 30606-31461/com.FDU308.FudanCraft D/FFmpegExtractor: SniffFFMPEG failed to sniff this source
07-03 23:11:38.011 30606-31461/com.FDU308.FudanCraft I/ExtendedExtractor: QTIParser is prefered
07-03 23:11:38.011 30606-31461/com.FDU308.FudanCraft D/MMParserExtractor: setExtraFlags called with flags 0 for paser instance ef18e2c0
07-03 23:11:38.012 30606-31461/com.FDU308.FudanCraft I/ExtendedExtractor: ExtendedExtractor::create 0xef18e2c0
07-03 23:11:38.012 30606-31461/com.FDU308.FudanCraft I/ExtendedExtractor: ExtendedExtractor::updateExtractor: Use default QTI parser 
07-03 23:11:38.012 30606-31461/com.FDU308.FudanCraft E/MM_OSAL: FileSource::FileSource
07-03 23:11:38.012 30606-31461/com.FDU308.FudanCraft E/MM_OSAL: FileSource::FileSource m_bEveryThingOK 1
07-03 23:11:38.012 30606-31461/com.FDU308.FudanCraft E/MM_OSAL: MM_File_Create failed .Efs Error No -1 , File Name /data/mmosal_logmask.cfg , Mode 0
07-03 23:11:38.012 30606-31461/com.FDU308.FudanCraft E/MM_OSAL: Open or read fail on /data/mmosal_logmask.cfg. Possible permission denied issue. Looking for /data/misc/media/mmosal_logmask.cfg
07-03 23:11:38.012 30606-31461/com.FDU308.FudanCraft E/MM_OSAL: MM_File_Create failed .Efs Error No -1 , File Name /data/misc/media/mmosal_logmask.cfg , Mode 0
07-03 23:11:38.018 30606-31617/com.FDU308.FudanCraft I/OMXClient: Using client-side OMX mux.
07-03 23:11:40.014 30606-31461/com.FDU308.FudanCraft D/MMParserExtractor: Using default parser out buffer size  = 3000 
07-03 23:11:40.014 30606-31461/com.FDU308.FudanCraft I/MMParserExtractor: MMParserSource::start Allocation buffer size for audio track= 3000 
07-03 23:11:41.999 30606-31461/com.FDU308.FudanCraft I/QComExtractorFactory: Sniff: Set key to use qti parser
07-03 23:11:41.999 30606-31461/com.FDU308.FudanCraft I/FFmpegExtractor: android-source:0xef18e280
07-03 23:11:42.015 30606-31461/com.FDU308.FudanCraft D/FFmpegExtractor: SniffFFMPEG failed to sniff this source
07-03 23:11:42.016 30606-31461/com.FDU308.FudanCraft I/ExtendedExtractor: QTIParser is prefered
07-03 23:11:42.016 30606-31461/com.FDU308.FudanCraft D/MMParserExtractor: setExtraFlags called with flags 0 for paser instance ef18e2c0
07-03 23:11:42.016 30606-31461/com.FDU308.FudanCraft I/ExtendedExtractor: ExtendedExtractor::create 0xef18e2c0
07-03 23:11:42.016 30606-31461/com.FDU308.FudanCraft I/ExtendedExtractor: ExtendedExtractor::updateExtractor: Use default QTI parser 
07-03 23:11:42.017 30606-31461/com.FDU308.FudanCraft E/MM_OSAL: FileSource::FileSource
07-03 23:11:42.017 30606-31461/com.FDU308.FudanCraft E/MM_OSAL: FileSource::FileSource m_bEveryThingOK 1
07-03 23:11:42.017 30606-31461/com.FDU308.FudanCraft E/MM_OSAL: MM_File_Create failed .Efs Error No -1 , File Name /data/mmosal_logmask.cfg , Mode 0
07-03 23:11:42.017 30606-31461/com.FDU308.FudanCraft E/MM_OSAL: Open or read fail on /data/mmosal_logmask.cfg. Possible permission denied issue. Looking for /data/misc/media/mmosal_logmask.cfg
07-03 23:11:42.017 30606-31461/com.FDU308.FudanCraft E/MM_OSAL: MM_File_Create failed .Efs Error No -1 , File Name /data/misc/media/mmosal_logmask.cfg , Mode 0
07-03 23:11:42.027 30606-31624/com.FDU308.FudanCraft I/OMXClient: Using client-side OMX mux.
07-03 23:11:44.054 30606-31461/com.FDU308.FudanCraft D/MMParserExtractor: Using default parser out buffer size  = 3000 
07-03 23:11:44.054 30606-31461/com.FDU308.FudanCraft I/MMParserExtractor: MMParserSource::start Allocation buffer size for audio track= 3000 
07-03 23:11:46.274 30606-31461/com.FDU308.FudanCraft I/QComExtractorFactory: Sniff: Set key to use qti parser
07-03 23:11:46.274 30606-31461/com.FDU308.FudanCraft I/FFmpegExtractor: android-source:0xef18e280
07-03 23:11:46.280 30606-31461/com.FDU308.FudanCraft D/FFmpegExtractor: SniffFFMPEG failed to sniff this source
07-03 23:11:46.280 30606-31461/com.FDU308.FudanCraft I/ExtendedExtractor: QTIParser is prefered
07-03 23:11:46.280 30606-31461/com.FDU308.FudanCraft D/MMParserExtractor: setExtraFlags called with flags 0 for paser instance ef18e2c0
07-03 23:11:46.280 30606-31461/com.FDU308.FudanCraft I/ExtendedExtractor: ExtendedExtractor::create 0xef18e2c0
07-03 23:11:46.280 30606-31461/com.FDU308.FudanCraft I/ExtendedExtractor: ExtendedExtractor::updateExtractor: Use default QTI parser 
07-03 23:11:46.280 30606-31461/com.FDU308.FudanCraft E/MM_OSAL: FileSource::FileSource
07-03 23:11:46.280 30606-31461/com.FDU308.FudanCraft E/MM_OSAL: FileSource::FileSource m_bEveryThingOK 1
07-03 23:11:46.280 30606-31461/com.FDU308.FudanCraft E/MM_OSAL: MM_File_Create failed .Efs Error No -1 , File Name /data/mmosal_logmask.cfg , Mode 0
07-03 23:11:46.280 30606-31461/com.FDU308.FudanCraft E/MM_OSAL: Open or read fail on /data/mmosal_logmask.cfg. Possible permission denied issue. Looking for /data/misc/media/mmosal_logmask.cfg
07-03 23:11:46.280 30606-31461/com.FDU308.FudanCraft E/MM_OSAL: MM_File_Create failed .Efs Error No -1 , File Name /data/misc/media/mmosal_logmask.cfg , Mode 0
07-03 23:11:46.284 30606-31631/com.FDU308.FudanCraft I/OMXClient: Using client-side OMX mux.
07-03 23:11:48.106 30606-31461/com.FDU308.FudanCraft D/MMParserExtractor: Using default parser out buffer size  = 3000 
07-03 23:11:48.106 30606-31461/com.FDU308.FudanCraft I/MMParserExtractor: MMParserSource::start Allocation buffer size for audio track= 3000 
07-03 23:11:50.142 30606-31461/com.FDU308.FudanCraft I/QComExtractorFactory: Sniff: Set key to use qti parser
07-03 23:11:50.143 30606-31461/com.FDU308.FudanCraft I/FFmpegExtractor: android-source:0xef18e280
07-03 23:11:50.152 30606-31461/com.FDU308.FudanCraft D/FFmpegExtractor: SniffFFMPEG failed to sniff this source
07-03 23:11:50.153 30606-31461/com.FDU308.FudanCraft I/ExtendedExtractor: QTIParser is prefered
07-03 23:11:50.153 30606-31461/com.FDU308.FudanCraft D/MMParserExtractor: setExtraFlags called with flags 0 for paser instance ef18e2c0
07-03 23:11:50.153 30606-31461/com.FDU308.FudanCraft I/ExtendedExtractor: ExtendedExtractor::create 0xef18e2c0
07-03 23:11:50.153 30606-31461/com.FDU308.FudanCraft I/ExtendedExtractor: ExtendedExtractor::updateExtractor: Use default QTI parser 
07-03 23:11:50.153 30606-31461/com.FDU308.FudanCraft E/MM_OSAL: FileSource::FileSource
07-03 23:11:50.153 30606-31461/com.FDU308.FudanCraft E/MM_OSAL: FileSource::FileSource m_bEveryThingOK 1
07-03 23:11:50.153 30606-31461/com.FDU308.FudanCraft E/MM_OSAL: MM_File_Create failed .Efs Error No -1 , File Name /data/mmosal_logmask.cfg , Mode 0
07-03 23:11:50.153 30606-31461/com.FDU308.FudanCraft E/MM_OSAL: Open or read fail on /data/mmosal_logmask.cfg. Possible permission denied issue. Looking for /data/misc/media/mmosal_logmask.cfg
07-03 23:11:50.153 30606-31461/com.FDU308.FudanCraft E/MM_OSAL: MM_File_Create failed .Efs Error No -1 , File Name /data/misc/media/mmosal_logmask.cfg , Mode 0
07-03 23:11:50.159 30606-31687/com.FDU308.FudanCraft I/OMXClient: Using client-side OMX mux.
07-03 23:11:52.055 30606-31461/com.FDU308.FudanCraft D/MMParserExtractor: Using default parser out buffer size  = 3000 
07-03 23:11:52.057 30606-31461/com.FDU308.FudanCraft I/MMParserExtractor: MMParserSource::start Allocation buffer size for audio track= 3000 
07-03 23:11:54.161 30606-31461/com.FDU308.FudanCraft I/QComExtractorFactory: Sniff: Set key to use qti parser
07-03 23:11:54.161 30606-31461/com.FDU308.FudanCraft I/FFmpegExtractor: android-source:0xef18e280
07-03 23:11:54.183 30606-31461/com.FDU308.FudanCraft D/FFmpegExtractor: SniffFFMPEG failed to sniff this source
07-03 23:11:54.183 30606-31461/com.FDU308.FudanCraft I/ExtendedExtractor: QTIParser is prefered
07-03 23:11:54.183 30606-31461/com.FDU308.FudanCraft D/MMParserExtractor: setExtraFlags called with flags 0 for paser instance ef18e2c0
07-03 23:11:54.183 30606-31461/com.FDU308.FudanCraft I/ExtendedExtractor: ExtendedExtractor::create 0xef18e2c0
07-03 23:11:54.183 30606-31461/com.FDU308.FudanCraft I/ExtendedExtractor: ExtendedExtractor::updateExtractor: Use default QTI parser 
07-03 23:11:54.183 30606-31461/com.FDU308.FudanCraft E/MM_OSAL: FileSource::FileSource
07-03 23:11:54.183 30606-31461/com.FDU308.FudanCraft E/MM_OSAL: FileSource::FileSource m_bEveryThingOK 1
07-03 23:11:54.183 30606-31461/com.FDU308.FudanCraft E/MM_OSAL: MM_File_Create failed .Efs Error No -1 , File Name /data/mmosal_logmask.cfg , Mode 0
07-03 23:11:54.183 30606-31461/com.FDU308.FudanCraft E/MM_OSAL: Open or read fail on /data/mmosal_logmask.cfg. Possible permission denied issue. Looking for /data/misc/media/mmosal_logmask.cfg
07-03 23:11:54.183 30606-31461/com.FDU308.FudanCraft E/MM_OSAL: MM_File_Create failed .Efs Error No -1 , File Name /data/misc/media/mmosal_logmask.cfg , Mode 0
07-03 23:11:54.186 30606-31756/com.FDU308.FudanCraft I/OMXClient: Using client-side OMX mux.
07-03 23:11:55.402 30606-31464/com.FDU308.FudanCraft D/cocos2d-x debug info: server button pressed
07-03 23:11:55.609 30606-31464/com.FDU308.FudanCraft D/cocos2d-x debug info: FudanCraft: Trying to Load InputPort.png
                                                                             
                                                                             
                                                                             [ 07-03 23:11:55.831 30606:31464 E/         ]
                                                                             scaleX = 0.940767
07-03 23:11:55.832 30606-31464/com.FDU308.FudanCraft D/cocos2d-x debug info: cocos2d: fullPathForFilename: No file found at sans-serif. Possible missing file.
07-03 23:11:55.833 30606-31464/com.FDU308.FudanCraft D/cocos2d-x debug info: Warning! You can't change Android Hint fontName and fontSize
07-03 23:11:55.833 30606-31464/com.FDU308.FudanCraft D/cocos2d-x debug info: [Edit text] content size = (80.000000, 60.000000)
07-03 23:11:55.834 30606-31464/com.FDU308.FudanCraft D/cocos2d-x debug info: [Edit text] content size = (80.000000, 60.000000)
07-03 23:11:55.834 30606-31464/com.FDU308.FudanCraft D/cocos2d-x debug info: FudanCraft: Successfully Load InputPort.png
07-03 23:11:55.836 30606-31461/com.FDU308.FudanCraft D/MMParserExtractor: Using default parser out buffer size  = 3000 
07-03 23:11:55.836 30606-31461/com.FDU308.FudanCraft I/MMParserExtractor: MMParserSource::start Allocation buffer size for audio track= 3000 
07-03 23:11:56.828 30606-31464/com.FDU308.FudanCraft D/cocos2d-x debug info: create rendererRecreatedListener for GLProgramState
07-03 23:11:57.548 30606-31464/com.FDU308.FudanCraft D/cocos2d-x debug info: [Edit text] content size = (80.000000, 60.000000)
07-03 23:11:57.961 30606-31461/com.FDU308.FudanCraft I/QComExtractorFactory: Sniff: Set key to use qti parser
07-03 23:11:57.962 30606-31461/com.FDU308.FudanCraft I/FFmpegExtractor: android-source:0xef18e280
07-03 23:11:57.974 30606-31461/com.FDU308.FudanCraft D/FFmpegExtractor: SniffFFMPEG failed to sniff this source
07-03 23:11:57.974 30606-31461/com.FDU308.FudanCraft I/ExtendedExtractor: QTIParser is prefered
07-03 23:11:57.974 30606-31461/com.FDU308.FudanCraft D/MMParserExtractor: setExtraFlags called with flags 0 for paser instance ef18e2c0
07-03 23:11:57.974 30606-31461/com.FDU308.FudanCraft I/ExtendedExtractor: ExtendedExtractor::create 0xef18e2c0
07-03 23:11:57.974 30606-31461/com.FDU308.FudanCraft I/ExtendedExtractor: ExtendedExtractor::updateExtractor: Use default QTI parser 
07-03 23:11:57.974 30606-31461/com.FDU308.FudanCraft E/MM_OSAL: FileSource::FileSource
07-03 23:11:57.974 30606-31461/com.FDU308.FudanCraft E/MM_OSAL: FileSource::FileSource m_bEveryThingOK 1
07-03 23:11:57.974 30606-31461/com.FDU308.FudanCraft E/MM_OSAL: MM_File_Create failed .Efs Error No -1 , File Name /data/mmosal_logmask.cfg , Mode 0
07-03 23:11:57.974 30606-31461/com.FDU308.FudanCraft E/MM_OSAL: Open or read fail on /data/mmosal_logmask.cfg. Possible permission denied issue. Looking for /data/misc/media/mmosal_logmask.cfg
07-03 23:11:57.974 30606-31461/com.FDU308.FudanCraft E/MM_OSAL: MM_File_Create failed .Efs Error No -1 , File Name /data/misc/media/mmosal_logmask.cfg , Mode 0
07-03 23:11:57.980 30606-31814/com.FDU308.FudanCraft I/OMXClient: Using client-side OMX mux.
07-03 23:12:00.163 30606-31464/com.FDU308.FudanCraft I/Adreno: BLTLIB: Semaphore Timeout, disabling MT
07-03 23:12:00.179 30606-31461/com.FDU308.FudanCraft D/MMParserExtractor: Using default parser out buffer size  = 3000 
07-03 23:12:00.179 30606-31461/com.FDU308.FudanCraft I/MMParserExtractor: MMParserSource::start Allocation buffer size for audio track= 3000 
07-03 23:12:04.373 30606-31464/com.FDU308.FudanCraft D/cocos2d-x debug info: FudanCraft: Trying to Start Server
07-03 23:12:04.377 30606-31464/com.FDU308.FudanCraft D/cocos2d-x debug info: FudanCraft: SocketServer Created!
07-03 23:12:04.379 30606-31464/com.FDU308.FudanCraft D/cocos2d-x debug info: FudanCraft: SocketClient Created!
07-03 23:12:04.379 30606-31464/com.FDU308.FudanCraft D/cocos2d-x debug info: create server and client on 8008
07-03 23:12:04.504 30606-31464/com.FDU308.FudanCraft D/cocos2d-x debug info: create rendererRecreatedListener for GLProgramState
07-03 23:12:05.866 30606-31933/com.FDU308.FudanCraft D/cocos2d-x debug info: SocketServer: Entering loop process
07-03 23:12:05.867 30606-31933/com.FDU308.FudanCraft D/cocos2d-x debug info: SocketServer: Initialize process loop
07-03 23:12:05.867 30606-31933/com.FDU308.FudanCraft D/cocos2d-x debug info: SocketServer: Trying to read data
07-03 23:12:06.270 30606-31464/com.FDU308.FudanCraft D/cocos2d-x debug info: cocos2d: SpriteBatchNode: resizing TextureAtlas capacity from [5735] to [7648].
07-03 23:12:06.285 30606-31464/com.FDU308.FudanCraft D/cocos2d-x debug info: cocos2d: SpriteBatchNode: resizing TextureAtlas capacity from [7648] to [10198].
07-03 23:12:06.305 30606-31464/com.FDU308.FudanCraft D/cocos2d-x debug info: cocos2d: SpriteBatchNode: resizing TextureAtlas capacity from [10198] to [13598].
07-03 23:12:06.450 30606-31464/com.FDU308.FudanCraft D/cocos2d-x debug info: cocos2d: SpriteBatchNode: resizing TextureAtlas capacity from [5735] to [7648].
07-03 23:12:06.521 30606-31464/com.FDU308.FudanCraft D/cocos2d-x debug info: cocos2d: SpriteBatchNode: resizing TextureAtlas capacity from [5735] to [7648].
07-03 23:12:06.536 30606-31464/com.FDU308.FudanCraft D/cocos2d-x debug info: cocos2d: SpriteBatchNode: resizing TextureAtlas capacity from [7648] to [10198].
07-03 23:12:06.556 30606-31464/com.FDU308.FudanCraft D/cocos2d-x debug info: cocos2d: SpriteBatchNode: resizing TextureAtlas capacity from [10198] to [13598].
07-03 23:12:06.581 30606-31464/com.FDU308.FudanCraft D/cocos2d-x debug info: cocos2d: SpriteBatchNode: resizing TextureAtlas capacity from [13598] to [18132].
07-03 23:12:06.620 30606-31464/com.FDU308.FudanCraft D/cocos2d-x debug info: create rendererRecreatedListener for GLProgramState
07-03 23:12:06.620 30606-31464/com.FDU308.FudanCraft D/cocos2d-x debug info: BattleScene: Trying to Init Player ID
07-03 23:12:06.620 30606-31464/com.FDU308.FudanCraft D/cocos2d-x debug info: BattleScene: Get Player ID: 1
07-03 23:12:06.653 30606-31464/com.FDU308.FudanCraft D/cocos2d-x debug info: cocos2d: fullPathForFilename: No file found at Marker Felt. Possible missing file.
07-03 23:12:06.657 30606-31464/com.FDU308.FudanCraft E/ExtMediaPlayer-JNI: env->IsInstanceOf fails
07-03 23:12:06.657 30606-31464/com.FDU308.FudanCraft E/MediaPlayer-JNI: JNIMediaPlayerFactory: bIsQCMediaPlayerPresent 0
07-03 23:12:06.657 30606-31464/com.FDU308.FudanCraft E/ExtMediaPlayer-JNI: env->IsInstanceOf fails
07-03 23:12:06.657 30606-31464/com.FDU308.FudanCraft E/MediaPlayer-JNI: JNIMediaPlayerFactory: bIsQCMediaPlayerPresent 0
07-03 23:12:06.680 30606-31464/com.FDU308.FudanCraft D/MediaPlayer: setSubtitleAnchor in MediaPlayer
07-03 23:12:06.680 30606-30606/com.FDU308.FudanCraft D/MediaPlayer: setSubtitleAnchor in MediaPlayer
07-03 23:12:06.687 30606-31464/com.FDU308.FudanCraft D/cocos2d-x debug info: if back ground music playing 1
07-03 23:12:06.690 30606-31464/com.FDU308.FudanCraft W/AudioTrack: AUDIO_OUTPUT_FLAG_FAST denied by client; transfer 4, track 22050 Hz, output 48000 Hz
07-03 23:12:06.693 30606-31464/com.FDU308.FudanCraft D/cocos2d-x debug info: start game
07-03 23:12:06.813 30606-31464/com.FDU308.FudanCraft D/cocos2d-x debug info: UnitManager: Call Protobuf Success
07-03 23:12:06.813 30606-31464/com.FDU308.FudanCraft D/cocos2d-x debug info: SocketClient: Start to send string, length = 144
07-03 23:12:06.813 30606-31464/com.FDU308.FudanCraft D/cocos2d-x debug info: SocketClient: Start to write data, length = 144
07-03 23:12:06.813 30606-31464/com.FDU308.FudanCraft D/cocos2d-x debug info: SocketClient: Complete in encoding data
07-03 23:12:06.814 30606-31464/com.FDU308.FudanCraft D/cocos2d-x debug info: SocketClient: Finish writing data, length = 144
07-03 23:12:06.814 30606-31464/com.FDU308.FudanCraft D/cocos2d-x debug info: SocketClient: write_data() trying to release string: 4013859736
07-03 23:12:06.814 30606-31464/com.FDU308.FudanCraft D/cocos2d-x debug info: SocketClient: write_data() trying to release socket_message: 4013851500
07-03 23:12:06.814 30606-31464/com.FDU308.FudanCraft D/cocos2d-x debug info: SocketClient: Finished in sending string, length = 144
07-03 23:12:06.814 30606-31464/com.FDU308.FudanCraft D/cocos2d-x debug info: SocketClient: send_string() trying to release string: 4013859788
07-03 23:12:06.814 30606-31464/com.FDU308.FudanCraft D/cocos2d-x debug info: SocketClient: Client address: 3731458048
07-03 23:12:06.814 30606-31464/com.FDU308.FudanCraft D/cocos2d-x debug info: UnitManager: Send Message via SocketClient Success
07-03 23:12:06.814 30606-31464/com.FDU308.FudanCraft D/cocos2d-x debug info: SocketClient: Start to read data
07-03 23:12:06.814 30606-31464/com.FDU308.FudanCraft D/cocos2d-x debug info: SocketClient: No error detected
07-03 23:12:06.814 30606-31933/com.FDU308.FudanCraft D/cocos2d-x debug info: SocketServer: Reading data completed, num = 1
07-03 23:12:06.814 30606-31933/com.FDU308.FudanCraft D/cocos2d-x debug info: SocketServer: Distributing data completed
07-03 23:12:06.814 30606-31933/com.FDU308.FudanCraft D/cocos2d-x debug info: SocketServer: Mutex to be released: 3928557284
07-03 23:12:06.814 30606-31933/com.FDU308.FudanCraft D/cocos2d-x debug info: SocketServer: Lock to be released: 3675523136
07-03 23:12:06.814 30606-31933/com.FDU308.FudanCraft D/cocos2d-x debug info: SocketServer: Vector to be released: 3675523152
07-03 23:12:06.814 30606-31933/com.FDU308.FudanCraft D/cocos2d-x debug info: SocketServer: Msg to be released: 3675523112
07-03 23:12:06.814 30606-31933/com.FDU308.FudanCraft D/cocos2d-x debug info: SocketServer: Initialize process loop
07-03 23:12:06.815 30606-31933/com.FDU308.FudanCraft D/cocos2d-x debug info: SocketServer: Trying to read data
07-03 23:12:06.815 30606-31464/com.FDU308.FudanCraft D/cocos2d-x debug info: SocketClient: Get data success
07-03 23:12:06.815 30606-31464/com.FDU308.FudanCraft D/cocos2d-x debug info: SocketClient: Unlock resource completed
07-03 23:12:06.815 30606-31464/com.FDU308.FudanCraft D/cocos2d-x debug info: SocketClient: Finished in reading data, length = 144
07-03 23:12:06.815 30606-31464/com.FDU308.FudanCraft D/cocos2d-x debug info: SocketClient: read_data() trying to release lock: 4013851508
07-03 23:12:06.815 30606-31464/com.FDU308.FudanCraft D/cocos2d-x debug info: UnitManager: Receive Message via SocketClient Success
07-03 23:12:06.815 30606-31464/com.FDU308.FudanCraft D/cocos2d-x debug info: UnitManager: Read Message 0 Success
07-03 23:12:06.819 30606-31464/com.FDU308.FudanCraft D/cocos2d-x debug info: UnitManager: Read Message 1 Success
07-03 23:12:06.820 30606-31464/com.FDU308.FudanCraft D/cocos2d-x debug info: UnitManager: Read Message 2 Success
07-03 23:12:06.821 30606-31464/com.FDU308.FudanCraft D/cocos2d-x debug info: UnitManager: Read Message 3 Success
07-03 23:12:06.827 30606-31464/com.FDU308.FudanCraft D/cocos2d-x debug info: UnitManager: Read Message 4 Success
07-03 23:12:06.829 30606-31464/com.FDU308.FudanCraft D/cocos2d-x debug info: UnitManager: Read Message 5 Success
07-03 23:12:06.832 30606-31464/com.FDU308.FudanCraft D/cocos2d-x debug info: UnitManager: Read Message 6 Success
07-03 23:12:06.835 30606-31464/com.FDU308.FudanCraft D/cocos2d-x debug info: UnitManager: Read Message 7 Success
07-03 23:12:06.836 30606-31464/com.FDU308.FudanCraft D/cocos2d-x debug info: Unit: Trying to clear game message
07-03 23:12:06.906 30606-31464/com.FDU308.FudanCraft D/cocos2d-x debug info: UnitManager: Call Protobuf Success
07-03 23:12:06.906 30606-31464/com.FDU308.FudanCraft D/cocos2d-x debug info: SocketClient: Start to send string, length = 0
07-03 23:12:06.906 30606-31464/com.FDU308.FudanCraft D/cocos2d-x debug info: SocketClient: Start to write data, length = 0
07-03 23:12:06.906 30606-31464/com.FDU308.FudanCraft D/cocos2d-x debug info: SocketClient: Complete in encoding data
07-03 23:12:06.907 30606-31933/com.FDU308.FudanCraft D/cocos2d-x debug info: SocketServer: Reading data completed, num = 1
07-03 23:12:06.907 30606-31933/com.FDU308.FudanCraft D/cocos2d-x debug info: SocketServer: Distributing data completed
07-03 23:12:06.907 30606-31933/com.FDU308.FudanCraft D/cocos2d-x debug info: SocketServer: Mutex to be released: 3928557284
07-03 23:12:06.907 30606-31933/com.FDU308.FudanCraft D/cocos2d-x debug info: SocketServer: Lock to be released: 3675523136
07-03 23:12:06.907 30606-31933/com.FDU308.FudanCraft D/cocos2d-x debug info: SocketServer: Vector to be released: 3675523152
07-03 23:12:06.907 30606-31933/com.FDU308.FudanCraft D/cocos2d-x debug info: SocketServer: Msg to be released: 3675523112
07-03 23:12:06.907 30606-31933/com.FDU308.FudanCraft D/cocos2d-x debug info: SocketServer: Initialize process loop
07-03 23:12:06.907 30606-31933/com.FDU308.FudanCraft D/cocos2d-x debug info: SocketServer: Trying to read data
07-03 23:12:06.907 30606-31464/com.FDU308.FudanCraft D/cocos2d-x debug info: SocketClient: Finish writing data, length = 0
07-03 23:12:06.910 30606-31464/com.FDU308.FudanCraft D/cocos2d-x debug info: SocketClient: write_data() trying to release string: 4013859736
07-03 23:12:06.910 30606-31464/com.FDU308.FudanCraft D/cocos2d-x debug info: SocketClient: write_data() trying to release socket_message: 4013851500
07-03 23:12:06.910 30606-31464/com.FDU308.FudanCraft D/cocos2d-x debug info: SocketClient: Finished in sending string, length = 0
07-03 23:12:06.910 30606-31464/com.FDU308.FudanCraft D/cocos2d-x debug info: SocketClient: send_string() trying to release string: 4013859788
07-03 23:12:06.910 30606-31464/com.FDU308.FudanCraft D/cocos2d-x debug info: SocketClient: Client address: 3731458048
