07-03 19:27:11.697 10808-10808/? I/art: Late-enabling -Xcheck:jni
07-03 19:27:11.709 10808-10808/? D/TidaProvider: TidaProvider()
07-03 19:27:11.715 10808-10808/? V/BoostFramework: mAcquireFunc method = public int com.qualcomm.qti.Performance.perfLockAcquire(int,int[])
07-03 19:27:11.715 10808-10808/? V/BoostFramework: mReleaseFunc method = public int com.qualcomm.qti.Performance.perfLockRelease()
07-03 19:27:11.715 10808-10808/? V/BoostFramework: mAcquireTouchFunc method = public int com.qualcomm.qti.Performance.perfLockAcquireTouch(android.view.MotionEvent,android.util.DisplayMetrics,int,int[])
07-03 19:27:11.715 10808-10808/? V/BoostFramework: mIOPStart method = public int com.qualcomm.qti.Performance.perfIOPrefetchStart(int,java.lang.String)
07-03 19:27:11.715 10808-10808/? V/BoostFramework: mIOPStop method = public int com.qualcomm.qti.Performance.perfIOPrefetchStop()
07-03 19:27:11.717 10808-10808/? V/BoostFramework: BoostFramework() : mPerf = com.qualcomm.qti.Performance@249ac42
07-03 19:27:11.875 10808-10808/com.FDU308.FudanCraft D/JniHelper: JniHelper::setJavaVM(0xf53fc000), pthread_self() = -144299212
07-03 19:27:11.875 10808-10808/com.FDU308.FudanCraft D/main: cocos_android_app_init
07-03 19:27:11.876 10808-10808/com.FDU308.FudanCraft D/Cocos2dxHelper: isSupportLowLatency:false
07-03 19:27:11.883 10808-10808/com.FDU308.FudanCraft D/Cocos2dxHelper: sampleRate: 48000, framesPerBuffer: 192
07-03 19:27:11.883 10808-10808/com.FDU308.FudanCraft D/Java_org_cocos2dx_lib_Cocos2dxHelper.cpp: nativeSetAudioDeviceInfo: sampleRate: 48000, bufferSizeInFrames: 192
07-03 19:27:11.920 10808-10808/com.FDU308.FudanCraft D/Cocos2dxActivity: model=MI 5s Plus
07-03 19:27:11.920 10808-10808/com.FDU308.FudanCraft D/Cocos2dxActivity: product=natrium
07-03 19:27:11.921 10808-10808/com.FDU308.FudanCraft D/Cocos2dxActivity: isEmulator=false
07-03 19:27:11.923 10808-10808/com.FDU308.FudanCraft D/EngineDataManager.cpp: nativeSetSupportOptimization: 0
07-03 19:27:11.924 10808-10808/com.FDU308.FudanCraft D/Cocos2dxActivity: onResume()
07-03 19:27:11.932 10808-10808/com.FDU308.FudanCraft D/ActivityThreadInjector: clearCachedDrawables.
07-03 19:27:11.960 10808-10845/com.FDU308.FudanCraft I/Adreno: QUALCOMM build                   : 9438ceb, I0ac3940325
                                                               Build Date                       : 10/26/16
                                                               OpenGL ES Shader Compiler Version: XE031.09.00.03
                                                               Local Branch                     : 
                                                               Remote Branch                    : 
                                                               Remote Branch                    : 
                                                               Reconstruct Branch               : 
07-03 19:27:11.972 10808-10845/com.FDU308.FudanCraft D/cocos2d-x debug info: {
                                                                             	gl.supports_OES_packed_depth_stencil: true
                                                                             	gl.supports_vertex_array_object: true
                                                                             	gl.supports_BGRA8888: false
                                                                             	gl.supports_ATITC: true
                                                                             	gl.supports_S3TC: false
                                                                             	cocos2d.x.version: cocos2d-x-3.15.1
                                                                             	gl.supports_discard_framebuffer: true
                                                                             	cocos2d.x.compiled_with_profiler: false
                                                                             	gl.supports_PVRTC: false
                                                                             	cocos2d.x.build_type: DEBUG
                                                                             	gl.renderer: Adreno (TM) 530
                                                                             	gl.supports_OES_depth24: true
                                                                             	gl.supports_ETC1: true
                                                                             	gl.supports_OES_map_buffer: false
                                                                             	cocos2d.x.compiled_with_gl_state_cache: true
                                                                             	gl.version: OpenGL ES 3.2 V@145.0 (GIT@I0ac3940325)
                                                                             	gl.supports_NPOT: true
                                                                             	gl.max_texture_units: 96
                                                                             	gl.vendor: Qualcomm
                                                                             	gl.max_texture_size: 16384
                                                                             }
07-03 19:27:11.975 10808-10845/com.FDU308.FudanCraft D/EngineDataManager.cpp: setAnimationInterval by game: 0.0167
07-03 19:27:11.975 10808-10845/com.FDU308.FudanCraft D/EngineDataManager.cpp: JNI setAnimationInterval: 0.016667
07-03 19:27:11.981 10808-10808/com.FDU308.FudanCraft D/Cocos2dxActivity: onWindowFocusChanged() hasFocus=true
07-03 19:27:12.014 10808-10845/com.FDU308.FudanCraft D/cocos2d-x debug info: create rendererRecreatedListener for GLProgramState
07-03 19:27:12.015 10808-10845/com.FDU308.FudanCraft D/cocos2d-x debug info: FudanCraft: HelloWorldScene Initialize Begin
07-03 19:27:12.015 10808-10845/com.FDU308.FudanCraft D/cocos2d-x debug info: cocos2d: fullPathForFilename: No file found at BackgroundPanel.png. Possible missing file.
07-03 19:27:12.015 10808-10845/com.FDU308.FudanCraft D/cocos2d-x debug info: FudanCraft: HelloWorldScene Read First Resource at Root Directory Fail
07-03 19:27:12.053 10808-10845/com.FDU308.FudanCraft D/cocos2d-x debug info: create rendererRecreatedListener for GLProgramState
07-03 19:27:12.054 10808-10845/com.FDU308.FudanCraft D/cocos2d-x debug info: FudanCraft: HelloWorldScene Read First Resource Success
07-03 19:27:12.054 10808-10845/com.FDU308.FudanCraft D/cocos2d-x debug info: FudanCraft: Set Position Success
07-03 19:27:12.054 10808-10845/com.FDU308.FudanCraft D/cocos2d-x debug info: FudanCraft: Set Scale Success
07-03 19:27:12.054 10808-10845/com.FDU308.FudanCraft D/cocos2d-x debug info: FudanCraft: Trying to Add Child
07-03 19:27:12.054 10808-10845/com.FDU308.FudanCraft D/cocos2d-x debug info: FudanCraft: Add First Child Success
07-03 19:27:12.059 10808-10845/com.FDU308.FudanCraft D/cocos2d-x debug info: FudanCraft: Create First Sprite Success
07-03 19:27:12.068 10808-10845/com.FDU308.FudanCraft D/cocos2d-x debug info: FudanCraft: HelloWorldScene Read Many Resources Success
07-03 19:27:12.068 10808-10845/com.FDU308.FudanCraft D/cocos2d-x debug info: FudanCraft: Trying to Preload Audio
07-03 19:27:12.068 10808-10845/com.FDU308.FudanCraft D/cocos2d: android SDK version:23
07-03 19:27:12.069 10808-10845/com.FDU308.FudanCraft E/ExtMediaPlayer-JNI: env->IsInstanceOf fails
07-03 19:27:12.069 10808-10845/com.FDU308.FudanCraft E/MediaPlayer-JNI: JNIMediaPlayerFactory: bIsQCMediaPlayerPresent 0
07-03 19:27:12.069 10808-10845/com.FDU308.FudanCraft E/ExtMediaPlayer-JNI: env->IsInstanceOf fails
07-03 19:27:12.069 10808-10845/com.FDU308.FudanCraft E/MediaPlayer-JNI: JNIMediaPlayerFactory: bIsQCMediaPlayerPresent 0
07-03 19:27:12.099 10808-10845/com.FDU308.FudanCraft D/MediaPlayer: setSubtitleAnchor in MediaPlayer
07-03 19:27:12.099 10808-10808/com.FDU308.FudanCraft D/MediaPlayer: setSubtitleAnchor in MediaPlayer
07-03 19:27:12.108 10808-10845/com.FDU308.FudanCraft E/ExtMediaPlayer-JNI: env->IsInstanceOf fails
07-03 19:27:12.108 10808-10845/com.FDU308.FudanCraft E/MediaPlayer-JNI: JNIMediaPlayerFactory: bIsQCMediaPlayerPresent 0
07-03 19:27:12.108 10808-10845/com.FDU308.FudanCraft E/ExtMediaPlayer-JNI: env->IsInstanceOf fails
07-03 19:27:12.108 10808-10845/com.FDU308.FudanCraft E/MediaPlayer-JNI: JNIMediaPlayerFactory: bIsQCMediaPlayerPresent 0
07-03 19:27:12.126 10808-10845/com.FDU308.FudanCraft D/MediaPlayer: setSubtitleAnchor in MediaPlayer
07-03 19:27:12.126 10808-10808/com.FDU308.FudanCraft D/MediaPlayer: setSubtitleAnchor in MediaPlayer
07-03 19:27:12.131 10808-10845/com.FDU308.FudanCraft D/cocos2d-x debug info: FudanCraft: HelloWorldScene Initialize Success
07-03 19:27:12.131 10808-10845/com.FDU308.FudanCraft D/EngineDataManager.cpp: setAnimationInterval by engine: 0.0167
07-03 19:27:12.131 10808-10845/com.FDU308.FudanCraft D/EngineDataManager.cpp: JNI setAnimationInterval: 0.016667
07-03 19:27:12.133 10808-10842/com.FDU308.FudanCraft E/WVMExtractor: Failed to open libwvm.so: dlopen failed: library "libwvm.so" not found
07-03 19:27:12.139 10808-10842/com.FDU308.FudanCraft I/QComExtractorFactory: Sniff: Set key to use qti parser
07-03 19:27:12.140 10808-10842/com.FDU308.FudanCraft W/linker: /system/lib/libffmpeg_avcodec.so: is missing DT_SONAME will use basename as a replacement: "libffmpeg_avcodec.so"
07-03 19:27:12.142 10808-10842/com.FDU308.FudanCraft I/FFmpegExtractor: android-source:0xef18e280
07-03 19:27:12.144 10808-10842/com.FDU308.FudanCraft D/FFmpegExtractor: SniffFFMPEG failed to sniff this source
07-03 19:27:12.145 10808-10842/com.FDU308.FudanCraft I/ExtendedExtractor: QTIParser is prefered
07-03 19:27:12.145 10808-10842/com.FDU308.FudanCraft D/MMParserExtractor: setExtraFlags called with flags 0 for paser instance ef18e2c0
07-03 19:27:12.145 10808-10842/com.FDU308.FudanCraft I/ExtendedExtractor: ExtendedExtractor::create 0xef18e2c0
07-03 19:27:12.145 10808-10842/com.FDU308.FudanCraft I/ExtendedExtractor: ExtendedExtractor::updateExtractor: Use default QTI parser 
07-03 19:27:12.145 10808-10842/com.FDU308.FudanCraft E/MM_OSAL: FileSource::FileSource
07-03 19:27:12.145 10808-10842/com.FDU308.FudanCraft E/MM_OSAL: FileSource::FileSource m_bEveryThingOK 1
07-03 19:27:12.145 10808-10842/com.FDU308.FudanCraft E/MM_OSAL: MM_File_Create failed .Efs Error No -1 , File Name /data/mmosal_logmask.cfg , Mode 0
07-03 19:27:12.145 10808-10842/com.FDU308.FudanCraft E/MM_OSAL: Open or read fail on /data/mmosal_logmask.cfg. Possible permission denied issue. Looking for /data/misc/media/mmosal_logmask.cfg
07-03 19:27:12.145 10808-10842/com.FDU308.FudanCraft E/MM_OSAL: MM_File_Create failed .Efs Error No -1 , File Name /data/misc/media/mmosal_logmask.cfg , Mode 0
07-03 19:27:12.153 10808-10858/com.FDU308.FudanCraft I/OMXClient: Using client-side OMX mux.
07-03 19:27:12.159 10808-10845/com.FDU308.FudanCraft D/cocos2d-x debug info: cocos2d: QuadCommand: resizing index size from [-1] to [2560]
07-03 19:27:12.161 10808-10842/com.FDU308.FudanCraft D/MMParserExtractor: Using default parser out buffer size  = 3000 
07-03 19:27:12.161 10808-10842/com.FDU308.FudanCraft I/MMParserExtractor: MMParserSource::start Allocation buffer size for audio track= 3000 
07-03 19:27:12.190 10808-10842/com.FDU308.FudanCraft E/MM_OSAL: Data is not sufficient to validate AAC
07-03 19:27:12.190 10808-10842/com.FDU308.FudanCraft E/MM_OSAL: ValidateAACFile data not sufficient
07-03 19:27:12.191 10808-10842/com.FDU308.FudanCraft I/QComExtractorFactory: Sniff: Set key to use qti parser
07-03 19:27:12.191 10808-10842/com.FDU308.FudanCraft I/FFmpegExtractor: android-source:0xef18e280
07-03 19:27:12.192 10808-10842/com.FDU308.FudanCraft D/FFmpegExtractor: SniffFFMPEG failed to sniff this source
07-03 19:27:12.192 10808-10842/com.FDU308.FudanCraft I/ExtendedExtractor: QTIParser is prefered
07-03 19:27:12.192 10808-10842/com.FDU308.FudanCraft D/MMParserExtractor: setExtraFlags called with flags 0 for paser instance ef18e2c0
07-03 19:27:12.192 10808-10842/com.FDU308.FudanCraft I/ExtendedExtractor: ExtendedExtractor::create 0xef18e2c0
07-03 19:27:12.192 10808-10842/com.FDU308.FudanCraft I/ExtendedExtractor: ExtendedExtractor::updateExtractor: Use default QTI parser 
07-03 19:27:12.192 10808-10842/com.FDU308.FudanCraft E/MM_OSAL: FileSource::FileSource
07-03 19:27:12.192 10808-10842/com.FDU308.FudanCraft E/MM_OSAL: FileSource::FileSource m_bEveryThingOK 1
07-03 19:27:12.192 10808-10842/com.FDU308.FudanCraft E/MM_OSAL: MM_File_Create failed .Efs Error No -1 , File Name /data/mmosal_logmask.cfg , Mode 0
07-03 19:27:12.193 10808-10842/com.FDU308.FudanCraft E/MM_OSAL: Open or read fail on /data/mmosal_logmask.cfg. Possible permission denied issue. Looking for /data/misc/media/mmosal_logmask.cfg
07-03 19:27:12.193 10808-10842/com.FDU308.FudanCraft E/MM_OSAL: MM_File_Create failed .Efs Error No -1 , File Name /data/misc/media/mmosal_logmask.cfg , Mode 0
07-03 19:27:12.194 10808-10861/com.FDU308.FudanCraft I/OMXClient: Using client-side OMX mux.
07-03 19:27:12.197 10808-10842/com.FDU308.FudanCraft D/MMParserExtractor: Using default parser out buffer size  = 3000 
07-03 19:27:12.197 10808-10842/com.FDU308.FudanCraft I/MMParserExtractor: MMParserSource::start Allocation buffer size for audio track= 3000 
07-03 19:27:12.216 10808-10842/com.FDU308.FudanCraft I/QComExtractorFactory: Sniff: Set key to use qti parser
07-03 19:27:12.216 10808-10842/com.FDU308.FudanCraft I/FFmpegExtractor: android-source:0xef18e280
07-03 19:27:12.219 10808-10842/com.FDU308.FudanCraft D/FFmpegExtractor: SniffFFMPEG failed to sniff this source
07-03 19:27:12.219 10808-10842/com.FDU308.FudanCraft I/ExtendedExtractor: QTIParser is prefered
07-03 19:27:12.219 10808-10842/com.FDU308.FudanCraft D/MMParserExtractor: setExtraFlags called with flags 0 for paser instance ef18e2c0
07-03 19:27:12.219 10808-10842/com.FDU308.FudanCraft I/ExtendedExtractor: ExtendedExtractor::create 0xef18e2c0
07-03 19:27:12.219 10808-10842/com.FDU308.FudanCraft I/ExtendedExtractor: ExtendedExtractor::updateExtractor: Use default QTI parser 
07-03 19:27:12.219 10808-10842/com.FDU308.FudanCraft E/MM_OSAL: FileSource::FileSource
07-03 19:27:12.219 10808-10842/com.FDU308.FudanCraft E/MM_OSAL: FileSource::FileSource m_bEveryThingOK 1
07-03 19:27:12.219 10808-10842/com.FDU308.FudanCraft E/MM_OSAL: MM_File_Create failed .Efs Error No -1 , File Name /data/mmosal_logmask.cfg , Mode 0
07-03 19:27:12.219 10808-10842/com.FDU308.FudanCraft E/MM_OSAL: Open or read fail on /data/mmosal_logmask.cfg. Possible permission denied issue. Looking for /data/misc/media/mmosal_logmask.cfg
07-03 19:27:12.219 10808-10842/com.FDU308.FudanCraft E/MM_OSAL: MM_File_Create failed .Efs Error No -1 , File Name /data/misc/media/mmosal_logmask.cfg , Mode 0
07-03 19:27:12.220 10808-10864/com.FDU308.FudanCraft I/OMXClient: Using client-side OMX mux.
07-03 19:27:12.224 10808-10842/com.FDU308.FudanCraft D/MMParserExtractor: Using default parser out buffer size  = 3000 
07-03 19:27:12.224 10808-10842/com.FDU308.FudanCraft I/MMParserExtractor: MMParserSource::start Allocation buffer size for audio track= 3000 
07-03 19:27:12.255 10808-10842/com.FDU308.FudanCraft I/QComExtractorFactory: Sniff: Set key to use qti parser
07-03 19:27:12.255 10808-10842/com.FDU308.FudanCraft I/FFmpegExtractor: android-source:0xef18e280
07-03 19:27:12.257 10808-10842/com.FDU308.FudanCraft D/FFmpegExtractor: SniffFFMPEG failed to sniff this source
07-03 19:27:12.257 10808-10842/com.FDU308.FudanCraft I/ExtendedExtractor: QTIParser is prefered
07-03 19:27:12.257 10808-10842/com.FDU308.FudanCraft D/MMParserExtractor: setExtraFlags called with flags 0 for paser instance ef18e2c0
07-03 19:27:12.257 10808-10842/com.FDU308.FudanCraft I/ExtendedExtractor: ExtendedExtractor::create 0xef18e2c0
07-03 19:27:12.257 10808-10842/com.FDU308.FudanCraft I/ExtendedExtractor: ExtendedExtractor::updateExtractor: Use default QTI parser 
07-03 19:27:12.257 10808-10842/com.FDU308.FudanCraft E/MM_OSAL: FileSource::FileSource
07-03 19:27:12.257 10808-10842/com.FDU308.FudanCraft E/MM_OSAL: FileSource::FileSource m_bEveryThingOK 1
07-03 19:27:12.257 10808-10842/com.FDU308.FudanCraft E/MM_OSAL: MM_File_Create failed .Efs Error No -1 , File Name /data/mmosal_logmask.cfg , Mode 0
07-03 19:27:12.257 10808-10842/com.FDU308.FudanCraft E/MM_OSAL: Open or read fail on /data/mmosal_logmask.cfg. Possible permission denied issue. Looking for /data/misc/media/mmosal_logmask.cfg
07-03 19:27:12.257 10808-10842/com.FDU308.FudanCraft E/MM_OSAL: MM_File_Create failed .Efs Error No -1 , File Name /data/misc/media/mmosal_logmask.cfg , Mode 0
07-03 19:27:12.258 10808-10867/com.FDU308.FudanCraft I/OMXClient: Using client-side OMX mux.
07-03 19:27:12.262 10808-10842/com.FDU308.FudanCraft D/MMParserExtractor: Using default parser out buffer size  = 3000 
07-03 19:27:12.262 10808-10842/com.FDU308.FudanCraft I/MMParserExtractor: MMParserSource::start Allocation buffer size for audio track= 3000 
07-03 19:27:12.278 10808-10842/com.FDU308.FudanCraft I/QComExtractorFactory: Sniff: Set key to use qti parser
07-03 19:27:12.279 10808-10842/com.FDU308.FudanCraft I/FFmpegExtractor: android-source:0xef18e280
07-03 19:27:12.280 10808-10842/com.FDU308.FudanCraft D/FFmpegExtractor: SniffFFMPEG failed to sniff this source
07-03 19:27:12.280 10808-10842/com.FDU308.FudanCraft I/ExtendedExtractor: QTIParser is prefered
07-03 19:27:12.280 10808-10842/com.FDU308.FudanCraft D/MMParserExtractor: setExtraFlags called with flags 0 for paser instance ef18e2c0
07-03 19:27:12.280 10808-10842/com.FDU308.FudanCraft I/ExtendedExtractor: ExtendedExtractor::create 0xef18e2c0
07-03 19:27:12.280 10808-10842/com.FDU308.FudanCraft I/ExtendedExtractor: ExtendedExtractor::updateExtractor: Use default QTI parser 
07-03 19:27:12.280 10808-10842/com.FDU308.FudanCraft E/MM_OSAL: FileSource::FileSource
07-03 19:27:12.281 10808-10842/com.FDU308.FudanCraft E/MM_OSAL: FileSource::FileSource m_bEveryThingOK 1
07-03 19:27:12.281 10808-10842/com.FDU308.FudanCraft E/MM_OSAL: MM_File_Create failed .Efs Error No -1 , File Name /data/mmosal_logmask.cfg , Mode 0
07-03 19:27:12.281 10808-10842/com.FDU308.FudanCraft E/MM_OSAL: Open or read fail on /data/mmosal_logmask.cfg. Possible permission denied issue. Looking for /data/misc/media/mmosal_logmask.cfg
07-03 19:27:12.281 10808-10842/com.FDU308.FudanCraft E/MM_OSAL: MM_File_Create failed .Efs Error No -1 , File Name /data/misc/media/mmosal_logmask.cfg , Mode 0
07-03 19:27:12.282 10808-10870/com.FDU308.FudanCraft I/OMXClient: Using client-side OMX mux.
07-03 19:27:12.285 10808-10842/com.FDU308.FudanCraft D/MMParserExtractor: Using default parser out buffer size  = 3000 
07-03 19:27:12.285 10808-10842/com.FDU308.FudanCraft I/MMParserExtractor: MMParserSource::start Allocation buffer size for audio track= 3000 
07-03 19:27:12.303 10808-10842/com.FDU308.FudanCraft I/QComExtractorFactory: Sniff: Set key to use qti parser
07-03 19:27:12.303 10808-10842/com.FDU308.FudanCraft I/FFmpegExtractor: android-source:0xef18e280
07-03 19:27:12.305 10808-10842/com.FDU308.FudanCraft D/FFmpegExtractor: SniffFFMPEG failed to sniff this source
07-03 19:27:12.305 10808-10842/com.FDU308.FudanCraft I/ExtendedExtractor: QTIParser is prefered
07-03 19:27:12.305 10808-10842/com.FDU308.FudanCraft D/MMParserExtractor: setExtraFlags called with flags 0 for paser instance ef18e2c0
07-03 19:27:12.305 10808-10842/com.FDU308.FudanCraft I/ExtendedExtractor: ExtendedExtractor::create 0xef18e2c0
07-03 19:27:12.305 10808-10842/com.FDU308.FudanCraft I/ExtendedExtractor: ExtendedExtractor::updateExtractor: Use default QTI parser 
07-03 19:27:12.305 10808-10842/com.FDU308.FudanCraft E/MM_OSAL: FileSource::FileSource
07-03 19:27:12.305 10808-10842/com.FDU308.FudanCraft E/MM_OSAL: FileSource::FileSource m_bEveryThingOK 1
07-03 19:27:12.305 10808-10842/com.FDU308.FudanCraft E/MM_OSAL: MM_File_Create failed .Efs Error No -1 , File Name /data/mmosal_logmask.cfg , Mode 0
07-03 19:27:12.305 10808-10842/com.FDU308.FudanCraft E/MM_OSAL: Open or read fail on /data/mmosal_logmask.cfg. Possible permission denied issue. Looking for /data/misc/media/mmosal_logmask.cfg
07-03 19:27:12.305 10808-10842/com.FDU308.FudanCraft E/MM_OSAL: MM_File_Create failed .Efs Error No -1 , File Name /data/misc/media/mmosal_logmask.cfg , Mode 0
07-03 19:27:12.306 10808-10873/com.FDU308.FudanCraft I/OMXClient: Using client-side OMX mux.
07-03 19:27:12.310 10808-10842/com.FDU308.FudanCraft D/MMParserExtractor: Using default parser out buffer size  = 3000 
07-03 19:27:12.310 10808-10842/com.FDU308.FudanCraft I/MMParserExtractor: MMParserSource::start Allocation buffer size for audio track= 3000 
07-03 19:27:12.325 10808-10842/com.FDU308.FudanCraft I/QComExtractorFactory: Sniff: Set key to use qti parser
07-03 19:27:12.325 10808-10842/com.FDU308.FudanCraft I/FFmpegExtractor: android-source:0xef18e280
07-03 19:27:12.326 10808-10842/com.FDU308.FudanCraft D/FFmpegExtractor: SniffFFMPEG failed to sniff this source
07-03 19:27:12.326 10808-10842/com.FDU308.FudanCraft I/ExtendedExtractor: QTIParser is prefered
07-03 19:27:12.326 10808-10842/com.FDU308.FudanCraft D/MMParserExtractor: setExtraFlags called with flags 0 for paser instance ef18e2c0
07-03 19:27:12.327 10808-10842/com.FDU308.FudanCraft I/ExtendedExtractor: ExtendedExtractor::create 0xef18e2c0
07-03 19:27:12.327 10808-10842/com.FDU308.FudanCraft I/ExtendedExtractor: ExtendedExtractor::updateExtractor: Use default QTI parser 
07-03 19:27:12.327 10808-10842/com.FDU308.FudanCraft E/MM_OSAL: FileSource::FileSource
07-03 19:27:12.327 10808-10842/com.FDU308.FudanCraft E/MM_OSAL: FileSource::FileSource m_bEveryThingOK 1
07-03 19:27:12.327 10808-10842/com.FDU308.FudanCraft E/MM_OSAL: MM_File_Create failed .Efs Error No -1 , File Name /data/mmosal_logmask.cfg , Mode 0
07-03 19:27:12.327 10808-10842/com.FDU308.FudanCraft E/MM_OSAL: Open or read fail on /data/mmosal_logmask.cfg. Possible permission denied issue. Looking for /data/misc/media/mmosal_logmask.cfg
07-03 19:27:12.327 10808-10842/com.FDU308.FudanCraft E/MM_OSAL: MM_File_Create failed .Efs Error No -1 , File Name /data/misc/media/mmosal_logmask.cfg , Mode 0
07-03 19:27:12.328 10808-10876/com.FDU308.FudanCraft I/OMXClient: Using client-side OMX mux.
07-03 19:27:12.332 10808-10842/com.FDU308.FudanCraft D/MMParserExtractor: Using default parser out buffer size  = 3000 
07-03 19:27:12.332 10808-10842/com.FDU308.FudanCraft I/MMParserExtractor: MMParserSource::start Allocation buffer size for audio track= 3000 
07-03 19:27:12.345 10808-10842/com.FDU308.FudanCraft I/QComExtractorFactory: Sniff: Set key to use qti parser
07-03 19:27:12.345 10808-10842/com.FDU308.FudanCraft I/FFmpegExtractor: android-source:0xef18e280
07-03 19:27:12.347 10808-10842/com.FDU308.FudanCraft D/FFmpegExtractor: SniffFFMPEG failed to sniff this source
07-03 19:27:12.347 10808-10842/com.FDU308.FudanCraft I/ExtendedExtractor: QTIParser is prefered
07-03 19:27:12.347 10808-10842/com.FDU308.FudanCraft D/MMParserExtractor: setExtraFlags called with flags 0 for paser instance ef18e2c0
07-03 19:27:12.347 10808-10842/com.FDU308.FudanCraft I/ExtendedExtractor: ExtendedExtractor::create 0xef18e2c0
07-03 19:27:12.347 10808-10842/com.FDU308.FudanCraft I/ExtendedExtractor: ExtendedExtractor::updateExtractor: Use default QTI parser 
07-03 19:27:12.347 10808-10842/com.FDU308.FudanCraft E/MM_OSAL: FileSource::FileSource
07-03 19:27:12.347 10808-10842/com.FDU308.FudanCraft E/MM_OSAL: FileSource::FileSource m_bEveryThingOK 1
07-03 19:27:12.347 10808-10842/com.FDU308.FudanCraft E/MM_OSAL: MM_File_Create failed .Efs Error No -1 , File Name /data/mmosal_logmask.cfg , Mode 0
07-03 19:27:12.347 10808-10842/com.FDU308.FudanCraft E/MM_OSAL: Open or read fail on /data/mmosal_logmask.cfg. Possible permission denied issue. Looking for /data/misc/media/mmosal_logmask.cfg
07-03 19:27:12.347 10808-10842/com.FDU308.FudanCraft E/MM_OSAL: MM_File_Create failed .Efs Error No -1 , File Name /data/misc/media/mmosal_logmask.cfg , Mode 0
07-03 19:27:12.348 10808-10879/com.FDU308.FudanCraft I/OMXClient: Using client-side OMX mux.
07-03 19:27:12.352 10808-10842/com.FDU308.FudanCraft D/MMParserExtractor: Using default parser out buffer size  = 3000 
07-03 19:27:12.352 10808-10842/com.FDU308.FudanCraft I/MMParserExtractor: MMParserSource::start Allocation buffer size for audio track= 3000 
07-03 19:27:12.918 10808-10808/com.FDU308.FudanCraft V/BoostFramework: BoostFramework() : mPerf = com.qualcomm.qti.Performance@81af7f0
07-03 19:27:14.145 10808-10845/com.FDU308.FudanCraft D/cocos2d-x debug info: server button pressed
07-03 19:27:14.145 10808-10845/com.FDU308.FudanCraft D/cocos2d-x debug info: FudanCraft: Trying to Load InputPort.png
                                                                             
                                                                             
                                                                             [ 07-03 19:27:14.146 10808:10845 E/         ]
                                                                             scaleX = 0.940767
07-03 19:27:14.147 10808-10845/com.FDU308.FudanCraft D/cocos2d-x debug info: cocos2d: fullPathForFilename: No file found at sans-serif. Possible missing file.
07-03 19:27:14.147 10808-10845/com.FDU308.FudanCraft D/cocos2d-x debug info: Warning! You can't change Android Hint fontName and fontSize
07-03 19:27:14.147 10808-10845/com.FDU308.FudanCraft D/cocos2d-x debug info: [Edit text] content size = (80.000000, 60.000000)
07-03 19:27:14.147 10808-10845/com.FDU308.FudanCraft D/cocos2d-x debug info: [Edit text] content size = (80.000000, 60.000000)
07-03 19:27:14.148 10808-10845/com.FDU308.FudanCraft D/cocos2d-x debug info: FudanCraft: Successfully Load InputPort.png
07-03 19:27:14.167 10808-10845/com.FDU308.FudanCraft D/cocos2d-x debug info: create rendererRecreatedListener for GLProgramState
07-03 19:27:14.168 10808-10845/com.FDU308.FudanCraft D/cocos2d-x debug info: [Edit text] content size = (80.000000, 60.000000)
07-03 19:27:15.239 10808-10845/com.FDU308.FudanCraft D/cocos2d-x debug info: FudanCraft: Trying to Start Server
07-03 19:27:15.241 10808-10845/com.FDU308.FudanCraft D/cocos2d-x debug info: FudanCraft: SocketServer Created!
07-03 19:27:15.242 10808-10845/com.FDU308.FudanCraft D/cocos2d-x debug info: FudanCraft: SocketClient Created!
07-03 19:27:15.243 10808-10845/com.FDU308.FudanCraft D/cocos2d-x debug info: create server and client on 8008
07-03 19:27:15.369 10808-10845/com.FDU308.FudanCraft D/cocos2d-x debug info: create rendererRecreatedListener for GLProgramState
07-03 19:27:17.368 10808-10845/com.FDU308.FudanCraft D/cocos2d-x debug info: cocos2d: SpriteBatchNode: resizing TextureAtlas capacity from [5735] to [7648].
07-03 19:27:17.383 10808-10845/com.FDU308.FudanCraft D/cocos2d-x debug info: cocos2d: SpriteBatchNode: resizing TextureAtlas capacity from [7648] to [10198].
07-03 19:27:17.403 10808-10845/com.FDU308.FudanCraft D/cocos2d-x debug info: cocos2d: SpriteBatchNode: resizing TextureAtlas capacity from [10198] to [13598].
07-03 19:27:17.553 10808-10845/com.FDU308.FudanCraft D/cocos2d-x debug info: cocos2d: SpriteBatchNode: resizing TextureAtlas capacity from [5735] to [7648].
07-03 19:27:17.623 10808-10845/com.FDU308.FudanCraft D/cocos2d-x debug info: cocos2d: SpriteBatchNode: resizing TextureAtlas capacity from [5735] to [7648].
07-03 19:27:17.639 10808-10845/com.FDU308.FudanCraft D/cocos2d-x debug info: cocos2d: SpriteBatchNode: resizing TextureAtlas capacity from [7648] to [10198].
07-03 19:27:17.658 10808-10845/com.FDU308.FudanCraft D/cocos2d-x debug info: cocos2d: SpriteBatchNode: resizing TextureAtlas capacity from [10198] to [13598].
07-03 19:27:17.685 10808-10845/com.FDU308.FudanCraft D/cocos2d-x debug info: cocos2d: SpriteBatchNode: resizing TextureAtlas capacity from [13598] to [18132].
07-03 19:27:17.723 10808-10845/com.FDU308.FudanCraft D/cocos2d-x debug info: create rendererRecreatedListener for GLProgramState
07-03 19:27:17.724 10808-10845/com.FDU308.FudanCraft D/cocos2d-x debug info: BattleScene: Trying to Init Player ID
07-03 19:27:17.724 10808-10845/com.FDU308.FudanCraft D/cocos2d-x debug info: BattleScene: Get Player ID: 0
07-03 19:27:17.755 10808-10845/com.FDU308.FudanCraft D/cocos2d-x debug info: cocos2d: fullPathForFilename: No file found at Marker Felt. Possible missing file.
07-03 19:27:17.759 10808-10845/com.FDU308.FudanCraft E/ExtMediaPlayer-JNI: env->IsInstanceOf fails
07-03 19:27:17.759 10808-10845/com.FDU308.FudanCraft E/MediaPlayer-JNI: JNIMediaPlayerFactory: bIsQCMediaPlayerPresent 0
07-03 19:27:17.759 10808-10845/com.FDU308.FudanCraft E/ExtMediaPlayer-JNI: env->IsInstanceOf fails
07-03 19:27:17.759 10808-10845/com.FDU308.FudanCraft E/MediaPlayer-JNI: JNIMediaPlayerFactory: bIsQCMediaPlayerPresent 0
07-03 19:27:17.781 10808-10845/com.FDU308.FudanCraft D/MediaPlayer: setSubtitleAnchor in MediaPlayer
07-03 19:27:17.781 10808-10808/com.FDU308.FudanCraft D/MediaPlayer: setSubtitleAnchor in MediaPlayer
07-03 19:27:17.796 10808-10845/com.FDU308.FudanCraft D/cocos2d-x debug info: if back ground music playing 1
07-03 19:27:17.802 10808-10845/com.FDU308.FudanCraft W/AudioTrack: AUDIO_OUTPUT_FLAG_FAST denied by client; transfer 4, track 22050 Hz, output 48000 Hz
07-03 19:27:17.805 10808-10845/com.FDU308.FudanCraft D/cocos2d-x debug info: start game
07-03 19:27:17.921 10808-10961/com.FDU308.FudanCraft A/libc: Invalid address 0xf3e7e7f8 passed to free: value not allocated
07-03 19:27:17.921 10808-10845/com.FDU308.FudanCraft A/libc: Invalid address 0xf3e7e7f8 passed to free: value not allocated
07-03 19:27:17.921 10808-10961/com.FDU308.FudanCraft A/libc: Fatal signal 6 (SIGABRT), code -6 in tid 10961 (GLThread 3668)
07-03 19:27:17.921 10808-10845/com.FDU308.FudanCraft A/libc: Fatal signal 6 (SIGABRT), code -6 in tid 10845 (GLThread 3668)
07-03 19:27:17.921 10808-10845/com.FDU308.FudanCraft I/libc: Another thread contacted debuggerd first; not contacting debuggerd.
