07-06 18:58:06.341 14979-14979/? I/art: Late-enabling -Xcheck:jni
07-06 18:58:06.352 14979-14979/? D/TidaProvider: TidaProvider()
07-06 18:58:06.359 14979-14979/? V/BoostFramework: mAcquireFunc method = public int com.qualcomm.qti.Performance.perfLockAcquire(int,int[])
07-06 18:58:06.359 14979-14979/? V/BoostFramework: mReleaseFunc method = public int com.qualcomm.qti.Performance.perfLockRelease()
07-06 18:58:06.359 14979-14979/? V/BoostFramework: mAcquireTouchFunc method = public int com.qualcomm.qti.Performance.perfLockAcquireTouch(android.view.MotionEvent,android.util.DisplayMetrics,int,int[])
07-06 18:58:06.359 14979-14979/? V/BoostFramework: mIOPStart method = public int com.qualcomm.qti.Performance.perfIOPrefetchStart(int,java.lang.String)
07-06 18:58:06.359 14979-14979/? V/BoostFramework: mIOPStop method = public int com.qualcomm.qti.Performance.perfIOPrefetchStop()
07-06 18:58:06.361 14979-14979/? V/BoostFramework: BoostFramework() : mPerf = com.qualcomm.qti.Performance@8425d35
07-06 18:58:06.483 14979-14979/com.FDU308.FudanCraft D/JniHelper: JniHelper::setJavaVM(0xf527c000), pthread_self() = -145978572
07-06 18:58:06.483 14979-14979/com.FDU308.FudanCraft D/main: cocos_android_app_init
07-06 18:58:06.484 14979-14979/com.FDU308.FudanCraft D/Cocos2dxHelper: isSupportLowLatency:false
07-06 18:58:06.486 14979-14979/com.FDU308.FudanCraft D/Cocos2dxHelper: sampleRate: 48000, framesPerBuffer: 192
07-06 18:58:06.486 14979-14979/com.FDU308.FudanCraft D/Java_org_cocos2dx_lib_Cocos2dxHelper.cpp: nativeSetAudioDeviceInfo: sampleRate: 48000, bufferSizeInFrames: 192
07-06 18:58:06.515 14979-14979/com.FDU308.FudanCraft D/Cocos2dxActivity: model=MI 5s Plus
07-06 18:58:06.515 14979-14979/com.FDU308.FudanCraft D/Cocos2dxActivity: product=natrium
07-06 18:58:06.515 14979-14979/com.FDU308.FudanCraft D/Cocos2dxActivity: isEmulator=false
07-06 18:58:06.518 14979-14979/com.FDU308.FudanCraft D/EngineDataManager.cpp: nativeSetSupportOptimization: 0
07-06 18:58:06.519 14979-14979/com.FDU308.FudanCraft D/Cocos2dxActivity: onResume()
07-06 18:58:06.528 14979-14979/com.FDU308.FudanCraft D/ActivityThreadInjector: clearCachedDrawables.
07-06 18:58:06.560 14979-15009/com.FDU308.FudanCraft I/Adreno: QUALCOMM build                   : 9438ceb, I0ac3940325
                                                               Build Date                       : 10/26/16
                                                               OpenGL ES Shader Compiler Version: XE031.09.00.03
                                                               Local Branch                     : 
                                                               Remote Branch                    : 
                                                               Remote Branch                    : 
                                                               Reconstruct Branch               : 
07-06 18:58:06.572 14979-15009/com.FDU308.FudanCraft D/cocos2d-x debug info: {
                                                                             	gl.supports_OES_packed_depth_stencil: true
                                                                             	gl.supports_vertex_array_object: true
                                                                             	gl.supports_BGRA8888: false
                                                                             	gl.supports_ATITC: true
                                                                             	gl.supports_S3TC: false
                                                                             	cocos2d.x.version: cocos2d-x-3.15.1
                                                                             	gl.supports_discard_framebuffer: true
                                                                             	cocos2d.x.compiled_with_profiler: false
                                                                             	gl.supports_PVRTC: false
                                                                             	cocos2d.x.build_type: DEBUG
                                                                             	gl.renderer: Adreno (TM) 530
                                                                             	gl.supports_OES_depth24: true
                                                                             	gl.supports_ETC1: true
                                                                             	gl.supports_OES_map_buffer: false
                                                                             	cocos2d.x.compiled_with_gl_state_cache: true
                                                                             	gl.version: OpenGL ES 3.2 V@145.0 (GIT@I0ac3940325)
                                                                             	gl.supports_NPOT: true
                                                                             	gl.max_texture_units: 96
                                                                             	gl.vendor: Qualcomm
                                                                             	gl.max_texture_size: 16384
                                                                             }
07-06 18:58:06.573 14979-15009/com.FDU308.FudanCraft D/EngineDataManager.cpp: setAnimationInterval by game: 0.0167
07-06 18:58:06.574 14979-15009/com.FDU308.FudanCraft D/EngineDataManager.cpp: JNI setAnimationInterval: 0.016667
07-06 18:58:06.585 14979-14979/com.FDU308.FudanCraft D/Cocos2dxActivity: onWindowFocusChanged() hasFocus=true
07-06 18:58:06.620 14979-15009/com.FDU308.FudanCraft D/cocos2d-x debug info: create rendererRecreatedListener for GLProgramState
07-06 18:58:06.620 14979-15009/com.FDU308.FudanCraft D/cocos2d-x debug info: FudanCraft: HelloWorldScene Initialize Begin
07-06 18:58:06.620 14979-15009/com.FDU308.FudanCraft D/cocos2d-x debug info: cocos2d: fullPathForFilename: No file found at BackgroundPanel.png. Possible missing file.
07-06 18:58:06.620 14979-15009/com.FDU308.FudanCraft D/cocos2d-x debug info: FudanCraft: HelloWorldScene Read First Resource at Root Directory Fail
07-06 18:58:06.659 14979-15009/com.FDU308.FudanCraft D/cocos2d-x debug info: create rendererRecreatedListener for GLProgramState
07-06 18:58:06.659 14979-15009/com.FDU308.FudanCraft D/cocos2d-x debug info: FudanCraft: HelloWorldScene Read First Resource Success
07-06 18:58:06.659 14979-15009/com.FDU308.FudanCraft D/cocos2d-x debug info: FudanCraft: Set Position Success
07-06 18:58:06.659 14979-15009/com.FDU308.FudanCraft D/cocos2d-x debug info: FudanCraft: Set Scale Success
07-06 18:58:06.659 14979-15009/com.FDU308.FudanCraft D/cocos2d-x debug info: FudanCraft: Trying to Add Child
07-06 18:58:06.659 14979-15009/com.FDU308.FudanCraft D/cocos2d-x debug info: FudanCraft: Add First Child Success
07-06 18:58:06.665 14979-15009/com.FDU308.FudanCraft D/cocos2d-x debug info: FudanCraft: Create First Sprite Success
07-06 18:58:06.673 14979-15009/com.FDU308.FudanCraft D/cocos2d-x debug info: FudanCraft: HelloWorldScene Read Many Resources Success
07-06 18:58:06.674 14979-15009/com.FDU308.FudanCraft D/cocos2d-x debug info: FudanCraft: Trying to Preload Audio
07-06 18:58:06.674 14979-15009/com.FDU308.FudanCraft D/cocos2d: android SDK version:23
07-06 18:58:06.675 14979-15009/com.FDU308.FudanCraft E/ExtMediaPlayer-JNI: env->IsInstanceOf fails
07-06 18:58:06.675 14979-15009/com.FDU308.FudanCraft E/MediaPlayer-JNI: JNIMediaPlayerFactory: bIsQCMediaPlayerPresent 0
07-06 18:58:06.675 14979-15009/com.FDU308.FudanCraft E/ExtMediaPlayer-JNI: env->IsInstanceOf fails
07-06 18:58:06.675 14979-15009/com.FDU308.FudanCraft E/MediaPlayer-JNI: JNIMediaPlayerFactory: bIsQCMediaPlayerPresent 0
07-06 18:58:06.698 14979-15009/com.FDU308.FudanCraft D/MediaPlayer: setSubtitleAnchor in MediaPlayer
07-06 18:58:06.699 14979-14979/com.FDU308.FudanCraft D/MediaPlayer: setSubtitleAnchor in MediaPlayer
07-06 18:58:06.705 14979-15009/com.FDU308.FudanCraft E/ExtMediaPlayer-JNI: env->IsInstanceOf fails
07-06 18:58:06.705 14979-15009/com.FDU308.FudanCraft E/MediaPlayer-JNI: JNIMediaPlayerFactory: bIsQCMediaPlayerPresent 0
07-06 18:58:06.705 14979-15009/com.FDU308.FudanCraft E/ExtMediaPlayer-JNI: env->IsInstanceOf fails
07-06 18:58:06.705 14979-15009/com.FDU308.FudanCraft E/MediaPlayer-JNI: JNIMediaPlayerFactory: bIsQCMediaPlayerPresent 0
07-06 18:58:06.725 14979-15009/com.FDU308.FudanCraft D/MediaPlayer: setSubtitleAnchor in MediaPlayer
07-06 18:58:06.725 14979-14979/com.FDU308.FudanCraft D/MediaPlayer: setSubtitleAnchor in MediaPlayer
07-06 18:58:06.728 14979-15009/com.FDU308.FudanCraft D/cocos2d-x debug info: FudanCraft: HelloWorldScene Initialize Success
07-06 18:58:06.728 14979-15009/com.FDU308.FudanCraft D/EngineDataManager.cpp: setAnimationInterval by engine: 0.0167
07-06 18:58:06.728 14979-15009/com.FDU308.FudanCraft D/EngineDataManager.cpp: JNI setAnimationInterval: 0.016667
07-06 18:58:06.729 14979-15002/com.FDU308.FudanCraft E/WVMExtractor: Failed to open libwvm.so: dlopen failed: library "libwvm.so" not found
07-06 18:58:06.734 14979-15002/com.FDU308.FudanCraft I/QComExtractorFactory: Sniff: Set key to use qti parser
07-06 18:58:06.735 14979-15002/com.FDU308.FudanCraft W/linker: /system/lib/libffmpeg_avcodec.so: is missing DT_SONAME will use basename as a replacement: "libffmpeg_avcodec.so"
07-06 18:58:06.737 14979-15002/com.FDU308.FudanCraft I/FFmpegExtractor: android-source:0xdeabfc80
07-06 18:58:06.739 14979-15002/com.FDU308.FudanCraft D/FFmpegExtractor: SniffFFMPEG failed to sniff this source
07-06 18:58:06.740 14979-15002/com.FDU308.FudanCraft I/ExtendedExtractor: QTIParser is prefered
07-06 18:58:06.740 14979-15002/com.FDU308.FudanCraft D/MMParserExtractor: setExtraFlags called with flags 0 for paser instance deabfcc0
07-06 18:58:06.740 14979-15002/com.FDU308.FudanCraft I/ExtendedExtractor: ExtendedExtractor::create 0xdeabfcc0
07-06 18:58:06.740 14979-15002/com.FDU308.FudanCraft I/ExtendedExtractor: ExtendedExtractor::updateExtractor: Use default QTI parser 
07-06 18:58:06.740 14979-15002/com.FDU308.FudanCraft E/MM_OSAL: FileSource::FileSource
07-06 18:58:06.740 14979-15002/com.FDU308.FudanCraft E/MM_OSAL: FileSource::FileSource m_bEveryThingOK 1
07-06 18:58:06.740 14979-15002/com.FDU308.FudanCraft E/MM_OSAL: MM_File_Create failed .Efs Error No -1 , File Name /data/mmosal_logmask.cfg , Mode 0
07-06 18:58:06.740 14979-15002/com.FDU308.FudanCraft E/MM_OSAL: Open or read fail on /data/mmosal_logmask.cfg. Possible permission denied issue. Looking for /data/misc/media/mmosal_logmask.cfg
07-06 18:58:06.740 14979-15002/com.FDU308.FudanCraft E/MM_OSAL: MM_File_Create failed .Efs Error No -1 , File Name /data/misc/media/mmosal_logmask.cfg , Mode 0
07-06 18:58:06.742 14979-15028/com.FDU308.FudanCraft I/OMXClient: Using client-side OMX mux.
07-06 18:58:06.750 14979-15002/com.FDU308.FudanCraft D/MMParserExtractor: Using default parser out buffer size  = 3000 
07-06 18:58:06.750 14979-15002/com.FDU308.FudanCraft I/MMParserExtractor: MMParserSource::start Allocation buffer size for audio track= 3000 
07-06 18:58:06.756 14979-15009/com.FDU308.FudanCraft D/cocos2d-x debug info: cocos2d: QuadCommand: resizing index size from [-1] to [2560]
07-06 18:58:06.789 14979-15002/com.FDU308.FudanCraft E/MM_OSAL: Data is not sufficient to validate AAC
07-06 18:58:06.789 14979-15002/com.FDU308.FudanCraft E/MM_OSAL: ValidateAACFile data not sufficient
07-06 18:58:06.789 14979-15002/com.FDU308.FudanCraft I/QComExtractorFactory: Sniff: Set key to use qti parser
07-06 18:58:06.789 14979-15002/com.FDU308.FudanCraft I/FFmpegExtractor: android-source:0xdeabfc80
07-06 18:58:06.792 14979-15002/com.FDU308.FudanCraft D/FFmpegExtractor: SniffFFMPEG failed to sniff this source
07-06 18:58:06.792 14979-15002/com.FDU308.FudanCraft I/ExtendedExtractor: QTIParser is prefered
07-06 18:58:06.792 14979-15002/com.FDU308.FudanCraft D/MMParserExtractor: setExtraFlags called with flags 0 for paser instance deabfcc0
07-06 18:58:06.792 14979-15002/com.FDU308.FudanCraft I/ExtendedExtractor: ExtendedExtractor::create 0xdeabfcc0
07-06 18:58:06.792 14979-15002/com.FDU308.FudanCraft I/ExtendedExtractor: ExtendedExtractor::updateExtractor: Use default QTI parser 
07-06 18:58:06.793 14979-15002/com.FDU308.FudanCraft E/MM_OSAL: FileSource::FileSource
07-06 18:58:06.793 14979-15002/com.FDU308.FudanCraft E/MM_OSAL: FileSource::FileSource m_bEveryThingOK 1
07-06 18:58:06.793 14979-15002/com.FDU308.FudanCraft E/MM_OSAL: MM_File_Create failed .Efs Error No -1 , File Name /data/mmosal_logmask.cfg , Mode 0
07-06 18:58:06.793 14979-15002/com.FDU308.FudanCraft E/MM_OSAL: Open or read fail on /data/mmosal_logmask.cfg. Possible permission denied issue. Looking for /data/misc/media/mmosal_logmask.cfg
07-06 18:58:06.793 14979-15002/com.FDU308.FudanCraft E/MM_OSAL: MM_File_Create failed .Efs Error No -1 , File Name /data/misc/media/mmosal_logmask.cfg , Mode 0
07-06 18:58:06.794 14979-15031/com.FDU308.FudanCraft I/OMXClient: Using client-side OMX mux.
07-06 18:58:06.798 14979-15002/com.FDU308.FudanCraft D/MMParserExtractor: Using default parser out buffer size  = 3000 
07-06 18:58:06.798 14979-15002/com.FDU308.FudanCraft I/MMParserExtractor: MMParserSource::start Allocation buffer size for audio track= 3000 
07-06 18:58:06.813 14979-15002/com.FDU308.FudanCraft I/QComExtractorFactory: Sniff: Set key to use qti parser
07-06 18:58:06.813 14979-15002/com.FDU308.FudanCraft I/FFmpegExtractor: android-source:0xdeabfc80
07-06 18:58:06.816 14979-15002/com.FDU308.FudanCraft D/FFmpegExtractor: SniffFFMPEG failed to sniff this source
07-06 18:58:06.816 14979-15002/com.FDU308.FudanCraft I/ExtendedExtractor: QTIParser is prefered
07-06 18:58:06.816 14979-15002/com.FDU308.FudanCraft D/MMParserExtractor: setExtraFlags called with flags 0 for paser instance deabfcc0
07-06 18:58:06.817 14979-15002/com.FDU308.FudanCraft I/ExtendedExtractor: ExtendedExtractor::create 0xdeabfcc0
07-06 18:58:06.817 14979-15002/com.FDU308.FudanCraft I/ExtendedExtractor: ExtendedExtractor::updateExtractor: Use default QTI parser 
07-06 18:58:06.817 14979-15002/com.FDU308.FudanCraft E/MM_OSAL: FileSource::FileSource
07-06 18:58:06.817 14979-15002/com.FDU308.FudanCraft E/MM_OSAL: FileSource::FileSource m_bEveryThingOK 1
07-06 18:58:06.817 14979-15002/com.FDU308.FudanCraft E/MM_OSAL: MM_File_Create failed .Efs Error No -1 , File Name /data/mmosal_logmask.cfg , Mode 0
07-06 18:58:06.817 14979-15002/com.FDU308.FudanCraft E/MM_OSAL: Open or read fail on /data/mmosal_logmask.cfg. Possible permission denied issue. Looking for /data/misc/media/mmosal_logmask.cfg
07-06 18:58:06.817 14979-15002/com.FDU308.FudanCraft E/MM_OSAL: MM_File_Create failed .Efs Error No -1 , File Name /data/misc/media/mmosal_logmask.cfg , Mode 0
07-06 18:58:06.818 14979-15034/com.FDU308.FudanCraft I/OMXClient: Using client-side OMX mux.
07-06 18:58:06.821 14979-15002/com.FDU308.FudanCraft D/MMParserExtractor: Using default parser out buffer size  = 3000 
07-06 18:58:06.821 14979-15002/com.FDU308.FudanCraft I/MMParserExtractor: MMParserSource::start Allocation buffer size for audio track= 3000 
07-06 18:58:06.855 14979-15002/com.FDU308.FudanCraft I/QComExtractorFactory: Sniff: Set key to use qti parser
07-06 18:58:06.856 14979-15002/com.FDU308.FudanCraft I/FFmpegExtractor: android-source:0xdeabfc80
07-06 18:58:06.858 14979-15002/com.FDU308.FudanCraft D/FFmpegExtractor: SniffFFMPEG failed to sniff this source
07-06 18:58:06.858 14979-15002/com.FDU308.FudanCraft I/ExtendedExtractor: QTIParser is prefered
07-06 18:58:06.858 14979-15002/com.FDU308.FudanCraft D/MMParserExtractor: setExtraFlags called with flags 0 for paser instance deabfcc0
07-06 18:58:06.858 14979-15002/com.FDU308.FudanCraft I/ExtendedExtractor: ExtendedExtractor::create 0xdeabfcc0
07-06 18:58:06.858 14979-15002/com.FDU308.FudanCraft I/ExtendedExtractor: ExtendedExtractor::updateExtractor: Use default QTI parser 
07-06 18:58:06.858 14979-15002/com.FDU308.FudanCraft E/MM_OSAL: FileSource::FileSource
07-06 18:58:06.858 14979-15002/com.FDU308.FudanCraft E/MM_OSAL: FileSource::FileSource m_bEveryThingOK 1
07-06 18:58:06.858 14979-15002/com.FDU308.FudanCraft E/MM_OSAL: MM_File_Create failed .Efs Error No -1 , File Name /data/mmosal_logmask.cfg , Mode 0
07-06 18:58:06.858 14979-15002/com.FDU308.FudanCraft E/MM_OSAL: Open or read fail on /data/mmosal_logmask.cfg. Possible permission denied issue. Looking for /data/misc/media/mmosal_logmask.cfg
07-06 18:58:06.858 14979-15002/com.FDU308.FudanCraft E/MM_OSAL: MM_File_Create failed .Efs Error No -1 , File Name /data/misc/media/mmosal_logmask.cfg , Mode 0
07-06 18:58:06.859 14979-15037/com.FDU308.FudanCraft I/OMXClient: Using client-side OMX mux.
07-06 18:58:06.863 14979-15002/com.FDU308.FudanCraft D/MMParserExtractor: Using default parser out buffer size  = 3000 
07-06 18:58:06.863 14979-15002/com.FDU308.FudanCraft I/MMParserExtractor: MMParserSource::start Allocation buffer size for audio track= 3000 
07-06 18:58:06.877 14979-15002/com.FDU308.FudanCraft I/QComExtractorFactory: Sniff: Set key to use qti parser
07-06 18:58:06.877 14979-15002/com.FDU308.FudanCraft I/FFmpegExtractor: android-source:0xdeabfc80
07-06 18:58:06.879 14979-15002/com.FDU308.FudanCraft D/FFmpegExtractor: SniffFFMPEG failed to sniff this source
07-06 18:58:06.879 14979-15002/com.FDU308.FudanCraft I/ExtendedExtractor: QTIParser is prefered
07-06 18:58:06.879 14979-15002/com.FDU308.FudanCraft D/MMParserExtractor: setExtraFlags called with flags 0 for paser instance deabfcc0
07-06 18:58:06.879 14979-15002/com.FDU308.FudanCraft I/ExtendedExtractor: ExtendedExtractor::create 0xdeabfcc0
07-06 18:58:06.879 14979-15002/com.FDU308.FudanCraft I/ExtendedExtractor: ExtendedExtractor::updateExtractor: Use default QTI parser 
07-06 18:58:06.879 14979-15002/com.FDU308.FudanCraft E/MM_OSAL: FileSource::FileSource
07-06 18:58:06.879 14979-15002/com.FDU308.FudanCraft E/MM_OSAL: FileSource::FileSource m_bEveryThingOK 1
07-06 18:58:06.879 14979-15002/com.FDU308.FudanCraft E/MM_OSAL: MM_File_Create failed .Efs Error No -1 , File Name /data/mmosal_logmask.cfg , Mode 0
07-06 18:58:06.879 14979-15002/com.FDU308.FudanCraft E/MM_OSAL: Open or read fail on /data/mmosal_logmask.cfg. Possible permission denied issue. Looking for /data/misc/media/mmosal_logmask.cfg
07-06 18:58:06.879 14979-15002/com.FDU308.FudanCraft E/MM_OSAL: MM_File_Create failed .Efs Error No -1 , File Name /data/misc/media/mmosal_logmask.cfg , Mode 0
07-06 18:58:06.881 14979-15040/com.FDU308.FudanCraft I/OMXClient: Using client-side OMX mux.
07-06 18:58:06.884 14979-15002/com.FDU308.FudanCraft D/MMParserExtractor: Using default parser out buffer size  = 3000 
07-06 18:58:06.884 14979-15002/com.FDU308.FudanCraft I/MMParserExtractor: MMParserSource::start Allocation buffer size for audio track= 3000 
07-06 18:58:06.902 14979-15002/com.FDU308.FudanCraft I/QComExtractorFactory: Sniff: Set key to use qti parser
07-06 18:58:06.902 14979-15002/com.FDU308.FudanCraft I/FFmpegExtractor: android-source:0xdeabfc80
07-06 18:58:06.904 14979-15002/com.FDU308.FudanCraft D/FFmpegExtractor: SniffFFMPEG failed to sniff this source
07-06 18:58:06.904 14979-15002/com.FDU308.FudanCraft I/ExtendedExtractor: QTIParser is prefered
07-06 18:58:06.904 14979-15002/com.FDU308.FudanCraft D/MMParserExtractor: setExtraFlags called with flags 0 for paser instance deabfcc0
07-06 18:58:06.904 14979-15002/com.FDU308.FudanCraft I/ExtendedExtractor: ExtendedExtractor::create 0xdeabfcc0
07-06 18:58:06.904 14979-15002/com.FDU308.FudanCraft I/ExtendedExtractor: ExtendedExtractor::updateExtractor: Use default QTI parser 
07-06 18:58:06.904 14979-15002/com.FDU308.FudanCraft E/MM_OSAL: FileSource::FileSource
07-06 18:58:06.904 14979-15002/com.FDU308.FudanCraft E/MM_OSAL: FileSource::FileSource m_bEveryThingOK 1
07-06 18:58:06.904 14979-15002/com.FDU308.FudanCraft E/MM_OSAL: MM_File_Create failed .Efs Error No -1 , File Name /data/mmosal_logmask.cfg , Mode 0
07-06 18:58:06.904 14979-15002/com.FDU308.FudanCraft E/MM_OSAL: Open or read fail on /data/mmosal_logmask.cfg. Possible permission denied issue. Looking for /data/misc/media/mmosal_logmask.cfg
07-06 18:58:06.904 14979-15002/com.FDU308.FudanCraft E/MM_OSAL: MM_File_Create failed .Efs Error No -1 , File Name /data/misc/media/mmosal_logmask.cfg , Mode 0
07-06 18:58:06.905 14979-15043/com.FDU308.FudanCraft I/OMXClient: Using client-side OMX mux.
07-06 18:58:06.909 14979-15002/com.FDU308.FudanCraft D/MMParserExtractor: Using default parser out buffer size  = 3000 
07-06 18:58:06.909 14979-15002/com.FDU308.FudanCraft I/MMParserExtractor: MMParserSource::start Allocation buffer size for audio track= 3000 
07-06 18:58:06.923 14979-15002/com.FDU308.FudanCraft I/QComExtractorFactory: Sniff: Set key to use qti parser
07-06 18:58:06.923 14979-15002/com.FDU308.FudanCraft I/FFmpegExtractor: android-source:0xdeabfc80
07-06 18:58:06.926 14979-15002/com.FDU308.FudanCraft D/FFmpegExtractor: SniffFFMPEG failed to sniff this source
07-06 18:58:06.926 14979-15002/com.FDU308.FudanCraft I/ExtendedExtractor: QTIParser is prefered
07-06 18:58:06.926 14979-15002/com.FDU308.FudanCraft D/MMParserExtractor: setExtraFlags called with flags 0 for paser instance deabfcc0
07-06 18:58:06.926 14979-15002/com.FDU308.FudanCraft I/ExtendedExtractor: ExtendedExtractor::create 0xdeabfcc0
07-06 18:58:06.926 14979-15002/com.FDU308.FudanCraft I/ExtendedExtractor: ExtendedExtractor::updateExtractor: Use default QTI parser 
07-06 18:58:06.926 14979-15002/com.FDU308.FudanCraft E/MM_OSAL: FileSource::FileSource
07-06 18:58:06.926 14979-15002/com.FDU308.FudanCraft E/MM_OSAL: FileSource::FileSource m_bEveryThingOK 1
07-06 18:58:06.926 14979-15002/com.FDU308.FudanCraft E/MM_OSAL: MM_File_Create failed .Efs Error No -1 , File Name /data/mmosal_logmask.cfg , Mode 0
07-06 18:58:06.926 14979-15002/com.FDU308.FudanCraft E/MM_OSAL: Open or read fail on /data/mmosal_logmask.cfg. Possible permission denied issue. Looking for /data/misc/media/mmosal_logmask.cfg
07-06 18:58:06.926 14979-15002/com.FDU308.FudanCraft E/MM_OSAL: MM_File_Create failed .Efs Error No -1 , File Name /data/misc/media/mmosal_logmask.cfg , Mode 0
07-06 18:58:06.928 14979-15046/com.FDU308.FudanCraft I/OMXClient: Using client-side OMX mux.
07-06 18:58:06.932 14979-15002/com.FDU308.FudanCraft D/MMParserExtractor: Using default parser out buffer size  = 3000 
07-06 18:58:06.932 14979-15002/com.FDU308.FudanCraft I/MMParserExtractor: MMParserSource::start Allocation buffer size for audio track= 3000 
07-06 18:58:06.950 14979-15002/com.FDU308.FudanCraft I/QComExtractorFactory: Sniff: Set key to use qti parser
07-06 18:58:06.950 14979-15002/com.FDU308.FudanCraft I/FFmpegExtractor: android-source:0xdeabfc80
07-06 18:58:06.952 14979-15002/com.FDU308.FudanCraft D/FFmpegExtractor: SniffFFMPEG failed to sniff this source
07-06 18:58:06.952 14979-15002/com.FDU308.FudanCraft I/ExtendedExtractor: QTIParser is prefered
07-06 18:58:06.952 14979-15002/com.FDU308.FudanCraft D/MMParserExtractor: setExtraFlags called with flags 0 for paser instance deabfcc0
07-06 18:58:06.952 14979-15002/com.FDU308.FudanCraft I/ExtendedExtractor: ExtendedExtractor::create 0xdeabfcc0
07-06 18:58:06.952 14979-15002/com.FDU308.FudanCraft I/ExtendedExtractor: ExtendedExtractor::updateExtractor: Use default QTI parser 
07-06 18:58:06.952 14979-15002/com.FDU308.FudanCraft E/MM_OSAL: FileSource::FileSource
07-06 18:58:06.952 14979-15002/com.FDU308.FudanCraft E/MM_OSAL: FileSource::FileSource m_bEveryThingOK 1
07-06 18:58:06.952 14979-15002/com.FDU308.FudanCraft E/MM_OSAL: MM_File_Create failed .Efs Error No -1 , File Name /data/mmosal_logmask.cfg , Mode 0
07-06 18:58:06.952 14979-15002/com.FDU308.FudanCraft E/MM_OSAL: Open or read fail on /data/mmosal_logmask.cfg. Possible permission denied issue. Looking for /data/misc/media/mmosal_logmask.cfg
07-06 18:58:06.952 14979-15002/com.FDU308.FudanCraft E/MM_OSAL: MM_File_Create failed .Efs Error No -1 , File Name /data/misc/media/mmosal_logmask.cfg , Mode 0
07-06 18:58:06.953 14979-15049/com.FDU308.FudanCraft I/OMXClient: Using client-side OMX mux.
07-06 18:58:06.957 14979-15002/com.FDU308.FudanCraft D/MMParserExtractor: Using default parser out buffer size  = 3000 
07-06 18:58:06.957 14979-15002/com.FDU308.FudanCraft I/MMParserExtractor: MMParserSource::start Allocation buffer size for audio track= 3000 
07-06 18:58:07.419 14979-14979/com.FDU308.FudanCraft V/BoostFramework: BoostFramework() : mPerf = com.qualcomm.qti.Performance@68feb1b
07-06 18:58:08.888 14979-15009/com.FDU308.FudanCraft D/cocos2d-x debug info: server button pressed
07-06 18:58:08.888 14979-15009/com.FDU308.FudanCraft D/cocos2d-x debug info: FudanCraft: Trying to Load InputPort.png
                                                                             
                                                                             
                                                                             [ 07-06 18:58:08.889 14979:15009 E/         ]
                                                                             scaleX = 0.940767
07-06 18:58:08.890 14979-15009/com.FDU308.FudanCraft D/cocos2d-x debug info: cocos2d: fullPathForFilename: No file found at sans-serif. Possible missing file.
07-06 18:58:08.890 14979-15009/com.FDU308.FudanCraft D/cocos2d-x debug info: Warning! You can't change Android Hint fontName and fontSize
07-06 18:58:08.890 14979-15009/com.FDU308.FudanCraft D/cocos2d-x debug info: [Edit text] content size = (80.000000, 60.000000)
07-06 18:58:08.890 14979-15009/com.FDU308.FudanCraft D/cocos2d-x debug info: [Edit text] content size = (80.000000, 60.000000)
07-06 18:58:08.890 14979-15009/com.FDU308.FudanCraft D/cocos2d-x debug info: FudanCraft: Successfully Load InputPort.png
07-06 18:58:08.910 14979-15009/com.FDU308.FudanCraft D/cocos2d-x debug info: create rendererRecreatedListener for GLProgramState
07-06 18:58:08.911 14979-15009/com.FDU308.FudanCraft D/cocos2d-x debug info: [Edit text] content size = (80.000000, 60.000000)
07-06 18:58:13.486 14979-15009/com.FDU308.FudanCraft D/cocos2d-x debug info: FudanCraft: Trying to Start Server
07-06 18:58:13.488 14979-15009/com.FDU308.FudanCraft D/cocos2d-x debug info: FudanCraft: SocketServer Created!
07-06 18:58:13.491 14979-15009/com.FDU308.FudanCraft D/cocos2d-x debug info: SocketClient: create() new thread address = 3734984812
07-06 18:58:13.491 14979-15009/com.FDU308.FudanCraft D/cocos2d-x debug info: FudanCraft: SocketClient Created!
07-06 18:58:13.491 14979-15009/com.FDU308.FudanCraft D/cocos2d-x debug info: create server and client on 8008
07-06 18:58:13.616 14979-15009/com.FDU308.FudanCraft D/cocos2d-x debug info: create rendererRecreatedListener for GLProgramState
07-06 18:58:14.332 14979-15170/com.FDU308.FudanCraft D/cocos2d-x debug info: SocketServer: Entering loop process
07-06 18:58:14.332 14979-15170/com.FDU308.FudanCraft D/cocos2d-x debug info: SocketServer: Initialize process loop
07-06 18:58:14.332 14979-15170/com.FDU308.FudanCraft D/cocos2d-x debug info: SocketServer: Trying to read data
07-06 18:58:14.719 14979-15009/com.FDU308.FudanCraft D/cocos2d-x debug info: cocos2d: SpriteBatchNode: resizing TextureAtlas capacity from [5735] to [7648].
07-06 18:58:14.734 14979-15009/com.FDU308.FudanCraft D/cocos2d-x debug info: cocos2d: SpriteBatchNode: resizing TextureAtlas capacity from [7648] to [10198].
07-06 18:58:14.754 14979-15009/com.FDU308.FudanCraft D/cocos2d-x debug info: cocos2d: SpriteBatchNode: resizing TextureAtlas capacity from [10198] to [13598].
07-06 18:58:14.904 14979-15009/com.FDU308.FudanCraft D/cocos2d-x debug info: cocos2d: SpriteBatchNode: resizing TextureAtlas capacity from [5735] to [7648].
07-06 18:58:14.975 14979-15009/com.FDU308.FudanCraft D/cocos2d-x debug info: cocos2d: SpriteBatchNode: resizing TextureAtlas capacity from [5735] to [7648].
07-06 18:58:14.990 14979-15009/com.FDU308.FudanCraft D/cocos2d-x debug info: cocos2d: SpriteBatchNode: resizing TextureAtlas capacity from [7648] to [10198].
07-06 18:58:15.010 14979-15009/com.FDU308.FudanCraft D/cocos2d-x debug info: cocos2d: SpriteBatchNode: resizing TextureAtlas capacity from [10198] to [13598].
07-06 18:58:15.037 14979-15009/com.FDU308.FudanCraft D/cocos2d-x debug info: cocos2d: SpriteBatchNode: resizing TextureAtlas capacity from [13598] to [18132].
07-06 18:58:15.077 14979-15009/com.FDU308.FudanCraft D/cocos2d-x debug info: create rendererRecreatedListener for GLProgramState
07-06 18:58:15.077 14979-15009/com.FDU308.FudanCraft D/cocos2d-x debug info: BattleScene: Trying to Init Player ID
07-06 18:58:15.077 14979-15009/com.FDU308.FudanCraft D/cocos2d-x debug info: BattleScene: Get Player ID: 1
07-06 18:58:15.109 14979-15009/com.FDU308.FudanCraft D/cocos2d-x debug info: cocos2d: fullPathForFilename: No file found at Marker Felt. Possible missing file.
07-06 18:58:15.112 14979-15009/com.FDU308.FudanCraft E/ExtMediaPlayer-JNI: env->IsInstanceOf fails
07-06 18:58:15.112 14979-15009/com.FDU308.FudanCraft E/MediaPlayer-JNI: JNIMediaPlayerFactory: bIsQCMediaPlayerPresent 0
07-06 18:58:15.112 14979-15009/com.FDU308.FudanCraft E/ExtMediaPlayer-JNI: env->IsInstanceOf fails
07-06 18:58:15.112 14979-15009/com.FDU308.FudanCraft E/MediaPlayer-JNI: JNIMediaPlayerFactory: bIsQCMediaPlayerPresent 0
07-06 18:58:15.137 14979-15009/com.FDU308.FudanCraft D/MediaPlayer: setSubtitleAnchor in MediaPlayer
07-06 18:58:15.137 14979-14979/com.FDU308.FudanCraft D/MediaPlayer: setSubtitleAnchor in MediaPlayer
07-06 18:58:15.147 14979-15009/com.FDU308.FudanCraft D/cocos2d-x debug info: if back ground music playing 1
07-06 18:58:15.150 14979-15009/com.FDU308.FudanCraft W/AudioTrack: AUDIO_OUTPUT_FLAG_FAST denied by client; transfer 4, track 22050 Hz, output 48000 Hz
07-06 18:58:15.153 14979-15009/com.FDU308.FudanCraft D/cocos2d-x debug info: start game
07-06 18:58:15.269 14979-15009/com.FDU308.FudanCraft D/cocos2d-x debug info: UnitManager: Call Protobuf Success
07-06 18:58:15.269 14979-15009/com.FDU308.FudanCraft D/cocos2d-x debug info: SocketClient: Start to send string, length = 144
07-06 18:58:15.269 14979-15009/com.FDU308.FudanCraft D/cocos2d-x debug info: SocketClient: Start to write data, length = 144
07-06 18:58:15.269 14979-15009/com.FDU308.FudanCraft D/cocos2d-x debug info: SocketClient: Complete in encoding data
07-06 18:58:15.269 14979-15009/com.FDU308.FudanCraft D/cocos2d-x debug info: SocketClient: Finish writing data, length = 144
07-06 18:58:15.269 14979-15170/com.FDU308.FudanCraft D/cocos2d-x debug info: SocketServer: Reading data completed, num = 1
07-06 18:58:15.269 14979-15009/com.FDU308.FudanCraft D/cocos2d-x debug info: SocketClient: write_data() trying to release string: 4011848600
07-06 18:58:15.269 14979-15170/com.FDU308.FudanCraft D/cocos2d-x debug info: SocketServer: Distributing data completed
07-06 18:58:15.269 14979-15009/com.FDU308.FudanCraft D/cocos2d-x debug info: SocketClient: write_data() trying to release socket_message: 4011840364
07-06 18:58:15.269 14979-15170/com.FDU308.FudanCraft D/cocos2d-x debug info: SocketServer: Mutex to be released: 3926968428
07-06 18:58:15.269 14979-15170/com.FDU308.FudanCraft D/cocos2d-x debug info: SocketServer: Lock to be released: 3666303040
07-06 18:58:15.269 14979-15009/com.FDU308.FudanCraft D/cocos2d-x debug info: SocketClient: Finished in sending string, length = 144
07-06 18:58:15.269 14979-15170/com.FDU308.FudanCraft D/cocos2d-x debug info: SocketServer: Vector to be released: 3666303056
07-06 18:58:15.269 14979-15170/com.FDU308.FudanCraft D/cocos2d-x debug info: SocketServer: Msg to be released: 3666303016
07-06 18:58:15.269 14979-15009/com.FDU308.FudanCraft D/cocos2d-x debug info: SocketClient: send_string() trying to release string: 4011848652
07-06 18:58:15.269 14979-15170/com.FDU308.FudanCraft D/cocos2d-x debug info: SocketServer: Initialize process loop
07-06 18:58:15.269 14979-15170/com.FDU308.FudanCraft D/cocos2d-x debug info: SocketServer: Trying to read data
07-06 18:58:15.269 14979-15009/com.FDU308.FudanCraft D/cocos2d-x debug info: SocketClient: Client address: 3734976512
07-06 18:58:15.270 14979-15009/com.FDU308.FudanCraft D/cocos2d-x debug info: UnitManager: Send Message via SocketClient Success
07-06 18:58:15.270 14979-15009/com.FDU308.FudanCraft D/cocos2d-x debug info: SocketClient: Start to read data
07-06 18:58:15.270 14979-15009/com.FDU308.FudanCraft D/cocos2d-x debug info: SocketClient: No error detected
07-06 18:58:15.270 14979-15009/com.FDU308.FudanCraft D/cocos2d-x debug info: SocketClient: Get data success
07-06 18:58:15.270 14979-15009/com.FDU308.FudanCraft D/cocos2d-x debug info: SocketClient: Unlock resource completed
07-06 18:58:15.270 14979-15009/com.FDU308.FudanCraft D/cocos2d-x debug info: SocketClient: Finished in reading data, length = 144
07-06 18:58:15.270 14979-15009/com.FDU308.FudanCraft D/cocos2d-x debug info: SocketClient: read_data() trying to release lock: 4011840372
07-06 18:58:15.270 14979-15009/com.FDU308.FudanCraft D/cocos2d-x debug info: UnitManager: Receive Message via SocketClient Success
07-06 18:58:15.270 14979-15009/com.FDU308.FudanCraft D/cocos2d-x debug info: UnitManager: Read Message 0 Success
07-06 18:58:15.273 14979-15009/com.FDU308.FudanCraft D/cocos2d-x debug info: UnitManager: Read Message 1 Success
07-06 18:58:15.275 14979-15009/com.FDU308.FudanCraft D/cocos2d-x debug info: UnitManager: Read Message 2 Success
07-06 18:58:15.276 14979-15009/com.FDU308.FudanCraft D/cocos2d-x debug info: UnitManager: Read Message 3 Success
07-06 18:58:15.282 14979-15009/com.FDU308.FudanCraft D/cocos2d-x debug info: UnitManager: Read Message 4 Success
07-06 18:58:15.284 14979-15009/com.FDU308.FudanCraft D/cocos2d-x debug info: UnitManager: Read Message 5 Success
07-06 18:58:15.286 14979-15009/com.FDU308.FudanCraft D/cocos2d-x debug info: UnitManager: Read Message 6 Success
07-06 18:58:15.290 14979-15009/com.FDU308.FudanCraft D/cocos2d-x debug info: UnitManager: Read Message 7 Success
07-06 18:58:15.291 14979-15009/com.FDU308.FudanCraft D/cocos2d-x debug info: Unit: Trying to clear game message
07-06 18:58:15.359 14979-15009/com.FDU308.FudanCraft D/cocos2d-x debug info: UnitManager: Call Protobuf Success
07-06 18:58:15.360 14979-15009/com.FDU308.FudanCraft D/cocos2d-x debug info: SocketClient: Start to send string, length = 0
07-06 18:58:15.360 14979-15009/com.FDU308.FudanCraft D/cocos2d-x debug info: SocketClient: Start to write data, length = 0
07-06 18:58:15.360 14979-15009/com.FDU308.FudanCraft D/cocos2d-x debug info: SocketClient: Complete in encoding data
07-06 18:58:15.360 14979-15009/com.FDU308.FudanCraft D/cocos2d-x debug info: SocketClient: Finish writing data, length = 0
07-06 18:58:15.360 14979-15170/com.FDU308.FudanCraft D/cocos2d-x debug info: SocketServer: Reading data completed, num = 1
07-06 18:58:15.361 14979-15170/com.FDU308.FudanCraft D/cocos2d-x debug info: SocketServer: Distributing data completed
07-06 18:58:15.361 14979-15170/com.FDU308.FudanCraft D/cocos2d-x debug info: SocketServer: Mutex to be released: 3926968428
07-06 18:58:15.361 14979-15170/com.FDU308.FudanCraft D/cocos2d-x debug info: SocketServer: Lock to be released: 3666303040
07-06 18:58:15.361 14979-15170/com.FDU308.FudanCraft D/cocos2d-x debug info: SocketServer: Vector to be released: 3666303056
07-06 18:58:15.361 14979-15170/com.FDU308.FudanCraft D/cocos2d-x debug info: SocketServer: Msg to be released: 3666303016
07-06 18:58:15.361 14979-15170/com.FDU308.FudanCraft D/cocos2d-x debug info: SocketServer: Initialize process loop
07-06 18:58:15.361 14979-15170/com.FDU308.FudanCraft D/cocos2d-x debug info: SocketServer: Trying to read data
07-06 18:58:15.363 14979-15009/com.FDU308.FudanCraft D/cocos2d-x debug info: SocketClient: write_data() trying to release string: 4011848600
07-06 18:58:15.366 14979-15009/com.FDU308.FudanCraft D/cocos2d-x debug info: SocketClient: write_data() trying to release socket_message: 4011840364
07-06 18:58:15.366 14979-15009/com.FDU308.FudanCraft D/cocos2d-x debug info: SocketClient: Finished in sending string, length = 0
07-06 18:58:15.366 14979-15009/com.FDU308.FudanCraft D/cocos2d-x debug info: SocketClient: send_string() trying to release string: 4011848652
07-06 18:58:15.368 14979-15009/com.FDU308.FudanCraft D/cocos2d-x debug info: SocketClient: Client address: 3734976512
07-06 18:58:15.368 14979-15009/com.FDU308.FudanCraft A/libc: Invalid address 0xf3cdc7f8 passed to free: value not allocated
07-06 18:58:15.368 14979-15009/com.FDU308.FudanCraft A/libc: Fatal signal 6 (SIGABRT), code -6 in tid 15009 (GLThread 472)
